Java HotSpot(TM) 64-Bit Server VM (25.101-b13) for bsd-amd64 JRE (1.8.0_101-b13), built on Jun 22 2016 02:42:15 by "java_re" with gcc 4.2.1 (Based on Apple Inc. build 5658) (LLVM build 2336.11.00)
Memory: 4k page, physical 16777216k(300120k free)

/proc/meminfo:

CommandLine flags: -XX:CMSInitiatingOccupancyFraction=50 -XX:CMSMaxAbortablePrecleanTime=6000 -XX:+CMSParallelRemarkEnabled -XX:+CMSScavengeBeforeRemark -XX:ConcGCThreads=4 -XX:GCLogFileSize=20971520 -XX:InitialHeapSize=536870912 -XX:MaxHeapSize=536870912 -XX:MaxTenuringThreshold=8 -XX:NewRatio=3 -XX:NumberOfGCLogFiles=9 -XX:OldPLABSize=16 -XX:-OmitStackTraceInFastThrow -XX:OnOutOfMemoryError=/opt/solr-6.6.1/bin/oom_solr.sh 8983 /opt/solr-6.6.1/server/logs -XX:ParallelGCThreads=4 -XX:+ParallelRefProcEnabled -XX:PretenureSizeThreshold=67108864 -XX:+PrintGC -XX:+PrintGCApplicationStoppedTime -XX:+PrintGCDateStamps -XX:+PrintGCDetails -XX:+PrintGCTimeStamps -XX:+PrintHeapAtGC -XX:+PrintTenuringDistribution -XX:SurvivorRatio=4 -XX:TargetSurvivorRatio=90 -XX:ThreadStackSize=256 -XX:+UseCMSInitiatingOccupancyOnly -XX:+UseCompressedClassPointers -XX:+UseCompressedOops -XX:+UseConcMarkSweepGC -XX:+UseGCLogFileRotation -XX:+UseParNewGC 
2017-09-16T21:05:26.212-0100: 0.128: Total time for which application threads were stopped: 0.0000703 seconds, Stopping threads took: 0.0000098 seconds
2017-09-16T21:05:26.271-0100: 0.188: Total time for which application threads were stopped: 0.0000906 seconds, Stopping threads took: 0.0000099 seconds
2017-09-16T21:05:26.523-0100: 0.439: Total time for which application threads were stopped: 0.0001587 seconds, Stopping threads took: 0.0000106 seconds
2017-09-16T21:05:26.610-0100: 0.527: Total time for which application threads were stopped: 0.0001941 seconds, Stopping threads took: 0.0000137 seconds
2017-09-16T21:05:26.621-0100: 0.538: Total time for which application threads were stopped: 0.0001650 seconds, Stopping threads took: 0.0000129 seconds
2017-09-16T21:05:26.772-0100: 0.689: Total time for which application threads were stopped: 0.0001870 seconds, Stopping threads took: 0.0000136 seconds
2017-09-16T21:05:26.792-0100: 0.708: Total time for which application threads were stopped: 0.0001961 seconds, Stopping threads took: 0.0000146 seconds
2017-09-16T21:05:26.850-0100: 0.766: Total time for which application threads were stopped: 0.0002092 seconds, Stopping threads took: 0.0000229 seconds
2017-09-16T21:05:26.942-0100: 0.858: Total time for which application threads were stopped: 0.0002233 seconds, Stopping threads took: 0.0000142 seconds
2017-09-16T21:05:26.943-0100: 0.860: Total time for which application threads were stopped: 0.0001022 seconds, Stopping threads took: 0.0000072 seconds
2017-09-16T21:05:26.945-0100: 0.862: Total time for which application threads were stopped: 0.0001149 seconds, Stopping threads took: 0.0000072 seconds
2017-09-16T21:05:26.951-0100: 0.868: Total time for which application threads were stopped: 0.0002104 seconds, Stopping threads took: 0.0000121 seconds
2017-09-16T21:05:27.085-0100: 1.002: Total time for which application threads were stopped: 0.0002483 seconds, Stopping threads took: 0.0000153 seconds
{Heap before GC invocations=0 (full 0):
 par new generation   total 109248K, used 87424K [0x00000007a0000000, 0x00000007a8000000, 0x00000007a8000000)
  eden space 87424K, 100% used [0x00000007a0000000, 0x00000007a5560000, 0x00000007a5560000)
  from space 21824K,   0% used [0x00000007a5560000, 0x00000007a5560000, 0x00000007a6ab0000)
  to   space 21824K,   0% used [0x00000007a6ab0000, 0x00000007a6ab0000, 0x00000007a8000000)
 concurrent mark-sweep generation total 393216K, used 0K [0x00000007a8000000, 0x00000007c0000000, 0x00000007c0000000)
 Metaspace       used 18874K, capacity 19262K, committed 19584K, reserved 1067008K
  class space    used 2229K, capacity 2366K, committed 2432K, reserved 1048576K
2017-09-16T21:05:27.101-0100: 1.018: [GC (Allocation Failure) 2017-09-16T21:05:27.101-0100: 1.018: [ParNew
Desired survivor size 20112992 bytes, new threshold 8 (max 8)
- age   1:   11165352 bytes,   11165352 total
: 87424K->11021K(109248K), 0.0105489 secs] 87424K->11021K(502464K), 0.0106450 secs] [Times: user=0.04 sys=0.01, real=0.01 secs] 
Heap after GC invocations=1 (full 0):
 par new generation   total 109248K, used 11021K [0x00000007a0000000, 0x00000007a8000000, 0x00000007a8000000)
  eden space 87424K,   0% used [0x00000007a0000000, 0x00000007a0000000, 0x00000007a5560000)
  from space 21824K,  50% used [0x00000007a6ab0000, 0x00000007a7573418, 0x00000007a8000000)
  to   space 21824K,   0% used [0x00000007a5560000, 0x00000007a5560000, 0x00000007a6ab0000)
 concurrent mark-sweep generation total 393216K, used 0K [0x00000007a8000000, 0x00000007c0000000, 0x00000007c0000000)
 Metaspace       used 18874K, capacity 19262K, committed 19584K, reserved 1067008K
  class space    used 2229K, capacity 2366K, committed 2432K, reserved 1048576K
}
2017-09-16T21:05:27.112-0100: 1.029: Total time for which application threads were stopped: 0.0107929 seconds, Stopping threads took: 0.0000151 seconds
2017-09-16T21:05:28.117-0100: 2.033: Total time for which application threads were stopped: 0.0001531 seconds, Stopping threads took: 0.0000274 seconds
2017-09-16T21:05:30.195-0100: 4.111: Total time for which application threads were stopped: 0.0002783 seconds, Stopping threads took: 0.0000262 seconds
2017-09-16T21:05:37.221-0100: 11.138: Total time for which application threads were stopped: 0.0001621 seconds, Stopping threads took: 0.0000424 seconds
2017-09-16T21:05:42.240-0100: 16.157: Total time for which application threads were stopped: 0.0000967 seconds, Stopping threads took: 0.0000258 seconds
2017-09-16T21:05:44.296-0100: 18.214: Total time for which application threads were stopped: 0.0000556 seconds, Stopping threads took: 0.0000132 seconds
2017-09-16T21:05:44.299-0100: 18.216: Total time for which application threads were stopped: 0.0000332 seconds, Stopping threads took: 0.0000070 seconds
2017-09-16T21:05:44.312-0100: 18.229: Total time for which application threads were stopped: 0.0002677 seconds, Stopping threads took: 0.0000162 seconds
2017-09-16T21:05:44.336-0100: 18.254: Total time for which application threads were stopped: 0.0000897 seconds, Stopping threads took: 0.0000156 seconds
2017-09-16T21:05:44.343-0100: 18.260: Total time for which application threads were stopped: 0.0000752 seconds, Stopping threads took: 0.0000180 seconds
2017-09-16T21:05:44.366-0100: 18.284: Total time for which application threads were stopped: 0.0001076 seconds, Stopping threads took: 0.0000363 seconds
2017-09-16T21:05:44.373-0100: 18.290: Total time for which application threads were stopped: 0.0005130 seconds, Stopping threads took: 0.0003960 seconds
2017-09-16T21:05:44.373-0100: 18.290: Total time for which application threads were stopped: 0.0000927 seconds, Stopping threads took: 0.0000282 seconds
2017-09-16T21:05:44.373-0100: 18.291: Total time for which application threads were stopped: 0.0000817 seconds, Stopping threads took: 0.0000262 seconds
2017-09-16T21:05:44.374-0100: 18.292: Total time for which application threads were stopped: 0.0001044 seconds, Stopping threads took: 0.0000414 seconds
2017-09-16T21:05:44.375-0100: 18.292: Total time for which application threads were stopped: 0.0001151 seconds, Stopping threads took: 0.0000361 seconds
2017-09-16T21:05:44.376-0100: 18.294: Total time for which application threads were stopped: 0.0001261 seconds, Stopping threads took: 0.0000634 seconds
2017-09-16T21:05:44.377-0100: 18.294: Total time for which application threads were stopped: 0.0001086 seconds, Stopping threads took: 0.0000329 seconds
2017-09-16T21:05:44.378-0100: 18.295: Total time for which application threads were stopped: 0.0000918 seconds, Stopping threads took: 0.0000362 seconds
2017-09-16T21:05:44.378-0100: 18.296: Total time for which application threads were stopped: 0.0001135 seconds, Stopping threads took: 0.0000277 seconds
2017-09-16T21:05:44.379-0100: 18.297: Total time for which application threads were stopped: 0.0002114 seconds, Stopping threads took: 0.0000270 seconds
2017-09-16T21:05:44.380-0100: 18.298: Total time for which application threads were stopped: 0.0000963 seconds, Stopping threads took: 0.0000243 seconds
2017-09-16T21:05:44.381-0100: 18.298: Total time for which application threads were stopped: 0.0001065 seconds, Stopping threads took: 0.0000273 seconds
2017-09-16T21:05:44.382-0100: 18.299: Total time for which application threads were stopped: 0.0001397 seconds, Stopping threads took: 0.0000976 seconds
2017-09-16T21:05:44.382-0100: 18.299: Total time for which application threads were stopped: 0.0000736 seconds, Stopping threads took: 0.0000260 seconds
2017-09-16T21:05:44.383-0100: 18.300: Total time for which application threads were stopped: 0.0001296 seconds, Stopping threads took: 0.0000402 seconds
2017-09-16T21:05:44.383-0100: 18.301: Total time for which application threads were stopped: 0.0000950 seconds, Stopping threads took: 0.0000585 seconds
2017-09-16T21:05:44.385-0100: 18.302: Total time for which application threads were stopped: 0.0001119 seconds, Stopping threads took: 0.0000357 seconds
2017-09-16T21:05:44.385-0100: 18.302: Total time for which application threads were stopped: 0.0000955 seconds, Stopping threads took: 0.0000290 seconds
2017-09-16T21:05:44.386-0100: 18.303: Total time for which application threads were stopped: 0.0001319 seconds, Stopping threads took: 0.0000488 seconds
2017-09-16T21:05:44.386-0100: 18.303: Total time for which application threads were stopped: 0.0000678 seconds, Stopping threads took: 0.0000206 seconds
2017-09-16T21:05:44.387-0100: 18.305: Total time for which application threads were stopped: 0.0000887 seconds, Stopping threads took: 0.0000325 seconds
2017-09-16T21:05:44.387-0100: 18.305: Total time for which application threads were stopped: 0.0000722 seconds, Stopping threads took: 0.0000362 seconds
2017-09-16T21:05:44.387-0100: 18.305: Total time for which application threads were stopped: 0.0000910 seconds, Stopping threads took: 0.0000263 seconds
2017-09-16T21:05:44.389-0100: 18.306: Total time for which application threads were stopped: 0.0003794 seconds, Stopping threads took: 0.0000438 seconds
2017-09-16T21:05:44.391-0100: 18.309: Total time for which application threads were stopped: 0.0001088 seconds, Stopping threads took: 0.0000517 seconds
2017-09-16T21:05:44.399-0100: 18.317: Total time for which application threads were stopped: 0.0000826 seconds, Stopping threads took: 0.0000265 seconds
2017-09-16T21:05:44.400-0100: 18.317: Total time for which application threads were stopped: 0.0000857 seconds, Stopping threads took: 0.0000296 seconds
2017-09-16T21:05:44.400-0100: 18.318: Total time for which application threads were stopped: 0.0001237 seconds, Stopping threads took: 0.0000630 seconds
2017-09-16T21:05:44.401-0100: 18.318: Total time for which application threads were stopped: 0.0000806 seconds, Stopping threads took: 0.0000248 seconds
2017-09-16T21:05:44.401-0100: 18.318: Total time for which application threads were stopped: 0.0000764 seconds, Stopping threads took: 0.0000329 seconds
2017-09-16T21:05:44.401-0100: 18.318: Total time for which application threads were stopped: 0.0000614 seconds, Stopping threads took: 0.0000214 seconds
2017-09-16T21:05:44.401-0100: 18.318: Total time for which application threads were stopped: 0.0000655 seconds, Stopping threads took: 0.0000286 seconds
2017-09-16T21:05:44.401-0100: 18.319: Total time for which application threads were stopped: 0.0000573 seconds, Stopping threads took: 0.0000190 seconds
2017-09-16T21:05:44.401-0100: 18.319: Total time for which application threads were stopped: 0.0001071 seconds, Stopping threads took: 0.0000645 seconds
2017-09-16T21:05:44.401-0100: 18.319: Total time for which application threads were stopped: 0.0000990 seconds, Stopping threads took: 0.0000459 seconds
2017-09-16T21:05:44.402-0100: 18.319: Total time for which application threads were stopped: 0.0001590 seconds, Stopping threads took: 0.0000818 seconds
2017-09-16T21:05:44.402-0100: 18.319: Total time for which application threads were stopped: 0.0000750 seconds, Stopping threads took: 0.0000310 seconds
2017-09-16T21:05:44.402-0100: 18.319: Total time for which application threads were stopped: 0.0001388 seconds, Stopping threads took: 0.0000992 seconds
2017-09-16T21:05:44.403-0100: 18.320: Total time for which application threads were stopped: 0.0000964 seconds, Stopping threads took: 0.0000387 seconds
2017-09-16T21:05:44.404-0100: 18.321: Total time for which application threads were stopped: 0.0000723 seconds, Stopping threads took: 0.0000127 seconds
2017-09-16T21:05:44.441-0100: 18.358: Total time for which application threads were stopped: 0.0001797 seconds, Stopping threads took: 0.0000978 seconds
2017-09-16T21:05:44.445-0100: 18.363: Total time for which application threads were stopped: 0.0001731 seconds, Stopping threads took: 0.0000292 seconds
2017-09-16T21:05:44.480-0100: 18.397: Total time for which application threads were stopped: 0.0000890 seconds, Stopping threads took: 0.0000223 seconds
2017-09-16T21:05:44.480-0100: 18.397: Total time for which application threads were stopped: 0.0000641 seconds, Stopping threads took: 0.0000337 seconds
2017-09-16T21:05:44.480-0100: 18.397: Total time for which application threads were stopped: 0.0000684 seconds, Stopping threads took: 0.0000282 seconds
2017-09-16T21:05:44.480-0100: 18.398: Total time for which application threads were stopped: 0.0000794 seconds, Stopping threads took: 0.0000269 seconds
2017-09-16T21:05:44.480-0100: 18.398: Total time for which application threads were stopped: 0.0000815 seconds, Stopping threads took: 0.0000466 seconds
2017-09-16T21:05:44.481-0100: 18.398: Total time for which application threads were stopped: 0.0000657 seconds, Stopping threads took: 0.0000296 seconds
2017-09-16T21:05:44.481-0100: 18.398: Total time for which application threads were stopped: 0.0000622 seconds, Stopping threads took: 0.0000254 seconds
2017-09-16T21:05:44.482-0100: 18.399: Total time for which application threads were stopped: 0.0000894 seconds, Stopping threads took: 0.0000275 seconds
2017-09-16T21:05:44.482-0100: 18.399: Total time for which application threads were stopped: 0.0000745 seconds, Stopping threads took: 0.0000107 seconds
2017-09-16T21:05:44.482-0100: 18.400: Total time for which application threads were stopped: 0.0001854 seconds, Stopping threads took: 0.0001168 seconds
2017-09-16T21:05:44.483-0100: 18.400: Total time for which application threads were stopped: 0.0000877 seconds, Stopping threads took: 0.0000112 seconds
2017-09-16T21:05:44.484-0100: 18.401: Total time for which application threads were stopped: 0.0002471 seconds, Stopping threads took: 0.0001198 seconds
2017-09-16T21:05:44.504-0100: 18.421: Total time for which application threads were stopped: 0.0000756 seconds, Stopping threads took: 0.0000104 seconds
2017-09-16T21:05:44.515-0100: 18.432: Total time for which application threads were stopped: 0.0001687 seconds, Stopping threads took: 0.0000092 seconds
2017-09-16T21:05:44.516-0100: 18.433: Total time for which application threads were stopped: 0.0000693 seconds, Stopping threads took: 0.0000119 seconds
2017-09-16T21:05:44.516-0100: 18.433: Total time for which application threads were stopped: 0.0000595 seconds, Stopping threads took: 0.0000215 seconds
2017-09-16T21:05:44.516-0100: 18.434: Total time for which application threads were stopped: 0.0000529 seconds, Stopping threads took: 0.0000170 seconds
2017-09-16T21:05:44.516-0100: 18.434: Total time for which application threads were stopped: 0.0000509 seconds, Stopping threads took: 0.0000179 seconds
2017-09-16T21:05:44.522-0100: 18.439: Total time for which application threads were stopped: 0.0000516 seconds, Stopping threads took: 0.0000113 seconds
2017-09-16T21:05:44.523-0100: 18.440: Total time for which application threads were stopped: 0.0000658 seconds, Stopping threads took: 0.0000255 seconds
2017-09-16T21:05:44.523-0100: 18.440: Total time for which application threads were stopped: 0.0000847 seconds, Stopping threads took: 0.0000458 seconds
2017-09-16T21:05:45.135-0100: 19.053: [GC (CMS Initial Mark) [1 CMS-initial-mark: 0K(393216K)] 47899K(502464K), 0.0047446 secs] [Times: user=0.02 sys=0.00, real=0.01 secs] 
2017-09-16T21:05:45.140-0100: 19.057: Total time for which application threads were stopped: 0.0048918 seconds, Stopping threads took: 0.0000253 seconds
2017-09-16T21:05:45.140-0100: 19.057: [CMS-concurrent-mark-start]
2017-09-16T21:05:45.140-0100: 19.058: [CMS-concurrent-mark: 0.000/0.000 secs] [Times: user=0.00 sys=0.00, real=0.00 secs] 
2017-09-16T21:05:45.140-0100: 19.058: [CMS-concurrent-preclean-start]
2017-09-16T21:05:45.141-0100: 19.058: [CMS-concurrent-preclean: 0.001/0.001 secs] [Times: user=0.00 sys=0.00, real=0.00 secs] 
2017-09-16T21:05:45.141-0100: 19.058: [CMS-concurrent-abortable-preclean-start]
2017-09-16T21:05:47.396-0100: 21.313: Total time for which application threads were stopped: 0.0000871 seconds, Stopping threads took: 0.0000257 seconds
2017-09-16T21:05:47.396-0100: 21.313: Total time for which application threads were stopped: 0.0000908 seconds, Stopping threads took: 0.0000300 seconds
2017-09-16T21:05:47.396-0100: 21.314: Total time for which application threads were stopped: 0.0000719 seconds, Stopping threads took: 0.0000250 seconds
2017-09-16T21:05:47.396-0100: 21.314: Total time for which application threads were stopped: 0.0000620 seconds, Stopping threads took: 0.0000275 seconds
2017-09-16T21:05:47.404-0100: 21.321: Total time for which application threads were stopped: 0.0000914 seconds, Stopping threads took: 0.0000322 seconds
2017-09-16T21:05:47.404-0100: 21.321: Total time for which application threads were stopped: 0.0000759 seconds, Stopping threads took: 0.0000146 seconds
2017-09-16T21:05:48.408-0100: 22.326: Total time for which application threads were stopped: 0.0001239 seconds, Stopping threads took: 0.0000318 seconds
 CMS: abort preclean due to time 2017-09-16T21:05:51.157-0100: 25.075: [CMS-concurrent-abortable-preclean: 1.447/6.016 secs] [Times: user=1.49 sys=0.02, real=6.01 secs] 
2017-09-16T21:05:51.157-0100: 25.075: [GC (CMS Final Remark) [YG occupancy: 47899 K (109248 K)]{Heap before GC invocations=1 (full 1):
 par new generation   total 109248K, used 47899K [0x00000007a0000000, 0x00000007a8000000, 0x00000007a8000000)
  eden space 87424K,  42% used [0x00000007a0000000, 0x00000007a2403b50, 0x00000007a5560000)
  from space 21824K,  50% used [0x00000007a6ab0000, 0x00000007a7573418, 0x00000007a8000000)
  to   space 21824K,   0% used [0x00000007a5560000, 0x00000007a5560000, 0x00000007a6ab0000)
 concurrent mark-sweep generation total 393216K, used 0K [0x00000007a8000000, 0x00000007c0000000, 0x00000007c0000000)
 Metaspace       used 21656K, capacity 22182K, committed 22292K, reserved 1069056K
  class space    used 2605K, capacity 2762K, committed 2816K, reserved 1048576K
2017-09-16T21:05:51.157-0100: 25.075: [GC (CMS Final Remark) 2017-09-16T21:05:51.157-0100: 25.075: [ParNew
Desired survivor size 20112992 bytes, new threshold 8 (max 8)
- age   1:    2993624 bytes,    2993624 total
- age   2:    5260104 bytes,    8253728 total
: 47899K->12183K(109248K), 0.0074914 secs] 47899K->12183K(502464K), 0.0075333 secs] [Times: user=0.02 sys=0.01, real=0.01 secs] 
Heap after GC invocations=2 (full 1):
 par new generation   total 109248K, used 12183K [0x00000007a0000000, 0x00000007a8000000, 0x00000007a8000000)
  eden space 87424K,   0% used [0x00000007a0000000, 0x00000007a0000000, 0x00000007a5560000)
  from space 21824K,  55% used [0x00000007a5560000, 0x00000007a6145d20, 0x00000007a6ab0000)
  to   space 21824K,   0% used [0x00000007a6ab0000, 0x00000007a6ab0000, 0x00000007a8000000)
 concurrent mark-sweep generation total 393216K, used 0K [0x00000007a8000000, 0x00000007c0000000, 0x00000007c0000000)
 Metaspace       used 21656K, capacity 22182K, committed 22292K, reserved 1069056K
  class space    used 2605K, capacity 2762K, committed 2816K, reserved 1048576K
}
2017-09-16T21:05:51.165-0100: 25.082: [Rescan (parallel) , 0.0014417 secs]2017-09-16T21:05:51.166-0100: 25.084: [weak refs processing, 0.0007743 secs]2017-09-16T21:05:51.167-0100: 25.085: [class unloading, 0.0028585 secs]2017-09-16T21:05:51.170-0100: 25.087: [scrub symbol table, 0.0036438 secs]2017-09-16T21:05:51.173-0100: 25.091: [scrub string table, 0.0003082 secs][1 CMS-remark: 0K(393216K)] 12183K(502464K), 0.0171751 secs] [Times: user=0.03 sys=0.01, real=0.02 secs] 
2017-09-16T21:05:51.174-0100: 25.092: Total time for which application threads were stopped: 0.0172811 seconds, Stopping threads took: 0.0000193 seconds
2017-09-16T21:05:51.174-0100: 25.092: [CMS-concurrent-sweep-start]
2017-09-16T21:05:51.174-0100: 25.092: [CMS-concurrent-sweep: 0.000/0.000 secs] [Times: user=0.00 sys=0.00, real=0.00 secs] 
2017-09-16T21:05:51.174-0100: 25.092: [CMS-concurrent-reset-start]
2017-09-16T21:05:51.177-0100: 25.095: [CMS-concurrent-reset: 0.003/0.003 secs] [Times: user=0.01 sys=0.00, real=0.00 secs] 
2017-09-16T21:05:52.176-0100: 26.094: Total time for which application threads were stopped: 0.0001217 seconds, Stopping threads took: 0.0000339 seconds
2017-09-16T21:05:55.880-0100: 29.797: Total time for which application threads were stopped: 0.0002059 seconds, Stopping threads took: 0.0000129 seconds
2017-09-16T21:05:56.066-0100: 29.984: Total time for which application threads were stopped: 0.0003658 seconds, Stopping threads took: 0.0000707 seconds
2017-09-16T21:05:56.087-0100: 30.005: Total time for which application threads were stopped: 0.0002564 seconds, Stopping threads took: 0.0000142 seconds
{Heap before GC invocations=2 (full 1):
 par new generation   total 109248K, used 99603K [0x00000007a0000000, 0x00000007a8000000, 0x00000007a8000000)
  eden space 87424K,  99% used [0x00000007a0000000, 0x00000007a555f148, 0x00000007a5560000)
  from space 21824K,  55% used [0x00000007a5560000, 0x00000007a6145d20, 0x00000007a6ab0000)
  to   space 21824K,   0% used [0x00000007a6ab0000, 0x00000007a6ab0000, 0x00000007a8000000)
 concurrent mark-sweep generation total 393216K, used 0K [0x00000007a8000000, 0x00000007c0000000, 0x00000007c0000000)
 Metaspace       used 24638K, capacity 25166K, committed 25472K, reserved 1071104K
  class space    used 2979K, capacity 3142K, committed 3200K, reserved 1048576K
2017-09-16T21:05:56.201-0100: 30.119: [GC (Allocation Failure) 2017-09-16T21:05:56.201-0100: 30.119: [ParNew
Desired survivor size 20112992 bytes, new threshold 8 (max 8)
- age   1:    4518824 bytes,    4518824 total
- age   2:    1230816 bytes,    5749640 total
- age   3:    5243096 bytes,   10992736 total
: 99603K->12204K(109248K), 0.0083816 secs] 99603K->12204K(502464K), 0.0084336 secs] [Times: user=0.04 sys=0.00, real=0.01 secs] 
Heap after GC invocations=3 (full 1):
 par new generation   total 109248K, used 12204K [0x00000007a0000000, 0x00000007a8000000, 0x00000007a8000000)
  eden space 87424K,   0% used [0x00000007a0000000, 0x00000007a0000000, 0x00000007a5560000)
  from space 21824K,  55% used [0x00000007a6ab0000, 0x00000007a769b378, 0x00000007a8000000)
  to   space 21824K,   0% used [0x00000007a5560000, 0x00000007a5560000, 0x00000007a6ab0000)
 concurrent mark-sweep generation total 393216K, used 0K [0x00000007a8000000, 0x00000007c0000000, 0x00000007c0000000)
 Metaspace       used 24638K, capacity 25166K, committed 25472K, reserved 1071104K
  class space    used 2979K, capacity 3142K, committed 3200K, reserved 1048576K
}
2017-09-16T21:05:56.210-0100: 30.128: Total time for which application threads were stopped: 0.0086368 seconds, Stopping threads took: 0.0000195 seconds
2017-09-16T21:05:56.211-0100: 30.129: Total time for which application threads were stopped: 0.0001858 seconds, Stopping threads took: 0.0000821 seconds
2017-09-16T21:05:56.211-0100: 30.129: Total time for which application threads were stopped: 0.0000950 seconds, Stopping threads took: 0.0000586 seconds
2017-09-16T21:05:56.245-0100: 30.163: Total time for which application threads were stopped: 0.0000883 seconds, Stopping threads took: 0.0000137 seconds
2017-09-16T21:05:56.269-0100: 30.187: Total time for which application threads were stopped: 0.0000804 seconds, Stopping threads took: 0.0000111 seconds
2017-09-16T21:05:56.272-0100: 30.190: Total time for which application threads were stopped: 0.0000883 seconds, Stopping threads took: 0.0000111 seconds
{Heap before GC invocations=3 (full 1):
 par new generation   total 109248K, used 99628K [0x00000007a0000000, 0x00000007a8000000, 0x00000007a8000000)
  eden space 87424K, 100% used [0x00000007a0000000, 0x00000007a5560000, 0x00000007a5560000)
  from space 21824K,  55% used [0x00000007a6ab0000, 0x00000007a769b378, 0x00000007a8000000)
  to   space 21824K,   0% used [0x00000007a5560000, 0x00000007a5560000, 0x00000007a6ab0000)
 concurrent mark-sweep generation total 393216K, used 0K [0x00000007a8000000, 0x00000007c0000000, 0x00000007c0000000)
 Metaspace       used 25588K, capacity 26188K, committed 26368K, reserved 1073152K
  class space    used 3104K, capacity 3307K, committed 3328K, reserved 1048576K
2017-09-16T21:05:56.330-0100: 30.248: [GC (Allocation Failure) 2017-09-16T21:05:56.330-0100: 30.248: [ParNew
Desired survivor size 20112992 bytes, new threshold 8 (max 8)
- age   1:    1336648 bytes,    1336648 total
- age   2:    1875128 bytes,    3211776 total
- age   3:    1106048 bytes,    4317824 total
- age   4:    5239096 bytes,    9556920 total
: 99628K->15732K(109248K), 0.0063370 secs] 99628K->15732K(502464K), 0.0063881 secs] [Times: user=0.03 sys=0.00, real=0.00 secs] 
Heap after GC invocations=4 (full 1):
 par new generation   total 109248K, used 15732K [0x00000007a0000000, 0x00000007a8000000, 0x00000007a8000000)
  eden space 87424K,   0% used [0x00000007a0000000, 0x00000007a0000000, 0x00000007a5560000)
  from space 21824K,  72% used [0x00000007a5560000, 0x00000007a64bd350, 0x00000007a6ab0000)
  to   space 21824K,   0% used [0x00000007a6ab0000, 0x00000007a6ab0000, 0x00000007a8000000)
 concurrent mark-sweep generation total 393216K, used 0K [0x00000007a8000000, 0x00000007c0000000, 0x00000007c0000000)
 Metaspace       used 25588K, capacity 26188K, committed 26368K, reserved 1073152K
  class space    used 3104K, capacity 3307K, committed 3328K, reserved 1048576K
}
2017-09-16T21:05:56.336-0100: 30.254: Total time for which application threads were stopped: 0.0065356 seconds, Stopping threads took: 0.0000276 seconds
2017-09-16T21:05:56.337-0100: 30.254: Total time for which application threads were stopped: 0.0001225 seconds, Stopping threads took: 0.0000642 seconds
2017-09-16T21:05:56.421-0100: 30.339: Total time for which application threads were stopped: 0.0001341 seconds, Stopping threads took: 0.0000148 seconds
2017-09-16T21:05:56.474-0100: 30.392: Total time for which application threads were stopped: 0.0003655 seconds, Stopping threads took: 0.0000231 seconds
2017-09-16T21:05:56.576-0100: 30.493: Total time for which application threads were stopped: 0.0003810 seconds, Stopping threads took: 0.0000149 seconds
2017-09-16T21:05:56.582-0100: 30.500: Total time for which application threads were stopped: 0.0002650 seconds, Stopping threads took: 0.0000098 seconds
2017-09-16T21:05:56.636-0100: 30.554: Total time for which application threads were stopped: 0.0001033 seconds, Stopping threads took: 0.0000133 seconds
2017-09-16T21:05:56.639-0100: 30.557: Total time for which application threads were stopped: 0.0000663 seconds, Stopping threads took: 0.0000099 seconds
{Heap before GC invocations=4 (full 1):
 par new generation   total 109248K, used 103156K [0x00000007a0000000, 0x00000007a8000000, 0x00000007a8000000)
  eden space 87424K, 100% used [0x00000007a0000000, 0x00000007a5560000, 0x00000007a5560000)
  from space 21824K,  72% used [0x00000007a5560000, 0x00000007a64bd350, 0x00000007a6ab0000)
  to   space 21824K,   0% used [0x00000007a6ab0000, 0x00000007a6ab0000, 0x00000007a8000000)
 concurrent mark-sweep generation total 393216K, used 0K [0x00000007a8000000, 0x00000007c0000000, 0x00000007c0000000)
 Metaspace       used 29206K, capacity 29796K, committed 29952K, reserved 1075200K
  class space    used 3586K, capacity 3755K, committed 3840K, reserved 1048576K
2017-09-16T21:05:56.688-0100: 30.606: [GC (Allocation Failure) 2017-09-16T21:05:56.688-0100: 30.606: [ParNew
Desired survivor size 20112992 bytes, new threshold 8 (max 8)
- age   1:    4267936 bytes,    4267936 total
- age   2:     349320 bytes,    4617256 total
- age   3:    1150176 bytes,    5767432 total
- age   4:    1105152 bytes,    6872584 total
- age   5:    5237328 bytes,   12109912 total
: 103156K->14887K(109248K), 0.0087676 secs] 103156K->14887K(502464K), 0.0088337 secs] [Times: user=0.04 sys=0.00, real=0.01 secs] 
Heap after GC invocations=5 (full 1):
 par new generation   total 109248K, used 14887K [0x00000007a0000000, 0x00000007a8000000, 0x00000007a8000000)
  eden space 87424K,   0% used [0x00000007a0000000, 0x00000007a0000000, 0x00000007a5560000)
  from space 21824K,  68% used [0x00000007a6ab0000, 0x00000007a7939dc0, 0x00000007a8000000)
  to   space 21824K,   0% used [0x00000007a5560000, 0x00000007a5560000, 0x00000007a6ab0000)
 concurrent mark-sweep generation total 393216K, used 0K [0x00000007a8000000, 0x00000007c0000000, 0x00000007c0000000)
 Metaspace       used 29206K, capacity 29796K, committed 29952K, reserved 1075200K
  class space    used 3586K, capacity 3755K, committed 3840K, reserved 1048576K
}
2017-09-16T21:05:56.697-0100: 30.615: Total time for which application threads were stopped: 0.0089661 seconds, Stopping threads took: 0.0000159 seconds
2017-09-16T21:05:56.858-0100: 30.776: Total time for which application threads were stopped: 0.0001592 seconds, Stopping threads took: 0.0000279 seconds
2017-09-16T21:05:56.946-0100: 30.864: Total time for which application threads were stopped: 0.0001415 seconds, Stopping threads took: 0.0000490 seconds
2017-09-16T21:05:56.947-0100: 30.865: Total time for which application threads were stopped: 0.0000480 seconds, Stopping threads took: 0.0000083 seconds
2017-09-16T21:05:56.947-0100: 30.865: Total time for which application threads were stopped: 0.0000408 seconds, Stopping threads took: 0.0000068 seconds
2017-09-16T21:05:56.972-0100: 30.890: Total time for which application threads were stopped: 0.0000923 seconds, Stopping threads took: 0.0000279 seconds
2017-09-16T21:05:56.973-0100: 30.891: Total time for which application threads were stopped: 0.0000951 seconds, Stopping threads took: 0.0000138 seconds
2017-09-16T21:05:56.980-0100: 30.898: Total time for which application threads were stopped: 0.0000902 seconds, Stopping threads took: 0.0000146 seconds
2017-09-16T21:05:56.980-0100: 30.898: Total time for which application threads were stopped: 0.0000694 seconds, Stopping threads took: 0.0000098 seconds
2017-09-16T21:05:56.986-0100: 30.904: Total time for which application threads were stopped: 0.0000832 seconds, Stopping threads took: 0.0000141 seconds
2017-09-16T21:05:56.987-0100: 30.904: Total time for which application threads were stopped: 0.0000653 seconds, Stopping threads took: 0.0000299 seconds
2017-09-16T21:05:57.991-0100: 31.909: Total time for which application threads were stopped: 0.0001352 seconds, Stopping threads took: 0.0000339 seconds
2017-09-16T21:05:59.488-0100: 33.406: Total time for which application threads were stopped: 0.0001729 seconds, Stopping threads took: 0.0000412 seconds
2017-09-16T21:05:59.489-0100: 33.407: Total time for which application threads were stopped: 0.0000890 seconds, Stopping threads took: 0.0000385 seconds
2017-09-16T21:05:59.489-0100: 33.407: Total time for which application threads were stopped: 0.0000891 seconds, Stopping threads took: 0.0000448 seconds
2017-09-16T21:05:59.489-0100: 33.407: Total time for which application threads were stopped: 0.0000832 seconds, Stopping threads took: 0.0000441 seconds
2017-09-16T21:05:59.489-0100: 33.407: Total time for which application threads were stopped: 0.0001187 seconds, Stopping threads took: 0.0000720 seconds
2017-09-16T21:05:59.490-0100: 33.408: Total time for which application threads were stopped: 0.0001556 seconds, Stopping threads took: 0.0001193 seconds
2017-09-16T21:05:59.490-0100: 33.408: Total time for which application threads were stopped: 0.0000552 seconds, Stopping threads took: 0.0000225 seconds
2017-09-16T21:05:59.490-0100: 33.408: Total time for which application threads were stopped: 0.0000710 seconds, Stopping threads took: 0.0000333 seconds
2017-09-16T21:05:59.490-0100: 33.408: Total time for which application threads were stopped: 0.0001290 seconds, Stopping threads took: 0.0000969 seconds
2017-09-16T21:05:59.490-0100: 33.408: Total time for which application threads were stopped: 0.0001089 seconds, Stopping threads took: 0.0000794 seconds
2017-09-16T21:05:59.491-0100: 33.409: Total time for which application threads were stopped: 0.0000782 seconds, Stopping threads took: 0.0000235 seconds
2017-09-16T21:05:59.491-0100: 33.409: Total time for which application threads were stopped: 0.0000720 seconds, Stopping threads took: 0.0000370 seconds
2017-09-16T21:05:59.491-0100: 33.409: Total time for which application threads were stopped: 0.0000506 seconds, Stopping threads took: 0.0000186 seconds
2017-09-16T21:05:59.492-0100: 33.409: Total time for which application threads were stopped: 0.0000819 seconds, Stopping threads took: 0.0000376 seconds
2017-09-16T21:05:59.492-0100: 33.410: Total time for which application threads were stopped: 0.0000854 seconds, Stopping threads took: 0.0000492 seconds
2017-09-16T21:05:59.492-0100: 33.410: Total time for which application threads were stopped: 0.0001275 seconds, Stopping threads took: 0.0000574 seconds
2017-09-16T21:05:59.497-0100: 33.415: Total time for which application threads were stopped: 0.0001135 seconds, Stopping threads took: 0.0000447 seconds
2017-09-16T21:05:59.497-0100: 33.415: Total time for which application threads were stopped: 0.0000694 seconds, Stopping threads took: 0.0000269 seconds
2017-09-16T21:05:59.498-0100: 33.416: Total time for which application threads were stopped: 0.0000775 seconds, Stopping threads took: 0.0000258 seconds
2017-09-16T21:05:59.498-0100: 33.416: Total time for which application threads were stopped: 0.0000660 seconds, Stopping threads took: 0.0000306 seconds
2017-09-16T21:05:59.505-0100: 33.423: Total time for which application threads were stopped: 0.0000733 seconds, Stopping threads took: 0.0000250 seconds
2017-09-16T21:05:59.505-0100: 33.423: Total time for which application threads were stopped: 0.0000712 seconds, Stopping threads took: 0.0000220 seconds
2017-09-16T21:06:04.081-0100: 37.999: Total time for which application threads were stopped: 0.0000902 seconds, Stopping threads took: 0.0000184 seconds
2017-09-16T21:06:04.140-0100: 38.058: Total time for which application threads were stopped: 0.0001378 seconds, Stopping threads took: 0.0000600 seconds
2017-09-16T21:06:04.151-0100: 38.069: Total time for which application threads were stopped: 0.0001082 seconds, Stopping threads took: 0.0000375 seconds
2017-09-16T21:06:04.151-0100: 38.070: Total time for which application threads were stopped: 0.0001211 seconds, Stopping threads took: 0.0000787 seconds
2017-09-16T21:06:04.152-0100: 38.070: Total time for which application threads were stopped: 0.0000605 seconds, Stopping threads took: 0.0000270 seconds
2017-09-16T21:06:04.159-0100: 38.077: Total time for which application threads were stopped: 0.0001786 seconds, Stopping threads took: 0.0000936 seconds
2017-09-16T21:06:04.159-0100: 38.077: Total time for which application threads were stopped: 0.0001643 seconds, Stopping threads took: 0.0000955 seconds
2017-09-16T21:06:05.162-0100: 39.080: Total time for which application threads were stopped: 0.0001342 seconds, Stopping threads took: 0.0000267 seconds
2017-09-16T21:06:23.849-0100: 57.768: Total time for which application threads were stopped: 0.0000768 seconds, Stopping threads took: 0.0000159 seconds
2017-09-16T21:06:23.858-0100: 57.777: Total time for which application threads were stopped: 0.0000618 seconds, Stopping threads took: 0.0000153 seconds
2017-09-16T21:06:23.858-0100: 57.777: Total time for which application threads were stopped: 0.0000342 seconds, Stopping threads took: 0.0000074 seconds
2017-09-16T21:06:23.859-0100: 57.778: Total time for which application threads were stopped: 0.0000364 seconds, Stopping threads took: 0.0000074 seconds
2017-09-16T21:06:27.874-0100: 61.793: Total time for which application threads were stopped: 0.0002104 seconds, Stopping threads took: 0.0000865 seconds
2017-09-16T21:06:38.911-0100: 72.830: Total time for which application threads were stopped: 0.0001554 seconds, Stopping threads took: 0.0000285 seconds
2017-09-16T21:06:40.862-0100: 74.782: Total time for which application threads were stopped: 0.0000730 seconds, Stopping threads took: 0.0000150 seconds
{Heap before GC invocations=5 (full 1):
 par new generation   total 109248K, used 102311K [0x00000007a0000000, 0x00000007a8000000, 0x00000007a8000000)
  eden space 87424K, 100% used [0x00000007a0000000, 0x00000007a5560000, 0x00000007a5560000)
  from space 21824K,  68% used [0x00000007a6ab0000, 0x00000007a7939dc0, 0x00000007a8000000)
  to   space 21824K,   0% used [0x00000007a5560000, 0x00000007a5560000, 0x00000007a6ab0000)
 concurrent mark-sweep generation total 393216K, used 0K [0x00000007a8000000, 0x00000007c0000000, 0x00000007c0000000)
 Metaspace       used 32674K, capacity 33430K, committed 33664K, reserved 1079296K
  class space    used 3972K, capacity 4172K, committed 4224K, reserved 1048576K
2017-09-16T21:06:40.882-0100: 74.801: [GC (Allocation Failure) 2017-09-16T21:06:40.882-0100: 74.801: [ParNew
Desired survivor size 20112992 bytes, new threshold 8 (max 8)
- age   1:    6677656 bytes,    6677656 total
- age   2:     985360 bytes,    7663016 total
- age   3:     328080 bytes,    7991096 total
- age   4:    1127616 bytes,    9118712 total
- age   5:     972296 bytes,   10091008 total
- age   6:    5184224 bytes,   15275232 total
: 102311K->20029K(109248K), 0.0099880 secs] 102311K->20029K(502464K), 0.0100450 secs] [Times: user=0.03 sys=0.00, real=0.01 secs] 
Heap after GC invocations=6 (full 1):
 par new generation   total 109248K, used 20029K [0x00000007a0000000, 0x00000007a8000000, 0x00000007a8000000)
  eden space 87424K,   0% used [0x00000007a0000000, 0x00000007a0000000, 0x00000007a5560000)
  from space 21824K,  91% used [0x00000007a5560000, 0x00000007a68ef400, 0x00000007a6ab0000)
  to   space 21824K,   0% used [0x00000007a6ab0000, 0x00000007a6ab0000, 0x00000007a8000000)
 concurrent mark-sweep generation total 393216K, used 0K [0x00000007a8000000, 0x00000007c0000000, 0x00000007c0000000)
 Metaspace       used 32674K, capacity 33430K, committed 33664K, reserved 1079296K
  class space    used 3972K, capacity 4172K, committed 4224K, reserved 1048576K
}
2017-09-16T21:06:40.892-0100: 74.811: Total time for which application threads were stopped: 0.0102206 seconds, Stopping threads took: 0.0000185 seconds
2017-09-16T21:06:40.893-0100: 74.812: Total time for which application threads were stopped: 0.0000954 seconds, Stopping threads took: 0.0000500 seconds
2017-09-16T21:06:40.906-0100: 74.826: Total time for which application threads were stopped: 0.0003776 seconds, Stopping threads took: 0.0000243 seconds
2017-09-16T21:06:41.910-0100: 75.830: Total time for which application threads were stopped: 0.0001331 seconds, Stopping threads took: 0.0000455 seconds
2017-09-16T21:06:42.914-0100: 76.833: Total time for which application threads were stopped: 0.0001110 seconds, Stopping threads took: 0.0000235 seconds
2017-09-16T21:06:56.967-0100: 90.888: Total time for which application threads were stopped: 0.0001265 seconds, Stopping threads took: 0.0000322 seconds
2017-09-16T21:06:59.508-0100: 93.428: Total time for which application threads were stopped: 0.0001118 seconds, Stopping threads took: 0.0000267 seconds
2017-09-16T21:07:00.909-0100: 94.829: Total time for which application threads were stopped: 0.0000779 seconds, Stopping threads took: 0.0000160 seconds
2017-09-16T21:07:04.161-0100: 98.082: Total time for which application threads were stopped: 0.0001077 seconds, Stopping threads took: 0.0000290 seconds
2017-09-16T21:07:11.865-0100: 105.786: Total time for which application threads were stopped: 0.0000869 seconds, Stopping threads took: 0.0000144 seconds
2017-09-16T21:07:12.870-0100: 106.791: Total time for which application threads were stopped: 0.0001174 seconds, Stopping threads took: 0.0000305 seconds
2017-09-16T21:07:13.873-0100: 107.794: Total time for which application threads were stopped: 0.0001419 seconds, Stopping threads took: 0.0000270 seconds
2017-09-16T21:07:14.877-0100: 108.798: Total time for which application threads were stopped: 0.0001033 seconds, Stopping threads took: 0.0000208 seconds
2017-09-16T21:07:33.933-0100: 127.855: Total time for which application threads were stopped: 0.0000735 seconds, Stopping threads took: 0.0000201 seconds
2017-09-16T21:07:40.962-0100: 134.884: Total time for which application threads were stopped: 0.0003195 seconds, Stopping threads took: 0.0001196 seconds
2017-09-16T21:07:42.971-0100: 136.893: Total time for which application threads were stopped: 0.0001550 seconds, Stopping threads took: 0.0000391 seconds
2017-09-16T21:07:50.000-0100: 143.922: Total time for which application threads were stopped: 0.0001321 seconds, Stopping threads took: 0.0000334 seconds
2017-09-16T21:07:59.033-0100: 152.956: Total time for which application threads were stopped: 0.0001601 seconds, Stopping threads took: 0.0000446 seconds
2017-09-16T21:08:00.038-0100: 153.961: Total time for which application threads were stopped: 0.0001453 seconds, Stopping threads took: 0.0000314 seconds
2017-09-16T21:08:14.089-0100: 168.012: Total time for which application threads were stopped: 0.0001321 seconds, Stopping threads took: 0.0000332 seconds
2017-09-16T21:08:15.093-0100: 169.016: Total time for which application threads were stopped: 0.0000805 seconds, Stopping threads took: 0.0000219 seconds
2017-09-16T21:08:22.119-0100: 176.043: Total time for which application threads were stopped: 0.0001006 seconds, Stopping threads took: 0.0000228 seconds
2017-09-16T21:08:31.150-0100: 185.077: Total time for which application threads were stopped: 0.0032075 seconds, Stopping threads took: 0.0000660 seconds
2017-09-16T21:08:32.158-0100: 186.082: Total time for which application threads were stopped: 0.0001291 seconds, Stopping threads took: 0.0000335 seconds
2017-09-16T21:08:34.164-0100: 188.088: Total time for which application threads were stopped: 0.0000899 seconds, Stopping threads took: 0.0000231 seconds
2017-09-16T21:09:11.303-0100: 225.228: Total time for which application threads were stopped: 0.0001251 seconds, Stopping threads took: 0.0000317 seconds
2017-09-16T21:09:42.422-0100: 256.349: Total time for which application threads were stopped: 0.0001485 seconds, Stopping threads took: 0.0000340 seconds
2017-09-16T21:09:43.426-0100: 257.352: Total time for which application threads were stopped: 0.0001590 seconds, Stopping threads took: 0.0000286 seconds
2017-09-16T21:09:44.714-0100: 258.641: Total time for which application threads were stopped: 0.0000715 seconds, Stopping threads took: 0.0000135 seconds
2017-09-16T21:09:44.714-0100: 258.641: Total time for which application threads were stopped: 0.0000341 seconds, Stopping threads took: 0.0000058 seconds
2017-09-16T21:09:44.730-0100: 258.657: Total time for which application threads were stopped: 0.0005460 seconds, Stopping threads took: 0.0000250 seconds
2017-09-16T21:09:44.731-0100: 258.658: Total time for which application threads were stopped: 0.0000548 seconds, Stopping threads took: 0.0000078 seconds
2017-09-16T21:09:44.731-0100: 258.658: Total time for which application threads were stopped: 0.0000500 seconds, Stopping threads took: 0.0000062 seconds
2017-09-16T21:09:44.741-0100: 258.668: Total time for which application threads were stopped: 0.0003787 seconds, Stopping threads took: 0.0000150 seconds
2017-09-16T21:09:44.743-0100: 258.670: Total time for which application threads were stopped: 0.0003629 seconds, Stopping threads took: 0.0000124 seconds
2017-09-16T21:09:44.749-0100: 258.676: Total time for which application threads were stopped: 0.0001032 seconds, Stopping threads took: 0.0000240 seconds
2017-09-16T21:09:44.751-0100: 258.678: Total time for which application threads were stopped: 0.0004143 seconds, Stopping threads took: 0.0000124 seconds
2017-09-16T21:09:45.754-0100: 259.681: Total time for which application threads were stopped: 0.0001397 seconds, Stopping threads took: 0.0000319 seconds
2017-09-16T21:09:55.417-0100: 269.345: Total time for which application threads were stopped: 0.0001074 seconds, Stopping threads took: 0.0000416 seconds
2017-09-16T21:09:55.418-0100: 269.345: Total time for which application threads were stopped: 0.0000635 seconds, Stopping threads took: 0.0000310 seconds
2017-09-16T21:09:55.423-0100: 269.351: Total time for which application threads were stopped: 0.0000861 seconds, Stopping threads took: 0.0000233 seconds
2017-09-16T21:09:55.423-0100: 269.351: Total time for which application threads were stopped: 0.0000309 seconds, Stopping threads took: 0.0000062 seconds
2017-09-16T21:09:56.559-0100: 270.487: Total time for which application threads were stopped: 0.0005543 seconds, Stopping threads took: 0.0000209 seconds
2017-09-16T21:09:57.565-0100: 271.492: Total time for which application threads were stopped: 0.0001153 seconds, Stopping threads took: 0.0000296 seconds
2017-09-16T21:09:59.755-0100: 273.683: Total time for which application threads were stopped: 0.0001305 seconds, Stopping threads took: 0.0000276 seconds
2017-09-16T21:09:59.756-0100: 273.684: Total time for which application threads were stopped: 0.0001059 seconds, Stopping threads took: 0.0000355 seconds
2017-09-16T21:09:59.756-0100: 273.684: Total time for which application threads were stopped: 0.0001403 seconds, Stopping threads took: 0.0000154 seconds
2017-09-16T21:09:59.765-0100: 273.693: Total time for which application threads were stopped: 0.0001244 seconds, Stopping threads took: 0.0000201 seconds
2017-09-16T21:09:59.772-0100: 273.700: Total time for which application threads were stopped: 0.0001369 seconds, Stopping threads took: 0.0000160 seconds
2017-09-16T21:09:59.772-0100: 273.700: Total time for which application threads were stopped: 0.0000415 seconds, Stopping threads took: 0.0000070 seconds
2017-09-16T21:09:59.785-0100: 273.712: Total time for which application threads were stopped: 0.0000738 seconds, Stopping threads took: 0.0000171 seconds
2017-09-16T21:09:59.787-0100: 273.715: Total time for which application threads were stopped: 0.0000546 seconds, Stopping threads took: 0.0000115 seconds
2017-09-16T21:09:59.787-0100: 273.715: Total time for which application threads were stopped: 0.0000406 seconds, Stopping threads took: 0.0000078 seconds
2017-09-16T21:09:59.790-0100: 273.717: Total time for which application threads were stopped: 0.0001008 seconds, Stopping threads took: 0.0000245 seconds
2017-09-16T21:09:59.792-0100: 273.720: Total time for which application threads were stopped: 0.0004094 seconds, Stopping threads took: 0.0000124 seconds
2017-09-16T21:09:59.801-0100: 273.728: Total time for which application threads were stopped: 0.0002654 seconds, Stopping threads took: 0.0000190 seconds
2017-09-16T21:09:59.810-0100: 273.738: Total time for which application threads were stopped: 0.0001141 seconds, Stopping threads took: 0.0000170 seconds
2017-09-16T21:09:59.811-0100: 273.739: Total time for which application threads were stopped: 0.0000817 seconds, Stopping threads took: 0.0000129 seconds
2017-09-16T21:09:59.811-0100: 273.739: Total time for which application threads were stopped: 0.0000308 seconds, Stopping threads took: 0.0000056 seconds
2017-09-16T21:09:59.811-0100: 273.739: Total time for which application threads were stopped: 0.0000431 seconds, Stopping threads took: 0.0000075 seconds
2017-09-16T21:10:01.150-0100: 275.077: Total time for which application threads were stopped: 0.0001409 seconds, Stopping threads took: 0.0000460 seconds
2017-09-16T21:10:01.150-0100: 275.078: Total time for which application threads were stopped: 0.0001072 seconds, Stopping threads took: 0.0000259 seconds
2017-09-16T21:10:01.150-0100: 275.078: Total time for which application threads were stopped: 0.0000448 seconds, Stopping threads took: 0.0000098 seconds
2017-09-16T21:10:01.150-0100: 275.078: Total time for which application threads were stopped: 0.0000344 seconds, Stopping threads took: 0.0000074 seconds
2017-09-16T21:10:01.150-0100: 275.078: Total time for which application threads were stopped: 0.0001231 seconds, Stopping threads took: 0.0000189 seconds
2017-09-16T21:10:01.160-0100: 275.087: Total time for which application threads were stopped: 0.0001279 seconds, Stopping threads took: 0.0000329 seconds
2017-09-16T21:10:01.160-0100: 275.088: Total time for which application threads were stopped: 0.0000678 seconds, Stopping threads took: 0.0000096 seconds
2017-09-16T21:10:01.167-0100: 275.095: Total time for which application threads were stopped: 0.0000478 seconds, Stopping threads took: 0.0000101 seconds
2017-09-16T21:10:01.167-0100: 275.095: Total time for which application threads were stopped: 0.0000392 seconds, Stopping threads took: 0.0000076 seconds
2017-09-16T21:10:03.175-0100: 277.102: Total time for which application threads were stopped: 0.0001365 seconds, Stopping threads took: 0.0000267 seconds
2017-09-16T21:10:16.945-0100: 290.873: Total time for which application threads were stopped: 0.0001395 seconds, Stopping threads took: 0.0000384 seconds
2017-09-16T21:10:16.946-0100: 290.874: Total time for which application threads were stopped: 0.0000755 seconds, Stopping threads took: 0.0000241 seconds
2017-09-16T21:10:19.960-0100: 293.888: Total time for which application threads were stopped: 0.0001302 seconds, Stopping threads took: 0.0000304 seconds
2017-09-16T21:10:25.235-0100: 299.163: Total time for which application threads were stopped: 0.0001021 seconds, Stopping threads took: 0.0000210 seconds
2017-09-16T21:10:25.235-0100: 299.164: Total time for which application threads were stopped: 0.0000643 seconds, Stopping threads took: 0.0000097 seconds
2017-09-16T21:10:25.240-0100: 299.168: Total time for which application threads were stopped: 0.0000692 seconds, Stopping threads took: 0.0000131 seconds
2017-09-16T21:10:25.240-0100: 299.169: Total time for which application threads were stopped: 0.0000534 seconds, Stopping threads took: 0.0000149 seconds
2017-09-16T21:10:25.240-0100: 299.169: Total time for which application threads were stopped: 0.0000329 seconds, Stopping threads took: 0.0000062 seconds
2017-09-16T21:10:25.241-0100: 299.169: Total time for which application threads were stopped: 0.0000318 seconds, Stopping threads took: 0.0000059 seconds
2017-09-16T21:10:25.241-0100: 299.169: Total time for which application threads were stopped: 0.0000649 seconds, Stopping threads took: 0.0000239 seconds
2017-09-16T21:10:26.245-0100: 300.173: Total time for which application threads were stopped: 0.0001392 seconds, Stopping threads took: 0.0000458 seconds
2017-09-16T21:10:40.243-0100: 314.173: Total time for which application threads were stopped: 0.0001218 seconds, Stopping threads took: 0.0000240 seconds
2017-09-16T21:10:40.245-0100: 314.174: Total time for which application threads were stopped: 0.0000706 seconds, Stopping threads took: 0.0000218 seconds
2017-09-16T21:10:40.245-0100: 314.174: Total time for which application threads were stopped: 0.0000537 seconds, Stopping threads took: 0.0000119 seconds
2017-09-16T21:10:41.250-0100: 315.179: Total time for which application threads were stopped: 0.0001356 seconds, Stopping threads took: 0.0000351 seconds
2017-09-16T21:10:56.896-0100: 330.826: Total time for which application threads were stopped: 0.0001077 seconds, Stopping threads took: 0.0000240 seconds
2017-09-16T21:10:56.914-0100: 330.843: Total time for which application threads were stopped: 0.0000866 seconds, Stopping threads took: 0.0000193 seconds
2017-09-16T21:10:56.914-0100: 330.844: Total time for which application threads were stopped: 0.0000605 seconds, Stopping threads took: 0.0000096 seconds
2017-09-16T21:10:56.914-0100: 330.844: Total time for which application threads were stopped: 0.0000815 seconds, Stopping threads took: 0.0000387 seconds
2017-09-16T21:10:56.915-0100: 330.845: Total time for which application threads were stopped: 0.0000600 seconds, Stopping threads took: 0.0000191 seconds
2017-09-16T21:10:56.915-0100: 330.845: Total time for which application threads were stopped: 0.0000356 seconds, Stopping threads took: 0.0000079 seconds
2017-09-16T21:10:56.917-0100: 330.846: Total time for which application threads were stopped: 0.0000847 seconds, Stopping threads took: 0.0000315 seconds
2017-09-16T21:10:56.917-0100: 330.846: Total time for which application threads were stopped: 0.0000329 seconds, Stopping threads took: 0.0000065 seconds
2017-09-16T21:10:56.921-0100: 330.851: Total time for which application threads were stopped: 0.0000766 seconds, Stopping threads took: 0.0000253 seconds
2017-09-16T21:10:56.921-0100: 330.851: Total time for which application threads were stopped: 0.0000459 seconds, Stopping threads took: 0.0000075 seconds
2017-09-16T21:10:56.922-0100: 330.852: Total time for which application threads were stopped: 0.0000683 seconds, Stopping threads took: 0.0000285 seconds
2017-09-16T21:10:56.922-0100: 330.852: Total time for which application threads were stopped: 0.0000601 seconds, Stopping threads took: 0.0000269 seconds
2017-09-16T21:10:56.922-0100: 330.852: Total time for which application threads were stopped: 0.0000840 seconds, Stopping threads took: 0.0000317 seconds
2017-09-16T21:10:56.923-0100: 330.853: Total time for which application threads were stopped: 0.0000667 seconds, Stopping threads took: 0.0000113 seconds
2017-09-16T21:10:56.923-0100: 330.853: Total time for which application threads were stopped: 0.0000787 seconds, Stopping threads took: 0.0000268 seconds
2017-09-16T21:10:56.924-0100: 330.853: Total time for which application threads were stopped: 0.0000688 seconds, Stopping threads took: 0.0000198 seconds
2017-09-16T21:10:56.924-0100: 330.853: Total time for which application threads were stopped: 0.0000564 seconds, Stopping threads took: 0.0000182 seconds
2017-09-16T21:10:56.924-0100: 330.854: Total time for which application threads were stopped: 0.0000483 seconds, Stopping threads took: 0.0000223 seconds
2017-09-16T21:10:56.924-0100: 330.854: Total time for which application threads were stopped: 0.0000781 seconds, Stopping threads took: 0.0000211 seconds
2017-09-16T21:10:56.924-0100: 330.854: Total time for which application threads were stopped: 0.0000611 seconds, Stopping threads took: 0.0000166 seconds
2017-09-16T21:10:56.928-0100: 330.858: Total time for which application threads were stopped: 0.0001139 seconds, Stopping threads took: 0.0000532 seconds
2017-09-16T21:10:56.933-0100: 330.863: Total time for which application threads were stopped: 0.0001321 seconds, Stopping threads took: 0.0000672 seconds
2017-09-16T21:10:56.934-0100: 330.864: Total time for which application threads were stopped: 0.0000508 seconds, Stopping threads took: 0.0000093 seconds
2017-09-16T21:10:56.934-0100: 330.864: Total time for which application threads were stopped: 0.0000729 seconds, Stopping threads took: 0.0000381 seconds
2017-09-16T21:10:56.935-0100: 330.865: Total time for which application threads were stopped: 0.0000502 seconds, Stopping threads took: 0.0000176 seconds
2017-09-16T21:10:56.939-0100: 330.869: Total time for which application threads were stopped: 0.0000717 seconds, Stopping threads took: 0.0000112 seconds
2017-09-16T21:10:56.940-0100: 330.870: Total time for which application threads were stopped: 0.0000668 seconds, Stopping threads took: 0.0000238 seconds
2017-09-16T21:10:56.940-0100: 330.870: Total time for which application threads were stopped: 0.0000507 seconds, Stopping threads took: 0.0000233 seconds
2017-09-16T21:10:56.940-0100: 330.870: Total time for which application threads were stopped: 0.0000470 seconds, Stopping threads took: 0.0000159 seconds
2017-09-16T21:10:57.945-0100: 331.875: Total time for which application threads were stopped: 0.0001067 seconds, Stopping threads took: 0.0000249 seconds
2017-09-16T21:10:59.339-0100: 333.269: Total time for which application threads were stopped: 0.0000849 seconds, Stopping threads took: 0.0000177 seconds
2017-09-16T21:11:01.170-0100: 335.100: Total time for which application threads were stopped: 0.0001194 seconds, Stopping threads took: 0.0000273 seconds
2017-09-16T21:11:49.349-0100: 383.281: Total time for which application threads were stopped: 0.0001412 seconds, Stopping threads took: 0.0000371 seconds
2017-09-16T21:15:58.264-0100: 632.206: Total time for which application threads were stopped: 0.0001372 seconds, Stopping threads took: 0.0000303 seconds
2017-09-16T21:16:13.325-0100: 647.267: Total time for which application threads were stopped: 0.0002290 seconds, Stopping threads took: 0.0000686 seconds
2017-09-16T21:16:18.341-0100: 652.284: Total time for which application threads were stopped: 0.0002124 seconds, Stopping threads took: 0.0000548 seconds
2017-09-16T21:18:51.740-0100: 805.689: Total time for which application threads were stopped: 0.0001173 seconds, Stopping threads took: 0.0000309 seconds
2017-09-16T21:18:51.749-0100: 805.698: Total time for which application threads were stopped: 0.0000857 seconds, Stopping threads took: 0.0000181 seconds
2017-09-16T21:18:51.749-0100: 805.698: Total time for which application threads were stopped: 0.0000606 seconds, Stopping threads took: 0.0000109 seconds
2017-09-16T21:18:51.749-0100: 805.698: Total time for which application threads were stopped: 0.0000918 seconds, Stopping threads took: 0.0000102 seconds
2017-09-16T21:18:51.750-0100: 805.698: Total time for which application threads were stopped: 0.0000434 seconds, Stopping threads took: 0.0000072 seconds
2017-09-16T21:18:51.750-0100: 805.698: Total time for which application threads were stopped: 0.0000357 seconds, Stopping threads took: 0.0000063 seconds
2017-09-16T21:18:51.750-0100: 805.699: Total time for which application threads were stopped: 0.0000366 seconds, Stopping threads took: 0.0000063 seconds
2017-09-16T21:18:51.750-0100: 805.699: Total time for which application threads were stopped: 0.0000349 seconds, Stopping threads took: 0.0000060 seconds
2017-09-16T21:18:52.754-0100: 806.703: Total time for which application threads were stopped: 0.0002042 seconds, Stopping threads took: 0.0000956 seconds
2017-09-16T21:18:53.758-0100: 807.707: Total time for which application threads were stopped: 0.0001551 seconds, Stopping threads took: 0.0000352 seconds
2017-09-16T21:18:56.771-0100: 810.720: Total time for which application threads were stopped: 0.0002622 seconds, Stopping threads took: 0.0000279 seconds
2017-09-16T21:22:23.530-0100: 1017.487: Total time for which application threads were stopped: 0.0001195 seconds, Stopping threads took: 0.0000342 seconds
2017-09-16T21:25:31.198-0100: 1205.163: Total time for which application threads were stopped: 0.0001374 seconds, Stopping threads took: 0.0000384 seconds
2017-09-16T21:35:56.810-0100: 1830.799: Total time for which application threads were stopped: 0.0001960 seconds, Stopping threads took: 0.0000635 seconds
2017-09-16T21:35:56.811-0100: 1830.800: Total time for which application threads were stopped: 0.0001118 seconds, Stopping threads took: 0.0000367 seconds
2017-09-16T21:35:56.811-0100: 1830.801: Total time for which application threads were stopped: 0.0000782 seconds, Stopping threads took: 0.0000313 seconds
2017-09-16T21:35:56.812-0100: 1830.801: Total time for which application threads were stopped: 0.0000830 seconds, Stopping threads took: 0.0000326 seconds
2017-09-16T21:35:56.812-0100: 1830.801: Total time for which application threads were stopped: 0.0000843 seconds, Stopping threads took: 0.0000248 seconds
2017-09-16T21:35:56.812-0100: 1830.801: Total time for which application threads were stopped: 0.0000587 seconds, Stopping threads took: 0.0000199 seconds
2017-09-16T21:35:56.812-0100: 1830.801: Total time for which application threads were stopped: 0.0000617 seconds, Stopping threads took: 0.0000193 seconds
2017-09-16T21:35:56.812-0100: 1830.802: Total time for which application threads were stopped: 0.0000598 seconds, Stopping threads took: 0.0000223 seconds
2017-09-16T21:35:56.812-0100: 1830.802: Total time for which application threads were stopped: 0.0000650 seconds, Stopping threads took: 0.0000216 seconds
2017-09-16T21:35:56.812-0100: 1830.802: Total time for which application threads were stopped: 0.0000679 seconds, Stopping threads took: 0.0000235 seconds
2017-09-16T21:35:56.813-0100: 1830.802: Total time for which application threads were stopped: 0.0000491 seconds, Stopping threads took: 0.0000076 seconds
2017-09-16T21:35:56.813-0100: 1830.802: Total time for which application threads were stopped: 0.0000428 seconds, Stopping threads took: 0.0000075 seconds
2017-09-16T21:35:56.818-0100: 1830.808: Total time for which application threads were stopped: 0.0001250 seconds, Stopping threads took: 0.0000459 seconds
2017-09-16T21:35:56.818-0100: 1830.808: Total time for which application threads were stopped: 0.0000666 seconds, Stopping threads took: 0.0000196 seconds
2017-09-16T21:35:56.824-0100: 1830.814: Total time for which application threads were stopped: 0.0000673 seconds, Stopping threads took: 0.0000190 seconds
2017-09-16T21:35:56.824-0100: 1830.814: Total time for which application threads were stopped: 0.0000292 seconds, Stopping threads took: 0.0000058 seconds
2017-09-16T21:35:56.846-0100: 1830.836: Total time for which application threads were stopped: 0.0000930 seconds, Stopping threads took: 0.0000177 seconds
2017-09-16T21:35:56.847-0100: 1830.836: Total time for which application threads were stopped: 0.0000595 seconds, Stopping threads took: 0.0000178 seconds
2017-09-16T21:35:57.851-0100: 1831.841: Total time for which application threads were stopped: 0.0001774 seconds, Stopping threads took: 0.0000308 seconds
{Heap before GC invocations=6 (full 1):
 par new generation   total 109248K, used 107453K [0x00000007a0000000, 0x00000007a8000000, 0x00000007a8000000)
  eden space 87424K, 100% used [0x00000007a0000000, 0x00000007a5560000, 0x00000007a5560000)
  from space 21824K,  91% used [0x00000007a5560000, 0x00000007a68ef400, 0x00000007a6ab0000)
  to   space 21824K,   0% used [0x00000007a6ab0000, 0x00000007a6ab0000, 0x00000007a8000000)
 concurrent mark-sweep generation total 393216K, used 0K [0x00000007a8000000, 0x00000007c0000000, 0x00000007c0000000)
 Metaspace       used 35380K, capacity 36234K, committed 36480K, reserved 1081344K
  class space    used 4252K, capacity 4462K, committed 4480K, reserved 1048576K
2017-09-16T21:36:10.549-0100: 1844.539: [GC (Allocation Failure) 2017-09-16T21:36:10.550-0100: 1844.540: [ParNew
Desired survivor size 20112992 bytes, new threshold 8 (max 8)
- age   1:    5470232 bytes,    5470232 total
- age   2:    3098656 bytes,    8568888 total
- age   3:     843512 bytes,    9412400 total
- age   4:     328016 bytes,    9740416 total
- age   5:    1125960 bytes,   10866376 total
- age   6:     964808 bytes,   11831184 total
- age   7:    5180040 bytes,   17011224 total
: 107453K->20395K(109248K), 0.0106711 secs] 107453K->20395K(502464K), 0.0109456 secs] [Times: user=0.04 sys=0.01, real=0.02 secs] 
Heap after GC invocations=7 (full 1):
 par new generation   total 109248K, used 20395K [0x00000007a0000000, 0x00000007a8000000, 0x00000007a8000000)
  eden space 87424K,   0% used [0x00000007a0000000, 0x00000007a0000000, 0x00000007a5560000)
  from space 21824K,  93% used [0x00000007a6ab0000, 0x00000007a7e9ad90, 0x00000007a8000000)
  to   space 21824K,   0% used [0x00000007a5560000, 0x00000007a5560000, 0x00000007a6ab0000)
 concurrent mark-sweep generation total 393216K, used 0K [0x00000007a8000000, 0x00000007c0000000, 0x00000007c0000000)
 Metaspace       used 35380K, capacity 36234K, committed 36480K, reserved 1081344K
  class space    used 4252K, capacity 4462K, committed 4480K, reserved 1048576K
}
2017-09-16T21:36:10.560-0100: 1844.550: Total time for which application threads were stopped: 0.0138099 seconds, Stopping threads took: 0.0000161 seconds
2017-09-16T21:36:10.561-0100: 1844.551: Total time for which application threads were stopped: 0.0000678 seconds, Stopping threads took: 0.0000085 seconds
2017-09-16T21:36:10.561-0100: 1844.551: Total time for which application threads were stopped: 0.0001068 seconds, Stopping threads took: 0.0000314 seconds
2017-09-16T21:36:10.561-0100: 1844.551: Total time for which application threads were stopped: 0.0000773 seconds, Stopping threads took: 0.0000363 seconds
2017-09-16T21:36:10.561-0100: 1844.551: Total time for which application threads were stopped: 0.0000525 seconds, Stopping threads took: 0.0000154 seconds
2017-09-16T21:36:10.561-0100: 1844.551: Total time for which application threads were stopped: 0.0000458 seconds, Stopping threads took: 0.0000116 seconds
2017-09-16T21:36:10.561-0100: 1844.551: Total time for which application threads were stopped: 0.0000443 seconds, Stopping threads took: 0.0000136 seconds
2017-09-16T21:36:10.561-0100: 1844.551: Total time for which application threads were stopped: 0.0000529 seconds, Stopping threads took: 0.0000170 seconds
2017-09-16T21:36:10.562-0100: 1844.552: Total time for which application threads were stopped: 0.0000502 seconds, Stopping threads took: 0.0000185 seconds
2017-09-16T21:36:10.562-0100: 1844.552: Total time for which application threads were stopped: 0.0000513 seconds, Stopping threads took: 0.0000164 seconds
2017-09-16T21:36:10.562-0100: 1844.552: Total time for which application threads were stopped: 0.0000604 seconds, Stopping threads took: 0.0000197 seconds
2017-09-16T21:36:10.562-0100: 1844.552: Total time for which application threads were stopped: 0.0000565 seconds, Stopping threads took: 0.0000181 seconds
2017-09-16T21:36:10.562-0100: 1844.552: Total time for which application threads were stopped: 0.0000484 seconds, Stopping threads took: 0.0000194 seconds
2017-09-16T21:36:10.562-0100: 1844.552: Total time for which application threads were stopped: 0.0000643 seconds, Stopping threads took: 0.0000148 seconds
2017-09-16T21:36:10.562-0100: 1844.552: Total time for which application threads were stopped: 0.0000318 seconds, Stopping threads took: 0.0000056 seconds
2017-09-16T21:36:10.562-0100: 1844.552: Total time for which application threads were stopped: 0.0000768 seconds, Stopping threads took: 0.0000460 seconds
2017-09-16T21:36:10.562-0100: 1844.552: Total time for which application threads were stopped: 0.0000401 seconds, Stopping threads took: 0.0000131 seconds
2017-09-16T21:36:10.562-0100: 1844.552: Total time for which application threads were stopped: 0.0001084 seconds, Stopping threads took: 0.0000189 seconds
2017-09-16T21:36:11.567-0100: 1845.557: Total time for which application threads were stopped: 0.0001477 seconds, Stopping threads took: 0.0000342 seconds
2017-09-16T21:36:12.570-0100: 1846.560: Total time for which application threads were stopped: 0.0001587 seconds, Stopping threads took: 0.0000448 seconds
2017-09-16T21:36:56.825-0100: 1890.817: Total time for which application threads were stopped: 0.0001150 seconds, Stopping threads took: 0.0000270 seconds
2017-09-16T21:37:50.018-0100: 1944.011: Total time for which application threads were stopped: 0.0001036 seconds, Stopping threads took: 0.0000296 seconds
2017-09-16T21:37:50.018-0100: 1944.011: Total time for which application threads were stopped: 0.0000484 seconds, Stopping threads took: 0.0000070 seconds
2017-09-16T21:37:50.024-0100: 1944.018: Total time for which application threads were stopped: 0.0001092 seconds, Stopping threads took: 0.0000179 seconds
2017-09-16T21:37:50.024-0100: 1944.018: Total time for which application threads were stopped: 0.0000834 seconds, Stopping threads took: 0.0000269 seconds
2017-09-16T21:37:50.024-0100: 1944.018: Total time for which application threads were stopped: 0.0000765 seconds, Stopping threads took: 0.0000074 seconds
2017-09-16T21:37:51.163-0100: 1945.157: Total time for which application threads were stopped: 0.0001763 seconds, Stopping threads took: 0.0000338 seconds
2017-09-16T21:37:51.163-0100: 1945.157: Total time for which application threads were stopped: 0.0000892 seconds, Stopping threads took: 0.0000315 seconds
2017-09-16T21:37:51.163-0100: 1945.157: Total time for which application threads were stopped: 0.0000713 seconds, Stopping threads took: 0.0000264 seconds
2017-09-16T21:37:51.163-0100: 1945.157: Total time for which application threads were stopped: 0.0000828 seconds, Stopping threads took: 0.0000487 seconds
2017-09-16T21:37:51.164-0100: 1945.157: Total time for which application threads were stopped: 0.0001290 seconds, Stopping threads took: 0.0000923 seconds
2017-09-16T21:37:51.164-0100: 1945.158: Total time for which application threads were stopped: 0.0000679 seconds, Stopping threads took: 0.0000217 seconds
2017-09-16T21:37:51.164-0100: 1945.158: Total time for which application threads were stopped: 0.0000862 seconds, Stopping threads took: 0.0000462 seconds
2017-09-16T21:37:51.164-0100: 1945.158: Total time for which application threads were stopped: 0.0000610 seconds, Stopping threads took: 0.0000241 seconds
2017-09-16T21:37:51.165-0100: 1945.158: Total time for which application threads were stopped: 0.0001164 seconds, Stopping threads took: 0.0000320 seconds
2017-09-16T21:37:51.170-0100: 1945.164: Total time for which application threads were stopped: 0.0001127 seconds, Stopping threads took: 0.0000300 seconds
2017-09-16T21:37:51.170-0100: 1945.164: Total time for which application threads were stopped: 0.0000852 seconds, Stopping threads took: 0.0000250 seconds
2017-09-16T21:37:51.176-0100: 1945.170: Total time for which application threads were stopped: 0.0000981 seconds, Stopping threads took: 0.0000381 seconds
2017-09-16T21:37:51.176-0100: 1945.170: Total time for which application threads were stopped: 0.0000525 seconds, Stopping threads took: 0.0000186 seconds
2017-09-16T21:37:59.476-0100: 1953.470: Total time for which application threads were stopped: 0.0001141 seconds, Stopping threads took: 0.0000161 seconds
2017-09-16T21:37:59.476-0100: 1953.470: Total time for which application threads were stopped: 0.0000705 seconds, Stopping threads took: 0.0000192 seconds
2017-09-16T21:37:59.476-0100: 1953.470: Total time for which application threads were stopped: 0.0000539 seconds, Stopping threads took: 0.0000152 seconds
2017-09-16T21:37:59.476-0100: 1953.471: Total time for which application threads were stopped: 0.0000437 seconds, Stopping threads took: 0.0000066 seconds
2017-09-16T21:37:59.477-0100: 1953.471: Total time for which application threads were stopped: 0.0000591 seconds, Stopping threads took: 0.0000135 seconds
2017-09-16T21:37:59.477-0100: 1953.471: Total time for which application threads were stopped: 0.0000452 seconds, Stopping threads took: 0.0000074 seconds
2017-09-16T21:37:59.477-0100: 1953.471: Total time for which application threads were stopped: 0.0001184 seconds, Stopping threads took: 0.0000718 seconds
2017-09-16T21:37:59.482-0100: 1953.476: Total time for which application threads were stopped: 0.0001016 seconds, Stopping threads took: 0.0000198 seconds
2017-09-16T21:37:59.482-0100: 1953.476: Total time for which application threads were stopped: 0.0000572 seconds, Stopping threads took: 0.0000096 seconds
2017-09-16T21:37:59.488-0100: 1953.482: Total time for which application threads were stopped: 0.0000584 seconds, Stopping threads took: 0.0000161 seconds
2017-09-16T21:37:59.488-0100: 1953.482: Total time for which application threads were stopped: 0.0000353 seconds, Stopping threads took: 0.0000056 seconds
2017-09-16T21:38:00.492-0100: 1954.486: Total time for which application threads were stopped: 0.0001120 seconds, Stopping threads took: 0.0000356 seconds
2017-09-16T21:38:22.634-0100: 1976.630: Total time for which application threads were stopped: 0.0001363 seconds, Stopping threads took: 0.0000264 seconds
2017-09-16T21:38:22.635-0100: 1976.630: Total time for which application threads were stopped: 0.0000669 seconds, Stopping threads took: 0.0000212 seconds
2017-09-16T21:38:22.641-0100: 1976.636: Total time for which application threads were stopped: 0.0000818 seconds, Stopping threads took: 0.0000147 seconds
2017-09-16T21:38:22.641-0100: 1976.636: Total time for which application threads were stopped: 0.0000421 seconds, Stopping threads took: 0.0000082 seconds
2017-09-16T21:38:23.644-0100: 1977.639: Total time for which application threads were stopped: 0.0001046 seconds, Stopping threads took: 0.0000292 seconds
2017-09-16T21:38:31.097-0100: 1985.092: Total time for which application threads were stopped: 0.0001175 seconds, Stopping threads took: 0.0000131 seconds
2017-09-16T21:38:31.097-0100: 1985.092: Total time for which application threads were stopped: 0.0000746 seconds, Stopping threads took: 0.0000303 seconds
2017-09-16T21:38:31.103-0100: 1985.098: Total time for which application threads were stopped: 0.0000922 seconds, Stopping threads took: 0.0000466 seconds
2017-09-16T21:38:31.103-0100: 1985.098: Total time for which application threads were stopped: 0.0000340 seconds, Stopping threads took: 0.0000076 seconds
2017-09-16T21:38:32.105-0100: 1986.100: Total time for which application threads were stopped: 0.0001511 seconds, Stopping threads took: 0.0000361 seconds
2017-09-16T21:39:11.248-0100: 2025.245: Total time for which application threads were stopped: 0.0001195 seconds, Stopping threads took: 0.0000235 seconds
2017-09-16T21:39:31.104-0100: 2045.102: Total time for which application threads were stopped: 0.0001301 seconds, Stopping threads took: 0.0000256 seconds
2017-09-16T21:40:21.176-0100: 2095.175: Total time for which application threads were stopped: 0.0000967 seconds, Stopping threads took: 0.0000228 seconds
2017-09-16T21:40:21.176-0100: 2095.175: Total time for which application threads were stopped: 0.0001160 seconds, Stopping threads took: 0.0000646 seconds
2017-09-16T21:40:21.183-0100: 2095.182: Total time for which application threads were stopped: 0.0001178 seconds, Stopping threads took: 0.0000242 seconds
2017-09-16T21:40:21.183-0100: 2095.182: Total time for which application threads were stopped: 0.0000765 seconds, Stopping threads took: 0.0000132 seconds
2017-09-16T21:40:36.242-0100: 2110.242: Total time for which application threads were stopped: 0.0001479 seconds, Stopping threads took: 0.0000339 seconds
2017-09-16T21:40:42.746-0100: 2116.746: Total time for which application threads were stopped: 0.0001011 seconds, Stopping threads took: 0.0000164 seconds
2017-09-16T21:40:42.746-0100: 2116.747: Total time for which application threads were stopped: 0.0000700 seconds, Stopping threads took: 0.0000218 seconds
2017-09-16T21:40:42.746-0100: 2116.747: Total time for which application threads were stopped: 0.0000723 seconds, Stopping threads took: 0.0000223 seconds
2017-09-16T21:40:42.746-0100: 2116.747: Total time for which application threads were stopped: 0.0000553 seconds, Stopping threads took: 0.0000152 seconds
2017-09-16T21:40:42.752-0100: 2116.753: Total time for which application threads were stopped: 0.0000547 seconds, Stopping threads took: 0.0000120 seconds
2017-09-16T21:40:42.753-0100: 2116.753: Total time for which application threads were stopped: 0.0000421 seconds, Stopping threads took: 0.0000077 seconds
2017-09-16T21:40:43.757-0100: 2117.757: Total time for which application threads were stopped: 0.0001014 seconds, Stopping threads took: 0.0000328 seconds
2017-09-16T21:41:11.863-0100: 2145.865: Total time for which application threads were stopped: 0.0001604 seconds, Stopping threads took: 0.0000337 seconds
2017-09-16T21:41:42.753-0100: 2176.755: Total time for which application threads were stopped: 0.0000909 seconds, Stopping threads took: 0.0000197 seconds
2017-09-16T21:42:13.572-0100: 2207.576: Total time for which application threads were stopped: 0.0001033 seconds, Stopping threads took: 0.0000245 seconds
2017-09-16T21:42:13.572-0100: 2207.576: Total time for which application threads were stopped: 0.0000622 seconds, Stopping threads took: 0.0000087 seconds
2017-09-16T21:42:13.578-0100: 2207.582: Total time for which application threads were stopped: 0.0000546 seconds, Stopping threads took: 0.0000112 seconds
2017-09-16T21:42:13.578-0100: 2207.582: Total time for which application threads were stopped: 0.0000273 seconds, Stopping threads took: 0.0000049 seconds
2017-09-16T21:42:16.587-0100: 2210.590: Total time for which application threads were stopped: 0.0001379 seconds, Stopping threads took: 0.0000411 seconds
2017-09-16T21:42:21.301-0100: 2215.305: Total time for which application threads were stopped: 0.0001252 seconds, Stopping threads took: 0.0000462 seconds
2017-09-16T21:42:21.301-0100: 2215.306: Total time for which application threads were stopped: 0.0000580 seconds, Stopping threads took: 0.0000092 seconds
2017-09-16T21:42:21.307-0100: 2215.311: Total time for which application threads were stopped: 0.0000709 seconds, Stopping threads took: 0.0000249 seconds
2017-09-16T21:42:21.307-0100: 2215.311: Total time for which application threads were stopped: 0.0000269 seconds, Stopping threads took: 0.0000041 seconds
2017-09-16T21:43:14.535-0100: 2268.541: Total time for which application threads were stopped: 0.0001143 seconds, Stopping threads took: 0.0000191 seconds
2017-09-16T21:43:14.549-0100: 2268.555: Total time for which application threads were stopped: 0.0001270 seconds, Stopping threads took: 0.0000446 seconds
2017-09-16T21:43:14.550-0100: 2268.556: Total time for which application threads were stopped: 0.0000865 seconds, Stopping threads took: 0.0000344 seconds
2017-09-16T21:43:14.557-0100: 2268.563: Total time for which application threads were stopped: 0.0001463 seconds, Stopping threads took: 0.0000358 seconds
2017-09-16T21:43:14.561-0100: 2268.568: Total time for which application threads were stopped: 0.0000931 seconds, Stopping threads took: 0.0000217 seconds
2017-09-16T21:43:14.562-0100: 2268.568: Total time for which application threads were stopped: 0.0000503 seconds, Stopping threads took: 0.0000088 seconds
2017-09-16T21:43:14.562-0100: 2268.568: Total time for which application threads were stopped: 0.0000521 seconds, Stopping threads took: 0.0000144 seconds
2017-09-16T21:43:14.562-0100: 2268.568: Total time for which application threads were stopped: 0.0000533 seconds, Stopping threads took: 0.0000157 seconds
2017-09-16T21:43:14.562-0100: 2268.568: Total time for which application threads were stopped: 0.0000548 seconds, Stopping threads took: 0.0000183 seconds
2017-09-16T21:43:14.562-0100: 2268.568: Total time for which application threads were stopped: 0.0000483 seconds, Stopping threads took: 0.0000180 seconds
2017-09-16T21:43:14.562-0100: 2268.568: Total time for which application threads were stopped: 0.0001143 seconds, Stopping threads took: 0.0000198 seconds
2017-09-16T21:43:14.562-0100: 2268.568: Total time for which application threads were stopped: 0.0000529 seconds, Stopping threads took: 0.0000144 seconds
2017-09-16T21:43:15.087-0100: 2269.093: [GC (CMS Initial Mark) [1 CMS-initial-mark: 0K(393216K)] 41385K(502464K), 0.0056272 secs] [Times: user=0.02 sys=0.00, real=0.01 secs] 
2017-09-16T21:43:15.093-0100: 2269.099: Total time for which application threads were stopped: 0.0057883 seconds, Stopping threads took: 0.0000374 seconds
2017-09-16T21:43:15.093-0100: 2269.099: [CMS-concurrent-mark-start]
2017-09-16T21:43:15.093-0100: 2269.099: [CMS-concurrent-mark: 0.000/0.000 secs] [Times: user=0.00 sys=0.00, real=0.00 secs] 
2017-09-16T21:43:15.093-0100: 2269.099: [CMS-concurrent-preclean-start]
2017-09-16T21:43:15.094-0100: 2269.100: [CMS-concurrent-preclean: 0.001/0.001 secs] [Times: user=0.00 sys=0.00, real=0.00 secs] 
2017-09-16T21:43:15.094-0100: 2269.100: [CMS-concurrent-abortable-preclean-start]
 CMS: abort preclean due to time 2017-09-16T21:43:21.164-0100: 2275.170: [CMS-concurrent-abortable-preclean: 2.446/6.070 secs] [Times: user=2.43 sys=0.01, real=6.07 secs] 
2017-09-16T21:43:21.164-0100: 2275.170: [GC (CMS Final Remark) [YG occupancy: 41385 K (109248 K)]{Heap before GC invocations=7 (full 2):
 par new generation   total 109248K, used 41385K [0x00000007a0000000, 0x00000007a8000000, 0x00000007a8000000)
  eden space 87424K,  24% used [0x00000007a0000000, 0x00000007a147f8d8, 0x00000007a5560000)
  from space 21824K,  93% used [0x00000007a6ab0000, 0x00000007a7e9ad90, 0x00000007a8000000)
  to   space 21824K,   0% used [0x00000007a5560000, 0x00000007a5560000, 0x00000007a6ab0000)
 concurrent mark-sweep generation total 393216K, used 0K [0x00000007a8000000, 0x00000007c0000000, 0x00000007c0000000)
 Metaspace       used 36405K, capacity 37232K, committed 37376K, reserved 1081344K
  class space    used 4338K, capacity 4559K, committed 4608K, reserved 1048576K
2017-09-16T21:43:21.164-0100: 2275.170: [GC (CMS Final Remark) 2017-09-16T21:43:21.164-0100: 2275.170: [ParNew
Desired survivor size 20112992 bytes, new threshold 8 (max 8)
- age   1:    1004952 bytes,    1004952 total
- age   2:    3240616 bytes,    4245568 total
- age   3:    2895744 bytes,    7141312 total
- age   4:     798208 bytes,    7939520 total
- age   5:     253104 bytes,    8192624 total
- age   6:    1073832 bytes,    9266456 total
- age   7:     949376 bytes,   10215832 total
- age   8:    4671952 bytes,   14887784 total
: 41385K->19277K(109248K), 0.0104362 secs] 41385K->19277K(502464K), 0.0104886 secs] [Times: user=0.03 sys=0.01, real=0.01 secs] 
Heap after GC invocations=8 (full 2):
 par new generation   total 109248K, used 19277K [0x00000007a0000000, 0x00000007a8000000, 0x00000007a8000000)
  eden space 87424K,   0% used [0x00000007a0000000, 0x00000007a0000000, 0x00000007a5560000)
  from space 21824K,  88% used [0x00000007a5560000, 0x00000007a6833680, 0x00000007a6ab0000)
  to   space 21824K,   0% used [0x00000007a6ab0000, 0x00000007a6ab0000, 0x00000007a8000000)
 concurrent mark-sweep generation total 393216K, used 0K [0x00000007a8000000, 0x00000007c0000000, 0x00000007c0000000)
 Metaspace       used 36405K, capacity 37232K, committed 37376K, reserved 1081344K
  class space    used 4338K, capacity 4559K, committed 4608K, reserved 1048576K
}
2017-09-16T21:43:21.175-0100: 2275.181: [Rescan (parallel) , 0.0023392 secs]2017-09-16T21:43:21.177-0100: 2275.183: [weak refs processing, 0.0009418 secs]2017-09-16T21:43:21.178-0100: 2275.184: [class unloading, 0.0066500 secs]2017-09-16T21:43:21.185-0100: 2275.191: [scrub symbol table, 0.0076844 secs]2017-09-16T21:43:21.192-0100: 2275.199: [scrub string table, 0.0004178 secs][1 CMS-remark: 0K(393216K)] 19277K(502464K), 0.0307803 secs] [Times: user=0.06 sys=0.01, real=0.03 secs] 
2017-09-16T21:43:21.195-0100: 2275.201: Total time for which application threads were stopped: 0.0308987 seconds, Stopping threads took: 0.0000200 seconds
2017-09-16T21:43:21.195-0100: 2275.201: [CMS-concurrent-sweep-start]
2017-09-16T21:43:21.195-0100: 2275.201: [CMS-concurrent-sweep: 0.000/0.000 secs] [Times: user=0.00 sys=0.00, real=0.00 secs] 
2017-09-16T21:43:21.195-0100: 2275.201: [CMS-concurrent-reset-start]
2017-09-16T21:43:21.196-0100: 2275.202: [CMS-concurrent-reset: 0.001/0.001 secs] [Times: user=0.00 sys=0.00, real=0.00 secs] 
2017-09-16T21:43:21.310-0100: 2275.316: Total time for which application threads were stopped: 0.0001036 seconds, Stopping threads took: 0.0000268 seconds
2017-09-16T21:43:21.580-0100: 2275.587: Total time for which application threads were stopped: 0.0001318 seconds, Stopping threads took: 0.0000319 seconds
2017-09-16T21:43:21.580-0100: 2275.587: Total time for which application threads were stopped: 0.0000638 seconds, Stopping threads took: 0.0000176 seconds
2017-09-16T21:43:21.586-0100: 2275.593: Total time for which application threads were stopped: 0.0000681 seconds, Stopping threads took: 0.0000104 seconds
2017-09-16T21:43:21.586-0100: 2275.593: Total time for which application threads were stopped: 0.0000435 seconds, Stopping threads took: 0.0000082 seconds
2017-09-16T21:43:23.593-0100: 2277.600: Total time for which application threads were stopped: 0.0001429 seconds, Stopping threads took: 0.0000339 seconds
2017-09-16T21:44:04.758-0100: 2318.766: Total time for which application threads were stopped: 0.0001486 seconds, Stopping threads took: 0.0000522 seconds
2017-09-16T21:44:15.752-0100: 2329.760: Total time for which application threads were stopped: 0.0001020 seconds, Stopping threads took: 0.0000173 seconds
2017-09-16T21:44:15.752-0100: 2329.761: Total time for which application threads were stopped: 0.0000456 seconds, Stopping threads took: 0.0000080 seconds
2017-09-16T21:44:15.752-0100: 2329.761: Total time for which application threads were stopped: 0.0000469 seconds, Stopping threads took: 0.0000161 seconds
2017-09-16T21:44:15.760-0100: 2329.769: Total time for which application threads were stopped: 0.0000882 seconds, Stopping threads took: 0.0000164 seconds
2017-09-16T21:44:15.760-0100: 2329.769: Total time for which application threads were stopped: 0.0000523 seconds, Stopping threads took: 0.0000186 seconds
2017-09-16T21:44:15.761-0100: 2329.769: Total time for which application threads were stopped: 0.0000509 seconds, Stopping threads took: 0.0000165 seconds
2017-09-16T21:44:15.764-0100: 2329.773: Total time for which application threads were stopped: 0.0001096 seconds, Stopping threads took: 0.0000150 seconds
2017-09-16T21:44:15.770-0100: 2329.779: Total time for which application threads were stopped: 0.0000850 seconds, Stopping threads took: 0.0000149 seconds
2017-09-16T21:44:15.771-0100: 2329.779: Total time for which application threads were stopped: 0.0000610 seconds, Stopping threads took: 0.0000195 seconds
2017-09-16T21:44:15.771-0100: 2329.779: Total time for which application threads were stopped: 0.0000585 seconds, Stopping threads took: 0.0000182 seconds
2017-09-16T21:44:15.772-0100: 2329.781: Total time for which application threads were stopped: 0.0000522 seconds, Stopping threads took: 0.0000099 seconds
2017-09-16T21:44:15.776-0100: 2329.784: Total time for which application threads were stopped: 0.0000578 seconds, Stopping threads took: 0.0000101 seconds
2017-09-16T21:44:15.777-0100: 2329.785: Total time for which application threads were stopped: 0.0000586 seconds, Stopping threads took: 0.0000123 seconds
2017-09-16T21:44:15.777-0100: 2329.785: Total time for which application threads were stopped: 0.0000642 seconds, Stopping threads took: 0.0000119 seconds
2017-09-16T21:44:15.777-0100: 2329.785: Total time for which application threads were stopped: 0.0000727 seconds, Stopping threads took: 0.0000227 seconds
2017-09-16T21:44:21.589-0100: 2335.598: Total time for which application threads were stopped: 0.0001449 seconds, Stopping threads took: 0.0000284 seconds
2017-09-16T21:44:53.461-0100: 2367.471: Total time for which application threads were stopped: 0.0001543 seconds, Stopping threads took: 0.0000502 seconds
2017-09-16T21:44:53.461-0100: 2367.471: Total time for which application threads were stopped: 0.0000581 seconds, Stopping threads took: 0.0000096 seconds
2017-09-16T21:44:53.462-0100: 2367.471: Total time for which application threads were stopped: 0.0000443 seconds, Stopping threads took: 0.0000069 seconds
2017-09-16T21:44:53.462-0100: 2367.472: Total time for which application threads were stopped: 0.0000420 seconds, Stopping threads took: 0.0000065 seconds
2017-09-16T21:44:53.462-0100: 2367.472: Total time for which application threads were stopped: 0.0000473 seconds, Stopping threads took: 0.0000064 seconds
2017-09-16T21:44:53.462-0100: 2367.472: Total time for which application threads were stopped: 0.0000379 seconds, Stopping threads took: 0.0000061 seconds
2017-09-16T21:45:28.641-0100: 2402.653: Total time for which application threads were stopped: 0.0000884 seconds, Stopping threads took: 0.0000149 seconds
2017-09-16T21:45:28.647-0100: 2402.658: Total time for which application threads were stopped: 0.0000900 seconds, Stopping threads took: 0.0000181 seconds
2017-09-16T21:45:28.648-0100: 2402.659: Total time for which application threads were stopped: 0.0000475 seconds, Stopping threads took: 0.0000079 seconds
2017-09-16T21:45:28.648-0100: 2402.659: Total time for which application threads were stopped: 0.0000398 seconds, Stopping threads took: 0.0000071 seconds
2017-09-16T21:45:28.656-0100: 2402.667: Total time for which application threads were stopped: 0.0001113 seconds, Stopping threads took: 0.0000440 seconds
2017-09-16T21:45:28.656-0100: 2402.667: Total time for which application threads were stopped: 0.0000524 seconds, Stopping threads took: 0.0000093 seconds
2017-09-16T21:45:28.656-0100: 2402.667: Total time for which application threads were stopped: 0.0000422 seconds, Stopping threads took: 0.0000075 seconds
2017-09-16T21:45:28.664-0100: 2402.676: Total time for which application threads were stopped: 0.0000625 seconds, Stopping threads took: 0.0000177 seconds
2017-09-16T21:45:28.665-0100: 2402.676: Total time for which application threads were stopped: 0.0000660 seconds, Stopping threads took: 0.0000221 seconds
2017-09-16T21:45:28.665-0100: 2402.677: Total time for which application threads were stopped: 0.0000591 seconds, Stopping threads took: 0.0000076 seconds
2017-09-16T21:45:28.667-0100: 2402.678: Total time for which application threads were stopped: 0.0000578 seconds, Stopping threads took: 0.0000167 seconds
2017-09-16T21:45:28.667-0100: 2402.678: Total time for which application threads were stopped: 0.0000573 seconds, Stopping threads took: 0.0000223 seconds
2017-09-16T21:45:28.671-0100: 2402.682: Total time for which application threads were stopped: 0.0001030 seconds, Stopping threads took: 0.0000249 seconds
2017-09-16T21:45:28.671-0100: 2402.682: Total time for which application threads were stopped: 0.0000459 seconds, Stopping threads took: 0.0000080 seconds
2017-09-16T21:45:28.672-0100: 2402.683: Total time for which application threads were stopped: 0.0000812 seconds, Stopping threads took: 0.0000157 seconds
2017-09-16T21:45:28.672-0100: 2402.683: Total time for which application threads were stopped: 0.0000510 seconds, Stopping threads took: 0.0000078 seconds
2017-09-16T21:45:28.672-0100: 2402.683: Total time for which application threads were stopped: 0.0000682 seconds, Stopping threads took: 0.0000210 seconds
2017-09-16T21:45:29.676-0100: 2403.688: Total time for which application threads were stopped: 0.0001423 seconds, Stopping threads took: 0.0000328 seconds
2017-09-16T21:45:30.679-0100: 2404.690: Total time for which application threads were stopped: 0.0001393 seconds, Stopping threads took: 0.0000338 seconds
2017-09-16T21:45:31.049-0100: 2405.060: Total time for which application threads were stopped: 0.0000991 seconds, Stopping threads took: 0.0000211 seconds
2017-09-16T21:45:31.049-0100: 2405.061: Total time for which application threads were stopped: 0.0000559 seconds, Stopping threads took: 0.0000097 seconds
2017-09-16T21:45:31.050-0100: 2405.061: Total time for which application threads were stopped: 0.0000488 seconds, Stopping threads took: 0.0000079 seconds
2017-09-16T21:45:31.050-0100: 2405.061: Total time for which application threads were stopped: 0.0000431 seconds, Stopping threads took: 0.0000068 seconds
2017-09-16T21:45:31.050-0100: 2405.061: Total time for which application threads were stopped: 0.0000440 seconds, Stopping threads took: 0.0000071 seconds
2017-09-16T21:45:31.050-0100: 2405.061: Total time for which application threads were stopped: 0.0000436 seconds, Stopping threads took: 0.0000069 seconds
2017-09-16T21:46:30.615-0100: 2464.628: Total time for which application threads were stopped: 0.0001232 seconds, Stopping threads took: 0.0000179 seconds
2017-09-16T21:52:11.341-0100: 2805.368: Total time for which application threads were stopped: 0.0002756 seconds, Stopping threads took: 0.0001538 seconds
2017-09-16T21:52:20.329-0100: 2814.356: Total time for which application threads were stopped: 0.0000867 seconds, Stopping threads took: 0.0000180 seconds
2017-09-16T21:52:20.330-0100: 2814.356: Total time for which application threads were stopped: 0.0001875 seconds, Stopping threads took: 0.0001500 seconds
2017-09-16T21:52:20.330-0100: 2814.357: Total time for which application threads were stopped: 0.0001261 seconds, Stopping threads took: 0.0000178 seconds
2017-09-16T21:52:21.331-0100: 2815.358: Total time for which application threads were stopped: 0.0001088 seconds, Stopping threads took: 0.0000257 seconds
2017-09-16T21:53:02.954-0100: 2856.982: Total time for which application threads were stopped: 0.0000968 seconds, Stopping threads took: 0.0000186 seconds
2017-09-16T21:54:30.922-0100: 2944.954: Total time for which application threads were stopped: 0.0001035 seconds, Stopping threads took: 0.0000269 seconds
2017-09-16T21:54:31.923-0100: 2945.955: Total time for which application threads were stopped: 0.0001568 seconds, Stopping threads took: 0.0000347 seconds
2017-09-16T21:54:40.958-0100: 2954.990: Total time for which application threads were stopped: 0.0001375 seconds, Stopping threads took: 0.0000362 seconds
2017-09-16T21:56:09.280-0100: 3043.316: Total time for which application threads were stopped: 0.0001559 seconds, Stopping threads took: 0.0000401 seconds
2017-09-16T21:57:43.943-0100: 3137.982: Total time for which application threads were stopped: 0.0004481 seconds, Stopping threads took: 0.0000142 seconds
2017-09-16T21:57:44.943-0100: 3138.982: Total time for which application threads were stopped: 0.0001728 seconds, Stopping threads took: 0.0000532 seconds
2017-09-16T22:00:27.520-0100: 3301.566: Total time for which application threads were stopped: 0.0001928 seconds, Stopping threads took: 0.0000247 seconds
2017-09-16T22:00:54.614-0100: 3328.661: Total time for which application threads were stopped: 0.0001505 seconds, Stopping threads took: 0.0000398 seconds
2017-09-16T22:05:59.662-0100: 3633.720: Total time for which application threads were stopped: 0.0001321 seconds, Stopping threads took: 0.0000346 seconds
2017-09-16T22:11:55.785-0100: 3989.857: Total time for which application threads were stopped: 0.0000750 seconds, Stopping threads took: 0.0000144 seconds
2017-09-16T22:11:55.785-0100: 3989.857: Total time for which application threads were stopped: 0.0000564 seconds, Stopping threads took: 0.0000104 seconds
2017-09-16T22:11:55.785-0100: 3989.857: Total time for which application threads were stopped: 0.0000556 seconds, Stopping threads took: 0.0000182 seconds
2017-09-16T22:11:55.787-0100: 3989.859: Total time for which application threads were stopped: 0.0000491 seconds, Stopping threads took: 0.0000078 seconds
2017-09-16T22:11:55.792-0100: 3989.864: Total time for which application threads were stopped: 0.0000995 seconds, Stopping threads took: 0.0000231 seconds
2017-09-16T22:11:55.793-0100: 3989.865: Total time for which application threads were stopped: 0.0001050 seconds, Stopping threads took: 0.0000572 seconds
2017-09-16T22:11:55.793-0100: 3989.865: Total time for which application threads were stopped: 0.0000505 seconds, Stopping threads took: 0.0000170 seconds
2017-09-16T22:11:55.793-0100: 3989.866: Total time for which application threads were stopped: 0.0000504 seconds, Stopping threads took: 0.0000139 seconds
2017-09-16T22:11:55.797-0100: 3989.870: Total time for which application threads were stopped: 0.0001366 seconds, Stopping threads took: 0.0000608 seconds
2017-09-16T22:11:55.802-0100: 3989.875: Total time for which application threads were stopped: 0.0000627 seconds, Stopping threads took: 0.0000111 seconds
2017-09-16T22:11:55.805-0100: 3989.877: Total time for which application threads were stopped: 0.0000527 seconds, Stopping threads took: 0.0000096 seconds
2017-09-16T22:11:55.805-0100: 3989.877: Total time for which application threads were stopped: 0.0000414 seconds, Stopping threads took: 0.0000065 seconds
2017-09-16T22:11:55.806-0100: 3989.878: Total time for which application threads were stopped: 0.0000457 seconds, Stopping threads took: 0.0000087 seconds
2017-09-16T22:11:55.810-0100: 3989.883: Total time for which application threads were stopped: 0.0000950 seconds, Stopping threads took: 0.0000139 seconds
2017-09-16T22:11:55.812-0100: 3989.884: Total time for which application threads were stopped: 0.0001343 seconds, Stopping threads took: 0.0000402 seconds
2017-09-16T22:11:55.812-0100: 3989.884: Total time for which application threads were stopped: 0.0001042 seconds, Stopping threads took: 0.0000245 seconds
2017-09-16T22:11:55.812-0100: 3989.884: Total time for which application threads were stopped: 0.0000785 seconds, Stopping threads took: 0.0000284 seconds
2017-09-16T22:11:55.812-0100: 3989.884: Total time for which application threads were stopped: 0.0000806 seconds, Stopping threads took: 0.0000203 seconds
2017-09-16T22:11:56.815-0100: 3990.888: Total time for which application threads were stopped: 0.0000951 seconds, Stopping threads took: 0.0000326 seconds
2017-09-16T22:11:57.262-0100: 3991.335: Total time for which application threads were stopped: 0.0001036 seconds, Stopping threads took: 0.0000319 seconds
2017-09-16T22:11:57.267-0100: 3991.339: Total time for which application threads were stopped: 0.0000738 seconds, Stopping threads took: 0.0000111 seconds
2017-09-16T22:11:57.268-0100: 3991.340: Total time for which application threads were stopped: 0.0000454 seconds, Stopping threads took: 0.0000077 seconds
2017-09-16T22:11:57.268-0100: 3991.340: Total time for which application threads were stopped: 0.0000333 seconds, Stopping threads took: 0.0000055 seconds
2017-09-16T22:11:57.269-0100: 3991.341: Total time for which application threads were stopped: 0.0000642 seconds, Stopping threads took: 0.0000157 seconds
2017-09-16T22:11:57.276-0100: 3991.348: Total time for which application threads were stopped: 0.0000942 seconds, Stopping threads took: 0.0000232 seconds
2017-09-16T22:11:57.277-0100: 3991.349: Total time for which application threads were stopped: 0.0000964 seconds, Stopping threads took: 0.0000371 seconds
2017-09-16T22:11:57.277-0100: 3991.349: Total time for which application threads were stopped: 0.0000594 seconds, Stopping threads took: 0.0000227 seconds
2017-09-16T22:11:57.277-0100: 3991.349: Total time for which application threads were stopped: 0.0001095 seconds, Stopping threads took: 0.0000662 seconds
2017-09-16T22:11:57.277-0100: 3991.349: Total time for which application threads were stopped: 0.0000670 seconds, Stopping threads took: 0.0000283 seconds
2017-09-16T22:11:57.286-0100: 3991.358: Total time for which application threads were stopped: 0.0000636 seconds, Stopping threads took: 0.0000110 seconds
2017-09-16T22:11:57.286-0100: 3991.358: Total time for which application threads were stopped: 0.0000432 seconds, Stopping threads took: 0.0000074 seconds
2017-09-16T22:11:57.286-0100: 3991.358: Total time for which application threads were stopped: 0.0000355 seconds, Stopping threads took: 0.0000059 seconds
2017-09-16T22:11:57.288-0100: 3991.360: Total time for which application threads were stopped: 0.0000814 seconds, Stopping threads took: 0.0000133 seconds
2017-09-16T22:11:57.293-0100: 3991.365: Total time for which application threads were stopped: 0.0001019 seconds, Stopping threads took: 0.0000291 seconds
2017-09-16T22:11:57.294-0100: 3991.367: Total time for which application threads were stopped: 0.0000708 seconds, Stopping threads took: 0.0000129 seconds
2017-09-16T22:11:57.294-0100: 3991.367: Total time for which application threads were stopped: 0.0000588 seconds, Stopping threads took: 0.0000098 seconds
2017-09-16T22:11:57.295-0100: 3991.367: Total time for which application threads were stopped: 0.0000657 seconds, Stopping threads took: 0.0000239 seconds
2017-09-16T22:11:57.295-0100: 3991.367: Total time for which application threads were stopped: 0.0000779 seconds, Stopping threads took: 0.0000271 seconds
2017-09-16T22:12:08.338-0100: 4002.411: Total time for which application threads were stopped: 0.0003036 seconds, Stopping threads took: 0.0000886 seconds
2017-09-16T22:12:19.759-0100: 4013.832: Total time for which application threads were stopped: 0.0001389 seconds, Stopping threads took: 0.0000271 seconds
2017-09-16T22:12:19.764-0100: 4013.837: Total time for which application threads were stopped: 0.0000824 seconds, Stopping threads took: 0.0000132 seconds
2017-09-16T22:12:19.765-0100: 4013.838: Total time for which application threads were stopped: 0.0000486 seconds, Stopping threads took: 0.0000082 seconds
2017-09-16T22:12:19.765-0100: 4013.838: Total time for which application threads were stopped: 0.0000738 seconds, Stopping threads took: 0.0000196 seconds
2017-09-16T22:12:19.766-0100: 4013.839: Total time for which application threads were stopped: 0.0000470 seconds, Stopping threads took: 0.0000081 seconds
2017-09-16T22:12:19.771-0100: 4013.844: Total time for which application threads were stopped: 0.0000915 seconds, Stopping threads took: 0.0000178 seconds
2017-09-16T22:12:19.772-0100: 4013.845: Total time for which application threads were stopped: 0.0000859 seconds, Stopping threads took: 0.0000284 seconds
2017-09-16T22:12:19.772-0100: 4013.845: Total time for which application threads were stopped: 0.0000588 seconds, Stopping threads took: 0.0000288 seconds
2017-09-16T22:12:19.772-0100: 4013.845: Total time for which application threads were stopped: 0.0000423 seconds, Stopping threads took: 0.0000140 seconds
2017-09-16T22:12:19.772-0100: 4013.845: Total time for which application threads were stopped: 0.0000366 seconds, Stopping threads took: 0.0000063 seconds
2017-09-16T22:12:19.781-0100: 4013.855: Total time for which application threads were stopped: 0.0000882 seconds, Stopping threads took: 0.0000168 seconds
2017-09-16T22:12:19.782-0100: 4013.855: Total time for which application threads were stopped: 0.0000494 seconds, Stopping threads took: 0.0000094 seconds
2017-09-16T22:12:19.782-0100: 4013.855: Total time for which application threads were stopped: 0.0000698 seconds, Stopping threads took: 0.0000059 seconds
2017-09-16T22:12:19.784-0100: 4013.857: Total time for which application threads were stopped: 0.0000594 seconds, Stopping threads took: 0.0000111 seconds
2017-09-16T22:12:19.793-0100: 4013.866: Total time for which application threads were stopped: 0.0000809 seconds, Stopping threads took: 0.0000200 seconds
2017-09-16T22:12:19.794-0100: 4013.867: Total time for which application threads were stopped: 0.0000718 seconds, Stopping threads took: 0.0000179 seconds
2017-09-16T22:12:19.795-0100: 4013.868: Total time for which application threads were stopped: 0.0003623 seconds, Stopping threads took: 0.0003129 seconds
2017-09-16T22:12:19.795-0100: 4013.868: Total time for which application threads were stopped: 0.0000767 seconds, Stopping threads took: 0.0000336 seconds
2017-09-16T22:12:19.795-0100: 4013.868: Total time for which application threads were stopped: 0.0000640 seconds, Stopping threads took: 0.0000298 seconds
2017-09-16T22:12:19.795-0100: 4013.868: Total time for which application threads were stopped: 0.0000550 seconds, Stopping threads took: 0.0000242 seconds
2017-09-16T22:12:19.795-0100: 4013.868: Total time for which application threads were stopped: 0.0000620 seconds, Stopping threads took: 0.0000193 seconds
2017-09-16T22:12:19.795-0100: 4013.868: Total time for which application threads were stopped: 0.0000682 seconds, Stopping threads took: 0.0000246 seconds
2017-09-16T22:12:19.797-0100: 4013.870: Total time for which application threads were stopped: 0.0000652 seconds, Stopping threads took: 0.0000112 seconds
2017-09-16T22:12:19.797-0100: 4013.870: Total time for which application threads were stopped: 0.0000771 seconds, Stopping threads took: 0.0000079 seconds
2017-09-16T22:12:19.797-0100: 4013.871: Total time for which application threads were stopped: 0.0001143 seconds, Stopping threads took: 0.0000293 seconds
2017-09-16T22:12:19.801-0100: 4013.875: Total time for which application threads were stopped: 0.0003709 seconds, Stopping threads took: 0.0000174 seconds
2017-09-16T22:12:19.809-0100: 4013.882: Total time for which application threads were stopped: 0.0000881 seconds, Stopping threads took: 0.0000364 seconds
2017-09-16T22:12:19.809-0100: 4013.882: Total time for which application threads were stopped: 0.0000339 seconds, Stopping threads took: 0.0000063 seconds
2017-09-16T22:12:19.809-0100: 4013.882: Total time for which application threads were stopped: 0.0000398 seconds, Stopping threads took: 0.0000093 seconds
2017-09-16T22:12:19.809-0100: 4013.883: Total time for which application threads were stopped: 0.0000596 seconds, Stopping threads took: 0.0000223 seconds
2017-09-16T22:12:19.809-0100: 4013.883: Total time for which application threads were stopped: 0.0000320 seconds, Stopping threads took: 0.0000062 seconds
2017-09-16T22:12:19.810-0100: 4013.883: Total time for which application threads were stopped: 0.0000395 seconds, Stopping threads took: 0.0000139 seconds
2017-09-16T22:12:20.812-0100: 4014.886: Total time for which application threads were stopped: 0.0002081 seconds, Stopping threads took: 0.0000483 seconds
2017-09-16T22:12:36.984-0100: 4031.058: Total time for which application threads were stopped: 0.0001540 seconds, Stopping threads took: 0.0000260 seconds
2017-09-16T22:12:36.990-0100: 4031.063: Total time for which application threads were stopped: 0.0001350 seconds, Stopping threads took: 0.0000229 seconds
2017-09-16T22:12:36.990-0100: 4031.064: Total time for which application threads were stopped: 0.0001414 seconds, Stopping threads took: 0.0000221 seconds
2017-09-16T22:12:37.000-0100: 4031.074: Total time for which application threads were stopped: 0.0000938 seconds, Stopping threads took: 0.0000266 seconds
2017-09-16T22:12:37.000-0100: 4031.074: Total time for which application threads were stopped: 0.0000881 seconds, Stopping threads took: 0.0000564 seconds
2017-09-16T22:12:37.000-0100: 4031.074: Total time for which application threads were stopped: 0.0000485 seconds, Stopping threads took: 0.0000079 seconds
2017-09-16T22:12:37.000-0100: 4031.074: Total time for which application threads were stopped: 0.0000490 seconds, Stopping threads took: 0.0000175 seconds
2017-09-16T22:12:37.001-0100: 4031.075: Total time for which application threads were stopped: 0.0000767 seconds, Stopping threads took: 0.0000124 seconds
2017-09-16T22:12:37.001-0100: 4031.075: Total time for which application threads were stopped: 0.0000625 seconds, Stopping threads took: 0.0000204 seconds
2017-09-16T22:12:37.002-0100: 4031.075: Total time for which application threads were stopped: 0.0000510 seconds, Stopping threads took: 0.0000162 seconds
2017-09-16T22:12:37.002-0100: 4031.076: Total time for which application threads were stopped: 0.0000626 seconds, Stopping threads took: 0.0000187 seconds
2017-09-16T22:12:37.002-0100: 4031.076: Total time for which application threads were stopped: 0.0000457 seconds, Stopping threads took: 0.0000180 seconds
2017-09-16T22:12:37.002-0100: 4031.076: Total time for which application threads were stopped: 0.0000782 seconds, Stopping threads took: 0.0000275 seconds
2017-09-16T22:12:37.002-0100: 4031.076: Total time for which application threads were stopped: 0.0000352 seconds, Stopping threads took: 0.0000065 seconds
2017-09-16T22:12:37.002-0100: 4031.076: Total time for which application threads were stopped: 0.0000485 seconds, Stopping threads took: 0.0000217 seconds
2017-09-16T22:12:37.002-0100: 4031.076: Total time for which application threads were stopped: 0.0000424 seconds, Stopping threads took: 0.0000147 seconds
2017-09-16T22:12:37.003-0100: 4031.076: Total time for which application threads were stopped: 0.0000438 seconds, Stopping threads took: 0.0000120 seconds
2017-09-16T22:12:37.027-0100: 4031.101: Total time for which application threads were stopped: 0.0001549 seconds, Stopping threads took: 0.0000214 seconds
2017-09-16T22:12:37.032-0100: 4031.106: Total time for which application threads were stopped: 0.0000910 seconds, Stopping threads took: 0.0000131 seconds
2017-09-16T22:12:37.033-0100: 4031.106: Total time for which application threads were stopped: 0.0000583 seconds, Stopping threads took: 0.0000104 seconds
2017-09-16T22:12:37.033-0100: 4031.106: Total time for which application threads were stopped: 0.0000371 seconds, Stopping threads took: 0.0000062 seconds
2017-09-16T22:12:37.034-0100: 4031.108: Total time for which application threads were stopped: 0.0000506 seconds, Stopping threads took: 0.0000087 seconds
2017-09-16T22:12:37.034-0100: 4031.108: Total time for which application threads were stopped: 0.0000572 seconds, Stopping threads took: 0.0000278 seconds
2017-09-16T22:12:37.037-0100: 4031.111: Total time for which application threads were stopped: 0.0000613 seconds, Stopping threads took: 0.0000105 seconds
2017-09-16T22:12:37.037-0100: 4031.111: Total time for which application threads were stopped: 0.0000345 seconds, Stopping threads took: 0.0000056 seconds
2017-09-16T22:12:37.038-0100: 4031.112: Total time for which application threads were stopped: 0.0000557 seconds, Stopping threads took: 0.0000139 seconds
2017-09-16T22:12:37.038-0100: 4031.112: Total time for which application threads were stopped: 0.0000591 seconds, Stopping threads took: 0.0000151 seconds
2017-09-16T22:12:37.038-0100: 4031.112: Total time for which application threads were stopped: 0.0000467 seconds, Stopping threads took: 0.0000069 seconds
2017-09-16T22:12:39.870-0100: 4033.944: Total time for which application threads were stopped: 0.0001078 seconds, Stopping threads took: 0.0000228 seconds
2017-09-16T22:12:40.874-0100: 4034.948: Total time for which application threads were stopped: 0.0001608 seconds, Stopping threads took: 0.0000510 seconds
2017-09-16T22:12:47.332-0100: 4041.407: Total time for which application threads were stopped: 0.0001005 seconds, Stopping threads took: 0.0000198 seconds
2017-09-16T22:12:47.333-0100: 4041.407: Total time for which application threads were stopped: 0.0000647 seconds, Stopping threads took: 0.0000114 seconds
2017-09-16T22:12:47.333-0100: 4041.407: Total time for which application threads were stopped: 0.0000424 seconds, Stopping threads took: 0.0000066 seconds
2017-09-16T22:12:47.333-0100: 4041.407: Total time for which application threads were stopped: 0.0000388 seconds, Stopping threads took: 0.0000059 seconds
2017-09-16T22:12:47.333-0100: 4041.407: Total time for which application threads were stopped: 0.0000405 seconds, Stopping threads took: 0.0000062 seconds
2017-09-16T22:12:56.620-0100: 4050.695: Total time for which application threads were stopped: 0.0000930 seconds, Stopping threads took: 0.0000180 seconds
2017-09-16T22:12:56.621-0100: 4050.696: Total time for which application threads were stopped: 0.0000686 seconds, Stopping threads took: 0.0000114 seconds
2017-09-16T22:13:06.157-0100: 4060.232: Total time for which application threads were stopped: 0.0001139 seconds, Stopping threads took: 0.0000295 seconds
2017-09-16T22:13:06.158-0100: 4060.233: Total time for which application threads were stopped: 0.0000801 seconds, Stopping threads took: 0.0000231 seconds
2017-09-16T22:13:56.341-0100: 4110.417: Total time for which application threads were stopped: 0.0001253 seconds, Stopping threads took: 0.0000289 seconds
2017-09-16T22:15:04.046-0100: 4178.126: Total time for which application threads were stopped: 0.0000823 seconds, Stopping threads took: 0.0000162 seconds
2017-09-16T22:15:04.046-0100: 4178.126: Total time for which application threads were stopped: 0.0000639 seconds, Stopping threads took: 0.0000228 seconds
2017-09-16T22:15:17.097-0100: 4191.177: Total time for which application threads were stopped: 0.0002156 seconds, Stopping threads took: 0.0000520 seconds
2017-09-16T22:15:23.122-0100: 4197.202: Total time for which application threads were stopped: 0.0001342 seconds, Stopping threads took: 0.0000331 seconds
2017-09-16T22:16:42.410-0100: 4276.493: Total time for which application threads were stopped: 0.0001413 seconds, Stopping threads took: 0.0000315 seconds
2017-09-16T22:16:59.902-0100: 4293.986: Total time for which application threads were stopped: 0.0000898 seconds, Stopping threads took: 0.0000162 seconds
2017-09-16T22:16:59.907-0100: 4293.991: Total time for which application threads were stopped: 0.0004756 seconds, Stopping threads took: 0.0000110 seconds
2017-09-16T22:17:00.912-0100: 4294.996: Total time for which application threads were stopped: 0.0001463 seconds, Stopping threads took: 0.0000313 seconds
2017-09-16T22:17:18.981-0100: 4313.066: Total time for which application threads were stopped: 0.0000779 seconds, Stopping threads took: 0.0000167 seconds
2017-09-16T22:17:19.986-0100: 4314.071: Total time for which application threads were stopped: 0.0001818 seconds, Stopping threads took: 0.0000752 seconds
2017-09-16T22:17:39.152-0100: 4333.237: Total time for which application threads were stopped: 0.0000868 seconds, Stopping threads took: 0.0000167 seconds
2017-09-16T22:18:41.380-0100: 4395.468: Total time for which application threads were stopped: 0.0000981 seconds, Stopping threads took: 0.0000241 seconds
2017-09-16T22:18:55.432-0100: 4409.521: Total time for which application threads were stopped: 0.0001396 seconds, Stopping threads took: 0.0000414 seconds
2017-09-16T22:18:55.763-0100: 4409.852: Total time for which application threads were stopped: 0.0001053 seconds, Stopping threads took: 0.0000199 seconds
2017-09-16T22:19:09.804-0100: 4423.894: Total time for which application threads were stopped: 0.0001252 seconds, Stopping threads took: 0.0000293 seconds
2017-09-16T22:19:10.808-0100: 4424.897: Total time for which application threads were stopped: 0.0001075 seconds, Stopping threads took: 0.0000263 seconds
2017-09-16T22:19:17.832-0100: 4431.921: Total time for which application threads were stopped: 0.0001367 seconds, Stopping threads took: 0.0000339 seconds
2017-09-16T22:19:18.836-0100: 4432.926: Total time for which application threads were stopped: 0.0001820 seconds, Stopping threads took: 0.0000354 seconds
2017-09-16T22:19:22.853-0100: 4436.943: Total time for which application threads were stopped: 0.0001732 seconds, Stopping threads took: 0.0000623 seconds
2017-09-16T22:19:32.881-0100: 4446.971: Total time for which application threads were stopped: 0.0001266 seconds, Stopping threads took: 0.0000304 seconds
2017-09-16T22:19:38.906-0100: 4452.996: Total time for which application threads were stopped: 0.0001642 seconds, Stopping threads took: 0.0000487 seconds
2017-09-16T22:19:39.908-0100: 4453.999: Total time for which application threads were stopped: 0.0001736 seconds, Stopping threads took: 0.0000519 seconds
2017-09-16T22:19:54.965-0100: 4469.056: Total time for which application threads were stopped: 0.0001666 seconds, Stopping threads took: 0.0000518 seconds
2017-09-16T22:20:42.116-0100: 4516.209: Total time for which application threads were stopped: 0.0001360 seconds, Stopping threads took: 0.0000324 seconds
2017-09-16T22:21:15.664-0100: 4549.758: Total time for which application threads were stopped: 0.0000863 seconds, Stopping threads took: 0.0000176 seconds
2017-09-16T22:21:15.679-0100: 4549.773: Total time for which application threads were stopped: 0.0000873 seconds, Stopping threads took: 0.0000176 seconds
2017-09-16T22:21:15.680-0100: 4549.774: Total time for which application threads were stopped: 0.0000549 seconds, Stopping threads took: 0.0000161 seconds
2017-09-16T22:21:15.680-0100: 4549.774: Total time for which application threads were stopped: 0.0000519 seconds, Stopping threads took: 0.0000182 seconds
2017-09-16T22:21:15.681-0100: 4549.775: Total time for which application threads were stopped: 0.0000525 seconds, Stopping threads took: 0.0000083 seconds
2017-09-16T22:21:15.685-0100: 4549.779: Total time for which application threads were stopped: 0.0000837 seconds, Stopping threads took: 0.0000144 seconds
2017-09-16T22:21:15.686-0100: 4549.780: Total time for which application threads were stopped: 0.0000696 seconds, Stopping threads took: 0.0000218 seconds
2017-09-16T22:21:15.686-0100: 4549.780: Total time for which application threads were stopped: 0.0000486 seconds, Stopping threads took: 0.0000086 seconds
2017-09-16T22:21:15.686-0100: 4549.780: Total time for which application threads were stopped: 0.0000555 seconds, Stopping threads took: 0.0000225 seconds
2017-09-16T22:21:15.686-0100: 4549.780: Total time for which application threads were stopped: 0.0000591 seconds, Stopping threads took: 0.0000220 seconds
2017-09-16T22:21:15.690-0100: 4549.784: Total time for which application threads were stopped: 0.0000772 seconds, Stopping threads took: 0.0000113 seconds
2017-09-16T22:21:15.695-0100: 4549.789: Total time for which application threads were stopped: 0.0000655 seconds, Stopping threads took: 0.0000109 seconds
2017-09-16T22:21:15.696-0100: 4549.789: Total time for which application threads were stopped: 0.0000436 seconds, Stopping threads took: 0.0000070 seconds
2017-09-16T22:21:15.696-0100: 4549.790: Total time for which application threads were stopped: 0.0000344 seconds, Stopping threads took: 0.0000055 seconds
2017-09-16T22:21:15.697-0100: 4549.791: Total time for which application threads were stopped: 0.0000516 seconds, Stopping threads took: 0.0000071 seconds
2017-09-16T22:21:15.701-0100: 4549.794: Total time for which application threads were stopped: 0.0001179 seconds, Stopping threads took: 0.0000443 seconds
2017-09-16T22:21:15.702-0100: 4549.796: Total time for which application threads were stopped: 0.0001242 seconds, Stopping threads took: 0.0000350 seconds
2017-09-16T22:21:15.702-0100: 4549.796: Total time for which application threads were stopped: 0.0000895 seconds, Stopping threads took: 0.0000283 seconds
2017-09-16T22:21:15.702-0100: 4549.796: Total time for which application threads were stopped: 0.0002238 seconds, Stopping threads took: 0.0000279 seconds
2017-09-16T22:21:28.753-0100: 4562.848: Total time for which application threads were stopped: 0.0001273 seconds, Stopping threads took: 0.0000251 seconds
2017-09-16T22:24:06.328-0100: 4720.429: Total time for which application threads were stopped: 0.0000836 seconds, Stopping threads took: 0.0000203 seconds
2017-09-16T22:29:00.572-0100: 5014.684: Total time for which application threads were stopped: 0.0001006 seconds, Stopping threads took: 0.0000282 seconds
2017-09-16T22:29:00.573-0100: 5014.685: Total time for which application threads were stopped: 0.0000553 seconds, Stopping threads took: 0.0000087 seconds
2017-09-16T22:29:00.574-0100: 5014.685: Total time for which application threads were stopped: 0.0000746 seconds, Stopping threads took: 0.0000247 seconds
2017-09-16T22:29:00.577-0100: 5014.688: Total time for which application threads were stopped: 0.0000823 seconds, Stopping threads took: 0.0000356 seconds
2017-09-16T22:29:32.691-0100: 5046.803: Total time for which application threads were stopped: 0.0001030 seconds, Stopping threads took: 0.0000334 seconds
2017-09-16T22:31:28.125-0100: 5162.242: Total time for which application threads were stopped: 0.0001334 seconds, Stopping threads took: 0.0000357 seconds
2017-09-16T22:33:58.418-0100: 5312.540: Total time for which application threads were stopped: 0.0000972 seconds, Stopping threads took: 0.0000171 seconds
2017-09-16T22:33:58.418-0100: 5312.540: Total time for which application threads were stopped: 0.0000544 seconds, Stopping threads took: 0.0000083 seconds
2017-09-16T22:33:59.421-0100: 5313.543: Total time for which application threads were stopped: 0.0001260 seconds, Stopping threads took: 0.0000267 seconds
2017-09-16T22:34:06.320-0100: 5320.443: Total time for which application threads were stopped: 0.0001072 seconds, Stopping threads took: 0.0000269 seconds
2017-09-16T22:34:48.483-0100: 5362.607: Total time for which application threads were stopped: 0.0001538 seconds, Stopping threads took: 0.0000353 seconds
2017-09-16T22:39:15.733-0100: 5629.866: Total time for which application threads were stopped: 0.0001041 seconds, Stopping threads took: 0.0000153 seconds
2017-09-16T22:39:15.734-0100: 5629.867: Total time for which application threads were stopped: 0.0000645 seconds, Stopping threads took: 0.0000122 seconds
2017-09-16T22:39:15.734-0100: 5629.867: Total time for which application threads were stopped: 0.0000345 seconds, Stopping threads took: 0.0000051 seconds
2017-09-16T22:39:15.735-0100: 5629.868: Total time for which application threads were stopped: 0.0000666 seconds, Stopping threads took: 0.0000178 seconds
2017-09-16T22:39:15.743-0100: 5629.876: Total time for which application threads were stopped: 0.0001444 seconds, Stopping threads took: 0.0000370 seconds
2017-09-16T22:39:15.746-0100: 5629.879: Total time for which application threads were stopped: 0.0002653 seconds, Stopping threads took: 0.0000316 seconds
2017-09-16T22:39:15.747-0100: 5629.879: Total time for which application threads were stopped: 0.0000664 seconds, Stopping threads took: 0.0000097 seconds
2017-09-16T22:39:15.748-0100: 5629.880: Total time for which application threads were stopped: 0.0001148 seconds, Stopping threads took: 0.0000626 seconds
2017-09-16T22:39:15.748-0100: 5629.881: Total time for which application threads were stopped: 0.0000720 seconds, Stopping threads took: 0.0000197 seconds
2017-09-16T22:39:15.752-0100: 5629.885: Total time for which application threads were stopped: 0.0001466 seconds, Stopping threads took: 0.0000112 seconds
2017-09-16T22:39:15.757-0100: 5629.889: Total time for which application threads were stopped: 0.0000913 seconds, Stopping threads took: 0.0000225 seconds
2017-09-16T22:39:15.757-0100: 5629.890: Total time for which application threads were stopped: 0.0000583 seconds, Stopping threads took: 0.0000160 seconds
2017-09-16T22:39:15.757-0100: 5629.890: Total time for which application threads were stopped: 0.0000496 seconds, Stopping threads took: 0.0000086 seconds
2017-09-16T22:39:15.759-0100: 5629.892: Total time for which application threads were stopped: 0.0000566 seconds, Stopping threads took: 0.0000098 seconds
2017-09-16T22:39:15.763-0100: 5629.896: Total time for which application threads were stopped: 0.0000593 seconds, Stopping threads took: 0.0000107 seconds
2017-09-16T22:39:15.764-0100: 5629.897: Total time for which application threads were stopped: 0.0001346 seconds, Stopping threads took: 0.0000357 seconds
2017-09-16T22:39:15.764-0100: 5629.897: Total time for which application threads were stopped: 0.0002135 seconds, Stopping threads took: 0.0000225 seconds
2017-09-16T22:39:15.764-0100: 5629.897: Total time for which application threads were stopped: 0.0000654 seconds, Stopping threads took: 0.0000228 seconds
2017-09-16T22:39:20.592-0100: 5634.725: Total time for which application threads were stopped: 0.0000958 seconds, Stopping threads took: 0.0000196 seconds
2017-09-16T22:39:20.592-0100: 5634.725: Total time for which application threads were stopped: 0.0000761 seconds, Stopping threads took: 0.0000219 seconds
2017-09-16T22:39:21.596-0100: 5635.729: Total time for which application threads were stopped: 0.0001507 seconds, Stopping threads took: 0.0000270 seconds
2017-09-16T22:41:36.335-0100: 5770.472: Total time for which application threads were stopped: 0.0000997 seconds, Stopping threads took: 0.0000181 seconds
2017-09-16T22:41:36.337-0100: 5770.475: Total time for which application threads were stopped: 0.0000720 seconds, Stopping threads took: 0.0000125 seconds
2017-09-16T22:41:36.337-0100: 5770.475: Total time for which application threads were stopped: 0.0000505 seconds, Stopping threads took: 0.0000081 seconds
2017-09-16T22:41:37.342-0100: 5771.480: Total time for which application threads were stopped: 0.0001412 seconds, Stopping threads took: 0.0000329 seconds
2017-09-16T22:42:35.832-0100: 5829.972: Total time for which application threads were stopped: 0.0000909 seconds, Stopping threads took: 0.0000176 seconds
2017-09-16T22:42:35.833-0100: 5829.972: Total time for which application threads were stopped: 0.0000673 seconds, Stopping threads took: 0.0000086 seconds
2017-09-16T22:56:54.032-0100: 6688.200: Total time for which application threads were stopped: 0.0001245 seconds, Stopping threads took: 0.0000242 seconds
{Heap before GC invocations=8 (full 2):
 par new generation   total 109248K, used 106701K [0x00000007a0000000, 0x00000007a8000000, 0x00000007a8000000)
  eden space 87424K, 100% used [0x00000007a0000000, 0x00000007a5560000, 0x00000007a5560000)
  from space 21824K,  88% used [0x00000007a5560000, 0x00000007a6833680, 0x00000007a6ab0000)
  to   space 21824K,   0% used [0x00000007a6ab0000, 0x00000007a6ab0000, 0x00000007a8000000)
 concurrent mark-sweep generation total 393216K, used 0K [0x00000007a8000000, 0x00000007c0000000, 0x00000007c0000000)
 Metaspace       used 37794K, capacity 38706K, committed 39040K, reserved 1083392K
  class space    used 4474K, capacity 4704K, committed 4736K, reserved 1048576K
2017-09-16T22:57:31.955-0100: 6726.124: [GC (Allocation Failure) 2017-09-16T22:57:31.958-0100: 6726.128: [ParNew
Desired survivor size 20112992 bytes, new threshold 8 (max 8)
- age   1:    2736192 bytes,    2736192 total
- age   2:     208184 bytes,    2944376 total
- age   3:    2946056 bytes,    5890432 total
- age   4:    2887856 bytes,    8778288 total
- age   5:     797888 bytes,    9576176 total
- age   6:     253008 bytes,    9829184 total
- age   7:    1073592 bytes,   10902776 total
- age   8:     923384 bytes,   11826160 total
: 106701K->17339K(109248K), 0.0243181 secs] 106701K->22382K(502464K), 0.0278601 secs] [Times: user=0.07 sys=0.01, real=0.03 secs] 
Heap after GC invocations=9 (full 2):
 par new generation   total 109248K, used 17339K [0x00000007a0000000, 0x00000007a8000000, 0x00000007a8000000)
  eden space 87424K,   0% used [0x00000007a0000000, 0x00000007a0000000, 0x00000007a5560000)
  from space 21824K,  79% used [0x00000007a6ab0000, 0x00000007a7b9ef10, 0x00000007a8000000)
  to   space 21824K,   0% used [0x00000007a5560000, 0x00000007a5560000, 0x00000007a6ab0000)
 concurrent mark-sweep generation total 393216K, used 5042K [0x00000007a8000000, 0x00000007c0000000, 0x00000007c0000000)
 Metaspace       used 37794K, capacity 38706K, committed 39040K, reserved 1083392K
  class space    used 4474K, capacity 4704K, committed 4736K, reserved 1048576K
}
2017-09-16T22:57:31.983-0100: 6726.152: Total time for which application threads were stopped: 0.0280364 seconds, Stopping threads took: 0.0000263 seconds
2017-09-16T22:57:41.020-0100: 6735.190: Total time for which application threads were stopped: 0.0001065 seconds, Stopping threads took: 0.0000240 seconds
2017-09-16T23:44:17.661-0100: 9531.923: Total time for which application threads were stopped: 0.0001375 seconds, Stopping threads took: 0.0000514 seconds
2017-09-16T23:44:39.738-0100: 9554.001: Total time for which application threads were stopped: 0.0000954 seconds, Stopping threads took: 0.0000220 seconds
2017-09-16T23:44:54.796-0100: 9569.060: Total time for which application threads were stopped: 0.0001496 seconds, Stopping threads took: 0.0000342 seconds
2017-09-16T23:45:08.848-0100: 9583.112: Total time for which application threads were stopped: 0.0001535 seconds, Stopping threads took: 0.0000506 seconds
2017-09-16T23:45:15.873-0100: 9590.137: Total time for which application threads were stopped: 0.0001502 seconds, Stopping threads took: 0.0000448 seconds
2017-09-16T23:45:33.938-0100: 9608.203: Total time for which application threads were stopped: 0.0001412 seconds, Stopping threads took: 0.0000342 seconds
2017-09-16T23:45:35.948-0100: 9610.213: Total time for which application threads were stopped: 0.0001361 seconds, Stopping threads took: 0.0000294 seconds
2017-09-16T23:46:26.127-0100: 9660.394: Total time for which application threads were stopped: 0.0001498 seconds, Stopping threads took: 0.0000158 seconds
2017-09-16T23:48:16.516-0100: 9770.787: Total time for which application threads were stopped: 0.0001712 seconds, Stopping threads took: 0.0000346 seconds
2017-09-16T23:48:22.538-0100: 9776.809: Total time for which application threads were stopped: 0.0001521 seconds, Stopping threads took: 0.0000346 seconds
2017-09-16T23:48:29.564-0100: 9783.835: Total time for which application threads were stopped: 0.0005135 seconds, Stopping threads took: 0.0003673 seconds
2017-09-16T23:48:36.586-0100: 9790.858: Total time for which application threads were stopped: 0.0001780 seconds, Stopping threads took: 0.0000327 seconds
2017-09-16T23:48:48.636-0100: 9802.908: Total time for which application threads were stopped: 0.0001350 seconds, Stopping threads took: 0.0000273 seconds
2017-09-16T23:48:57.670-0100: 9811.942: Total time for which application threads were stopped: 0.0001363 seconds, Stopping threads took: 0.0000267 seconds
2017-09-16T23:50:10.936-0100: 9885.211: Total time for which application threads were stopped: 0.0001527 seconds, Stopping threads took: 0.0000350 seconds
2017-09-16T23:50:13.950-0100: 9888.225: Total time for which application threads were stopped: 0.0002284 seconds, Stopping threads took: 0.0000340 seconds
2017-09-16T23:50:47.071-0100: 9921.347: Total time for which application threads were stopped: 0.0001363 seconds, Stopping threads took: 0.0000299 seconds
2017-09-16T23:51:13.917-0100: 9948.195: Total time for which application threads were stopped: 0.0001032 seconds, Stopping threads took: 0.0000188 seconds
2017-09-16T23:51:13.918-0100: 9948.195: Total time for which application threads were stopped: 0.0000452 seconds, Stopping threads took: 0.0000068 seconds
2017-09-16T23:51:13.918-0100: 9948.195: Total time for which application threads were stopped: 0.0000460 seconds, Stopping threads took: 0.0000085 seconds
2017-09-16T23:51:13.923-0100: 9948.200: Total time for which application threads were stopped: 0.0002420 seconds, Stopping threads took: 0.0000129 seconds
2017-09-16T23:51:13.933-0100: 9948.210: Total time for which application threads were stopped: 0.0000808 seconds, Stopping threads took: 0.0000136 seconds
2017-09-16T23:51:13.934-0100: 9948.212: Total time for which application threads were stopped: 0.0001337 seconds, Stopping threads took: 0.0000583 seconds
2017-09-16T23:51:13.934-0100: 9948.212: Total time for which application threads were stopped: 0.0000928 seconds, Stopping threads took: 0.0000137 seconds
2017-09-16T23:51:13.935-0100: 9948.212: Total time for which application threads were stopped: 0.0001023 seconds, Stopping threads took: 0.0000516 seconds
2017-09-16T23:51:13.935-0100: 9948.212: Total time for which application threads were stopped: 0.0000929 seconds, Stopping threads took: 0.0000215 seconds
2017-09-16T23:51:13.943-0100: 9948.220: Total time for which application threads were stopped: 0.0000626 seconds, Stopping threads took: 0.0000107 seconds
2017-09-16T23:51:13.943-0100: 9948.221: Total time for which application threads were stopped: 0.0000407 seconds, Stopping threads took: 0.0000058 seconds
2017-09-16T23:51:13.943-0100: 9948.221: Total time for which application threads were stopped: 0.0000461 seconds, Stopping threads took: 0.0000171 seconds
2017-09-16T23:51:13.945-0100: 9948.222: Total time for which application threads were stopped: 0.0001216 seconds, Stopping threads took: 0.0000065 seconds
2017-09-16T23:51:13.945-0100: 9948.222: Total time for which application threads were stopped: 0.0000390 seconds, Stopping threads took: 0.0000060 seconds
2017-09-16T23:51:13.949-0100: 9948.226: Total time for which application threads were stopped: 0.0000853 seconds, Stopping threads took: 0.0000129 seconds
2017-09-16T23:51:13.950-0100: 9948.227: Total time for which application threads were stopped: 0.0001030 seconds, Stopping threads took: 0.0000342 seconds
2017-09-16T23:51:13.950-0100: 9948.227: Total time for which application threads were stopped: 0.0001058 seconds, Stopping threads took: 0.0000290 seconds
2017-09-16T23:51:13.950-0100: 9948.227: Total time for which application threads were stopped: 0.0000960 seconds, Stopping threads took: 0.0000420 seconds
2017-09-16T23:51:13.950-0100: 9948.228: Total time for which application threads were stopped: 0.0001253 seconds, Stopping threads took: 0.0000321 seconds
2017-09-16T23:53:03.338-0100: 10057.619: Total time for which application threads were stopped: 0.0001426 seconds, Stopping threads took: 0.0000303 seconds
2017-09-16T23:54:54.547-0100: 10168.832: Total time for which application threads were stopped: 0.0000902 seconds, Stopping threads took: 0.0000147 seconds
2017-09-16T23:54:54.548-0100: 10168.833: Total time for which application threads were stopped: 0.0000482 seconds, Stopping threads took: 0.0000146 seconds
2017-09-16T23:54:54.548-0100: 10168.833: Total time for which application threads were stopped: 0.0001186 seconds, Stopping threads took: 0.0000165 seconds
2017-09-16T23:54:54.549-0100: 10168.834: Total time for which application threads were stopped: 0.0000546 seconds, Stopping threads took: 0.0000073 seconds
2017-09-16T23:54:54.554-0100: 10168.839: Total time for which application threads were stopped: 0.0001336 seconds, Stopping threads took: 0.0000252 seconds
2017-09-16T23:54:54.555-0100: 10168.840: Total time for which application threads were stopped: 0.0000846 seconds, Stopping threads took: 0.0000188 seconds
2017-09-16T23:54:54.555-0100: 10168.840: Total time for which application threads were stopped: 0.0000694 seconds, Stopping threads took: 0.0000199 seconds
2017-09-16T23:54:54.555-0100: 10168.840: Total time for which application threads were stopped: 0.0000859 seconds, Stopping threads took: 0.0000177 seconds
2017-09-16T23:54:54.555-0100: 10168.840: Total time for which application threads were stopped: 0.0000532 seconds, Stopping threads took: 0.0000201 seconds
2017-09-16T23:54:54.555-0100: 10168.840: Total time for which application threads were stopped: 0.0001640 seconds, Stopping threads took: 0.0000284 seconds
2017-09-16T23:54:54.556-0100: 10168.841: Total time for which application threads were stopped: 0.0000934 seconds, Stopping threads took: 0.0000292 seconds
2017-09-16T23:54:54.556-0100: 10168.841: Total time for which application threads were stopped: 0.0000637 seconds, Stopping threads took: 0.0000170 seconds
2017-09-16T23:54:54.556-0100: 10168.841: Total time for which application threads were stopped: 0.0000692 seconds, Stopping threads took: 0.0000287 seconds
2017-09-16T23:54:54.556-0100: 10168.842: Total time for which application threads were stopped: 0.0000697 seconds, Stopping threads took: 0.0000220 seconds
2017-09-16T23:54:54.560-0100: 10168.845: Total time for which application threads were stopped: 0.0000910 seconds, Stopping threads took: 0.0000219 seconds
2017-09-16T23:54:54.566-0100: 10168.851: Total time for which application threads were stopped: 0.0001043 seconds, Stopping threads took: 0.0000264 seconds
2017-09-16T23:54:54.566-0100: 10168.851: Total time for which application threads were stopped: 0.0000747 seconds, Stopping threads took: 0.0000167 seconds
2017-09-16T23:54:54.566-0100: 10168.851: Total time for which application threads were stopped: 0.0000572 seconds, Stopping threads took: 0.0000167 seconds
2017-09-16T23:54:54.567-0100: 10168.852: Total time for which application threads were stopped: 0.0000651 seconds, Stopping threads took: 0.0000165 seconds
2017-09-16T23:54:54.567-0100: 10168.852: Total time for which application threads were stopped: 0.0000548 seconds, Stopping threads took: 0.0000072 seconds
2017-09-16T23:54:54.568-0100: 10168.853: Total time for which application threads were stopped: 0.0000630 seconds, Stopping threads took: 0.0000183 seconds
2017-09-16T23:54:54.568-0100: 10168.853: Total time for which application threads were stopped: 0.0000517 seconds, Stopping threads took: 0.0000105 seconds
2017-09-16T23:54:54.568-0100: 10168.853: Total time for which application threads were stopped: 0.0000455 seconds, Stopping threads took: 0.0000075 seconds
2017-09-16T23:54:54.568-0100: 10168.853: Total time for which application threads were stopped: 0.0000348 seconds, Stopping threads took: 0.0000069 seconds
2017-09-16T23:54:54.568-0100: 10168.853: Total time for which application threads were stopped: 0.0000604 seconds, Stopping threads took: 0.0000207 seconds
2017-09-16T23:54:54.568-0100: 10168.853: Total time for which application threads were stopped: 0.0000569 seconds, Stopping threads took: 0.0000150 seconds
2017-09-16T23:54:54.572-0100: 10168.857: Total time for which application threads were stopped: 0.0000587 seconds, Stopping threads took: 0.0000103 seconds
2017-09-16T23:54:54.575-0100: 10168.860: Total time for which application threads were stopped: 0.0001171 seconds, Stopping threads took: 0.0000272 seconds
2017-09-16T23:54:54.575-0100: 10168.860: Total time for which application threads were stopped: 0.0000905 seconds, Stopping threads took: 0.0000272 seconds
2017-09-16T23:54:54.575-0100: 10168.860: Total time for which application threads were stopped: 0.0000595 seconds, Stopping threads took: 0.0000212 seconds
2017-09-16T23:54:54.575-0100: 10168.860: Total time for which application threads were stopped: 0.0002481 seconds, Stopping threads took: 0.0000076 seconds
2017-09-16T23:54:54.576-0100: 10168.861: Total time for which application threads were stopped: 0.0000434 seconds, Stopping threads took: 0.0000062 seconds
2017-09-16T23:54:54.576-0100: 10168.861: Total time for which application threads were stopped: 0.0000519 seconds, Stopping threads took: 0.0000077 seconds
2017-09-16T23:54:54.576-0100: 10168.861: Total time for which application threads were stopped: 0.0000612 seconds, Stopping threads took: 0.0000069 seconds
2017-09-16T23:54:54.576-0100: 10168.861: Total time for which application threads were stopped: 0.0000404 seconds, Stopping threads took: 0.0000056 seconds
2017-09-16T23:54:54.576-0100: 10168.861: Total time for which application threads were stopped: 0.0000369 seconds, Stopping threads took: 0.0000052 seconds
2017-09-16T23:54:54.576-0100: 10168.861: Total time for which application threads were stopped: 0.0001195 seconds, Stopping threads took: 0.0000286 seconds
2017-09-16T23:54:54.576-0100: 10168.861: Total time for which application threads were stopped: 0.0000394 seconds, Stopping threads took: 0.0000060 seconds
2017-09-16T23:54:54.576-0100: 10168.861: Total time for which application threads were stopped: 0.0000481 seconds, Stopping threads took: 0.0000136 seconds
2017-09-16T23:54:54.576-0100: 10168.861: Total time for which application threads were stopped: 0.0000444 seconds, Stopping threads took: 0.0000053 seconds
2017-09-16T23:54:54.577-0100: 10168.862: Total time for which application threads were stopped: 0.0000333 seconds, Stopping threads took: 0.0000053 seconds
2017-09-16T23:54:54.577-0100: 10168.862: Total time for which application threads were stopped: 0.0001136 seconds, Stopping threads took: 0.0000188 seconds
2017-09-16T23:55:23.032-0100: 10197.318: Total time for which application threads were stopped: 0.0001214 seconds, Stopping threads took: 0.0000272 seconds
2017-09-16T23:55:23.033-0100: 10197.319: Total time for which application threads were stopped: 0.0001118 seconds, Stopping threads took: 0.0000394 seconds
2017-09-16T23:55:23.033-0100: 10197.319: Total time for which application threads were stopped: 0.0001153 seconds, Stopping threads took: 0.0000347 seconds
2017-09-16T23:55:24.038-0100: 10198.324: Total time for which application threads were stopped: 0.0001155 seconds, Stopping threads took: 0.0000239 seconds
2017-09-16T23:55:25.042-0100: 10199.328: Total time for which application threads were stopped: 0.0002388 seconds, Stopping threads took: 0.0000570 seconds
2017-09-16T23:56:05.195-0100: 10239.483: Total time for which application threads were stopped: 0.0001400 seconds, Stopping threads took: 0.0000310 seconds
2017-09-16T23:56:06.200-0100: 10240.488: Total time for which application threads were stopped: 0.0002345 seconds, Stopping threads took: 0.0000564 seconds
2017-09-17T00:00:31.691-0100: 10505.988: Total time for which application threads were stopped: 0.0001005 seconds, Stopping threads took: 0.0000182 seconds
2017-09-17T00:00:31.692-0100: 10505.989: Total time for which application threads were stopped: 0.0001083 seconds, Stopping threads took: 0.0000431 seconds
2017-09-17T00:00:31.692-0100: 10505.989: Total time for which application threads were stopped: 0.0000777 seconds, Stopping threads took: 0.0000265 seconds
2017-09-17T00:00:31.693-0100: 10505.990: Total time for which application threads were stopped: 0.0000459 seconds, Stopping threads took: 0.0000074 seconds
2017-09-17T00:00:31.693-0100: 10505.990: Total time for which application threads were stopped: 0.0000488 seconds, Stopping threads took: 0.0000081 seconds
2017-09-17T00:00:31.699-0100: 10505.996: Total time for which application threads were stopped: 0.0000770 seconds, Stopping threads took: 0.0000228 seconds
2017-09-17T00:00:31.699-0100: 10505.996: Total time for which application threads were stopped: 0.0000703 seconds, Stopping threads took: 0.0000239 seconds
2017-09-17T00:00:31.699-0100: 10505.996: Total time for which application threads were stopped: 0.0000551 seconds, Stopping threads took: 0.0000219 seconds
2017-09-17T00:00:31.707-0100: 10506.004: Total time for which application threads were stopped: 0.0000765 seconds, Stopping threads took: 0.0000117 seconds
2017-09-17T00:00:31.708-0100: 10506.004: Total time for which application threads were stopped: 0.0000454 seconds, Stopping threads took: 0.0000083 seconds
2017-09-17T00:00:31.708-0100: 10506.004: Total time for which application threads were stopped: 0.0000454 seconds, Stopping threads took: 0.0000112 seconds
2017-09-17T00:00:31.709-0100: 10506.006: Total time for which application threads were stopped: 0.0000585 seconds, Stopping threads took: 0.0000163 seconds
2017-09-17T00:00:31.713-0100: 10506.009: Total time for which application threads were stopped: 0.0001319 seconds, Stopping threads took: 0.0000273 seconds
2017-09-17T00:00:31.713-0100: 10506.010: Total time for which application threads were stopped: 0.0000400 seconds, Stopping threads took: 0.0000063 seconds
2017-09-17T00:00:31.713-0100: 10506.010: Total time for which application threads were stopped: 0.0000349 seconds, Stopping threads took: 0.0000055 seconds
2017-09-17T00:00:31.714-0100: 10506.010: Total time for which application threads were stopped: 0.0001036 seconds, Stopping threads took: 0.0000480 seconds
2017-09-17T00:00:31.714-0100: 10506.011: Total time for which application threads were stopped: 0.0000818 seconds, Stopping threads took: 0.0000406 seconds
2017-09-17T00:00:31.714-0100: 10506.011: Total time for which application threads were stopped: 0.0000455 seconds, Stopping threads took: 0.0000137 seconds
2017-09-17T00:00:45.769-0100: 10520.067: Total time for which application threads were stopped: 0.0001428 seconds, Stopping threads took: 0.0000350 seconds
2017-09-17T00:00:55.153-0100: 10529.451: Total time for which application threads were stopped: 0.0001266 seconds, Stopping threads took: 0.0000304 seconds
2017-09-17T00:00:56.157-0100: 10530.455: Total time for which application threads were stopped: 0.0001583 seconds, Stopping threads took: 0.0000306 seconds
2017-09-17T00:03:05.500-0100: 10659.802: Total time for which application threads were stopped: 0.0001422 seconds, Stopping threads took: 0.0000650 seconds
2017-09-17T00:03:05.500-0100: 10659.802: Total time for which application threads were stopped: 0.0000551 seconds, Stopping threads took: 0.0000158 seconds
2017-09-17T00:03:33.880-0100: 10688.183: Total time for which application threads were stopped: 0.0000985 seconds, Stopping threads took: 0.0000176 seconds
2017-09-17T00:03:33.880-0100: 10688.183: Total time for which application threads were stopped: 0.0000534 seconds, Stopping threads took: 0.0000067 seconds
2017-09-17T00:03:36.890-0100: 10691.193: Total time for which application threads were stopped: 0.0001465 seconds, Stopping threads took: 0.0000346 seconds
2017-09-17T00:03:40.907-0100: 10695.211: Total time for which application threads were stopped: 0.0001212 seconds, Stopping threads took: 0.0000378 seconds
2017-09-17T00:05:07.204-0100: 10781.511: Total time for which application threads were stopped: 0.0001366 seconds, Stopping threads took: 0.0000352 seconds
2017-09-17T00:05:55.378-0100: 10829.687: Total time for which application threads were stopped: 0.0001304 seconds, Stopping threads took: 0.0000305 seconds
2017-09-17T00:07:54.802-0100: 10949.115: Total time for which application threads were stopped: 0.0001502 seconds, Stopping threads took: 0.0000343 seconds
2017-09-17T00:08:00.815-0100: 10955.129: Total time for which application threads were stopped: 0.0001315 seconds, Stopping threads took: 0.0000281 seconds
2017-09-17T00:08:14.867-0100: 10969.181: Total time for which application threads were stopped: 0.0001670 seconds, Stopping threads took: 0.0000339 seconds
2017-09-17T00:10:35.354-0100: 11109.673: Total time for which application threads were stopped: 0.0002054 seconds, Stopping threads took: 0.0001038 seconds
2017-09-17T00:10:41.375-0100: 11115.695: Total time for which application threads were stopped: 0.0002425 seconds, Stopping threads took: 0.0000346 seconds
2017-09-17T00:10:46.393-0100: 11120.712: Total time for which application threads were stopped: 0.0001408 seconds, Stopping threads took: 0.0000351 seconds
2017-09-17T00:12:18.295-0100: 11212.618: Total time for which application threads were stopped: 0.0001810 seconds, Stopping threads took: 0.0000155 seconds
2017-09-17T00:12:19.299-0100: 11213.622: Total time for which application threads were stopped: 0.0001068 seconds, Stopping threads took: 0.0000246 seconds
2017-09-17T00:12:22.390-0100: 11216.714: Total time for which application threads were stopped: 0.0001203 seconds, Stopping threads took: 0.0000267 seconds
2017-09-17T00:12:23.395-0100: 11217.719: Total time for which application threads were stopped: 0.0001559 seconds, Stopping threads took: 0.0000449 seconds
2017-09-17T00:12:41.657-0100: 11235.981: Total time for which application threads were stopped: 0.0001134 seconds, Stopping threads took: 0.0000182 seconds
2017-09-17T00:13:10.767-0100: 11265.092: Total time for which application threads were stopped: 0.0001656 seconds, Stopping threads took: 0.0000318 seconds
2017-09-17T00:13:14.781-0100: 11269.107: Total time for which application threads were stopped: 0.0002490 seconds, Stopping threads took: 0.0000583 seconds
2017-09-17T00:13:21.808-0100: 11276.133: Total time for which application threads were stopped: 0.0001552 seconds, Stopping threads took: 0.0000314 seconds
2017-09-17T00:13:28.837-0100: 11283.162: Total time for which application threads were stopped: 0.0001549 seconds, Stopping threads took: 0.0000483 seconds
2017-09-17T00:13:29.841-0100: 11284.167: Total time for which application threads were stopped: 0.0001426 seconds, Stopping threads took: 0.0000305 seconds
2017-09-17T00:13:48.916-0100: 11303.242: Total time for which application threads were stopped: 0.0001494 seconds, Stopping threads took: 0.0000334 seconds
2017-09-17T00:14:08.983-0100: 11323.311: Total time for which application threads were stopped: 0.0001238 seconds, Stopping threads took: 0.0000334 seconds
2017-09-17T00:14:22.033-0100: 11336.361: Total time for which application threads were stopped: 0.0001460 seconds, Stopping threads took: 0.0000335 seconds
2017-09-17T00:45:43.025-0100: 13217.424: Total time for which application threads were stopped: 0.0001164 seconds, Stopping threads took: 0.0000215 seconds
2017-09-17T00:45:43.026-0100: 13217.424: Total time for which application threads were stopped: 0.0000654 seconds, Stopping threads took: 0.0000104 seconds
2017-09-17T00:45:43.026-0100: 13217.424: Total time for which application threads were stopped: 0.0000691 seconds, Stopping threads took: 0.0000199 seconds
2017-09-17T00:45:43.027-0100: 13217.426: Total time for which application threads were stopped: 0.0000578 seconds, Stopping threads took: 0.0000099 seconds
2017-09-17T00:45:43.033-0100: 13217.431: Total time for which application threads were stopped: 0.0000758 seconds, Stopping threads took: 0.0000121 seconds
2017-09-17T00:45:43.034-0100: 13217.432: Total time for which application threads were stopped: 0.0001352 seconds, Stopping threads took: 0.0000638 seconds
2017-09-17T00:45:43.034-0100: 13217.432: Total time for which application threads were stopped: 0.0000743 seconds, Stopping threads took: 0.0000195 seconds
2017-09-17T00:45:43.034-0100: 13217.433: Total time for which application threads were stopped: 0.0001056 seconds, Stopping threads took: 0.0000396 seconds
2017-09-17T00:45:43.043-0100: 13217.441: Total time for which application threads were stopped: 0.0000911 seconds, Stopping threads took: 0.0000111 seconds
2017-09-17T00:45:43.043-0100: 13217.442: Total time for which application threads were stopped: 0.0000681 seconds, Stopping threads took: 0.0000088 seconds
2017-09-17T00:45:43.043-0100: 13217.442: Total time for which application threads were stopped: 0.0000546 seconds, Stopping threads took: 0.0000060 seconds
2017-09-17T00:45:43.044-0100: 13217.443: Total time for which application threads were stopped: 0.0000626 seconds, Stopping threads took: 0.0000176 seconds
2017-09-17T00:45:43.048-0100: 13217.446: Total time for which application threads were stopped: 0.0000601 seconds, Stopping threads took: 0.0000097 seconds
2017-09-17T00:45:43.049-0100: 13217.447: Total time for which application threads were stopped: 0.0000638 seconds, Stopping threads took: 0.0000172 seconds
2017-09-17T00:45:43.049-0100: 13217.447: Total time for which application threads were stopped: 0.0000677 seconds, Stopping threads took: 0.0000236 seconds
2017-09-17T00:45:43.049-0100: 13217.447: Total time for which application threads were stopped: 0.0000735 seconds, Stopping threads took: 0.0000304 seconds
2017-09-17T00:45:43.050-0100: 13217.448: Total time for which application threads were stopped: 0.0000715 seconds, Stopping threads took: 0.0000248 seconds
2017-09-17T00:45:43.057-0100: 13217.456: Total time for which application threads were stopped: 0.0015910 seconds, Stopping threads took: 0.0000110 seconds
2017-09-17T00:45:43.059-0100: 13217.458: Total time for which application threads were stopped: 0.0000767 seconds, Stopping threads took: 0.0000205 seconds
2017-09-17T00:45:43.060-0100: 13217.458: Total time for which application threads were stopped: 0.0000556 seconds, Stopping threads took: 0.0000087 seconds
2017-09-17T00:45:43.061-0100: 13217.460: Total time for which application threads were stopped: 0.0000609 seconds, Stopping threads took: 0.0000127 seconds
2017-09-17T00:45:43.065-0100: 13217.464: Total time for which application threads were stopped: 0.0000843 seconds, Stopping threads took: 0.0000256 seconds
2017-09-17T00:45:43.066-0100: 13217.465: Total time for which application threads were stopped: 0.0000953 seconds, Stopping threads took: 0.0000407 seconds
2017-09-17T00:45:43.066-0100: 13217.465: Total time for which application threads were stopped: 0.0000778 seconds, Stopping threads took: 0.0000285 seconds
2017-09-17T00:45:43.066-0100: 13217.465: Total time for which application threads were stopped: 0.0000830 seconds, Stopping threads took: 0.0000308 seconds
2017-09-17T00:45:43.077-0100: 13217.475: Total time for which application threads were stopped: 0.0000931 seconds, Stopping threads took: 0.0000140 seconds
2017-09-17T00:45:43.078-0100: 13217.477: Total time for which application threads were stopped: 0.0000961 seconds, Stopping threads took: 0.0000133 seconds
2017-09-17T00:45:43.078-0100: 13217.477: Total time for which application threads were stopped: 0.0000895 seconds, Stopping threads took: 0.0000180 seconds
2017-09-17T00:45:43.080-0100: 13217.479: Total time for which application threads were stopped: 0.0000878 seconds, Stopping threads took: 0.0000128 seconds
2017-09-17T00:45:43.085-0100: 13217.484: Total time for which application threads were stopped: 0.0000693 seconds, Stopping threads took: 0.0000118 seconds
{Heap before GC invocations=9 (full 2):
 par new generation   total 109248K, used 104763K [0x00000007a0000000, 0x00000007a8000000, 0x00000007a8000000)
  eden space 87424K, 100% used [0x00000007a0000000, 0x00000007a5560000, 0x00000007a5560000)
  from space 21824K,  79% used [0x00000007a6ab0000, 0x00000007a7b9ef10, 0x00000007a8000000)
  to   space 21824K,   0% used [0x00000007a5560000, 0x00000007a5560000, 0x00000007a6ab0000)
 concurrent mark-sweep generation total 393216K, used 5042K [0x00000007a8000000, 0x00000007c0000000, 0x00000007c0000000)
 Metaspace       used 38328K, capacity 39154K, committed 39296K, reserved 1083392K
  class space    used 4477K, capacity 4704K, committed 4736K, reserved 1048576K
2017-09-17T00:45:43.085-0100: 13217.484: [GC (Allocation Failure) 2017-09-17T00:45:43.086-0100: 13217.484: [ParNew
Desired survivor size 20112992 bytes, new threshold 8 (max 8)
- age   1:    1767680 bytes,    1767680 total
- age   2:     337632 bytes,    2105312 total
- age   3:     192208 bytes,    2297520 total
- age   4:    2945256 bytes,    5242776 total
- age   5:    2872560 bytes,    8115336 total
- age   6:     795144 bytes,    8910480 total
- age   7:     253008 bytes,    9163488 total
- age   8:    1072936 bytes,   10236424 total
: 104763K->11194K(109248K), 0.0135866 secs] 109806K->17153K(502464K), 0.0139252 secs] [Times: user=0.06 sys=0.01, real=0.01 secs] 
Heap after GC invocations=10 (full 2):
 par new generation   total 109248K, used 11194K [0x00000007a0000000, 0x00000007a8000000, 0x00000007a8000000)
  eden space 87424K,   0% used [0x00000007a0000000, 0x00000007a0000000, 0x00000007a5560000)
  from space 21824K,  51% used [0x00000007a5560000, 0x00000007a604ebd0, 0x00000007a6ab0000)
  to   space 21824K,   0% used [0x00000007a6ab0000, 0x00000007a6ab0000, 0x00000007a8000000)
 concurrent mark-sweep generation total 393216K, used 5958K [0x00000007a8000000, 0x00000007c0000000, 0x00000007c0000000)
 Metaspace       used 38328K, capacity 39154K, committed 39296K, reserved 1083392K
  class space    used 4477K, capacity 4704K, committed 4736K, reserved 1048576K
}
2017-09-17T00:45:43.099-0100: 13217.498: Total time for which application threads were stopped: 0.0140576 seconds, Stopping threads took: 0.0000089 seconds
2017-09-17T00:45:43.100-0100: 13217.499: Total time for which application threads were stopped: 0.0000793 seconds, Stopping threads took: 0.0000237 seconds
2017-09-17T00:45:43.100-0100: 13217.499: Total time for which application threads were stopped: 0.0000706 seconds, Stopping threads took: 0.0000238 seconds
2017-09-17T00:45:43.100-0100: 13217.499: Total time for which application threads were stopped: 0.0000726 seconds, Stopping threads took: 0.0000224 seconds
2017-09-17T00:45:43.110-0100: 13217.508: Total time for which application threads were stopped: 0.0001227 seconds, Stopping threads took: 0.0000350 seconds
2017-09-17T00:45:43.110-0100: 13217.509: Total time for which application threads were stopped: 0.0000786 seconds, Stopping threads took: 0.0000304 seconds
2017-09-17T00:45:43.110-0100: 13217.509: Total time for which application threads were stopped: 0.0000819 seconds, Stopping threads took: 0.0000386 seconds
2017-09-17T00:45:43.112-0100: 13217.510: Total time for which application threads were stopped: 0.0000753 seconds, Stopping threads took: 0.0000114 seconds
2017-09-17T00:45:43.116-0100: 13217.515: Total time for which application threads were stopped: 0.0000998 seconds, Stopping threads took: 0.0000134 seconds
2017-09-17T00:45:43.117-0100: 13217.515: Total time for which application threads were stopped: 0.0000911 seconds, Stopping threads took: 0.0000108 seconds
2017-09-17T00:45:43.117-0100: 13217.516: Total time for which application threads were stopped: 0.0000936 seconds, Stopping threads took: 0.0000380 seconds
2017-09-17T00:45:43.117-0100: 13217.516: Total time for which application threads were stopped: 0.0000933 seconds, Stopping threads took: 0.0000390 seconds
2017-09-17T00:45:44.119-0100: 13218.518: Total time for which application threads were stopped: 0.0001580 seconds, Stopping threads took: 0.0000308 seconds
2017-09-17T00:46:28.283-0100: 13262.684: Total time for which application threads were stopped: 0.0001176 seconds, Stopping threads took: 0.0000299 seconds
2017-09-17T00:46:39.836-0100: 13274.236: Total time for which application threads were stopped: 0.0000894 seconds, Stopping threads took: 0.0000165 seconds
2017-09-17T00:46:39.836-0100: 13274.237: Total time for which application threads were stopped: 0.0000437 seconds, Stopping threads took: 0.0000063 seconds
2017-09-17T00:46:39.836-0100: 13274.237: Total time for which application threads were stopped: 0.0000523 seconds, Stopping threads took: 0.0000085 seconds
2017-09-17T00:46:39.836-0100: 13274.237: Total time for which application threads were stopped: 0.0000443 seconds, Stopping threads took: 0.0000066 seconds
2017-09-17T00:46:39.836-0100: 13274.237: Total time for which application threads were stopped: 0.0000362 seconds, Stopping threads took: 0.0000053 seconds
2017-09-17T00:46:39.837-0100: 13274.237: Total time for which application threads were stopped: 0.0000334 seconds, Stopping threads took: 0.0000046 seconds
2017-09-17T00:46:39.837-0100: 13274.238: Total time for which application threads were stopped: 0.0000381 seconds, Stopping threads took: 0.0000045 seconds
2017-09-17T00:46:40.839-0100: 13275.240: Total time for which application threads were stopped: 0.0001444 seconds, Stopping threads took: 0.0000478 seconds
2017-09-17T00:47:09.960-0100: 13304.361: Total time for which application threads were stopped: 0.0001439 seconds, Stopping threads took: 0.0000574 seconds
2017-09-17T00:47:17.993-0100: 13312.395: Total time for which application threads were stopped: 0.0001188 seconds, Stopping threads took: 0.0000267 seconds
2017-09-17T00:47:27.996-0100: 13322.398: Total time for which application threads were stopped: 0.0001245 seconds, Stopping threads took: 0.0000457 seconds
2017-09-17T00:47:27.996-0100: 13322.399: Total time for which application threads were stopped: 0.0001169 seconds, Stopping threads took: 0.0000337 seconds
2017-09-17T00:47:27.996-0100: 13322.399: Total time for which application threads were stopped: 0.0000632 seconds, Stopping threads took: 0.0000152 seconds
2017-09-17T00:47:27.998-0100: 13322.400: Total time for which application threads were stopped: 0.0000730 seconds, Stopping threads took: 0.0000195 seconds
2017-09-17T00:47:28.002-0100: 13322.404: Total time for which application threads were stopped: 0.0001316 seconds, Stopping threads took: 0.0000272 seconds
2017-09-17T00:47:28.002-0100: 13322.405: Total time for which application threads were stopped: 0.0000644 seconds, Stopping threads took: 0.0000189 seconds
2017-09-17T00:47:28.002-0100: 13322.405: Total time for which application threads were stopped: 0.0000755 seconds, Stopping threads took: 0.0000184 seconds
2017-09-17T00:47:28.002-0100: 13322.405: Total time for which application threads were stopped: 0.0000796 seconds, Stopping threads took: 0.0000268 seconds
2017-09-17T00:47:28.003-0100: 13322.405: Total time for which application threads were stopped: 0.0000514 seconds, Stopping threads took: 0.0000159 seconds
2017-09-17T00:47:28.003-0100: 13322.405: Total time for which application threads were stopped: 0.0000690 seconds, Stopping threads took: 0.0000205 seconds
2017-09-17T00:47:28.003-0100: 13322.405: Total time for which application threads were stopped: 0.0000684 seconds, Stopping threads took: 0.0000167 seconds
2017-09-17T00:47:28.003-0100: 13322.406: Total time for which application threads were stopped: 0.0001140 seconds, Stopping threads took: 0.0000562 seconds
2017-09-17T00:47:28.003-0100: 13322.406: Total time for which application threads were stopped: 0.0001112 seconds, Stopping threads took: 0.0000452 seconds
2017-09-17T00:47:28.004-0100: 13322.406: Total time for which application threads were stopped: 0.0000789 seconds, Stopping threads took: 0.0000209 seconds
2017-09-17T00:47:28.004-0100: 13322.406: Total time for which application threads were stopped: 0.0000723 seconds, Stopping threads took: 0.0000251 seconds
2017-09-17T00:47:28.004-0100: 13322.406: Total time for which application threads were stopped: 0.0000813 seconds, Stopping threads took: 0.0000378 seconds
2017-09-17T00:47:28.008-0100: 13322.410: Total time for which application threads were stopped: 0.0000973 seconds, Stopping threads took: 0.0000259 seconds
2017-09-17T00:47:28.008-0100: 13322.410: Total time for which application threads were stopped: 0.0000646 seconds, Stopping threads took: 0.0000106 seconds
2017-09-17T00:47:28.008-0100: 13322.411: Total time for which application threads were stopped: 0.0001788 seconds, Stopping threads took: 0.0001276 seconds
2017-09-17T00:47:28.008-0100: 13322.411: Total time for which application threads were stopped: 0.0001871 seconds, Stopping threads took: 0.0000279 seconds
2017-09-17T00:47:28.012-0100: 13322.414: Total time for which application threads were stopped: 0.0000865 seconds, Stopping threads took: 0.0000286 seconds
2017-09-17T00:47:28.014-0100: 13322.416: Total time for which application threads were stopped: 0.0000893 seconds, Stopping threads took: 0.0000356 seconds
2017-09-17T00:47:28.014-0100: 13322.416: Total time for which application threads were stopped: 0.0000754 seconds, Stopping threads took: 0.0000307 seconds
2017-09-17T00:47:28.014-0100: 13322.417: Total time for which application threads were stopped: 0.0000738 seconds, Stopping threads took: 0.0000203 seconds
2017-09-17T00:47:28.014-0100: 13322.417: Total time for which application threads were stopped: 0.0000791 seconds, Stopping threads took: 0.0000210 seconds
2017-09-17T00:47:28.015-0100: 13322.417: Total time for which application threads were stopped: 0.0000539 seconds, Stopping threads took: 0.0000093 seconds
2017-09-17T00:47:28.015-0100: 13322.417: Total time for which application threads were stopped: 0.0000524 seconds, Stopping threads took: 0.0000142 seconds
2017-09-17T00:47:28.015-0100: 13322.417: Total time for which application threads were stopped: 0.0000512 seconds, Stopping threads took: 0.0000183 seconds
2017-09-17T00:47:28.015-0100: 13322.418: Total time for which application threads were stopped: 0.0000471 seconds, Stopping threads took: 0.0000167 seconds
2017-09-17T00:47:28.018-0100: 13322.421: Total time for which application threads were stopped: 0.0000775 seconds, Stopping threads took: 0.0000256 seconds
2017-09-17T00:47:28.021-0100: 13322.423: Total time for which application threads were stopped: 0.0001244 seconds, Stopping threads took: 0.0000341 seconds
2017-09-17T00:47:28.021-0100: 13322.424: Total time for which application threads were stopped: 0.0001056 seconds, Stopping threads took: 0.0000242 seconds
2017-09-17T00:47:28.021-0100: 13322.424: Total time for which application threads were stopped: 0.0000890 seconds, Stopping threads took: 0.0000228 seconds
2017-09-17T00:47:28.022-0100: 13322.424: Total time for which application threads were stopped: 0.0000752 seconds, Stopping threads took: 0.0000098 seconds
2017-09-17T00:47:28.022-0100: 13322.424: Total time for which application threads were stopped: 0.0001687 seconds, Stopping threads took: 0.0000084 seconds
2017-09-17T00:47:28.022-0100: 13322.424: Total time for which application threads were stopped: 0.0000949 seconds, Stopping threads took: 0.0000098 seconds
2017-09-17T00:47:28.022-0100: 13322.425: Total time for which application threads were stopped: 0.0001291 seconds, Stopping threads took: 0.0000681 seconds
2017-09-17T00:47:28.022-0100: 13322.425: Total time for which application threads were stopped: 0.0000611 seconds, Stopping threads took: 0.0000082 seconds
2017-09-17T00:47:28.022-0100: 13322.425: Total time for which application threads were stopped: 0.0000584 seconds, Stopping threads took: 0.0000075 seconds
2017-09-17T00:47:28.023-0100: 13322.425: Total time for which application threads were stopped: 0.0000545 seconds, Stopping threads took: 0.0000077 seconds
2017-09-17T00:47:28.023-0100: 13322.425: Total time for which application threads were stopped: 0.0000597 seconds, Stopping threads took: 0.0000089 seconds
2017-09-17T00:47:28.023-0100: 13322.425: Total time for which application threads were stopped: 0.0000584 seconds, Stopping threads took: 0.0000082 seconds
2017-09-17T00:47:28.023-0100: 13322.425: Total time for which application threads were stopped: 0.0000576 seconds, Stopping threads took: 0.0000081 seconds
2017-09-17T00:47:28.054-0100: 13322.456: Total time for which application threads were stopped: 0.0000880 seconds, Stopping threads took: 0.0000143 seconds
2017-09-17T00:47:28.054-0100: 13322.457: Total time for which application threads were stopped: 0.0000723 seconds, Stopping threads took: 0.0000198 seconds
2017-09-17T00:47:28.054-0100: 13322.457: Total time for which application threads were stopped: 0.0000684 seconds, Stopping threads took: 0.0000200 seconds
2017-09-17T00:47:28.055-0100: 13322.458: Total time for which application threads were stopped: 0.0000992 seconds, Stopping threads took: 0.0000452 seconds
2017-09-17T00:47:28.056-0100: 13322.458: Total time for which application threads were stopped: 0.0000617 seconds, Stopping threads took: 0.0000163 seconds
2017-09-17T00:47:28.059-0100: 13322.461: Total time for which application threads were stopped: 0.0000875 seconds, Stopping threads took: 0.0000362 seconds
2017-09-17T00:47:28.059-0100: 13322.461: Total time for which application threads were stopped: 0.0000939 seconds, Stopping threads took: 0.0000323 seconds
2017-09-17T00:47:28.059-0100: 13322.461: Total time for which application threads were stopped: 0.0000791 seconds, Stopping threads took: 0.0000268 seconds
2017-09-17T00:47:28.067-0100: 13322.469: Total time for which application threads were stopped: 0.0000872 seconds, Stopping threads took: 0.0000240 seconds
2017-09-17T00:47:28.067-0100: 13322.469: Total time for which application threads were stopped: 0.0001005 seconds, Stopping threads took: 0.0000405 seconds
2017-09-17T00:47:28.067-0100: 13322.470: Total time for which application threads were stopped: 0.0000550 seconds, Stopping threads took: 0.0000074 seconds
2017-09-17T00:47:28.068-0100: 13322.471: Total time for which application threads were stopped: 0.0000666 seconds, Stopping threads took: 0.0000194 seconds
2017-09-17T00:47:28.072-0100: 13322.474: Total time for which application threads were stopped: 0.0000757 seconds, Stopping threads took: 0.0000108 seconds
2017-09-17T00:47:28.072-0100: 13322.474: Total time for which application threads were stopped: 0.0000512 seconds, Stopping threads took: 0.0000081 seconds
2017-09-17T00:47:28.072-0100: 13322.474: Total time for which application threads were stopped: 0.0000405 seconds, Stopping threads took: 0.0000062 seconds
2017-09-17T00:47:28.072-0100: 13322.475: Total time for which application threads were stopped: 0.0000880 seconds, Stopping threads took: 0.0000252 seconds
2017-09-17T00:47:28.072-0100: 13322.475: Total time for which application threads were stopped: 0.0000782 seconds, Stopping threads took: 0.0000237 seconds
2017-09-17T00:47:28.073-0100: 13322.475: Total time for which application threads were stopped: 0.0000610 seconds, Stopping threads took: 0.0000098 seconds
2017-09-17T00:47:28.073-0100: 13322.475: Total time for which application threads were stopped: 0.0000714 seconds, Stopping threads took: 0.0000101 seconds
2017-09-17T00:47:28.081-0100: 13322.483: Total time for which application threads were stopped: 0.0001047 seconds, Stopping threads took: 0.0000266 seconds
2017-09-17T00:47:28.081-0100: 13322.484: Total time for which application threads were stopped: 0.0000849 seconds, Stopping threads took: 0.0000241 seconds
2017-09-17T00:47:28.081-0100: 13322.484: Total time for which application threads were stopped: 0.0000943 seconds, Stopping threads took: 0.0000459 seconds
2017-09-17T00:47:28.083-0100: 13322.485: Total time for which application threads were stopped: 0.0001029 seconds, Stopping threads took: 0.0000315 seconds
2017-09-17T00:47:28.086-0100: 13322.488: Total time for which application threads were stopped: 0.0000762 seconds, Stopping threads took: 0.0000106 seconds
2017-09-17T00:47:28.087-0100: 13322.489: Total time for which application threads were stopped: 0.0000729 seconds, Stopping threads took: 0.0000224 seconds
2017-09-17T00:47:28.087-0100: 13322.489: Total time for which application threads were stopped: 0.0000725 seconds, Stopping threads took: 0.0000280 seconds
2017-09-17T00:47:28.087-0100: 13322.489: Total time for which application threads were stopped: 0.0000722 seconds, Stopping threads took: 0.0000093 seconds
2017-09-17T00:47:28.087-0100: 13322.489: Total time for which application threads were stopped: 0.0000583 seconds, Stopping threads took: 0.0000165 seconds
2017-09-17T00:47:28.096-0100: 13322.498: Total time for which application threads were stopped: 0.0000761 seconds, Stopping threads took: 0.0000114 seconds
2017-09-17T00:47:28.096-0100: 13322.499: Total time for which application threads were stopped: 0.0000575 seconds, Stopping threads took: 0.0000097 seconds
2017-09-17T00:47:28.096-0100: 13322.499: Total time for which application threads were stopped: 0.0000435 seconds, Stopping threads took: 0.0000065 seconds
2017-09-17T00:47:28.097-0100: 13322.500: Total time for which application threads were stopped: 0.0001807 seconds, Stopping threads took: 0.0001276 seconds
2017-09-17T00:47:28.101-0100: 13322.503: Total time for which application threads were stopped: 0.0000672 seconds, Stopping threads took: 0.0000113 seconds
2017-09-17T00:47:28.101-0100: 13322.504: Total time for which application threads were stopped: 0.0001079 seconds, Stopping threads took: 0.0000265 seconds
2017-09-17T00:47:28.101-0100: 13322.504: Total time for which application threads were stopped: 0.0000610 seconds, Stopping threads took: 0.0000112 seconds
2017-09-17T00:47:28.102-0100: 13322.504: Total time for which application threads were stopped: 0.0000580 seconds, Stopping threads took: 0.0000161 seconds
2017-09-17T00:47:28.102-0100: 13322.504: Total time for which application threads were stopped: 0.0000497 seconds, Stopping threads took: 0.0000067 seconds
2017-09-17T00:47:28.109-0100: 13322.512: Total time for which application threads were stopped: 0.0001023 seconds, Stopping threads took: 0.0000274 seconds
2017-09-17T00:47:28.110-0100: 13322.512: Total time for which application threads were stopped: 0.0000896 seconds, Stopping threads took: 0.0000176 seconds
2017-09-17T00:47:28.110-0100: 13322.513: Total time for which application threads were stopped: 0.0000540 seconds, Stopping threads took: 0.0000079 seconds
2017-09-17T00:47:28.111-0100: 13322.514: Total time for which application threads were stopped: 0.0000738 seconds, Stopping threads took: 0.0000201 seconds
2017-09-17T00:47:28.115-0100: 13322.517: Total time for which application threads were stopped: 0.0000697 seconds, Stopping threads took: 0.0000132 seconds
2017-09-17T00:47:28.115-0100: 13322.518: Total time for which application threads were stopped: 0.0000696 seconds, Stopping threads took: 0.0000189 seconds
2017-09-17T00:47:28.116-0100: 13322.518: Total time for which application threads were stopped: 0.0000699 seconds, Stopping threads took: 0.0000230 seconds
2017-09-17T00:47:28.116-0100: 13322.518: Total time for which application threads were stopped: 0.0001790 seconds, Stopping threads took: 0.0000194 seconds
2017-09-17T00:47:28.123-0100: 13322.526: Total time for which application threads were stopped: 0.0000666 seconds, Stopping threads took: 0.0000111 seconds
2017-09-17T00:47:28.124-0100: 13322.527: Total time for which application threads were stopped: 0.0001486 seconds, Stopping threads took: 0.0000285 seconds
2017-09-17T00:47:28.125-0100: 13322.527: Total time for which application threads were stopped: 0.0000549 seconds, Stopping threads took: 0.0000088 seconds
2017-09-17T00:47:28.128-0100: 13322.531: Total time for which application threads were stopped: 0.0000664 seconds, Stopping threads took: 0.0000112 seconds
2017-09-17T00:47:28.129-0100: 13322.532: Total time for which application threads were stopped: 0.0002066 seconds, Stopping threads took: 0.0000282 seconds
2017-09-17T00:47:28.129-0100: 13322.532: Total time for which application threads were stopped: 0.0000899 seconds, Stopping threads took: 0.0000261 seconds
2017-09-17T00:47:28.130-0100: 13322.532: Total time for which application threads were stopped: 0.0000844 seconds, Stopping threads took: 0.0000335 seconds
2017-09-17T00:47:28.133-0100: 13322.535: Total time for which application threads were stopped: 0.0001392 seconds, Stopping threads took: 0.0000241 seconds
2017-09-17T00:47:28.136-0100: 13322.539: Total time for which application threads were stopped: 0.0000714 seconds, Stopping threads took: 0.0000119 seconds
2017-09-17T00:47:28.138-0100: 13322.540: Total time for which application threads were stopped: 0.0001963 seconds, Stopping threads took: 0.0000127 seconds
2017-09-17T00:47:28.143-0100: 13322.545: Total time for which application threads were stopped: 0.0000881 seconds, Stopping threads took: 0.0000122 seconds
2017-09-17T00:47:28.144-0100: 13322.546: Total time for which application threads were stopped: 0.0000925 seconds, Stopping threads took: 0.0000127 seconds
2017-09-17T00:47:28.144-0100: 13322.547: Total time for which application threads were stopped: 0.0002142 seconds, Stopping threads took: 0.0000286 seconds
2017-09-17T00:47:28.144-0100: 13322.547: Total time for which application threads were stopped: 0.0000932 seconds, Stopping threads took: 0.0000258 seconds
2017-09-17T00:47:28.144-0100: 13322.547: Total time for which application threads were stopped: 0.0000853 seconds, Stopping threads took: 0.0000266 seconds
2017-09-17T00:47:29.147-0100: 13323.550: Total time for which application threads were stopped: 0.0001382 seconds, Stopping threads took: 0.0000439 seconds
2017-09-17T00:47:30.547-0100: 13324.950: Total time for which application threads were stopped: 0.0001073 seconds, Stopping threads took: 0.0000181 seconds
2017-09-17T00:47:30.549-0100: 13324.951: Total time for which application threads were stopped: 0.0000644 seconds, Stopping threads took: 0.0000098 seconds
2017-09-17T00:47:30.549-0100: 13324.952: Total time for which application threads were stopped: 0.0000609 seconds, Stopping threads took: 0.0000119 seconds
2017-09-17T00:47:30.556-0100: 13324.958: Total time for which application threads were stopped: 0.0001429 seconds, Stopping threads took: 0.0000374 seconds
2017-09-17T00:47:30.556-0100: 13324.959: Total time for which application threads were stopped: 0.0000902 seconds, Stopping threads took: 0.0000225 seconds
2017-09-17T00:47:30.556-0100: 13324.959: Total time for which application threads were stopped: 0.0000854 seconds, Stopping threads took: 0.0000352 seconds
2017-09-17T00:47:30.557-0100: 13324.959: Total time for which application threads were stopped: 0.0001608 seconds, Stopping threads took: 0.0000301 seconds
2017-09-17T00:47:30.557-0100: 13324.960: Total time for which application threads were stopped: 0.0000969 seconds, Stopping threads took: 0.0000447 seconds
2017-09-17T00:47:30.558-0100: 13324.960: Total time for which application threads were stopped: 0.0000863 seconds, Stopping threads took: 0.0000425 seconds
2017-09-17T00:47:30.558-0100: 13324.960: Total time for which application threads were stopped: 0.0000855 seconds, Stopping threads took: 0.0000365 seconds
2017-09-17T00:47:30.565-0100: 13324.968: Total time for which application threads were stopped: 0.0001194 seconds, Stopping threads took: 0.0000268 seconds
2017-09-17T00:47:30.568-0100: 13324.971: Total time for which application threads were stopped: 0.0001327 seconds, Stopping threads took: 0.0000131 seconds
2017-09-17T00:47:30.572-0100: 13324.975: Total time for which application threads were stopped: 0.0001014 seconds, Stopping threads took: 0.0000254 seconds
2017-09-17T00:47:30.572-0100: 13324.975: Total time for which application threads were stopped: 0.0000776 seconds, Stopping threads took: 0.0000121 seconds
2017-09-17T00:47:30.573-0100: 13324.975: Total time for which application threads were stopped: 0.0000730 seconds, Stopping threads took: 0.0000193 seconds
2017-09-17T00:47:30.573-0100: 13324.975: Total time for which application threads were stopped: 0.0001027 seconds, Stopping threads took: 0.0000503 seconds
2017-09-17T00:47:30.573-0100: 13324.976: Total time for which application threads were stopped: 0.0001336 seconds, Stopping threads took: 0.0000303 seconds
2017-09-17T00:47:30.573-0100: 13324.976: Total time for which application threads were stopped: 0.0001209 seconds, Stopping threads took: 0.0000368 seconds
2017-09-17T00:47:30.574-0100: 13324.976: Total time for which application threads were stopped: 0.0001701 seconds, Stopping threads took: 0.0000218 seconds
2017-09-17T00:47:30.574-0100: 13324.976: Total time for which application threads were stopped: 0.0000953 seconds, Stopping threads took: 0.0000208 seconds
2017-09-17T00:47:30.574-0100: 13324.976: Total time for which application threads were stopped: 0.0000616 seconds, Stopping threads took: 0.0000091 seconds
2017-09-17T00:47:30.574-0100: 13324.977: Total time for which application threads were stopped: 0.0000742 seconds, Stopping threads took: 0.0000201 seconds
2017-09-17T00:47:30.574-0100: 13324.977: Total time for which application threads were stopped: 0.0000735 seconds, Stopping threads took: 0.0000079 seconds
2017-09-17T00:47:30.574-0100: 13324.977: Total time for which application threads were stopped: 0.0000613 seconds, Stopping threads took: 0.0000085 seconds
2017-09-17T00:47:30.575-0100: 13324.977: Total time for which application threads were stopped: 0.0000788 seconds, Stopping threads took: 0.0000234 seconds
2017-09-17T00:47:30.575-0100: 13324.977: Total time for which application threads were stopped: 0.0000946 seconds, Stopping threads took: 0.0000216 seconds
2017-09-17T00:47:30.575-0100: 13324.977: Total time for which application threads were stopped: 0.0000687 seconds, Stopping threads took: 0.0000178 seconds
2017-09-17T00:47:30.575-0100: 13324.978: Total time for which application threads were stopped: 0.0000714 seconds, Stopping threads took: 0.0000185 seconds
2017-09-17T00:47:30.586-0100: 13324.988: Total time for which application threads were stopped: 0.0001146 seconds, Stopping threads took: 0.0000139 seconds
2017-09-17T00:47:30.605-0100: 13325.008: Total time for which application threads were stopped: 0.0000973 seconds, Stopping threads took: 0.0000257 seconds
2017-09-17T00:47:30.605-0100: 13325.008: Total time for which application threads were stopped: 0.0000617 seconds, Stopping threads took: 0.0000209 seconds
2017-09-17T00:47:30.605-0100: 13325.008: Total time for which application threads were stopped: 0.0000506 seconds, Stopping threads took: 0.0000173 seconds
2017-09-17T00:47:30.605-0100: 13325.008: Total time for which application threads were stopped: 0.0000650 seconds, Stopping threads took: 0.0000146 seconds
2017-09-17T00:47:30.616-0100: 13325.019: Total time for which application threads were stopped: 0.0000916 seconds, Stopping threads took: 0.0000209 seconds
2017-09-17T00:47:30.627-0100: 13325.030: Total time for which application threads were stopped: 0.0000835 seconds, Stopping threads took: 0.0000312 seconds
2017-09-17T00:47:30.627-0100: 13325.030: Total time for which application threads were stopped: 0.0000628 seconds, Stopping threads took: 0.0000175 seconds
2017-09-17T00:47:30.627-0100: 13325.030: Total time for which application threads were stopped: 0.0000636 seconds, Stopping threads took: 0.0000167 seconds
2017-09-17T00:47:30.627-0100: 13325.030: Total time for which application threads were stopped: 0.0001186 seconds, Stopping threads took: 0.0000629 seconds
2017-09-17T00:47:30.636-0100: 13325.038: Total time for which application threads were stopped: 0.0000700 seconds, Stopping threads took: 0.0000103 seconds
2017-09-17T00:47:30.639-0100: 13325.042: Total time for which application threads were stopped: 0.0000739 seconds, Stopping threads took: 0.0000213 seconds
2017-09-17T00:47:30.640-0100: 13325.042: Total time for which application threads were stopped: 0.0000506 seconds, Stopping threads took: 0.0000094 seconds
2017-09-17T00:47:30.640-0100: 13325.042: Total time for which application threads were stopped: 0.0000549 seconds, Stopping threads took: 0.0000192 seconds
2017-09-17T00:47:30.640-0100: 13325.042: Total time for which application threads were stopped: 0.0000548 seconds, Stopping threads took: 0.0000185 seconds
2017-09-17T00:47:30.648-0100: 13325.050: Total time for which application threads were stopped: 0.0000918 seconds, Stopping threads took: 0.0000222 seconds
2017-09-17T00:47:30.652-0100: 13325.054: Total time for which application threads were stopped: 0.0000975 seconds, Stopping threads took: 0.0000199 seconds
2017-09-17T00:47:30.652-0100: 13325.054: Total time for which application threads were stopped: 0.0000423 seconds, Stopping threads took: 0.0000064 seconds
2017-09-17T00:47:30.652-0100: 13325.054: Total time for which application threads were stopped: 0.0000637 seconds, Stopping threads took: 0.0000183 seconds
2017-09-17T00:47:30.652-0100: 13325.055: Total time for which application threads were stopped: 0.0000634 seconds, Stopping threads took: 0.0000265 seconds
2017-09-17T00:47:30.660-0100: 13325.063: Total time for which application threads were stopped: 0.0000749 seconds, Stopping threads took: 0.0000121 seconds
2017-09-17T00:47:30.664-0100: 13325.066: Total time for which application threads were stopped: 0.0001081 seconds, Stopping threads took: 0.0000501 seconds
2017-09-17T00:47:30.664-0100: 13325.066: Total time for which application threads were stopped: 0.0000882 seconds, Stopping threads took: 0.0000446 seconds
2017-09-17T00:47:30.664-0100: 13325.066: Total time for which application threads were stopped: 0.0000889 seconds, Stopping threads took: 0.0000272 seconds
2017-09-17T00:47:30.664-0100: 13325.067: Total time for which application threads were stopped: 0.0000892 seconds, Stopping threads took: 0.0000497 seconds
2017-09-17T00:47:30.674-0100: 13325.076: Total time for which application threads were stopped: 0.0000718 seconds, Stopping threads took: 0.0000127 seconds
2017-09-17T00:47:30.677-0100: 13325.080: Total time for which application threads were stopped: 0.0001413 seconds, Stopping threads took: 0.0000717 seconds
2017-09-17T00:47:30.677-0100: 13325.080: Total time for which application threads were stopped: 0.0001048 seconds, Stopping threads took: 0.0000572 seconds
2017-09-17T00:47:30.678-0100: 13325.080: Total time for which application threads were stopped: 0.0000566 seconds, Stopping threads took: 0.0000221 seconds
2017-09-17T00:47:30.678-0100: 13325.080: Total time for which application threads were stopped: 0.0000660 seconds, Stopping threads took: 0.0000202 seconds
2017-09-17T00:47:30.678-0100: 13325.080: Total time for which application threads were stopped: 0.0000830 seconds, Stopping threads took: 0.0000254 seconds
2017-09-17T00:47:30.687-0100: 13325.089: Total time for which application threads were stopped: 0.0001080 seconds, Stopping threads took: 0.0000276 seconds
2017-09-17T00:47:30.692-0100: 13325.094: Total time for which application threads were stopped: 0.0001099 seconds, Stopping threads took: 0.0000334 seconds
2017-09-17T00:47:30.692-0100: 13325.094: Total time for which application threads were stopped: 0.0000909 seconds, Stopping threads took: 0.0000257 seconds
2017-09-17T00:47:30.692-0100: 13325.094: Total time for which application threads were stopped: 0.0000847 seconds, Stopping threads took: 0.0000276 seconds
2017-09-17T00:47:30.692-0100: 13325.095: Total time for which application threads were stopped: 0.0000729 seconds, Stopping threads took: 0.0000244 seconds
2017-09-17T00:47:30.692-0100: 13325.095: Total time for which application threads were stopped: 0.0001406 seconds, Stopping threads took: 0.0000803 seconds
2017-09-17T00:47:30.701-0100: 13325.103: Total time for which application threads were stopped: 0.0001052 seconds, Stopping threads took: 0.0000293 seconds
2017-09-17T00:47:30.705-0100: 13325.107: Total time for which application threads were stopped: 0.0001503 seconds, Stopping threads took: 0.0000364 seconds
2017-09-17T00:47:30.705-0100: 13325.108: Total time for which application threads were stopped: 0.0000853 seconds, Stopping threads took: 0.0000165 seconds
2017-09-17T00:47:30.706-0100: 13325.109: Total time for which application threads were stopped: 0.0001039 seconds, Stopping threads took: 0.0000379 seconds
2017-09-17T00:47:30.706-0100: 13325.109: Total time for which application threads were stopped: 0.0001449 seconds, Stopping threads took: 0.0000716 seconds
2017-09-17T00:47:30.706-0100: 13325.109: Total time for which application threads were stopped: 0.0000901 seconds, Stopping threads took: 0.0000271 seconds
2017-09-17T00:47:30.706-0100: 13325.109: Total time for which application threads were stopped: 0.0000920 seconds, Stopping threads took: 0.0000319 seconds
2017-09-17T00:47:30.721-0100: 13325.124: Total time for which application threads were stopped: 0.0001356 seconds, Stopping threads took: 0.0000319 seconds
2017-09-17T00:47:30.721-0100: 13325.124: Total time for which application threads were stopped: 0.0000904 seconds, Stopping threads took: 0.0000262 seconds
2017-09-17T00:47:30.721-0100: 13325.124: Total time for which application threads were stopped: 0.0000781 seconds, Stopping threads took: 0.0000238 seconds
2017-09-17T00:47:30.721-0100: 13325.124: Total time for which application threads were stopped: 0.0001500 seconds, Stopping threads took: 0.0000918 seconds
2017-09-17T00:47:30.722-0100: 13325.124: Total time for which application threads were stopped: 0.0000921 seconds, Stopping threads took: 0.0000109 seconds
2017-09-17T00:47:30.722-0100: 13325.125: Total time for which application threads were stopped: 0.0001574 seconds, Stopping threads took: 0.0000089 seconds
2017-09-17T00:47:30.737-0100: 13325.140: Total time for which application threads were stopped: 0.0001025 seconds, Stopping threads took: 0.0000141 seconds
2017-09-17T00:47:30.737-0100: 13325.140: Total time for which application threads were stopped: 0.0000884 seconds, Stopping threads took: 0.0000242 seconds
2017-09-17T00:47:30.741-0100: 13325.144: Total time for which application threads were stopped: 0.0001121 seconds, Stopping threads took: 0.0000307 seconds
2017-09-17T00:47:30.741-0100: 13325.144: Total time for which application threads were stopped: 0.0000933 seconds, Stopping threads took: 0.0000291 seconds
2017-09-17T00:47:30.742-0100: 13325.144: Total time for which application threads were stopped: 0.0000946 seconds, Stopping threads took: 0.0000295 seconds
2017-09-17T00:47:30.742-0100: 13325.144: Total time for which application threads were stopped: 0.0001228 seconds, Stopping threads took: 0.0000601 seconds
2017-09-17T00:47:30.750-0100: 13325.153: Total time for which application threads were stopped: 0.0000733 seconds, Stopping threads took: 0.0000117 seconds
2017-09-17T00:47:30.754-0100: 13325.157: Total time for which application threads were stopped: 0.0001027 seconds, Stopping threads took: 0.0000282 seconds
2017-09-17T00:47:30.755-0100: 13325.157: Total time for which application threads were stopped: 0.0000911 seconds, Stopping threads took: 0.0000205 seconds
2017-09-17T00:47:30.755-0100: 13325.157: Total time for which application threads were stopped: 0.0000786 seconds, Stopping threads took: 0.0000221 seconds
2017-09-17T00:47:30.755-0100: 13325.157: Total time for which application threads were stopped: 0.0001222 seconds, Stopping threads took: 0.0000619 seconds
2017-09-17T00:47:30.763-0100: 13325.165: Total time for which application threads were stopped: 0.0000645 seconds, Stopping threads took: 0.0000105 seconds
2017-09-17T00:47:30.766-0100: 13325.169: Total time for which application threads were stopped: 0.0000945 seconds, Stopping threads took: 0.0000351 seconds
2017-09-17T00:47:30.766-0100: 13325.169: Total time for which application threads were stopped: 0.0000840 seconds, Stopping threads took: 0.0000358 seconds
2017-09-17T00:47:30.766-0100: 13325.169: Total time for which application threads were stopped: 0.0000658 seconds, Stopping threads took: 0.0000200 seconds
2017-09-17T00:47:30.766-0100: 13325.169: Total time for which application threads were stopped: 0.0000763 seconds, Stopping threads took: 0.0000211 seconds
2017-09-17T00:47:30.775-0100: 13325.178: Total time for which application threads were stopped: 0.0000920 seconds, Stopping threads took: 0.0000135 seconds
2017-09-17T00:47:30.780-0100: 13325.182: Total time for which application threads were stopped: 0.0000949 seconds, Stopping threads took: 0.0000277 seconds
2017-09-17T00:47:30.780-0100: 13325.182: Total time for which application threads were stopped: 0.0000823 seconds, Stopping threads took: 0.0000335 seconds
2017-09-17T00:47:30.780-0100: 13325.182: Total time for which application threads were stopped: 0.0000903 seconds, Stopping threads took: 0.0000326 seconds
2017-09-17T00:47:30.780-0100: 13325.182: Total time for which application threads were stopped: 0.0000626 seconds, Stopping threads took: 0.0000070 seconds
2017-09-17T00:47:30.788-0100: 13325.191: Total time for which application threads were stopped: 0.0001002 seconds, Stopping threads took: 0.0000240 seconds
2017-09-17T00:47:30.792-0100: 13325.195: Total time for which application threads were stopped: 0.0000796 seconds, Stopping threads took: 0.0000222 seconds
2017-09-17T00:47:30.793-0100: 13325.195: Total time for which application threads were stopped: 0.0000756 seconds, Stopping threads took: 0.0000250 seconds
2017-09-17T00:47:30.793-0100: 13325.195: Total time for which application threads were stopped: 0.0000682 seconds, Stopping threads took: 0.0000108 seconds
2017-09-17T00:47:30.793-0100: 13325.195: Total time for which application threads were stopped: 0.0000599 seconds, Stopping threads took: 0.0000212 seconds
2017-09-17T00:47:58.900-0100: 13353.303: Total time for which application threads were stopped: 0.0001164 seconds, Stopping threads took: 0.0000289 seconds
2017-09-17T00:48:38.669-0100: 13393.074: Total time for which application threads were stopped: 0.0000854 seconds, Stopping threads took: 0.0000158 seconds
2017-09-17T00:48:38.674-0100: 13393.079: Total time for which application threads were stopped: 0.0000740 seconds, Stopping threads took: 0.0000108 seconds
2017-09-17T00:48:38.674-0100: 13393.079: Total time for which application threads were stopped: 0.0000689 seconds, Stopping threads took: 0.0000060 seconds
2017-09-17T00:48:38.674-0100: 13393.079: Total time for which application threads were stopped: 0.0000768 seconds, Stopping threads took: 0.0000368 seconds
2017-09-17T00:48:38.674-0100: 13393.079: Total time for which application threads were stopped: 0.0001657 seconds, Stopping threads took: 0.0000197 seconds
{Heap before GC invocations=10 (full 2):
 par new generation   total 109248K, used 98207K [0x00000007a0000000, 0x00000007a8000000, 0x00000007a8000000)
  eden space 87424K,  99% used [0x00000007a0000000, 0x00000007a54f93d8, 0x00000007a5560000)
  from space 21824K,  51% used [0x00000007a5560000, 0x00000007a604ebd0, 0x00000007a6ab0000)
  to   space 21824K,   0% used [0x00000007a6ab0000, 0x00000007a6ab0000, 0x00000007a8000000)
 concurrent mark-sweep generation total 393216K, used 5958K [0x00000007a8000000, 0x00000007c0000000, 0x00000007c0000000)
 Metaspace       used 38635K, capacity 39546K, committed 39808K, reserved 1085440K
  class space    used 4480K, capacity 4708K, committed 4736K, reserved 1048576K
2017-09-17T00:48:38.680-0100: 13393.085: [GC (Allocation Failure) 2017-09-17T00:48:38.682-0100: 13393.087: [ParNew
Desired survivor size 20112992 bytes, new threshold 8 (max 8)
- age   1:    1396280 bytes,    1396280 total
- age   2:     175520 bytes,    1571800 total
- age   3:     164952 bytes,    1736752 total
- age   4:     192208 bytes,    1928960 total
- age   5:    2944976 bytes,    4873936 total
- age   6:    2871696 bytes,    7745632 total
- age   7:     795160 bytes,    8540792 total
- age   8:     253008 bytes,    8793800 total
: 98207K->14413K(109248K), 0.0116914 secs] 104166K->21432K(502464K), 0.0134086 secs] [Times: user=0.05 sys=0.00, real=0.01 secs] 
Heap after GC invocations=11 (full 2):
 par new generation   total 109248K, used 14413K [0x00000007a0000000, 0x00000007a8000000, 0x00000007a8000000)
  eden space 87424K,   0% used [0x00000007a0000000, 0x00000007a0000000, 0x00000007a5560000)
  from space 21824K,  66% used [0x00000007a6ab0000, 0x00000007a78c3518, 0x00000007a8000000)
  to   space 21824K,   0% used [0x00000007a5560000, 0x00000007a5560000, 0x00000007a6ab0000)
 concurrent mark-sweep generation total 393216K, used 7019K [0x00000007a8000000, 0x00000007c0000000, 0x00000007c0000000)
 Metaspace       used 38635K, capacity 39546K, committed 39808K, reserved 1085440K
  class space    used 4480K, capacity 4708K, committed 4736K, reserved 1048576K
}
2017-09-17T00:48:38.694-0100: 13393.099: Total time for which application threads were stopped: 0.0135471 seconds, Stopping threads took: 0.0000116 seconds
2017-09-17T00:48:38.694-0100: 13393.099: Total time for which application threads were stopped: 0.0001457 seconds, Stopping threads took: 0.0000197 seconds
2017-09-17T00:48:38.695-0100: 13393.100: Total time for which application threads were stopped: 0.0000631 seconds, Stopping threads took: 0.0000094 seconds
2017-09-17T00:48:38.699-0100: 13393.104: Total time for which application threads were stopped: 0.0001297 seconds, Stopping threads took: 0.0000566 seconds
2017-09-17T00:48:38.699-0100: 13393.104: Total time for which application threads were stopped: 0.0000842 seconds, Stopping threads took: 0.0000252 seconds
2017-09-17T00:48:38.699-0100: 13393.104: Total time for which application threads were stopped: 0.0000598 seconds, Stopping threads took: 0.0000212 seconds
2017-09-17T00:48:38.708-0100: 13393.113: Total time for which application threads were stopped: 0.0000883 seconds, Stopping threads took: 0.0000132 seconds
2017-09-17T00:48:38.712-0100: 13393.117: Total time for which application threads were stopped: 0.0001095 seconds, Stopping threads took: 0.0000258 seconds
2017-09-17T00:48:38.712-0100: 13393.117: Total time for which application threads were stopped: 0.0000884 seconds, Stopping threads took: 0.0000347 seconds
2017-09-17T00:48:38.712-0100: 13393.118: Total time for which application threads were stopped: 0.0001125 seconds, Stopping threads took: 0.0000211 seconds
2017-09-17T00:48:38.713-0100: 13393.118: Total time for which application threads were stopped: 0.0000897 seconds, Stopping threads took: 0.0000415 seconds
2017-09-17T00:48:38.713-0100: 13393.118: Total time for which application threads were stopped: 0.0000816 seconds, Stopping threads took: 0.0000334 seconds
2017-09-17T00:48:38.713-0100: 13393.118: Total time for which application threads were stopped: 0.0001084 seconds, Stopping threads took: 0.0000657 seconds
2017-09-17T00:48:38.729-0100: 13393.134: Total time for which application threads were stopped: 0.0001570 seconds, Stopping threads took: 0.0000328 seconds
2017-09-17T00:48:38.729-0100: 13393.135: Total time for which application threads were stopped: 0.0000889 seconds, Stopping threads took: 0.0000240 seconds
2017-09-17T00:48:38.730-0100: 13393.135: Total time for which application threads were stopped: 0.0001126 seconds, Stopping threads took: 0.0000480 seconds
2017-09-17T00:48:38.730-0100: 13393.135: Total time for which application threads were stopped: 0.0000726 seconds, Stopping threads took: 0.0000104 seconds
2017-09-17T00:48:38.730-0100: 13393.135: Total time for which application threads were stopped: 0.0000660 seconds, Stopping threads took: 0.0000089 seconds
2017-09-17T00:48:38.730-0100: 13393.135: Total time for which application threads were stopped: 0.0000705 seconds, Stopping threads took: 0.0000119 seconds
2017-09-17T00:48:38.730-0100: 13393.136: Total time for which application threads were stopped: 0.0000820 seconds, Stopping threads took: 0.0000260 seconds
2017-09-17T00:48:38.731-0100: 13393.136: Total time for which application threads were stopped: 0.0000803 seconds, Stopping threads took: 0.0000249 seconds
2017-09-17T00:48:38.731-0100: 13393.136: Total time for which application threads were stopped: 0.0000678 seconds, Stopping threads took: 0.0000078 seconds
2017-09-17T00:48:38.731-0100: 13393.136: Total time for which application threads were stopped: 0.0000565 seconds, Stopping threads took: 0.0000186 seconds
2017-09-17T00:48:38.731-0100: 13393.136: Total time for which application threads were stopped: 0.0000594 seconds, Stopping threads took: 0.0000088 seconds
2017-09-17T00:48:38.771-0100: 13393.176: Total time for which application threads were stopped: 0.0001196 seconds, Stopping threads took: 0.0000354 seconds
2017-09-17T00:48:38.771-0100: 13393.176: Total time for which application threads were stopped: 0.0000374 seconds, Stopping threads took: 0.0000063 seconds
2017-09-17T00:48:38.776-0100: 13393.181: Total time for which application threads were stopped: 0.0000834 seconds, Stopping threads took: 0.0000220 seconds
2017-09-17T00:48:38.776-0100: 13393.181: Total time for which application threads were stopped: 0.0000987 seconds, Stopping threads took: 0.0000362 seconds
2017-09-17T00:48:38.776-0100: 13393.181: Total time for which application threads were stopped: 0.0000646 seconds, Stopping threads took: 0.0000244 seconds
2017-09-17T00:48:38.784-0100: 13393.189: Total time for which application threads were stopped: 0.0000892 seconds, Stopping threads took: 0.0000191 seconds
2017-09-17T00:48:38.786-0100: 13393.191: Total time for which application threads were stopped: 0.0000995 seconds, Stopping threads took: 0.0000275 seconds
2017-09-17T00:48:38.787-0100: 13393.192: Total time for which application threads were stopped: 0.0000874 seconds, Stopping threads took: 0.0000235 seconds
2017-09-17T00:48:38.787-0100: 13393.192: Total time for which application threads were stopped: 0.0000730 seconds, Stopping threads took: 0.0000195 seconds
2017-09-17T00:48:41.412-0100: 13395.817: Total time for which application threads were stopped: 0.0001014 seconds, Stopping threads took: 0.0000259 seconds
2017-09-17T00:48:41.418-0100: 13395.823: Total time for which application threads were stopped: 0.0000673 seconds, Stopping threads took: 0.0000108 seconds
2017-09-17T00:48:41.418-0100: 13395.823: Total time for which application threads were stopped: 0.0000794 seconds, Stopping threads took: 0.0000321 seconds
2017-09-17T00:48:41.418-0100: 13395.823: Total time for which application threads were stopped: 0.0001226 seconds, Stopping threads took: 0.0000796 seconds
2017-09-17T00:48:41.425-0100: 13395.830: Total time for which application threads were stopped: 0.0000682 seconds, Stopping threads took: 0.0000105 seconds
2017-09-17T00:48:41.430-0100: 13395.835: Total time for which application threads were stopped: 0.0001030 seconds, Stopping threads took: 0.0000292 seconds
2017-09-17T00:48:41.430-0100: 13395.835: Total time for which application threads were stopped: 0.0000879 seconds, Stopping threads took: 0.0000234 seconds
2017-09-17T00:48:41.430-0100: 13395.835: Total time for which application threads were stopped: 0.0000817 seconds, Stopping threads took: 0.0000256 seconds
2017-09-17T00:48:41.437-0100: 13395.842: Total time for which application threads were stopped: 0.0000628 seconds, Stopping threads took: 0.0000111 seconds
2017-09-17T00:48:41.441-0100: 13395.846: Total time for which application threads were stopped: 0.0001028 seconds, Stopping threads took: 0.0000252 seconds
2017-09-17T00:48:41.441-0100: 13395.847: Total time for which application threads were stopped: 0.0000892 seconds, Stopping threads took: 0.0000249 seconds
2017-09-17T00:48:41.442-0100: 13395.847: Total time for which application threads were stopped: 0.0000936 seconds, Stopping threads took: 0.0000313 seconds
2017-09-17T00:48:41.450-0100: 13395.855: Total time for which application threads were stopped: 0.0000711 seconds, Stopping threads took: 0.0000097 seconds
2017-09-17T00:48:41.454-0100: 13395.860: Total time for which application threads were stopped: 0.0000977 seconds, Stopping threads took: 0.0000249 seconds
2017-09-17T00:48:41.455-0100: 13395.860: Total time for which application threads were stopped: 0.0000861 seconds, Stopping threads took: 0.0000242 seconds
2017-09-17T00:48:41.455-0100: 13395.860: Total time for which application threads were stopped: 0.0000665 seconds, Stopping threads took: 0.0000226 seconds
2017-09-17T00:48:41.463-0100: 13395.868: Total time for which application threads were stopped: 0.0000892 seconds, Stopping threads took: 0.0000315 seconds
2017-09-17T00:48:41.468-0100: 13395.873: Total time for which application threads were stopped: 0.0001225 seconds, Stopping threads took: 0.0000306 seconds
2017-09-17T00:48:41.468-0100: 13395.873: Total time for which application threads were stopped: 0.0000818 seconds, Stopping threads took: 0.0000182 seconds
2017-09-17T00:48:41.468-0100: 13395.873: Total time for which application threads were stopped: 0.0000980 seconds, Stopping threads took: 0.0000242 seconds
2017-09-17T00:48:41.475-0100: 13395.880: Total time for which application threads were stopped: 0.0000990 seconds, Stopping threads took: 0.0000263 seconds
2017-09-17T00:48:41.479-0100: 13395.884: Total time for which application threads were stopped: 0.0000793 seconds, Stopping threads took: 0.0000100 seconds
2017-09-17T00:48:41.479-0100: 13395.884: Total time for which application threads were stopped: 0.0001120 seconds, Stopping threads took: 0.0000450 seconds
2017-09-17T00:48:41.480-0100: 13395.885: Total time for which application threads were stopped: 0.0001823 seconds, Stopping threads took: 0.0000239 seconds
2017-09-17T00:48:41.480-0100: 13395.885: Total time for which application threads were stopped: 0.0001105 seconds, Stopping threads took: 0.0000500 seconds
2017-09-17T00:48:41.480-0100: 13395.885: Total time for which application threads were stopped: 0.0000860 seconds, Stopping threads took: 0.0000233 seconds
2017-09-17T00:48:41.480-0100: 13395.885: Total time for which application threads were stopped: 0.0000845 seconds, Stopping threads took: 0.0000250 seconds
2017-09-17T00:48:41.480-0100: 13395.885: Total time for which application threads were stopped: 0.0001387 seconds, Stopping threads took: 0.0000757 seconds
2017-09-17T00:48:42.484-0100: 13396.889: Total time for which application threads were stopped: 0.0001983 seconds, Stopping threads took: 0.0000432 seconds
2017-09-17T00:48:44.582-0100: 13398.987: Total time for which application threads were stopped: 0.0001422 seconds, Stopping threads took: 0.0000363 seconds
2017-09-17T00:48:45.587-0100: 13399.992: Total time for which application threads were stopped: 0.0001495 seconds, Stopping threads took: 0.0000348 seconds
2017-09-17T00:48:46.013-0100: 13400.418: Total time for which application threads were stopped: 0.0001259 seconds, Stopping threads took: 0.0000326 seconds
2017-09-17T00:48:46.014-0100: 13400.419: Total time for which application threads were stopped: 0.0000825 seconds, Stopping threads took: 0.0000090 seconds
2017-09-17T00:48:46.014-0100: 13400.419: Total time for which application threads were stopped: 0.0000492 seconds, Stopping threads took: 0.0000064 seconds
2017-09-17T00:48:46.014-0100: 13400.419: Total time for which application threads were stopped: 0.0000540 seconds, Stopping threads took: 0.0000080 seconds
2017-09-17T00:50:45.960-0100: 13520.370: Total time for which application threads were stopped: 0.0002012 seconds, Stopping threads took: 0.0000763 seconds
2017-09-17T00:50:45.960-0100: 13520.370: Total time for which application threads were stopped: 0.0001452 seconds, Stopping threads took: 0.0000656 seconds
2017-09-17T00:50:45.961-0100: 13520.370: Total time for which application threads were stopped: 0.0001173 seconds, Stopping threads took: 0.0000591 seconds
2017-09-17T00:50:45.961-0100: 13520.371: Total time for which application threads were stopped: 0.0001399 seconds, Stopping threads took: 0.0000580 seconds
2017-09-17T00:50:45.961-0100: 13520.371: Total time for which application threads were stopped: 0.0002344 seconds, Stopping threads took: 0.0000559 seconds
2017-09-17T00:51:10.946-0100: 13545.357: Total time for which application threads were stopped: 0.0001029 seconds, Stopping threads took: 0.0000258 seconds
2017-09-17T00:51:10.946-0100: 13545.357: Total time for which application threads were stopped: 0.0003299 seconds, Stopping threads took: 0.0000109 seconds
2017-09-17T00:51:10.947-0100: 13545.357: Total time for which application threads were stopped: 0.0000677 seconds, Stopping threads took: 0.0000080 seconds
2017-09-17T00:51:10.947-0100: 13545.357: Total time for which application threads were stopped: 0.0000461 seconds, Stopping threads took: 0.0000065 seconds
2017-09-17T00:51:10.947-0100: 13545.358: Total time for which application threads were stopped: 0.0000503 seconds, Stopping threads took: 0.0000082 seconds
2017-09-17T00:51:20.988-0100: 13555.399: Total time for which application threads were stopped: 0.0001295 seconds, Stopping threads took: 0.0000276 seconds
2017-09-17T00:51:26.008-0100: 13560.419: Total time for which application threads were stopped: 0.0001421 seconds, Stopping threads took: 0.0000505 seconds
2017-09-17T00:52:06.126-0100: 13600.539: Total time for which application threads were stopped: 0.0001728 seconds, Stopping threads took: 0.0000177 seconds
2017-09-17T00:52:07.130-0100: 13601.543: Total time for which application threads were stopped: 0.0001226 seconds, Stopping threads took: 0.0000246 seconds
2017-09-17T00:52:23.665-0100: 13618.079: Total time for which application threads were stopped: 0.0001595 seconds, Stopping threads took: 0.0000369 seconds
2017-09-17T00:52:23.666-0100: 13618.079: Total time for which application threads were stopped: 0.0000655 seconds, Stopping threads took: 0.0000175 seconds
2017-09-17T00:52:23.666-0100: 13618.079: Total time for which application threads were stopped: 0.0000400 seconds, Stopping threads took: 0.0000068 seconds
2017-09-17T00:52:23.666-0100: 13618.079: Total time for which application threads were stopped: 0.0000578 seconds, Stopping threads took: 0.0000083 seconds
2017-09-17T00:52:23.666-0100: 13618.079: Total time for which application threads were stopped: 0.0000535 seconds, Stopping threads took: 0.0000062 seconds
2017-09-17T00:52:23.666-0100: 13618.080: Total time for which application threads were stopped: 0.0000415 seconds, Stopping threads took: 0.0000055 seconds
2017-09-17T00:52:23.666-0100: 13618.080: Total time for which application threads were stopped: 0.0000404 seconds, Stopping threads took: 0.0000051 seconds
2017-09-17T00:52:23.666-0100: 13618.080: Total time for which application threads were stopped: 0.0000353 seconds, Stopping threads took: 0.0000047 seconds
2017-09-17T00:52:23.666-0100: 13618.080: Total time for which application threads were stopped: 0.0000323 seconds, Stopping threads took: 0.0000045 seconds
2017-09-17T00:52:23.667-0100: 13618.080: Total time for which application threads were stopped: 0.0000511 seconds, Stopping threads took: 0.0000064 seconds
2017-09-17T00:52:23.667-0100: 13618.080: Total time for which application threads were stopped: 0.0000383 seconds, Stopping threads took: 0.0000054 seconds
2017-09-17T00:52:23.667-0100: 13618.080: Total time for which application threads were stopped: 0.0000337 seconds, Stopping threads took: 0.0000049 seconds
2017-09-17T00:52:23.667-0100: 13618.080: Total time for which application threads were stopped: 0.0000344 seconds, Stopping threads took: 0.0000044 seconds
2017-09-17T00:52:23.667-0100: 13618.080: Total time for which application threads were stopped: 0.0000342 seconds, Stopping threads took: 0.0000046 seconds
2017-09-17T00:52:23.681-0100: 13618.094: Total time for which application threads were stopped: 0.0001345 seconds, Stopping threads took: 0.0000195 seconds
2017-09-17T00:52:23.681-0100: 13618.094: Total time for which application threads were stopped: 0.0000732 seconds, Stopping threads took: 0.0000107 seconds
2017-09-17T00:52:23.686-0100: 13618.099: Total time for which application threads were stopped: 0.0001672 seconds, Stopping threads took: 0.0000623 seconds
2017-09-17T00:52:23.686-0100: 13618.099: Total time for which application threads were stopped: 0.0001038 seconds, Stopping threads took: 0.0000207 seconds
2017-09-17T00:52:23.686-0100: 13618.099: Total time for which application threads were stopped: 0.0000882 seconds, Stopping threads took: 0.0000258 seconds
2017-09-17T00:52:23.686-0100: 13618.099: Total time for which application threads were stopped: 0.0000908 seconds, Stopping threads took: 0.0000091 seconds
2017-09-17T00:52:23.694-0100: 13618.108: Total time for which application threads were stopped: 0.0000816 seconds, Stopping threads took: 0.0000113 seconds
2017-09-17T00:52:23.698-0100: 13618.111: Total time for which application threads were stopped: 0.0000961 seconds, Stopping threads took: 0.0000250 seconds
2017-09-17T00:52:23.698-0100: 13618.112: Total time for which application threads were stopped: 0.0000833 seconds, Stopping threads took: 0.0000202 seconds
2017-09-17T00:52:23.698-0100: 13618.112: Total time for which application threads were stopped: 0.0000802 seconds, Stopping threads took: 0.0000204 seconds
2017-09-17T00:52:23.699-0100: 13618.112: Total time for which application threads were stopped: 0.0000703 seconds, Stopping threads took: 0.0000173 seconds
2017-09-17T00:52:23.706-0100: 13618.120: Total time for which application threads were stopped: 0.0000843 seconds, Stopping threads took: 0.0000129 seconds
2017-09-17T00:52:23.711-0100: 13618.124: Total time for which application threads were stopped: 0.0001042 seconds, Stopping threads took: 0.0000308 seconds
2017-09-17T00:52:23.711-0100: 13618.124: Total time for which application threads were stopped: 0.0001072 seconds, Stopping threads took: 0.0000370 seconds
2017-09-17T00:52:23.711-0100: 13618.124: Total time for which application threads were stopped: 0.0000881 seconds, Stopping threads took: 0.0000306 seconds
2017-09-17T00:52:23.711-0100: 13618.125: Total time for which application threads were stopped: 0.0001417 seconds, Stopping threads took: 0.0000779 seconds
2017-09-17T00:52:23.719-0100: 13618.133: Total time for which application threads were stopped: 0.0000997 seconds, Stopping threads took: 0.0000140 seconds
2017-09-17T00:52:23.723-0100: 13618.136: Total time for which application threads were stopped: 0.0000988 seconds, Stopping threads took: 0.0000270 seconds
2017-09-17T00:52:23.723-0100: 13618.136: Total time for which application threads were stopped: 0.0001013 seconds, Stopping threads took: 0.0000650 seconds
2017-09-17T00:52:23.723-0100: 13618.136: Total time for which application threads were stopped: 0.0000807 seconds, Stopping threads took: 0.0000386 seconds
2017-09-17T00:52:23.723-0100: 13618.136: Total time for which application threads were stopped: 0.0000574 seconds, Stopping threads took: 0.0000152 seconds
2017-09-17T00:52:23.731-0100: 13618.144: Total time for which application threads were stopped: 0.0001986 seconds, Stopping threads took: 0.0000131 seconds
2017-09-17T00:52:23.735-0100: 13618.149: Total time for which application threads were stopped: 0.0001165 seconds, Stopping threads took: 0.0000337 seconds
2017-09-17T00:52:23.735-0100: 13618.149: Total time for which application threads were stopped: 0.0001012 seconds, Stopping threads took: 0.0000319 seconds
2017-09-17T00:52:23.735-0100: 13618.149: Total time for which application threads were stopped: 0.0000779 seconds, Stopping threads took: 0.0000255 seconds
2017-09-17T00:52:23.736-0100: 13618.149: Total time for which application threads were stopped: 0.0000856 seconds, Stopping threads took: 0.0000271 seconds
2017-09-17T00:52:26.748-0100: 13621.162: Total time for which application threads were stopped: 0.0001403 seconds, Stopping threads took: 0.0000353 seconds
2017-09-17T00:52:34.778-0100: 13629.192: Total time for which application threads were stopped: 0.0001420 seconds, Stopping threads took: 0.0000328 seconds
2017-09-17T00:53:24.854-0100: 13679.269: Total time for which application threads were stopped: 0.0001698 seconds, Stopping threads took: 0.0000164 seconds
2017-09-17T00:53:24.854-0100: 13679.269: Total time for which application threads were stopped: 0.0000488 seconds, Stopping threads took: 0.0000062 seconds
2017-09-17T00:53:24.854-0100: 13679.270: Total time for which application threads were stopped: 0.0000474 seconds, Stopping threads took: 0.0000062 seconds
2017-09-17T00:53:24.854-0100: 13679.270: Total time for which application threads were stopped: 0.0000406 seconds, Stopping threads took: 0.0000056 seconds
2017-09-17T00:53:24.854-0100: 13679.270: Total time for which application threads were stopped: 0.0000413 seconds, Stopping threads took: 0.0000056 seconds
2017-09-17T00:53:24.854-0100: 13679.270: Total time for which application threads were stopped: 0.0000388 seconds, Stopping threads took: 0.0000053 seconds
2017-09-17T00:53:24.855-0100: 13679.270: Total time for which application threads were stopped: 0.0000379 seconds, Stopping threads took: 0.0000053 seconds
2017-09-17T00:53:24.855-0100: 13679.270: Total time for which application threads were stopped: 0.0000694 seconds, Stopping threads took: 0.0000267 seconds
2017-09-17T00:53:24.856-0100: 13679.271: Total time for which application threads were stopped: 0.0000689 seconds, Stopping threads took: 0.0000181 seconds
2017-09-17T00:53:24.856-0100: 13679.271: Total time for which application threads were stopped: 0.0000484 seconds, Stopping threads took: 0.0000139 seconds
2017-09-17T00:53:24.856-0100: 13679.271: Total time for which application threads were stopped: 0.0000508 seconds, Stopping threads took: 0.0000142 seconds
2017-09-17T00:53:24.856-0100: 13679.272: Total time for which application threads were stopped: 0.0000482 seconds, Stopping threads took: 0.0000138 seconds
2017-09-17T00:53:24.856-0100: 13679.272: Total time for which application threads were stopped: 0.0000651 seconds, Stopping threads took: 0.0000170 seconds
2017-09-17T00:54:16.665-0100: 13731.082: Total time for which application threads were stopped: 0.0001009 seconds, Stopping threads took: 0.0000255 seconds
2017-09-17T00:54:16.666-0100: 13731.083: Total time for which application threads were stopped: 0.0000585 seconds, Stopping threads took: 0.0000081 seconds
2017-09-17T00:54:17.670-0100: 13732.087: Total time for which application threads were stopped: 0.0001808 seconds, Stopping threads took: 0.0000331 seconds
2017-09-17T00:54:25.701-0100: 13740.119: Total time for which application threads were stopped: 0.0001712 seconds, Stopping threads took: 0.0000327 seconds
2017-09-17T00:55:10.948-0100: 13785.368: Total time for which application threads were stopped: 0.0001394 seconds, Stopping threads took: 0.0000226 seconds
2017-09-17T00:55:10.949-0100: 13785.368: Total time for which application threads were stopped: 0.0000666 seconds, Stopping threads took: 0.0000117 seconds
2017-09-17T00:56:58.324-0100: 13892.748: Total time for which application threads were stopped: 0.0000834 seconds, Stopping threads took: 0.0000195 seconds
2017-09-17T01:00:31.088-0100: 14105.519: Total time for which application threads were stopped: 0.0001600 seconds, Stopping threads took: 0.0000404 seconds
2017-09-17T01:01:53.388-0100: 14187.823: Total time for which application threads were stopped: 0.0001592 seconds, Stopping threads took: 0.0000388 seconds
2017-09-17T01:32:04.295-0100: 15998.796: Total time for which application threads were stopped: 0.0001091 seconds, Stopping threads took: 0.0000220 seconds
2017-09-17T01:32:36.422-0100: 16030.924: Total time for which application threads were stopped: 0.0001195 seconds, Stopping threads took: 0.0000277 seconds
2017-09-17T01:39:15.769-0100: 16430.286: Total time for which application threads were stopped: 0.0001127 seconds, Stopping threads took: 0.0000165 seconds
2017-09-17T01:39:15.770-0100: 16430.287: Total time for which application threads were stopped: 0.0000685 seconds, Stopping threads took: 0.0000089 seconds
2017-09-17T01:39:15.770-0100: 16430.287: Total time for which application threads were stopped: 0.0000369 seconds, Stopping threads took: 0.0000053 seconds
2017-09-17T01:39:15.775-0100: 16430.292: Total time for which application threads were stopped: 0.0001309 seconds, Stopping threads took: 0.0000324 seconds
2017-09-17T01:39:15.775-0100: 16430.292: Total time for which application threads were stopped: 0.0000508 seconds, Stopping threads took: 0.0000070 seconds
2017-09-17T01:39:15.777-0100: 16430.294: Total time for which application threads were stopped: 0.0001447 seconds, Stopping threads took: 0.0000091 seconds
2017-09-17T01:39:16.779-0100: 16431.296: Total time for which application threads were stopped: 0.0001897 seconds, Stopping threads took: 0.0000784 seconds
2017-09-17T01:39:26.813-0100: 16441.331: Total time for which application threads were stopped: 0.0001458 seconds, Stopping threads took: 0.0000350 seconds
2017-09-17T01:39:35.982-0100: 16450.499: Total time for which application threads were stopped: 0.0002140 seconds, Stopping threads took: 0.0000198 seconds
2017-09-17T01:39:36.983-0100: 16451.501: Total time for which application threads were stopped: 0.0002318 seconds, Stopping threads took: 0.0000600 seconds
2017-09-17T01:39:54.833-0100: 16469.351: Total time for which application threads were stopped: 0.0001699 seconds, Stopping threads took: 0.0000474 seconds
2017-09-17T01:39:54.833-0100: 16469.351: Total time for which application threads were stopped: 0.0000921 seconds, Stopping threads took: 0.0000237 seconds
2017-09-17T01:39:54.841-0100: 16469.359: Total time for which application threads were stopped: 0.0000559 seconds, Stopping threads took: 0.0000103 seconds
2017-09-17T01:39:54.841-0100: 16469.359: Total time for which application threads were stopped: 0.0000258 seconds, Stopping threads took: 0.0000034 seconds
{Heap before GC invocations=11 (full 2):
 par new generation   total 109248K, used 101837K [0x00000007a0000000, 0x00000007a8000000, 0x00000007a8000000)
  eden space 87424K, 100% used [0x00000007a0000000, 0x00000007a5560000, 0x00000007a5560000)
  from space 21824K,  66% used [0x00000007a6ab0000, 0x00000007a78c3518, 0x00000007a8000000)
  to   space 21824K,   0% used [0x00000007a5560000, 0x00000007a5560000, 0x00000007a6ab0000)
 concurrent mark-sweep generation total 393216K, used 7019K [0x00000007a8000000, 0x00000007c0000000, 0x00000007c0000000)
 Metaspace       used 38811K, capacity 39742K, committed 40064K, reserved 1085440K
  class space    used 4481K, capacity 4708K, committed 4736K, reserved 1048576K
2017-09-17T01:40:02.789-0100: 16477.308: [GC (Allocation Failure) 2017-09-17T01:40:02.789-0100: 16477.308: [ParNew
Desired survivor size 20112992 bytes, new threshold 8 (max 8)
- age   1:    1199048 bytes,    1199048 total
- age   2:     102032 bytes,    1301080 total
- age   3:     136992 bytes,    1438072 total
- age   4:     161592 bytes,    1599664 total
- age   5:     190080 bytes,    1789744 total
- age   6:    2748296 bytes,    4538040 total
- age   7:    2870192 bytes,    7408232 total
- age   8:     795032 bytes,    8203264 total
: 101837K->9551K(109248K), 0.0101236 secs] 108856K->16825K(502464K), 0.0101839 secs] [Times: user=0.04 sys=0.00, real=0.01 secs] 
Heap after GC invocations=12 (full 2):
 par new generation   total 109248K, used 9551K [0x00000007a0000000, 0x00000007a8000000, 0x00000007a8000000)
  eden space 87424K,   0% used [0x00000007a0000000, 0x00000007a0000000, 0x00000007a5560000)
  from space 21824K,  43% used [0x00000007a5560000, 0x00000007a5eb3f80, 0x00000007a6ab0000)
  to   space 21824K,   0% used [0x00000007a6ab0000, 0x00000007a6ab0000, 0x00000007a8000000)
 concurrent mark-sweep generation total 393216K, used 7273K [0x00000007a8000000, 0x00000007c0000000, 0x00000007c0000000)
 Metaspace       used 38811K, capacity 39742K, committed 40064K, reserved 1085440K
  class space    used 4481K, capacity 4708K, committed 4736K, reserved 1048576K
}
2017-09-17T01:40:02.799-0100: 16477.318: Total time for which application threads were stopped: 0.0104011 seconds, Stopping threads took: 0.0000408 seconds
2017-09-17T01:40:03.801-0100: 16478.320: Total time for which application threads were stopped: 0.0001669 seconds, Stopping threads took: 0.0000457 seconds
2017-09-17T01:40:10.983-0100: 16485.502: Total time for which application threads were stopped: 0.0000976 seconds, Stopping threads took: 0.0000226 seconds
2017-09-17T01:40:10.983-0100: 16485.502: Total time for which application threads were stopped: 0.0000636 seconds, Stopping threads took: 0.0000177 seconds
2017-09-17T01:40:10.983-0100: 16485.502: Total time for which application threads were stopped: 0.0000752 seconds, Stopping threads took: 0.0000295 seconds
2017-09-17T01:40:10.983-0100: 16485.502: Total time for which application threads were stopped: 0.0000678 seconds, Stopping threads took: 0.0000255 seconds
2017-09-17T01:40:10.991-0100: 16485.510: Total time for which application threads were stopped: 0.0000701 seconds, Stopping threads took: 0.0000115 seconds
2017-09-17T01:40:10.994-0100: 16485.513: Total time for which application threads were stopped: 0.0002666 seconds, Stopping threads took: 0.0000222 seconds
2017-09-17T01:40:10.995-0100: 16485.514: Total time for which application threads were stopped: 0.0002187 seconds, Stopping threads took: 0.0000342 seconds
2017-09-17T01:40:10.995-0100: 16485.514: Total time for which application threads were stopped: 0.0002468 seconds, Stopping threads took: 0.0000335 seconds
2017-09-17T01:40:10.995-0100: 16485.514: Total time for which application threads were stopped: 0.0001314 seconds, Stopping threads took: 0.0000603 seconds
2017-09-17T01:40:11.004-0100: 16485.523: Total time for which application threads were stopped: 0.0000923 seconds, Stopping threads took: 0.0000166 seconds
2017-09-17T01:40:11.008-0100: 16485.527: Total time for which application threads were stopped: 0.0000649 seconds, Stopping threads took: 0.0000110 seconds
2017-09-17T01:40:11.008-0100: 16485.527: Total time for which application threads were stopped: 0.0000425 seconds, Stopping threads took: 0.0000074 seconds
2017-09-17T01:40:11.008-0100: 16485.527: Total time for which application threads were stopped: 0.0000709 seconds, Stopping threads took: 0.0000210 seconds
2017-09-17T01:40:11.008-0100: 16485.527: Total time for which application threads were stopped: 0.0001170 seconds, Stopping threads took: 0.0000614 seconds
2017-09-17T01:40:11.016-0100: 16485.535: Total time for which application threads were stopped: 0.0001078 seconds, Stopping threads took: 0.0000206 seconds
2017-09-17T01:40:11.021-0100: 16485.540: Total time for which application threads were stopped: 0.0001312 seconds, Stopping threads took: 0.0000233 seconds
2017-09-17T01:40:11.021-0100: 16485.540: Total time for which application threads were stopped: 0.0000966 seconds, Stopping threads took: 0.0000242 seconds
2017-09-17T01:40:11.021-0100: 16485.540: Total time for which application threads were stopped: 0.0001320 seconds, Stopping threads took: 0.0000629 seconds
2017-09-17T01:40:11.021-0100: 16485.540: Total time for which application threads were stopped: 0.0001499 seconds, Stopping threads took: 0.0000694 seconds
2017-09-17T01:40:11.031-0100: 16485.550: Total time for which application threads were stopped: 0.0000735 seconds, Stopping threads took: 0.0000134 seconds
2017-09-17T01:40:11.035-0100: 16485.554: Total time for which application threads were stopped: 0.0000867 seconds, Stopping threads took: 0.0000341 seconds
2017-09-17T01:40:11.035-0100: 16485.554: Total time for which application threads were stopped: 0.0001588 seconds, Stopping threads took: 0.0000904 seconds
2017-09-17T01:40:11.036-0100: 16485.555: Total time for which application threads were stopped: 0.0000846 seconds, Stopping threads took: 0.0000256 seconds
2017-09-17T01:40:11.036-0100: 16485.555: Total time for which application threads were stopped: 0.0000745 seconds, Stopping threads took: 0.0000300 seconds
2017-09-17T01:40:11.043-0100: 16485.562: Total time for which application threads were stopped: 0.0000712 seconds, Stopping threads took: 0.0000124 seconds
2017-09-17T01:40:11.047-0100: 16485.566: Total time for which application threads were stopped: 0.0000828 seconds, Stopping threads took: 0.0000294 seconds
2017-09-17T01:40:11.047-0100: 16485.566: Total time for which application threads were stopped: 0.0000908 seconds, Stopping threads took: 0.0000191 seconds
2017-09-17T01:40:11.047-0100: 16485.566: Total time for which application threads were stopped: 0.0000981 seconds, Stopping threads took: 0.0000303 seconds
2017-09-17T01:40:11.048-0100: 16485.567: Total time for which application threads were stopped: 0.0000739 seconds, Stopping threads took: 0.0000176 seconds
2017-09-17T01:40:11.055-0100: 16485.574: Total time for which application threads were stopped: 0.0001025 seconds, Stopping threads took: 0.0000288 seconds
2017-09-17T01:40:11.059-0100: 16485.578: Total time for which application threads were stopped: 0.0000982 seconds, Stopping threads took: 0.0000333 seconds
2017-09-17T01:40:11.059-0100: 16485.578: Total time for which application threads were stopped: 0.0000900 seconds, Stopping threads took: 0.0000572 seconds
2017-09-17T01:40:11.059-0100: 16485.578: Total time for which application threads were stopped: 0.0000698 seconds, Stopping threads took: 0.0000221 seconds
2017-09-17T01:40:11.059-0100: 16485.578: Total time for which application threads were stopped: 0.0000874 seconds, Stopping threads took: 0.0000497 seconds
2017-09-17T01:40:11.066-0100: 16485.585: Total time for which application threads were stopped: 0.0000669 seconds, Stopping threads took: 0.0000113 seconds
2017-09-17T01:40:11.071-0100: 16485.590: Total time for which application threads were stopped: 0.0001439 seconds, Stopping threads took: 0.0000481 seconds
2017-09-17T01:40:11.071-0100: 16485.590: Total time for which application threads were stopped: 0.0001444 seconds, Stopping threads took: 0.0000739 seconds
2017-09-17T01:40:11.071-0100: 16485.590: Total time for which application threads were stopped: 0.0000931 seconds, Stopping threads took: 0.0000258 seconds
2017-09-17T01:40:11.071-0100: 16485.590: Total time for which application threads were stopped: 0.0000878 seconds, Stopping threads took: 0.0000226 seconds
2017-09-17T01:40:11.080-0100: 16485.599: Total time for which application threads were stopped: 0.0001161 seconds, Stopping threads took: 0.0000330 seconds
2017-09-17T01:40:11.084-0100: 16485.603: Total time for which application threads were stopped: 0.0001162 seconds, Stopping threads took: 0.0000444 seconds
2017-09-17T01:40:11.084-0100: 16485.603: Total time for which application threads were stopped: 0.0000989 seconds, Stopping threads took: 0.0000412 seconds
2017-09-17T01:40:11.084-0100: 16485.604: Total time for which application threads were stopped: 0.0000772 seconds, Stopping threads took: 0.0000228 seconds
2017-09-17T01:40:11.085-0100: 16485.604: Total time for which application threads were stopped: 0.0000861 seconds, Stopping threads took: 0.0000176 seconds
2017-09-17T01:40:11.093-0100: 16485.612: Total time for which application threads were stopped: 0.0000753 seconds, Stopping threads took: 0.0000140 seconds
2017-09-17T01:40:11.098-0100: 16485.617: Total time for which application threads were stopped: 0.0001129 seconds, Stopping threads took: 0.0000261 seconds
2017-09-17T01:40:11.098-0100: 16485.617: Total time for which application threads were stopped: 0.0000937 seconds, Stopping threads took: 0.0000236 seconds
2017-09-17T01:40:11.099-0100: 16485.618: Total time for which application threads were stopped: 0.0001054 seconds, Stopping threads took: 0.0000452 seconds
2017-09-17T01:40:11.099-0100: 16485.618: Total time for which application threads were stopped: 0.0000789 seconds, Stopping threads took: 0.0000271 seconds
2017-09-17T01:40:11.099-0100: 16485.618: Total time for which application threads were stopped: 0.0000715 seconds, Stopping threads took: 0.0000353 seconds
2017-09-17T01:40:11.099-0100: 16485.618: Total time for which application threads were stopped: 0.0001222 seconds, Stopping threads took: 0.0000783 seconds
2017-09-17T01:40:11.099-0100: 16485.618: Total time for which application threads were stopped: 0.0001399 seconds, Stopping threads took: 0.0000796 seconds
2017-09-17T01:40:11.112-0100: 16485.631: Total time for which application threads were stopped: 0.0001468 seconds, Stopping threads took: 0.0000371 seconds
2017-09-17T01:40:11.112-0100: 16485.631: Total time for which application threads were stopped: 0.0001132 seconds, Stopping threads took: 0.0000489 seconds
2017-09-17T01:40:11.112-0100: 16485.631: Total time for which application threads were stopped: 0.0000791 seconds, Stopping threads took: 0.0000266 seconds
2017-09-17T01:40:11.112-0100: 16485.631: Total time for which application threads were stopped: 0.0000759 seconds, Stopping threads took: 0.0000256 seconds
2017-09-17T01:40:11.113-0100: 16485.632: Total time for which application threads were stopped: 0.0000675 seconds, Stopping threads took: 0.0000110 seconds
2017-09-17T01:40:11.113-0100: 16485.632: Total time for which application threads were stopped: 0.0000604 seconds, Stopping threads took: 0.0000072 seconds
2017-09-17T01:40:11.113-0100: 16485.632: Total time for which application threads were stopped: 0.0000591 seconds, Stopping threads took: 0.0000145 seconds
2017-09-17T01:40:11.113-0100: 16485.632: Total time for which application threads were stopped: 0.0000715 seconds, Stopping threads took: 0.0000083 seconds
2017-09-17T01:40:11.113-0100: 16485.633: Total time for which application threads were stopped: 0.0000650 seconds, Stopping threads took: 0.0000155 seconds
2017-09-17T01:40:11.114-0100: 16485.633: Total time for which application threads were stopped: 0.0000738 seconds, Stopping threads took: 0.0000316 seconds
2017-09-17T01:40:11.114-0100: 16485.633: Total time for which application threads were stopped: 0.0000521 seconds, Stopping threads took: 0.0000159 seconds
2017-09-17T01:40:11.114-0100: 16485.633: Total time for which application threads were stopped: 0.0000734 seconds, Stopping threads took: 0.0000219 seconds
2017-09-17T01:40:11.114-0100: 16485.633: Total time for which application threads were stopped: 0.0000444 seconds, Stopping threads took: 0.0000073 seconds
2017-09-17T01:40:11.114-0100: 16485.633: Total time for which application threads were stopped: 0.0000390 seconds, Stopping threads took: 0.0000064 seconds
2017-09-17T01:40:11.127-0100: 16485.646: Total time for which application threads were stopped: 0.0001079 seconds, Stopping threads took: 0.0000295 seconds
2017-09-17T01:40:11.127-0100: 16485.647: Total time for which application threads were stopped: 0.0000933 seconds, Stopping threads took: 0.0000279 seconds
2017-09-17T01:40:11.131-0100: 16485.650: Total time for which application threads were stopped: 0.0000919 seconds, Stopping threads took: 0.0000324 seconds
2017-09-17T01:40:11.131-0100: 16485.650: Total time for which application threads were stopped: 0.0000900 seconds, Stopping threads took: 0.0000239 seconds
2017-09-17T01:40:11.131-0100: 16485.650: Total time for which application threads were stopped: 0.0000650 seconds, Stopping threads took: 0.0000281 seconds
2017-09-17T01:40:11.131-0100: 16485.650: Total time for which application threads were stopped: 0.0000662 seconds, Stopping threads took: 0.0000304 seconds
2017-09-17T01:40:11.131-0100: 16485.650: Total time for which application threads were stopped: 0.0001079 seconds, Stopping threads took: 0.0000251 seconds
2017-09-17T01:40:11.131-0100: 16485.650: Total time for which application threads were stopped: 0.0000954 seconds, Stopping threads took: 0.0000545 seconds
2017-09-17T01:40:11.140-0100: 16485.659: Total time for which application threads were stopped: 0.0000904 seconds, Stopping threads took: 0.0000146 seconds
2017-09-17T01:40:11.144-0100: 16485.663: Total time for which application threads were stopped: 0.0000866 seconds, Stopping threads took: 0.0000282 seconds
2017-09-17T01:40:11.144-0100: 16485.663: Total time for which application threads were stopped: 0.0000900 seconds, Stopping threads took: 0.0000087 seconds
2017-09-17T01:40:11.144-0100: 16485.663: Total time for which application threads were stopped: 0.0001726 seconds, Stopping threads took: 0.0000751 seconds
2017-09-17T01:40:11.144-0100: 16485.663: Total time for which application threads were stopped: 0.0002244 seconds, Stopping threads took: 0.0000225 seconds
2017-09-17T01:40:21.181-0100: 16495.701: Total time for which application threads were stopped: 0.0001687 seconds, Stopping threads took: 0.0000296 seconds
2017-09-17T01:40:27.899-0100: 16502.419: Total time for which application threads were stopped: 0.0002132 seconds, Stopping threads took: 0.0000846 seconds
2017-09-17T01:40:27.899-0100: 16502.419: Total time for which application threads were stopped: 0.0000553 seconds, Stopping threads took: 0.0000079 seconds
2017-09-17T01:40:27.899-0100: 16502.419: Total time for which application threads were stopped: 0.0000467 seconds, Stopping threads took: 0.0000067 seconds
2017-09-17T01:40:27.899-0100: 16502.419: Total time for which application threads were stopped: 0.0000501 seconds, Stopping threads took: 0.0000074 seconds
2017-09-17T01:40:27.900-0100: 16502.419: Total time for which application threads were stopped: 0.0000446 seconds, Stopping threads took: 0.0000060 seconds
2017-09-17T01:40:28.904-0100: 16503.424: Total time for which application threads were stopped: 0.0001863 seconds, Stopping threads took: 0.0000604 seconds
2017-09-17T01:40:52.011-0100: 16526.532: Total time for which application threads were stopped: 0.0001101 seconds, Stopping threads took: 0.0000206 seconds
2017-09-17T01:40:52.012-0100: 16526.532: Total time for which application threads were stopped: 0.0000734 seconds, Stopping threads took: 0.0000091 seconds
2017-09-17T01:40:52.018-0100: 16526.539: Total time for which application threads were stopped: 0.0000573 seconds, Stopping threads took: 0.0000111 seconds
2017-09-17T01:40:52.018-0100: 16526.539: Total time for which application threads were stopped: 0.0000331 seconds, Stopping threads took: 0.0000045 seconds
2017-09-17T01:40:54.201-0100: 16528.722: Total time for which application threads were stopped: 0.0001697 seconds, Stopping threads took: 0.0000264 seconds
2017-09-17T01:40:54.201-0100: 16528.722: Total time for which application threads were stopped: 0.0000729 seconds, Stopping threads took: 0.0000116 seconds
2017-09-17T01:40:54.201-0100: 16528.722: Total time for which application threads were stopped: 0.0001617 seconds, Stopping threads took: 0.0000077 seconds
2017-09-17T01:41:06.241-0100: 16540.762: Total time for which application threads were stopped: 0.0001436 seconds, Stopping threads took: 0.0000356 seconds
2017-09-17T01:41:52.021-0100: 16586.544: Total time for which application threads were stopped: 0.0002402 seconds, Stopping threads took: 0.0000278 seconds
2017-09-17T01:43:03.035-0100: 16657.561: Total time for which application threads were stopped: 0.0001018 seconds, Stopping threads took: 0.0000182 seconds
2017-09-17T01:43:04.040-0100: 16658.565: Total time for which application threads were stopped: 0.0001529 seconds, Stopping threads took: 0.0000288 seconds
2017-09-17T01:47:04.210-0100: 16898.744: Total time for which application threads were stopped: 0.0001599 seconds, Stopping threads took: 0.0000190 seconds
2017-09-17T01:47:39.230-0100: 16933.766: Total time for which application threads were stopped: 0.0001509 seconds, Stopping threads took: 0.0000550 seconds
2017-09-17T01:47:39.234-0100: 16933.770: Total time for which application threads were stopped: 0.0000919 seconds, Stopping threads took: 0.0000300 seconds
2017-09-17T01:47:39.234-0100: 16933.770: Total time for which application threads were stopped: 0.0000586 seconds, Stopping threads took: 0.0000168 seconds
2017-09-17T01:47:39.235-0100: 16933.770: Total time for which application threads were stopped: 0.0000647 seconds, Stopping threads took: 0.0000224 seconds
2017-09-17T01:47:39.243-0100: 16933.778: Total time for which application threads were stopped: 0.0000873 seconds, Stopping threads took: 0.0000116 seconds
2017-09-17T01:47:39.246-0100: 16933.782: Total time for which application threads were stopped: 0.0000933 seconds, Stopping threads took: 0.0000409 seconds
2017-09-17T01:47:39.246-0100: 16933.782: Total time for which application threads were stopped: 0.0000643 seconds, Stopping threads took: 0.0000160 seconds
2017-09-17T01:47:39.246-0100: 16933.782: Total time for which application threads were stopped: 0.0000665 seconds, Stopping threads took: 0.0000254 seconds
2017-09-17T01:47:39.255-0100: 16933.790: Total time for which application threads were stopped: 0.0001068 seconds, Stopping threads took: 0.0000186 seconds
2017-09-17T01:47:39.259-0100: 16933.794: Total time for which application threads were stopped: 0.0000767 seconds, Stopping threads took: 0.0000214 seconds
2017-09-17T01:47:39.259-0100: 16933.794: Total time for which application threads were stopped: 0.0000813 seconds, Stopping threads took: 0.0000270 seconds
2017-09-17T01:47:39.259-0100: 16933.795: Total time for which application threads were stopped: 0.0000624 seconds, Stopping threads took: 0.0000166 seconds
2017-09-17T01:47:39.268-0100: 16933.803: Total time for which application threads were stopped: 0.0001044 seconds, Stopping threads took: 0.0000134 seconds
2017-09-17T01:47:39.272-0100: 16933.808: Total time for which application threads were stopped: 0.0000617 seconds, Stopping threads took: 0.0000109 seconds
2017-09-17T01:47:39.272-0100: 16933.808: Total time for which application threads were stopped: 0.0000384 seconds, Stopping threads took: 0.0000059 seconds
2017-09-17T01:47:39.272-0100: 16933.808: Total time for which application threads were stopped: 0.0000359 seconds, Stopping threads took: 0.0000051 seconds
2017-09-17T01:47:39.281-0100: 16933.816: Total time for which application threads were stopped: 0.0001355 seconds, Stopping threads took: 0.0000114 seconds
2017-09-17T01:47:39.284-0100: 16933.820: Total time for which application threads were stopped: 0.0000660 seconds, Stopping threads took: 0.0000133 seconds
2017-09-17T01:47:39.284-0100: 16933.820: Total time for which application threads were stopped: 0.0000635 seconds, Stopping threads took: 0.0000224 seconds
2017-09-17T01:47:39.284-0100: 16933.820: Total time for which application threads were stopped: 0.0000718 seconds, Stopping threads took: 0.0000319 seconds
2017-09-17T01:47:39.292-0100: 16933.827: Total time for which application threads were stopped: 0.0000692 seconds, Stopping threads took: 0.0000117 seconds
2017-09-17T01:47:39.292-0100: 16933.828: Total time for which application threads were stopped: 0.0000562 seconds, Stopping threads took: 0.0000103 seconds
2017-09-17T01:47:39.296-0100: 16933.831: Total time for which application threads were stopped: 0.0001044 seconds, Stopping threads took: 0.0000359 seconds
2017-09-17T01:47:39.296-0100: 16933.832: Total time for which application threads were stopped: 0.0000665 seconds, Stopping threads took: 0.0000193 seconds
2017-09-17T01:47:39.296-0100: 16933.832: Total time for which application threads were stopped: 0.0001250 seconds, Stopping threads took: 0.0000663 seconds
2017-09-17T01:47:39.296-0100: 16933.832: Total time for which application threads were stopped: 0.0000909 seconds, Stopping threads took: 0.0000460 seconds
2017-09-17T01:47:39.297-0100: 16933.832: Total time for which application threads were stopped: 0.0000563 seconds, Stopping threads took: 0.0000136 seconds
2017-09-17T01:47:39.297-0100: 16933.832: Total time for which application threads were stopped: 0.0001314 seconds, Stopping threads took: 0.0000127 seconds
2017-09-17T01:47:39.297-0100: 16933.833: Total time for which application threads were stopped: 0.0000852 seconds, Stopping threads took: 0.0000438 seconds
2017-09-17T01:47:39.297-0100: 16933.833: Total time for which application threads were stopped: 0.0000889 seconds, Stopping threads took: 0.0000456 seconds
2017-09-17T01:47:39.298-0100: 16933.833: Total time for which application threads were stopped: 0.0000603 seconds, Stopping threads took: 0.0000221 seconds
2017-09-17T01:47:39.301-0100: 16933.837: Total time for which application threads were stopped: 0.0002450 seconds, Stopping threads took: 0.0000562 seconds
2017-09-17T01:47:39.312-0100: 16933.848: Total time for which application threads were stopped: 0.0001292 seconds, Stopping threads took: 0.0000321 seconds
2017-09-17T01:47:39.312-0100: 16933.848: Total time for which application threads were stopped: 0.0000799 seconds, Stopping threads took: 0.0000243 seconds
2017-09-17T01:47:39.313-0100: 16933.848: Total time for which application threads were stopped: 0.0000725 seconds, Stopping threads took: 0.0000095 seconds
2017-09-17T01:47:39.313-0100: 16933.848: Total time for which application threads were stopped: 0.0000722 seconds, Stopping threads took: 0.0000096 seconds
2017-09-17T01:47:39.313-0100: 16933.849: Total time for which application threads were stopped: 0.0000656 seconds, Stopping threads took: 0.0000088 seconds
2017-09-17T01:47:39.313-0100: 16933.849: Total time for which application threads were stopped: 0.0000653 seconds, Stopping threads took: 0.0000091 seconds
2017-09-17T01:47:39.313-0100: 16933.849: Total time for which application threads were stopped: 0.0000648 seconds, Stopping threads took: 0.0000099 seconds
2017-09-17T01:47:39.313-0100: 16933.849: Total time for which application threads were stopped: 0.0000879 seconds, Stopping threads took: 0.0000082 seconds
2017-09-17T01:47:39.314-0100: 16933.849: Total time for which application threads were stopped: 0.0000854 seconds, Stopping threads took: 0.0000079 seconds
2017-09-17T01:47:39.314-0100: 16933.849: Total time for which application threads were stopped: 0.0000639 seconds, Stopping threads took: 0.0000090 seconds
2017-09-17T01:47:39.314-0100: 16933.849: Total time for which application threads were stopped: 0.0000856 seconds, Stopping threads took: 0.0000092 seconds
2017-09-17T01:47:39.314-0100: 16933.850: Total time for which application threads were stopped: 0.0000613 seconds, Stopping threads took: 0.0000085 seconds
2017-09-17T01:47:39.314-0100: 16933.850: Total time for which application threads were stopped: 0.0001616 seconds, Stopping threads took: 0.0000081 seconds
2017-09-17T01:47:42.216-0100: 16936.752: Total time for which application threads were stopped: 0.0001249 seconds, Stopping threads took: 0.0000349 seconds
2017-09-17T01:47:42.222-0100: 16936.758: Total time for which application threads were stopped: 0.0001115 seconds, Stopping threads took: 0.0000201 seconds
2017-09-17T01:47:42.222-0100: 16936.758: Total time for which application threads were stopped: 0.0000481 seconds, Stopping threads took: 0.0000066 seconds
2017-09-17T01:47:42.227-0100: 16936.763: Total time for which application threads were stopped: 0.0000746 seconds, Stopping threads took: 0.0000211 seconds
2017-09-17T01:47:42.227-0100: 16936.763: Total time for which application threads were stopped: 0.0000681 seconds, Stopping threads took: 0.0000207 seconds
2017-09-17T01:47:42.227-0100: 16936.763: Total time for which application threads were stopped: 0.0000608 seconds, Stopping threads took: 0.0000195 seconds
2017-09-17T01:47:42.230-0100: 16936.766: Total time for which application threads were stopped: 0.0000753 seconds, Stopping threads took: 0.0000235 seconds
2017-09-17T01:47:42.235-0100: 16936.771: Total time for which application threads were stopped: 0.0001336 seconds, Stopping threads took: 0.0000571 seconds
2017-09-17T01:47:42.239-0100: 16936.774: Total time for which application threads were stopped: 0.0001276 seconds, Stopping threads took: 0.0000489 seconds
2017-09-17T01:47:42.239-0100: 16936.774: Total time for which application threads were stopped: 0.0000743 seconds, Stopping threads took: 0.0000101 seconds
2017-09-17T01:47:42.239-0100: 16936.774: Total time for which application threads were stopped: 0.0000949 seconds, Stopping threads took: 0.0000517 seconds
2017-09-17T01:47:42.247-0100: 16936.782: Total time for which application threads were stopped: 0.0000833 seconds, Stopping threads took: 0.0000154 seconds
2017-09-17T01:47:42.250-0100: 16936.785: Total time for which application threads were stopped: 0.0000897 seconds, Stopping threads took: 0.0000190 seconds
2017-09-17T01:47:42.250-0100: 16936.785: Total time for which application threads were stopped: 0.0000756 seconds, Stopping threads took: 0.0000264 seconds
2017-09-17T01:47:42.250-0100: 16936.785: Total time for which application threads were stopped: 0.0000382 seconds, Stopping threads took: 0.0000054 seconds
2017-09-17T01:47:42.253-0100: 16936.788: Total time for which application threads were stopped: 0.0001053 seconds, Stopping threads took: 0.0000120 seconds
2017-09-17T01:47:42.257-0100: 16936.792: Total time for which application threads were stopped: 0.0000664 seconds, Stopping threads took: 0.0000111 seconds
2017-09-17T01:47:42.260-0100: 16936.796: Total time for which application threads were stopped: 0.0000805 seconds, Stopping threads took: 0.0000252 seconds
2017-09-17T01:47:42.260-0100: 16936.796: Total time for which application threads were stopped: 0.0000787 seconds, Stopping threads took: 0.0000240 seconds
2017-09-17T01:47:42.260-0100: 16936.796: Total time for which application threads were stopped: 0.0000921 seconds, Stopping threads took: 0.0000269 seconds
2017-09-17T01:47:42.260-0100: 16936.796: Total time for which application threads were stopped: 0.0000806 seconds, Stopping threads took: 0.0000250 seconds
2017-09-17T01:47:42.264-0100: 16936.799: Total time for which application threads were stopped: 0.0001237 seconds, Stopping threads took: 0.0000470 seconds
2017-09-17T01:47:42.269-0100: 16936.805: Total time for which application threads were stopped: 0.0000935 seconds, Stopping threads took: 0.0000143 seconds
2017-09-17T01:47:42.274-0100: 16936.809: Total time for which application threads were stopped: 0.0001030 seconds, Stopping threads took: 0.0000291 seconds
2017-09-17T01:47:42.274-0100: 16936.809: Total time for which application threads were stopped: 0.0000703 seconds, Stopping threads took: 0.0000102 seconds
2017-09-17T01:47:42.274-0100: 16936.810: Total time for which application threads were stopped: 0.0001334 seconds, Stopping threads took: 0.0000661 seconds
2017-09-17T01:47:42.274-0100: 16936.810: Total time for which application threads were stopped: 0.0001488 seconds, Stopping threads took: 0.0000824 seconds
2017-09-17T01:47:42.281-0100: 16936.817: Total time for which application threads were stopped: 0.0000620 seconds, Stopping threads took: 0.0000110 seconds
2017-09-17T01:47:42.284-0100: 16936.820: Total time for which application threads were stopped: 0.0000790 seconds, Stopping threads took: 0.0000182 seconds
2017-09-17T01:47:42.284-0100: 16936.820: Total time for which application threads were stopped: 0.0000665 seconds, Stopping threads took: 0.0000231 seconds
2017-09-17T01:47:42.285-0100: 16936.820: Total time for which application threads were stopped: 0.0000588 seconds, Stopping threads took: 0.0000170 seconds
2017-09-17T01:47:42.285-0100: 16936.820: Total time for which application threads were stopped: 0.0000654 seconds, Stopping threads took: 0.0000186 seconds
2017-09-17T01:47:42.287-0100: 16936.823: Total time for which application threads were stopped: 0.0000647 seconds, Stopping threads took: 0.0000117 seconds
{Heap before GC invocations=12 (full 2):
 par new generation   total 109248K, used 96837K [0x00000007a0000000, 0x00000007a8000000, 0x00000007a8000000)
  eden space 87424K,  99% used [0x00000007a0000000, 0x00000007a553d528, 0x00000007a5560000)
  from space 21824K,  43% used [0x00000007a5560000, 0x00000007a5eb3f80, 0x00000007a6ab0000)
  to   space 21824K,   0% used [0x00000007a6ab0000, 0x00000007a6ab0000, 0x00000007a8000000)
 concurrent mark-sweep generation total 393216K, used 7273K [0x00000007a8000000, 0x00000007c0000000, 0x00000007c0000000)
 Metaspace       used 38938K, capacity 39830K, committed 40064K, reserved 1085440K
  class space    used 4481K, capacity 4708K, committed 4736K, reserved 1048576K
2017-09-17T01:47:42.291-0100: 16936.826: [GC (Allocation Failure) 2017-09-17T01:47:42.291-0100: 16936.826: [ParNew
Desired survivor size 20112992 bytes, new threshold 8 (max 8)
- age   1:    1784136 bytes,    1784136 total
- age   2:     357344 bytes,    2141480 total
- age   3:      23520 bytes,    2165000 total
- age   4:      24648 bytes,    2189648 total
- age   5:     161576 bytes,    2351224 total
- age   6:      60896 bytes,    2412120 total
- age   7:    2662232 bytes,    5074352 total
- age   8:    2869600 bytes,    7943952 total
: 96837K->11125K(109248K), 0.0090181 secs] 104110K->19189K(502464K), 0.0090571 secs] [Times: user=0.02 sys=0.00, real=0.01 secs] 
Heap after GC invocations=13 (full 2):
 par new generation   total 109248K, used 11125K [0x00000007a0000000, 0x00000007a8000000, 0x00000007a8000000)
  eden space 87424K,   0% used [0x00000007a0000000, 0x00000007a0000000, 0x00000007a5560000)
  from space 21824K,  50% used [0x00000007a6ab0000, 0x00000007a758d4c0, 0x00000007a8000000)
  to   space 21824K,   0% used [0x00000007a5560000, 0x00000007a5560000, 0x00000007a6ab0000)
 concurrent mark-sweep generation total 393216K, used 8064K [0x00000007a8000000, 0x00000007c0000000, 0x00000007c0000000)
 Metaspace       used 38938K, capacity 39830K, committed 40064K, reserved 1085440K
  class space    used 4481K, capacity 4708K, committed 4736K, reserved 1048576K
}
2017-09-17T01:47:42.300-0100: 16936.835: Total time for which application threads were stopped: 0.0092305 seconds, Stopping threads took: 0.0000260 seconds
2017-09-17T01:47:42.301-0100: 16936.836: Total time for which application threads were stopped: 0.0000649 seconds, Stopping threads took: 0.0000101 seconds
2017-09-17T01:47:42.304-0100: 16936.840: Total time for which application threads were stopped: 0.0001181 seconds, Stopping threads took: 0.0000564 seconds
2017-09-17T01:47:42.304-0100: 16936.840: Total time for which application threads were stopped: 0.0000568 seconds, Stopping threads took: 0.0000210 seconds
2017-09-17T01:47:42.304-0100: 16936.840: Total time for which application threads were stopped: 0.0000698 seconds, Stopping threads took: 0.0000285 seconds
2017-09-17T01:47:42.304-0100: 16936.840: Total time for which application threads were stopped: 0.0001213 seconds, Stopping threads took: 0.0000789 seconds
2017-09-17T01:47:42.308-0100: 16936.843: Total time for which application threads were stopped: 0.0000690 seconds, Stopping threads took: 0.0000110 seconds
2017-09-17T01:47:42.312-0100: 16936.848: Total time for which application threads were stopped: 0.0000998 seconds, Stopping threads took: 0.0000306 seconds
2017-09-17T01:47:42.316-0100: 16936.852: Total time for which application threads were stopped: 0.0001295 seconds, Stopping threads took: 0.0000341 seconds
2017-09-17T01:47:42.316-0100: 16936.852: Total time for which application threads were stopped: 0.0001140 seconds, Stopping threads took: 0.0000129 seconds
2017-09-17T01:47:42.317-0100: 16936.853: Total time for which application threads were stopped: 0.0001034 seconds, Stopping threads took: 0.0000276 seconds
2017-09-17T01:47:42.317-0100: 16936.853: Total time for which application threads were stopped: 0.0001042 seconds, Stopping threads took: 0.0000398 seconds
2017-09-17T01:47:42.317-0100: 16936.853: Total time for which application threads were stopped: 0.0001061 seconds, Stopping threads took: 0.0000412 seconds
2017-09-17T01:47:42.317-0100: 16936.853: Total time for which application threads were stopped: 0.0001399 seconds, Stopping threads took: 0.0000792 seconds
2017-09-17T01:47:42.331-0100: 16936.867: Total time for which application threads were stopped: 0.0000977 seconds, Stopping threads took: 0.0000240 seconds
2017-09-17T01:47:42.332-0100: 16936.867: Total time for which application threads were stopped: 0.0000779 seconds, Stopping threads took: 0.0000090 seconds
2017-09-17T01:47:42.332-0100: 16936.867: Total time for which application threads were stopped: 0.0000926 seconds, Stopping threads took: 0.0000221 seconds
2017-09-17T01:47:42.332-0100: 16936.867: Total time for which application threads were stopped: 0.0000539 seconds, Stopping threads took: 0.0000141 seconds
2017-09-17T01:47:42.332-0100: 16936.868: Total time for which application threads were stopped: 0.0000666 seconds, Stopping threads took: 0.0000120 seconds
2017-09-17T01:47:42.332-0100: 16936.868: Total time for which application threads were stopped: 0.0000756 seconds, Stopping threads took: 0.0000222 seconds
2017-09-17T01:47:42.332-0100: 16936.868: Total time for which application threads were stopped: 0.0000978 seconds, Stopping threads took: 0.0000223 seconds
2017-09-17T01:47:42.333-0100: 16936.868: Total time for which application threads were stopped: 0.0000724 seconds, Stopping threads took: 0.0000321 seconds
2017-09-17T01:47:42.333-0100: 16936.868: Total time for which application threads were stopped: 0.0000618 seconds, Stopping threads took: 0.0000086 seconds
2017-09-17T01:47:42.333-0100: 16936.868: Total time for which application threads were stopped: 0.0000823 seconds, Stopping threads took: 0.0000082 seconds
2017-09-17T01:47:42.333-0100: 16936.869: Total time for which application threads were stopped: 0.0000884 seconds, Stopping threads took: 0.0000231 seconds
2017-09-17T01:47:42.333-0100: 16936.869: Total time for which application threads were stopped: 0.0000873 seconds, Stopping threads took: 0.0000524 seconds
2017-09-17T01:47:42.342-0100: 16936.877: Total time for which application threads were stopped: 0.0000716 seconds, Stopping threads took: 0.0000123 seconds
2017-09-17T01:47:42.346-0100: 16936.882: Total time for which application threads were stopped: 0.0000688 seconds, Stopping threads took: 0.0000133 seconds
2017-09-17T01:47:42.346-0100: 16936.882: Total time for which application threads were stopped: 0.0000470 seconds, Stopping threads took: 0.0000070 seconds
2017-09-17T01:47:42.349-0100: 16936.885: Total time for which application threads were stopped: 0.0001117 seconds, Stopping threads took: 0.0000414 seconds
2017-09-17T01:47:42.349-0100: 16936.885: Total time for which application threads were stopped: 0.0000802 seconds, Stopping threads took: 0.0000241 seconds
2017-09-17T01:47:42.349-0100: 16936.885: Total time for which application threads were stopped: 0.0000886 seconds, Stopping threads took: 0.0000280 seconds
2017-09-17T01:47:42.350-0100: 16936.885: Total time for which application threads were stopped: 0.0000655 seconds, Stopping threads took: 0.0000085 seconds
2017-09-17T01:47:42.354-0100: 16936.889: Total time for which application threads were stopped: 0.0001147 seconds, Stopping threads took: 0.0000285 seconds
2017-09-17T01:47:42.359-0100: 16936.894: Total time for which application threads were stopped: 0.0000864 seconds, Stopping threads took: 0.0000281 seconds
2017-09-17T01:47:42.363-0100: 16936.898: Total time for which application threads were stopped: 0.0001076 seconds, Stopping threads took: 0.0000337 seconds
2017-09-17T01:47:42.363-0100: 16936.898: Total time for which application threads were stopped: 0.0000860 seconds, Stopping threads took: 0.0000221 seconds
2017-09-17T01:47:42.363-0100: 16936.898: Total time for which application threads were stopped: 0.0000736 seconds, Stopping threads took: 0.0000193 seconds
2017-09-17T01:47:42.363-0100: 16936.899: Total time for which application threads were stopped: 0.0001560 seconds, Stopping threads took: 0.0000686 seconds
2017-09-17T01:47:42.371-0100: 16936.907: Total time for which application threads were stopped: 0.0001061 seconds, Stopping threads took: 0.0000291 seconds
2017-09-17T01:47:42.375-0100: 16936.911: Total time for which application threads were stopped: 0.0001208 seconds, Stopping threads took: 0.0000415 seconds
2017-09-17T01:47:42.375-0100: 16936.911: Total time for which application threads were stopped: 0.0000939 seconds, Stopping threads took: 0.0000291 seconds
2017-09-17T01:47:42.376-0100: 16936.911: Total time for which application threads were stopped: 0.0000903 seconds, Stopping threads took: 0.0000317 seconds
2017-09-17T01:47:42.376-0100: 16936.911: Total time for which application threads were stopped: 0.0001581 seconds, Stopping threads took: 0.0000872 seconds
2017-09-17T01:47:42.379-0100: 16936.915: Total time for which application threads were stopped: 0.0000966 seconds, Stopping threads took: 0.0000151 seconds
2017-09-17T01:47:42.383-0100: 16936.919: Total time for which application threads were stopped: 0.0000789 seconds, Stopping threads took: 0.0000113 seconds
2017-09-17T01:47:42.387-0100: 16936.922: Total time for which application threads were stopped: 0.0001472 seconds, Stopping threads took: 0.0000261 seconds
2017-09-17T01:47:42.387-0100: 16936.922: Total time for which application threads were stopped: 0.0001602 seconds, Stopping threads took: 0.0000412 seconds
2017-09-17T01:47:42.387-0100: 16936.923: Total time for which application threads were stopped: 0.0001329 seconds, Stopping threads took: 0.0000270 seconds
2017-09-17T01:47:42.387-0100: 16936.923: Total time for which application threads were stopped: 0.0000697 seconds, Stopping threads took: 0.0000272 seconds
2017-09-17T01:47:42.390-0100: 16936.926: Total time for which application threads were stopped: 0.0000906 seconds, Stopping threads took: 0.0000143 seconds
2017-09-17T01:47:42.394-0100: 16936.930: Total time for which application threads were stopped: 0.0000862 seconds, Stopping threads took: 0.0000309 seconds
2017-09-17T01:47:42.397-0100: 16936.933: Total time for which application threads were stopped: 0.0000656 seconds, Stopping threads took: 0.0000120 seconds
2017-09-17T01:47:42.398-0100: 16936.933: Total time for which application threads were stopped: 0.0000852 seconds, Stopping threads took: 0.0000250 seconds
2017-09-17T01:47:42.398-0100: 16936.933: Total time for which application threads were stopped: 0.0000705 seconds, Stopping threads took: 0.0000276 seconds
2017-09-17T01:47:42.398-0100: 16936.933: Total time for which application threads were stopped: 0.0001045 seconds, Stopping threads took: 0.0000567 seconds
2017-09-17T01:47:42.405-0100: 16936.940: Total time for which application threads were stopped: 0.0001426 seconds, Stopping threads took: 0.0000113 seconds
2017-09-17T01:47:42.408-0100: 16936.944: Total time for which application threads were stopped: 0.0000773 seconds, Stopping threads took: 0.0000216 seconds
2017-09-17T01:47:42.408-0100: 16936.944: Total time for which application threads were stopped: 0.0000626 seconds, Stopping threads took: 0.0000212 seconds
2017-09-17T01:47:42.408-0100: 16936.944: Total time for which application threads were stopped: 0.0000483 seconds, Stopping threads took: 0.0000146 seconds
2017-09-17T01:47:42.408-0100: 16936.944: Total time for which application threads were stopped: 0.0000636 seconds, Stopping threads took: 0.0000074 seconds
2017-09-17T01:47:42.411-0100: 16936.947: Total time for which application threads were stopped: 0.0000967 seconds, Stopping threads took: 0.0000141 seconds
2017-09-17T01:47:42.419-0100: 16936.955: Total time for which application threads were stopped: 0.0001296 seconds, Stopping threads took: 0.0000559 seconds
2017-09-17T01:47:42.419-0100: 16936.955: Total time for which application threads were stopped: 0.0000860 seconds, Stopping threads took: 0.0000240 seconds
2017-09-17T01:47:42.419-0100: 16936.955: Total time for which application threads were stopped: 0.0000651 seconds, Stopping threads took: 0.0000112 seconds
2017-09-17T01:47:42.419-0100: 16936.955: Total time for which application threads were stopped: 0.0000726 seconds, Stopping threads took: 0.0000115 seconds
2017-09-17T01:47:42.423-0100: 16936.958: Total time for which application threads were stopped: 0.0000937 seconds, Stopping threads took: 0.0000139 seconds
2017-09-17T01:47:42.432-0100: 16936.968: Total time for which application threads were stopped: 0.0001226 seconds, Stopping threads took: 0.0000269 seconds
2017-09-17T01:47:42.432-0100: 16936.968: Total time for which application threads were stopped: 0.0001591 seconds, Stopping threads took: 0.0000215 seconds
2017-09-17T01:47:42.433-0100: 16936.969: Total time for which application threads were stopped: 0.0000827 seconds, Stopping threads took: 0.0000341 seconds
2017-09-17T01:47:42.433-0100: 16936.969: Total time for which application threads were stopped: 0.0001307 seconds, Stopping threads took: 0.0000843 seconds
2017-09-17T01:47:42.433-0100: 16936.969: Total time for which application threads were stopped: 0.0000846 seconds, Stopping threads took: 0.0000383 seconds
2017-09-17T01:47:42.433-0100: 16936.969: Total time for which application threads were stopped: 0.0000745 seconds, Stopping threads took: 0.0000248 seconds
2017-09-17T01:47:42.445-0100: 16936.981: Total time for which application threads were stopped: 0.0001395 seconds, Stopping threads took: 0.0000230 seconds
2017-09-17T01:47:42.446-0100: 16936.981: Total time for which application threads were stopped: 0.0001122 seconds, Stopping threads took: 0.0000290 seconds
2017-09-17T01:47:42.446-0100: 16936.981: Total time for which application threads were stopped: 0.0000681 seconds, Stopping threads took: 0.0000212 seconds
2017-09-17T01:47:42.446-0100: 16936.982: Total time for which application threads were stopped: 0.0001168 seconds, Stopping threads took: 0.0000503 seconds
2017-09-17T01:47:42.446-0100: 16936.982: Total time for which application threads were stopped: 0.0000661 seconds, Stopping threads took: 0.0000149 seconds
2017-09-17T01:47:42.446-0100: 16936.982: Total time for which application threads were stopped: 0.0000518 seconds, Stopping threads took: 0.0000060 seconds
2017-09-17T01:47:42.446-0100: 16936.982: Total time for which application threads were stopped: 0.0000378 seconds, Stopping threads took: 0.0000058 seconds
2017-09-17T01:47:42.447-0100: 16936.982: Total time for which application threads were stopped: 0.0000689 seconds, Stopping threads took: 0.0000060 seconds
2017-09-17T01:47:42.447-0100: 16936.982: Total time for which application threads were stopped: 0.0000747 seconds, Stopping threads took: 0.0000143 seconds
2017-09-17T01:47:42.447-0100: 16936.982: Total time for which application threads were stopped: 0.0000534 seconds, Stopping threads took: 0.0000050 seconds
2017-09-17T01:47:42.447-0100: 16936.983: Total time for which application threads were stopped: 0.0000536 seconds, Stopping threads took: 0.0000049 seconds
2017-09-17T01:47:42.447-0100: 16936.983: Total time for which application threads were stopped: 0.0000635 seconds, Stopping threads took: 0.0000078 seconds
2017-09-17T01:47:42.447-0100: 16936.983: Total time for which application threads were stopped: 0.0000520 seconds, Stopping threads took: 0.0000068 seconds
2017-09-17T01:47:42.447-0100: 16936.983: Total time for which application threads were stopped: 0.0000392 seconds, Stopping threads took: 0.0000057 seconds
2017-09-17T01:47:59.262-0100: 16953.798: Total time for which application threads were stopped: 0.0000921 seconds, Stopping threads took: 0.0000173 seconds
2017-09-17T01:47:59.262-0100: 16953.798: Total time for which application threads were stopped: 0.0000572 seconds, Stopping threads took: 0.0000083 seconds
2017-09-17T01:47:59.262-0100: 16953.798: Total time for which application threads were stopped: 0.0000483 seconds, Stopping threads took: 0.0000066 seconds
2017-09-17T01:47:59.262-0100: 16953.798: Total time for which application threads were stopped: 0.0000415 seconds, Stopping threads took: 0.0000052 seconds
2017-09-17T01:48:21.269-0100: 16975.806: Total time for which application threads were stopped: 0.0001252 seconds, Stopping threads took: 0.0000206 seconds
2017-09-17T01:48:21.278-0100: 16975.815: Total time for which application threads were stopped: 0.0000621 seconds, Stopping threads took: 0.0000110 seconds
2017-09-17T01:48:21.278-0100: 16975.815: Total time for which application threads were stopped: 0.0000986 seconds, Stopping threads took: 0.0000463 seconds
2017-09-17T01:48:21.278-0100: 16975.815: Total time for which application threads were stopped: 0.0000562 seconds, Stopping threads took: 0.0000148 seconds
2017-09-17T01:48:21.281-0100: 16975.818: Total time for which application threads were stopped: 0.0000624 seconds, Stopping threads took: 0.0000106 seconds
2017-09-17T01:48:21.288-0100: 16975.825: Total time for which application threads were stopped: 0.0001119 seconds, Stopping threads took: 0.0000341 seconds
2017-09-17T01:48:21.288-0100: 16975.826: Total time for which application threads were stopped: 0.0000519 seconds, Stopping threads took: 0.0000183 seconds
2017-09-17T01:48:21.288-0100: 16975.826: Total time for which application threads were stopped: 0.0000529 seconds, Stopping threads took: 0.0000194 seconds
2017-09-17T01:48:21.289-0100: 16975.826: Total time for which application threads were stopped: 0.0000662 seconds, Stopping threads took: 0.0000244 seconds
2017-09-17T01:48:21.291-0100: 16975.829: Total time for which application threads were stopped: 0.0000805 seconds, Stopping threads took: 0.0000217 seconds
2017-09-17T01:48:21.298-0100: 16975.835: Total time for which application threads were stopped: 0.0000638 seconds, Stopping threads took: 0.0000136 seconds
2017-09-17T01:48:21.298-0100: 16975.835: Total time for which application threads were stopped: 0.0001108 seconds, Stopping threads took: 0.0000606 seconds
2017-09-17T01:48:21.298-0100: 16975.835: Total time for which application threads were stopped: 0.0000577 seconds, Stopping threads took: 0.0000193 seconds
2017-09-17T01:48:21.298-0100: 16975.836: Total time for which application threads were stopped: 0.0000677 seconds, Stopping threads took: 0.0000160 seconds
2017-09-17T01:48:21.301-0100: 16975.838: Total time for which application threads were stopped: 0.0000921 seconds, Stopping threads took: 0.0000121 seconds
2017-09-17T01:48:21.308-0100: 16975.845: Total time for which application threads were stopped: 0.0000623 seconds, Stopping threads took: 0.0000126 seconds
2017-09-17T01:48:21.308-0100: 16975.845: Total time for which application threads were stopped: 0.0000662 seconds, Stopping threads took: 0.0000185 seconds
2017-09-17T01:48:21.308-0100: 16975.845: Total time for which application threads were stopped: 0.0000603 seconds, Stopping threads took: 0.0000159 seconds
2017-09-17T01:48:21.308-0100: 16975.845: Total time for which application threads were stopped: 0.0000539 seconds, Stopping threads took: 0.0000159 seconds
2017-09-17T01:48:21.311-0100: 16975.848: Total time for which application threads were stopped: 0.0000969 seconds, Stopping threads took: 0.0000218 seconds
2017-09-17T01:48:21.321-0100: 16975.858: Total time for which application threads were stopped: 0.0000830 seconds, Stopping threads took: 0.0000244 seconds
2017-09-17T01:48:21.321-0100: 16975.858: Total time for which application threads were stopped: 0.0001190 seconds, Stopping threads took: 0.0000544 seconds
2017-09-17T01:48:21.321-0100: 16975.858: Total time for which application threads were stopped: 0.0000717 seconds, Stopping threads took: 0.0000240 seconds
2017-09-17T01:48:21.321-0100: 16975.858: Total time for which application threads were stopped: 0.0000837 seconds, Stopping threads took: 0.0000320 seconds
2017-09-17T01:48:21.321-0100: 16975.858: Total time for which application threads were stopped: 0.0001497 seconds, Stopping threads took: 0.0000880 seconds
2017-09-17T01:48:21.324-0100: 16975.862: Total time for which application threads were stopped: 0.0000813 seconds, Stopping threads took: 0.0000125 seconds
2017-09-17T01:48:21.331-0100: 16975.868: Total time for which application threads were stopped: 0.0001184 seconds, Stopping threads took: 0.0000402 seconds
2017-09-17T01:48:21.331-0100: 16975.869: Total time for which application threads were stopped: 0.0000742 seconds, Stopping threads took: 0.0000205 seconds
2017-09-17T01:48:21.332-0100: 16975.869: Total time for which application threads were stopped: 0.0000577 seconds, Stopping threads took: 0.0000090 seconds
2017-09-17T01:48:21.332-0100: 16975.869: Total time for which application threads were stopped: 0.0001070 seconds, Stopping threads took: 0.0000374 seconds
2017-09-17T01:48:21.334-0100: 16975.872: Total time for which application threads were stopped: 0.0000763 seconds, Stopping threads took: 0.0000134 seconds
2017-09-17T01:48:21.342-0100: 16975.880: Total time for which application threads were stopped: 0.0001108 seconds, Stopping threads took: 0.0000499 seconds
2017-09-17T01:48:21.343-0100: 16975.880: Total time for which application threads were stopped: 0.0001252 seconds, Stopping threads took: 0.0000589 seconds
2017-09-17T01:48:21.343-0100: 16975.880: Total time for which application threads were stopped: 0.0000707 seconds, Stopping threads took: 0.0000231 seconds
2017-09-17T01:48:21.346-0100: 16975.883: Total time for which application threads were stopped: 0.0000696 seconds, Stopping threads took: 0.0000110 seconds
2017-09-17T01:48:21.353-0100: 16975.890: Total time for which application threads were stopped: 0.0001095 seconds, Stopping threads took: 0.0000392 seconds
2017-09-17T01:48:21.353-0100: 16975.890: Total time for which application threads were stopped: 0.0001076 seconds, Stopping threads took: 0.0000224 seconds
2017-09-17T01:48:21.354-0100: 16975.891: Total time for which application threads were stopped: 0.0000797 seconds, Stopping threads took: 0.0000265 seconds
2017-09-17T01:48:21.354-0100: 16975.891: Total time for which application threads were stopped: 0.0000694 seconds, Stopping threads took: 0.0000262 seconds
2017-09-17T01:48:21.354-0100: 16975.891: Total time for which application threads were stopped: 0.0000695 seconds, Stopping threads took: 0.0000229 seconds
2017-09-17T01:48:21.354-0100: 16975.891: Total time for which application threads were stopped: 0.0001488 seconds, Stopping threads took: 0.0000291 seconds
2017-09-17T01:48:21.357-0100: 16975.895: Total time for which application threads were stopped: 0.0001385 seconds, Stopping threads took: 0.0000368 seconds
2017-09-17T01:48:21.369-0100: 16975.906: Total time for which application threads were stopped: 0.0001269 seconds, Stopping threads took: 0.0000389 seconds
2017-09-17T01:48:21.369-0100: 16975.906: Total time for which application threads were stopped: 0.0000864 seconds, Stopping threads took: 0.0000212 seconds
2017-09-17T01:48:21.369-0100: 16975.906: Total time for which application threads were stopped: 0.0000923 seconds, Stopping threads took: 0.0000216 seconds
2017-09-17T01:48:21.369-0100: 16975.906: Total time for which application threads were stopped: 0.0000750 seconds, Stopping threads took: 0.0000103 seconds
2017-09-17T01:48:21.369-0100: 16975.907: Total time for which application threads were stopped: 0.0000686 seconds, Stopping threads took: 0.0000096 seconds
2017-09-17T01:48:21.370-0100: 16975.907: Total time for which application threads were stopped: 0.0000594 seconds, Stopping threads took: 0.0000080 seconds
2017-09-17T01:48:21.370-0100: 16975.907: Total time for which application threads were stopped: 0.0000709 seconds, Stopping threads took: 0.0000194 seconds
2017-09-17T01:48:21.370-0100: 16975.907: Total time for which application threads were stopped: 0.0000793 seconds, Stopping threads took: 0.0000077 seconds
2017-09-17T01:48:21.370-0100: 16975.907: Total time for which application threads were stopped: 0.0000935 seconds, Stopping threads took: 0.0000345 seconds
2017-09-17T01:48:21.370-0100: 16975.907: Total time for which application threads were stopped: 0.0000673 seconds, Stopping threads took: 0.0000090 seconds
2017-09-17T01:48:21.370-0100: 16975.908: Total time for which application threads were stopped: 0.0000903 seconds, Stopping threads took: 0.0000114 seconds
2017-09-17T01:48:21.371-0100: 16975.908: Total time for which application threads were stopped: 0.0000645 seconds, Stopping threads took: 0.0000099 seconds
2017-09-17T01:48:21.371-0100: 16975.908: Total time for which application threads were stopped: 0.0000840 seconds, Stopping threads took: 0.0000250 seconds
2017-09-17T01:48:21.381-0100: 16975.918: Total time for which application threads were stopped: 0.0001126 seconds, Stopping threads took: 0.0000210 seconds
2017-09-17T01:48:21.388-0100: 16975.925: Total time for which application threads were stopped: 0.0000895 seconds, Stopping threads took: 0.0000256 seconds
2017-09-17T01:48:21.388-0100: 16975.925: Total time for which application threads were stopped: 0.0000746 seconds, Stopping threads took: 0.0000235 seconds
2017-09-17T01:48:21.388-0100: 16975.925: Total time for which application threads were stopped: 0.0001266 seconds, Stopping threads took: 0.0000925 seconds
2017-09-17T01:48:21.391-0100: 16975.928: Total time for which application threads were stopped: 0.0000842 seconds, Stopping threads took: 0.0000139 seconds
2017-09-17T01:48:21.397-0100: 16975.935: Total time for which application threads were stopped: 0.0000859 seconds, Stopping threads took: 0.0000257 seconds
2017-09-17T01:48:21.397-0100: 16975.935: Total time for which application threads were stopped: 0.0000611 seconds, Stopping threads took: 0.0000196 seconds
2017-09-17T01:48:21.398-0100: 16975.935: Total time for which application threads were stopped: 0.0000587 seconds, Stopping threads took: 0.0000182 seconds
2017-09-17T01:48:21.400-0100: 16975.937: Total time for which application threads were stopped: 0.0000784 seconds, Stopping threads took: 0.0000214 seconds
2017-09-17T01:48:21.407-0100: 16975.944: Total time for which application threads were stopped: 0.0001276 seconds, Stopping threads took: 0.0000384 seconds
2017-09-17T01:48:21.407-0100: 16975.944: Total time for which application threads were stopped: 0.0001000 seconds, Stopping threads took: 0.0000365 seconds
2017-09-17T01:48:21.407-0100: 16975.944: Total time for which application threads were stopped: 0.0000812 seconds, Stopping threads took: 0.0000265 seconds
2017-09-17T01:48:21.410-0100: 16975.947: Total time for which application threads were stopped: 0.0000981 seconds, Stopping threads took: 0.0000129 seconds
2017-09-17T01:48:21.420-0100: 16975.957: Total time for which application threads were stopped: 0.0001118 seconds, Stopping threads took: 0.0000329 seconds
2017-09-17T01:48:21.420-0100: 16975.957: Total time for which application threads were stopped: 0.0000820 seconds, Stopping threads took: 0.0000187 seconds
2017-09-17T01:48:21.420-0100: 16975.958: Total time for which application threads were stopped: 0.0001478 seconds, Stopping threads took: 0.0000743 seconds
2017-09-17T01:48:21.424-0100: 16975.961: Total time for which application threads were stopped: 0.0000989 seconds, Stopping threads took: 0.0000149 seconds
2017-09-17T01:48:21.432-0100: 16975.969: Total time for which application threads were stopped: 0.0000977 seconds, Stopping threads took: 0.0000334 seconds
2017-09-17T01:48:21.432-0100: 16975.969: Total time for which application threads were stopped: 0.0001152 seconds, Stopping threads took: 0.0000446 seconds
2017-09-17T01:48:21.432-0100: 16975.969: Total time for which application threads were stopped: 0.0000702 seconds, Stopping threads took: 0.0000174 seconds
2017-09-17T01:48:21.435-0100: 16975.972: Total time for which application threads were stopped: 0.0000664 seconds, Stopping threads took: 0.0000107 seconds
2017-09-17T01:48:21.442-0100: 16975.979: Total time for which application threads were stopped: 0.0000945 seconds, Stopping threads took: 0.0000295 seconds
2017-09-17T01:48:21.442-0100: 16975.979: Total time for which application threads were stopped: 0.0000740 seconds, Stopping threads took: 0.0000293 seconds
2017-09-17T01:48:21.442-0100: 16975.979: Total time for which application threads were stopped: 0.0000569 seconds, Stopping threads took: 0.0000167 seconds
2017-09-17T01:48:21.446-0100: 16975.983: Total time for which application threads were stopped: 0.0000818 seconds, Stopping threads took: 0.0000207 seconds
2017-09-17T01:48:21.454-0100: 16975.991: Total time for which application threads were stopped: 0.0000912 seconds, Stopping threads took: 0.0000306 seconds
2017-09-17T01:48:21.454-0100: 16975.991: Total time for which application threads were stopped: 0.0000503 seconds, Stopping threads took: 0.0000149 seconds
2017-09-17T01:48:21.454-0100: 16975.991: Total time for which application threads were stopped: 0.0000553 seconds, Stopping threads took: 0.0000200 seconds
2017-09-17T01:48:21.457-0100: 16975.994: Total time for which application threads were stopped: 0.0001135 seconds, Stopping threads took: 0.0000311 seconds
{Heap before GC invocations=13 (full 2):
 par new generation   total 109248K, used 98549K [0x00000007a0000000, 0x00000007a8000000, 0x00000007a8000000)
  eden space 87424K, 100% used [0x00000007a0000000, 0x00000007a5560000, 0x00000007a5560000)
  from space 21824K,  50% used [0x00000007a6ab0000, 0x00000007a758d4c0, 0x00000007a8000000)
  to   space 21824K,   0% used [0x00000007a5560000, 0x00000007a5560000, 0x00000007a6ab0000)
 concurrent mark-sweep generation total 393216K, used 8064K [0x00000007a8000000, 0x00000007c0000000, 0x00000007c0000000)
 Metaspace       used 39096K, capacity 40030K, committed 40320K, reserved 1085440K
  class space    used 4482K, capacity 4708K, committed 4736K, reserved 1048576K
2017-09-17T01:48:21.467-0100: 16976.004: [GC (Allocation Failure) 2017-09-17T01:48:21.467-0100: 16976.004: [ParNew
Desired survivor size 20112992 bytes, new threshold 8 (max 8)
- age   1:    1121368 bytes,    1121368 total
- age   2:     500984 bytes,    1622352 total
- age   3:     355920 bytes,    1978272 total
- age   4:      23520 bytes,    2001792 total
- age   5:      24648 bytes,    2026440 total
- age   6:     161576 bytes,    2188016 total
- age   7:      60896 bytes,    2248912 total
- age   8:    2662208 bytes,    4911120 total
: 98549K->6186K(109248K), 0.0131739 secs] 106613K->17431K(502464K), 0.0132194 secs] [Times: user=0.04 sys=0.00, real=0.02 secs] 
Heap after GC invocations=14 (full 2):
 par new generation   total 109248K, used 6186K [0x00000007a0000000, 0x00000007a8000000, 0x00000007a8000000)
  eden space 87424K,   0% used [0x00000007a0000000, 0x00000007a0000000, 0x00000007a5560000)
  from space 21824K,  28% used [0x00000007a5560000, 0x00000007a5b6ab50, 0x00000007a6ab0000)
  to   space 21824K,   0% used [0x00000007a6ab0000, 0x00000007a6ab0000, 0x00000007a8000000)
 concurrent mark-sweep generation total 393216K, used 11244K [0x00000007a8000000, 0x00000007c0000000, 0x00000007c0000000)
 Metaspace       used 39096K, capacity 40030K, committed 40320K, reserved 1085440K
  class space    used 4482K, capacity 4708K, committed 4736K, reserved 1048576K
}
2017-09-17T01:48:21.480-0100: 16976.017: Total time for which application threads were stopped: 0.0134389 seconds, Stopping threads took: 0.0000336 seconds
2017-09-17T01:48:21.480-0100: 16976.018: Total time for which application threads were stopped: 0.0001093 seconds, Stopping threads took: 0.0000240 seconds
2017-09-17T01:48:21.481-0100: 16976.018: Total time for which application threads were stopped: 0.0000996 seconds, Stopping threads took: 0.0000230 seconds
2017-09-17T01:48:21.481-0100: 16976.018: Total time for which application threads were stopped: 0.0001187 seconds, Stopping threads took: 0.0000740 seconds
2017-09-17T01:48:21.481-0100: 16976.018: Total time for which application threads were stopped: 0.0001106 seconds, Stopping threads took: 0.0000559 seconds
2017-09-17T01:48:21.485-0100: 16976.022: Total time for which application threads were stopped: 0.0001444 seconds, Stopping threads took: 0.0000798 seconds
2017-09-17T01:48:21.493-0100: 16976.030: Total time for which application threads were stopped: 0.0000771 seconds, Stopping threads took: 0.0000210 seconds
2017-09-17T01:48:21.493-0100: 16976.030: Total time for which application threads were stopped: 0.0000625 seconds, Stopping threads took: 0.0000179 seconds
2017-09-17T01:48:21.493-0100: 16976.030: Total time for which application threads were stopped: 0.0000458 seconds, Stopping threads took: 0.0000133 seconds
2017-09-17T01:48:21.493-0100: 16976.030: Total time for which application threads were stopped: 0.0000537 seconds, Stopping threads took: 0.0000057 seconds
2017-09-17T01:48:21.493-0100: 16976.030: Total time for which application threads were stopped: 0.0000453 seconds, Stopping threads took: 0.0000047 seconds
2017-09-17T01:48:21.493-0100: 16976.030: Total time for which application threads were stopped: 0.0000333 seconds, Stopping threads took: 0.0000047 seconds
2017-09-17T01:48:21.493-0100: 16976.030: Total time for which application threads were stopped: 0.0000326 seconds, Stopping threads took: 0.0000045 seconds
2017-09-17T01:48:21.493-0100: 16976.030: Total time for which application threads were stopped: 0.0000426 seconds, Stopping threads took: 0.0000046 seconds
2017-09-17T01:48:21.493-0100: 16976.030: Total time for which application threads were stopped: 0.0000328 seconds, Stopping threads took: 0.0000046 seconds
2017-09-17T01:48:21.493-0100: 16976.030: Total time for which application threads were stopped: 0.0000325 seconds, Stopping threads took: 0.0000046 seconds
2017-09-17T01:48:21.493-0100: 16976.030: Total time for which application threads were stopped: 0.0000426 seconds, Stopping threads took: 0.0000047 seconds
2017-09-17T01:48:21.493-0100: 16976.031: Total time for which application threads were stopped: 0.0000330 seconds, Stopping threads took: 0.0000048 seconds
2017-09-17T01:48:21.494-0100: 16976.031: Total time for which application threads were stopped: 0.0000911 seconds, Stopping threads took: 0.0000047 seconds
2017-09-17T01:48:31.536-0100: 16986.074: Total time for which application threads were stopped: 0.0001153 seconds, Stopping threads took: 0.0000372 seconds
2017-09-17T01:48:48.496-0100: 17003.034: Total time for which application threads were stopped: 0.0001172 seconds, Stopping threads took: 0.0000186 seconds
2017-09-17T01:48:48.496-0100: 17003.034: Total time for which application threads were stopped: 0.0001026 seconds, Stopping threads took: 0.0000127 seconds
2017-09-17T01:48:48.496-0100: 17003.034: Total time for which application threads were stopped: 0.0000795 seconds, Stopping threads took: 0.0000084 seconds
2017-09-17T01:48:53.518-0100: 17008.056: Total time for which application threads were stopped: 0.0001473 seconds, Stopping threads took: 0.0000353 seconds
2017-09-17T01:51:17.673-0100: 17152.216: Total time for which application threads were stopped: 0.0001458 seconds, Stopping threads took: 0.0000476 seconds
2017-09-17T01:51:17.673-0100: 17152.216: Total time for which application threads were stopped: 0.0000887 seconds, Stopping threads took: 0.0000292 seconds
2017-09-17T01:51:17.673-0100: 17152.217: Total time for which application threads were stopped: 0.0000730 seconds, Stopping threads took: 0.0000159 seconds
2017-09-17T02:00:44.805-0100: 17719.370: Total time for which application threads were stopped: 0.0001104 seconds, Stopping threads took: 0.0000323 seconds
2017-09-17T02:00:52.835-0100: 17727.400: Total time for which application threads were stopped: 0.0001584 seconds, Stopping threads took: 0.0000339 seconds
2017-09-17T02:01:43.009-0100: 17777.576: Total time for which application threads were stopped: 0.0002466 seconds, Stopping threads took: 0.0000553 seconds
2017-09-17T02:23:22.912-0100: 19077.525: Total time for which application threads were stopped: 0.0000871 seconds, Stopping threads took: 0.0000180 seconds
2017-09-17T02:23:22.935-0100: 19077.548: Total time for which application threads were stopped: 0.0002043 seconds, Stopping threads took: 0.0000494 seconds
2017-09-17T02:23:22.935-0100: 19077.548: Total time for which application threads were stopped: 0.0000485 seconds, Stopping threads took: 0.0000153 seconds
2017-09-17T02:23:22.935-0100: 19077.548: Total time for which application threads were stopped: 0.0001230 seconds, Stopping threads took: 0.0000088 seconds
2017-09-17T02:23:22.935-0100: 19077.549: Total time for which application threads were stopped: 0.0000563 seconds, Stopping threads took: 0.0000175 seconds
2017-09-17T02:23:22.939-0100: 19077.552: Total time for which application threads were stopped: 0.0001508 seconds, Stopping threads took: 0.0000148 seconds
2017-09-17T02:23:22.946-0100: 19077.559: Total time for which application threads were stopped: 0.0000732 seconds, Stopping threads took: 0.0000123 seconds
2017-09-17T02:23:22.946-0100: 19077.559: Total time for which application threads were stopped: 0.0001006 seconds, Stopping threads took: 0.0000052 seconds
2017-09-17T02:23:22.946-0100: 19077.560: Total time for which application threads were stopped: 0.0000528 seconds, Stopping threads took: 0.0000083 seconds
2017-09-17T02:23:22.946-0100: 19077.560: Total time for which application threads were stopped: 0.0000544 seconds, Stopping threads took: 0.0000171 seconds
2017-09-17T02:23:22.956-0100: 19077.569: Total time for which application threads were stopped: 0.0000752 seconds, Stopping threads took: 0.0000218 seconds
2017-09-17T02:23:22.956-0100: 19077.570: Total time for which application threads were stopped: 0.0000844 seconds, Stopping threads took: 0.0000303 seconds
2017-09-17T02:23:22.956-0100: 19077.570: Total time for which application threads were stopped: 0.0000601 seconds, Stopping threads took: 0.0000180 seconds
2017-09-17T02:23:22.956-0100: 19077.570: Total time for which application threads were stopped: 0.0000481 seconds, Stopping threads took: 0.0000063 seconds
2017-09-17T02:23:22.966-0100: 19077.579: Total time for which application threads were stopped: 0.0000732 seconds, Stopping threads took: 0.0000207 seconds
2017-09-17T02:23:22.966-0100: 19077.580: Total time for which application threads were stopped: 0.0000893 seconds, Stopping threads took: 0.0000282 seconds
2017-09-17T02:23:22.966-0100: 19077.580: Total time for which application threads were stopped: 0.0000658 seconds, Stopping threads took: 0.0000237 seconds
2017-09-17T02:23:22.967-0100: 19077.580: Total time for which application threads were stopped: 0.0001644 seconds, Stopping threads took: 0.0001136 seconds
2017-09-17T02:23:22.981-0100: 19077.594: Total time for which application threads were stopped: 0.0000782 seconds, Stopping threads took: 0.0000228 seconds
2017-09-17T02:23:22.981-0100: 19077.595: Total time for which application threads were stopped: 0.0000714 seconds, Stopping threads took: 0.0000208 seconds
2017-09-17T02:23:22.981-0100: 19077.595: Total time for which application threads were stopped: 0.0000825 seconds, Stopping threads took: 0.0000338 seconds
2017-09-17T02:23:22.982-0100: 19077.595: Total time for which application threads were stopped: 0.0001184 seconds, Stopping threads took: 0.0000549 seconds
2017-09-17T02:23:22.992-0100: 19077.605: Total time for which application threads were stopped: 0.0000833 seconds, Stopping threads took: 0.0000223 seconds
2017-09-17T02:23:22.992-0100: 19077.605: Total time for which application threads were stopped: 0.0000434 seconds, Stopping threads took: 0.0000066 seconds
2017-09-17T02:23:22.992-0100: 19077.605: Total time for which application threads were stopped: 0.0000834 seconds, Stopping threads took: 0.0000445 seconds
2017-09-17T02:23:22.992-0100: 19077.605: Total time for which application threads were stopped: 0.0000693 seconds, Stopping threads took: 0.0000273 seconds
2017-09-17T02:23:23.003-0100: 19077.616: Total time for which application threads were stopped: 0.0000811 seconds, Stopping threads took: 0.0000229 seconds
2017-09-17T02:23:23.003-0100: 19077.616: Total time for which application threads were stopped: 0.0000683 seconds, Stopping threads took: 0.0000208 seconds
2017-09-17T02:23:23.003-0100: 19077.616: Total time for which application threads were stopped: 0.0000622 seconds, Stopping threads took: 0.0000151 seconds
2017-09-17T02:23:23.003-0100: 19077.616: Total time for which application threads were stopped: 0.0000931 seconds, Stopping threads took: 0.0000534 seconds
2017-09-17T02:23:23.013-0100: 19077.627: Total time for which application threads were stopped: 0.0001034 seconds, Stopping threads took: 0.0000222 seconds
2017-09-17T02:23:23.014-0100: 19077.627: Total time for which application threads were stopped: 0.0000657 seconds, Stopping threads took: 0.0000237 seconds
2017-09-17T02:23:23.014-0100: 19077.627: Total time for which application threads were stopped: 0.0000514 seconds, Stopping threads took: 0.0000161 seconds
2017-09-17T02:23:23.014-0100: 19077.627: Total time for which application threads were stopped: 0.0000941 seconds, Stopping threads took: 0.0000552 seconds
2017-09-17T02:23:23.014-0100: 19077.627: Total time for which application threads were stopped: 0.0000548 seconds, Stopping threads took: 0.0000165 seconds
2017-09-17T02:23:23.028-0100: 19077.641: Total time for which application threads were stopped: 0.0000731 seconds, Stopping threads took: 0.0000130 seconds
2017-09-17T02:23:23.028-0100: 19077.641: Total time for which application threads were stopped: 0.0000555 seconds, Stopping threads took: 0.0000199 seconds
2017-09-17T02:23:23.028-0100: 19077.641: Total time for which application threads were stopped: 0.0000572 seconds, Stopping threads took: 0.0000158 seconds
2017-09-17T02:23:23.028-0100: 19077.641: Total time for which application threads were stopped: 0.0000798 seconds, Stopping threads took: 0.0000405 seconds
2017-09-17T02:23:23.028-0100: 19077.641: Total time for which application threads were stopped: 0.0000494 seconds, Stopping threads took: 0.0000070 seconds
2017-09-17T02:23:23.028-0100: 19077.642: Total time for which application threads were stopped: 0.0000378 seconds, Stopping threads took: 0.0000059 seconds
2017-09-17T02:23:23.028-0100: 19077.642: Total time for which application threads were stopped: 0.0000521 seconds, Stopping threads took: 0.0000058 seconds
2017-09-17T02:23:23.028-0100: 19077.642: Total time for which application threads were stopped: 0.0000637 seconds, Stopping threads took: 0.0000305 seconds
2017-09-17T02:23:23.029-0100: 19077.642: Total time for which application threads were stopped: 0.0000652 seconds, Stopping threads took: 0.0000237 seconds
2017-09-17T02:23:23.029-0100: 19077.642: Total time for which application threads were stopped: 0.0002775 seconds, Stopping threads took: 0.0000398 seconds
2017-09-17T02:23:23.029-0100: 19077.642: Total time for which application threads were stopped: 0.0000540 seconds, Stopping threads took: 0.0000109 seconds
2017-09-17T02:23:23.029-0100: 19077.643: Total time for which application threads were stopped: 0.0000615 seconds, Stopping threads took: 0.0000190 seconds
2017-09-17T02:23:23.053-0100: 19077.667: Total time for which application threads were stopped: 0.0000843 seconds, Stopping threads took: 0.0000145 seconds
2017-09-17T02:23:23.053-0100: 19077.667: Total time for which application threads were stopped: 0.0000557 seconds, Stopping threads took: 0.0000186 seconds
2017-09-17T02:23:23.054-0100: 19077.667: Total time for which application threads were stopped: 0.0000871 seconds, Stopping threads took: 0.0000510 seconds
2017-09-17T02:23:23.054-0100: 19077.667: Total time for which application threads were stopped: 0.0000534 seconds, Stopping threads took: 0.0000182 seconds
2017-09-17T02:23:23.063-0100: 19077.677: Total time for which application threads were stopped: 0.0000760 seconds, Stopping threads took: 0.0000223 seconds
2017-09-17T02:23:23.063-0100: 19077.677: Total time for which application threads were stopped: 0.0000545 seconds, Stopping threads took: 0.0000148 seconds
2017-09-17T02:23:23.063-0100: 19077.677: Total time for which application threads were stopped: 0.0000412 seconds, Stopping threads took: 0.0000055 seconds
2017-09-17T02:23:23.064-0100: 19077.677: Total time for which application threads were stopped: 0.0000946 seconds, Stopping threads took: 0.0000531 seconds
2017-09-17T02:23:23.064-0100: 19077.677: Total time for which application threads were stopped: 0.0000400 seconds, Stopping threads took: 0.0000055 seconds
2017-09-17T02:23:23.064-0100: 19077.677: Total time for which application threads were stopped: 0.0000436 seconds, Stopping threads took: 0.0000131 seconds
2017-09-17T02:23:23.072-0100: 19077.686: Total time for which application threads were stopped: 0.0000660 seconds, Stopping threads took: 0.0000115 seconds
2017-09-17T02:23:23.072-0100: 19077.686: Total time for which application threads were stopped: 0.0000500 seconds, Stopping threads took: 0.0000154 seconds
2017-09-17T02:23:23.073-0100: 19077.686: Total time for which application threads were stopped: 0.0000677 seconds, Stopping threads took: 0.0000193 seconds
2017-09-17T02:23:23.073-0100: 19077.686: Total time for which application threads were stopped: 0.0000820 seconds, Stopping threads took: 0.0000225 seconds
2017-09-17T02:23:23.082-0100: 19077.695: Total time for which application threads were stopped: 0.0000686 seconds, Stopping threads took: 0.0000180 seconds
2017-09-17T02:23:23.082-0100: 19077.695: Total time for which application threads were stopped: 0.0000535 seconds, Stopping threads took: 0.0000156 seconds
2017-09-17T02:23:23.082-0100: 19077.695: Total time for which application threads were stopped: 0.0000586 seconds, Stopping threads took: 0.0000194 seconds
2017-09-17T02:23:23.082-0100: 19077.695: Total time for which application threads were stopped: 0.0000559 seconds, Stopping threads took: 0.0000148 seconds
2017-09-17T02:23:23.091-0100: 19077.704: Total time for which application threads were stopped: 0.0000760 seconds, Stopping threads took: 0.0000228 seconds
2017-09-17T02:23:23.091-0100: 19077.704: Total time for which application threads were stopped: 0.0000645 seconds, Stopping threads took: 0.0000176 seconds
2017-09-17T02:23:23.091-0100: 19077.704: Total time for which application threads were stopped: 0.0000502 seconds, Stopping threads took: 0.0000155 seconds
2017-09-17T02:23:23.091-0100: 19077.704: Total time for which application threads were stopped: 0.0000495 seconds, Stopping threads took: 0.0000072 seconds
2017-09-17T02:23:23.100-0100: 19077.713: Total time for which application threads were stopped: 0.0000635 seconds, Stopping threads took: 0.0000112 seconds
2017-09-17T02:23:23.100-0100: 19077.713: Total time for which application threads were stopped: 0.0000512 seconds, Stopping threads took: 0.0000163 seconds
2017-09-17T02:23:23.100-0100: 19077.714: Total time for which application threads were stopped: 0.0000491 seconds, Stopping threads took: 0.0000142 seconds
2017-09-17T02:23:23.100-0100: 19077.714: Total time for which application threads were stopped: 0.0000806 seconds, Stopping threads took: 0.0000187 seconds
2017-09-17T02:23:23.109-0100: 19077.723: Total time for which application threads were stopped: 0.0000965 seconds, Stopping threads took: 0.0000427 seconds
2017-09-17T02:23:23.110-0100: 19077.723: Total time for which application threads were stopped: 0.0000558 seconds, Stopping threads took: 0.0000197 seconds
2017-09-17T02:23:23.110-0100: 19077.723: Total time for which application threads were stopped: 0.0000879 seconds, Stopping threads took: 0.0000233 seconds
2017-09-17T02:23:23.110-0100: 19077.723: Total time for which application threads were stopped: 0.0000571 seconds, Stopping threads took: 0.0000173 seconds
2017-09-17T02:23:23.120-0100: 19077.733: Total time for which application threads were stopped: 0.0001202 seconds, Stopping threads took: 0.0000366 seconds
2017-09-17T02:23:23.120-0100: 19077.734: Total time for which application threads were stopped: 0.0000737 seconds, Stopping threads took: 0.0000308 seconds
2017-09-17T02:23:23.120-0100: 19077.734: Total time for which application threads were stopped: 0.0000651 seconds, Stopping threads took: 0.0000307 seconds
2017-09-17T02:23:23.121-0100: 19077.734: Total time for which application threads were stopped: 0.0000764 seconds, Stopping threads took: 0.0000269 seconds
2017-09-17T02:23:23.121-0100: 19077.734: Total time for which application threads were stopped: 0.0001097 seconds, Stopping threads took: 0.0000639 seconds
2017-09-17T02:23:23.133-0100: 19077.746: Total time for which application threads were stopped: 0.0000986 seconds, Stopping threads took: 0.0000268 seconds
2017-09-17T02:23:23.133-0100: 19077.746: Total time for which application threads were stopped: 0.0000546 seconds, Stopping threads took: 0.0000204 seconds
2017-09-17T02:23:23.133-0100: 19077.746: Total time for which application threads were stopped: 0.0000548 seconds, Stopping threads took: 0.0000092 seconds
2017-09-17T02:23:23.133-0100: 19077.746: Total time for which application threads were stopped: 0.0000649 seconds, Stopping threads took: 0.0000171 seconds
2017-09-17T02:23:23.133-0100: 19077.747: Total time for which application threads were stopped: 0.0000593 seconds, Stopping threads took: 0.0000065 seconds
2017-09-17T02:23:23.133-0100: 19077.747: Total time for which application threads were stopped: 0.0000476 seconds, Stopping threads took: 0.0000054 seconds
2017-09-17T02:23:23.133-0100: 19077.747: Total time for which application threads were stopped: 0.0000357 seconds, Stopping threads took: 0.0000053 seconds
2017-09-17T02:23:23.134-0100: 19077.747: Total time for which application threads were stopped: 0.0000438 seconds, Stopping threads took: 0.0000073 seconds
2017-09-17T02:23:23.134-0100: 19077.747: Total time for which application threads were stopped: 0.0000517 seconds, Stopping threads took: 0.0000064 seconds
2017-09-17T02:23:23.134-0100: 19077.747: Total time for which application threads were stopped: 0.0000441 seconds, Stopping threads took: 0.0000071 seconds
2017-09-17T02:23:23.134-0100: 19077.747: Total time for which application threads were stopped: 0.0000384 seconds, Stopping threads took: 0.0000058 seconds
2017-09-17T02:23:23.134-0100: 19077.747: Total time for which application threads were stopped: 0.0000573 seconds, Stopping threads took: 0.0000072 seconds
2017-09-17T02:23:23.134-0100: 19077.747: Total time for which application threads were stopped: 0.0000386 seconds, Stopping threads took: 0.0000058 seconds
2017-09-17T02:23:23.134-0100: 19077.747: Total time for which application threads were stopped: 0.0000670 seconds, Stopping threads took: 0.0000054 seconds
2017-09-17T02:23:23.148-0100: 19077.761: Total time for which application threads were stopped: 0.0000649 seconds, Stopping threads took: 0.0000119 seconds
2017-09-17T02:23:23.148-0100: 19077.761: Total time for which application threads were stopped: 0.0000477 seconds, Stopping threads took: 0.0000127 seconds
2017-09-17T02:23:23.148-0100: 19077.761: Total time for which application threads were stopped: 0.0000507 seconds, Stopping threads took: 0.0000189 seconds
2017-09-17T02:23:23.148-0100: 19077.761: Total time for which application threads were stopped: 0.0000379 seconds, Stopping threads took: 0.0000058 seconds
2017-09-17T02:23:23.157-0100: 19077.771: Total time for which application threads were stopped: 0.0002039 seconds, Stopping threads took: 0.0000788 seconds
2017-09-17T02:23:23.158-0100: 19077.771: Total time for which application threads were stopped: 0.0000659 seconds, Stopping threads took: 0.0000220 seconds
2017-09-17T02:23:23.158-0100: 19077.771: Total time for which application threads were stopped: 0.0001343 seconds, Stopping threads took: 0.0000261 seconds
2017-09-17T02:23:23.158-0100: 19077.771: Total time for which application threads were stopped: 0.0001370 seconds, Stopping threads took: 0.0000241 seconds
2017-09-17T02:23:23.162-0100: 19077.775: Total time for which application threads were stopped: 0.0001450 seconds, Stopping threads took: 0.0000110 seconds
2017-09-17T02:23:23.169-0100: 19077.782: Total time for which application threads were stopped: 0.0000836 seconds, Stopping threads took: 0.0000219 seconds
{Heap before GC invocations=14 (full 2):
 par new generation   total 109248K, used 93610K [0x00000007a0000000, 0x00000007a8000000, 0x00000007a8000000)
  eden space 87424K, 100% used [0x00000007a0000000, 0x00000007a5560000, 0x00000007a5560000)
  from space 21824K,  28% used [0x00000007a5560000, 0x00000007a5b6ab50, 0x00000007a6ab0000)
  to   space 21824K,   0% used [0x00000007a6ab0000, 0x00000007a6ab0000, 0x00000007a8000000)
 concurrent mark-sweep generation total 393216K, used 11244K [0x00000007a8000000, 0x00000007c0000000, 0x00000007c0000000)
 Metaspace       used 39136K, capacity 40030K, committed 40320K, reserved 1085440K
  class space    used 4482K, capacity 4708K, committed 4736K, reserved 1048576K
2017-09-17T02:23:23.177-0100: 19077.790: [GC (Allocation Failure) 2017-09-17T02:23:23.177-0100: 19077.790: [ParNew
Desired survivor size 20112992 bytes, new threshold 8 (max 8)
- age   1:    1104408 bytes,    1104408 total
- age   2:      19752 bytes,    1124160 total
- age   3:     468376 bytes,    1592536 total
- age   4:     309400 bytes,    1901936 total
- age   5:      23520 bytes,    1925456 total
- age   6:      24648 bytes,    1950104 total
- age   7:     161576 bytes,    2111680 total
- age   8:      60896 bytes,    2172576 total
: 93610K->2764K(109248K), 0.0092018 secs] 104855K->16618K(502464K), 0.0092479 secs] [Times: user=0.04 sys=0.01, real=0.01 secs] 
Heap after GC invocations=15 (full 2):
 par new generation   total 109248K, used 2764K [0x00000007a0000000, 0x00000007a8000000, 0x00000007a8000000)
  eden space 87424K,   0% used [0x00000007a0000000, 0x00000007a0000000, 0x00000007a5560000)
  from space 21824K,  12% used [0x00000007a6ab0000, 0x00000007a6d630b8, 0x00000007a8000000)
  to   space 21824K,   0% used [0x00000007a5560000, 0x00000007a5560000, 0x00000007a6ab0000)
 concurrent mark-sweep generation total 393216K, used 13854K [0x00000007a8000000, 0x00000007c0000000, 0x00000007c0000000)
 Metaspace       used 39136K, capacity 40030K, committed 40320K, reserved 1085440K
  class space    used 4482K, capacity 4708K, committed 4736K, reserved 1048576K
}
2017-09-17T02:23:23.186-0100: 19077.799: Total time for which application threads were stopped: 0.0093790 seconds, Stopping threads took: 0.0000113 seconds
2017-09-17T02:23:23.189-0100: 19077.802: Total time for which application threads were stopped: 0.0001408 seconds, Stopping threads took: 0.0000190 seconds
2017-09-17T02:23:23.226-0100: 19077.840: Total time for which application threads were stopped: 0.0001040 seconds, Stopping threads took: 0.0000200 seconds
2017-09-17T02:23:23.238-0100: 19077.851: Total time for which application threads were stopped: 0.0000909 seconds, Stopping threads took: 0.0000106 seconds
2017-09-17T02:23:23.238-0100: 19077.851: Total time for which application threads were stopped: 0.0001179 seconds, Stopping threads took: 0.0000080 seconds
2017-09-17T02:23:23.279-0100: 19077.892: Total time for which application threads were stopped: 0.0000760 seconds, Stopping threads took: 0.0000130 seconds
2017-09-17T02:23:23.289-0100: 19077.902: Total time for which application threads were stopped: 0.0000945 seconds, Stopping threads took: 0.0000259 seconds
2017-09-17T02:23:41.356-0100: 19095.970: Total time for which application threads were stopped: 0.0001404 seconds, Stopping threads took: 0.0000310 seconds
2017-09-17T02:24:02.423-0100: 19117.038: Total time for which application threads were stopped: 0.0001562 seconds, Stopping threads took: 0.0000418 seconds
2017-09-17T02:24:02.423-0100: 19117.038: Total time for which application threads were stopped: 0.0000550 seconds, Stopping threads took: 0.0000065 seconds
2017-09-17T02:24:02.423-0100: 19117.038: Total time for which application threads were stopped: 0.0000620 seconds, Stopping threads took: 0.0000061 seconds
2017-09-17T02:24:02.424-0100: 19117.038: Total time for which application threads were stopped: 0.0000841 seconds, Stopping threads took: 0.0000446 seconds
2017-09-17T02:24:02.424-0100: 19117.039: Total time for which application threads were stopped: 0.0000636 seconds, Stopping threads took: 0.0000138 seconds
2017-09-17T02:24:02.424-0100: 19117.039: Total time for which application threads were stopped: 0.0000571 seconds, Stopping threads took: 0.0000069 seconds
2017-09-17T02:24:02.424-0100: 19117.039: Total time for which application threads were stopped: 0.0000648 seconds, Stopping threads took: 0.0000239 seconds
2017-09-17T02:24:02.424-0100: 19117.039: Total time for which application threads were stopped: 0.0000639 seconds, Stopping threads took: 0.0000075 seconds
2017-09-17T02:24:02.425-0100: 19117.039: Total time for which application threads were stopped: 0.0000633 seconds, Stopping threads took: 0.0000073 seconds
2017-09-17T02:24:02.425-0100: 19117.040: Total time for which application threads were stopped: 0.0000791 seconds, Stopping threads took: 0.0000422 seconds
2017-09-17T02:24:57.621-0100: 19172.237: Total time for which application threads were stopped: 0.0001568 seconds, Stopping threads took: 0.0000298 seconds
2017-09-17T02:25:33.753-0100: 19208.371: Total time for which application threads were stopped: 0.0001320 seconds, Stopping threads took: 0.0000509 seconds
2017-09-17T02:25:48.645-0100: 19223.264: Total time for which application threads were stopped: 0.0001978 seconds, Stopping threads took: 0.0000255 seconds
2017-09-17T02:25:49.649-0100: 19224.268: Total time for which application threads were stopped: 0.0000983 seconds, Stopping threads took: 0.0000210 seconds
2017-09-17T02:25:58.685-0100: 19233.304: Total time for which application threads were stopped: 0.0001128 seconds, Stopping threads took: 0.0000181 seconds
2017-09-17T02:29:35.057-0100: 19449.683: Total time for which application threads were stopped: 0.0001057 seconds, Stopping threads took: 0.0000177 seconds
2017-09-17T02:29:35.057-0100: 19449.683: Total time for which application threads were stopped: 0.0000403 seconds, Stopping threads took: 0.0000058 seconds
2017-09-17T02:29:42.247-0100: 19456.874: Total time for which application threads were stopped: 0.0000991 seconds, Stopping threads took: 0.0000172 seconds
2017-09-17T02:29:42.261-0100: 19456.888: Total time for which application threads were stopped: 0.0001433 seconds, Stopping threads took: 0.0000367 seconds
2017-09-17T02:29:42.275-0100: 19456.902: Total time for which application threads were stopped: 0.0001244 seconds, Stopping threads took: 0.0000160 seconds
2017-09-17T02:29:42.275-0100: 19456.902: Total time for which application threads were stopped: 0.0000524 seconds, Stopping threads took: 0.0000089 seconds
2017-09-17T02:29:42.275-0100: 19456.902: Total time for which application threads were stopped: 0.0000531 seconds, Stopping threads took: 0.0000103 seconds
2017-09-17T02:29:42.275-0100: 19456.902: Total time for which application threads were stopped: 0.0000616 seconds, Stopping threads took: 0.0000173 seconds
2017-09-17T02:29:42.288-0100: 19456.915: Total time for which application threads were stopped: 0.0001643 seconds, Stopping threads took: 0.0000408 seconds
2017-09-17T02:29:42.289-0100: 19456.915: Total time for which application threads were stopped: 0.0000827 seconds, Stopping threads took: 0.0000144 seconds
2017-09-17T02:29:42.289-0100: 19456.916: Total time for which application threads were stopped: 0.0000707 seconds, Stopping threads took: 0.0000195 seconds
2017-09-17T02:29:42.289-0100: 19456.916: Total time for which application threads were stopped: 0.0000673 seconds, Stopping threads took: 0.0000098 seconds
2017-09-17T02:29:42.289-0100: 19456.916: Total time for which application threads were stopped: 0.0000502 seconds, Stopping threads took: 0.0000074 seconds
2017-09-17T02:29:42.289-0100: 19456.916: Total time for which application threads were stopped: 0.0000812 seconds, Stopping threads took: 0.0000380 seconds
2017-09-17T02:29:42.289-0100: 19456.916: Total time for which application threads were stopped: 0.0001079 seconds, Stopping threads took: 0.0000411 seconds
2017-09-17T02:29:42.289-0100: 19456.916: Total time for which application threads were stopped: 0.0000524 seconds, Stopping threads took: 0.0000173 seconds
2017-09-17T02:29:42.290-0100: 19456.916: Total time for which application threads were stopped: 0.0000999 seconds, Stopping threads took: 0.0000338 seconds
2017-09-17T02:29:42.306-0100: 19456.933: Total time for which application threads were stopped: 0.0000908 seconds, Stopping threads took: 0.0000152 seconds
2017-09-17T02:29:42.315-0100: 19456.942: Total time for which application threads were stopped: 0.0001239 seconds, Stopping threads took: 0.0000383 seconds
2017-09-17T02:29:42.325-0100: 19456.952: Total time for which application threads were stopped: 0.0000951 seconds, Stopping threads took: 0.0000333 seconds
2017-09-17T02:29:42.343-0100: 19456.970: Total time for which application threads were stopped: 0.0001403 seconds, Stopping threads took: 0.0000314 seconds
2017-09-17T02:29:42.355-0100: 19456.982: Total time for which application threads were stopped: 0.0001099 seconds, Stopping threads took: 0.0000156 seconds
2017-09-17T02:29:42.365-0100: 19456.992: Total time for which application threads were stopped: 0.0000886 seconds, Stopping threads took: 0.0000262 seconds
2017-09-17T02:29:42.376-0100: 19457.003: Total time for which application threads were stopped: 0.0000903 seconds, Stopping threads took: 0.0000304 seconds
2017-09-17T02:29:42.386-0100: 19457.013: Total time for which application threads were stopped: 0.0001613 seconds, Stopping threads took: 0.0000597 seconds
2017-09-17T02:29:42.386-0100: 19457.013: Total time for which application threads were stopped: 0.0000847 seconds, Stopping threads took: 0.0000323 seconds
{Heap before GC invocations=15 (full 2):
 par new generation   total 109248K, used 89934K [0x00000007a0000000, 0x00000007a8000000, 0x00000007a8000000)
  eden space 87424K,  99% used [0x00000007a0000000, 0x00000007a5520908, 0x00000007a5560000)
  from space 21824K,  12% used [0x00000007a6ab0000, 0x00000007a6d630b8, 0x00000007a8000000)
  to   space 21824K,   0% used [0x00000007a5560000, 0x00000007a5560000, 0x00000007a6ab0000)
 concurrent mark-sweep generation total 393216K, used 13854K [0x00000007a8000000, 0x00000007c0000000, 0x00000007c0000000)
 Metaspace       used 39192K, capacity 40094K, committed 40320K, reserved 1085440K
  class space    used 4482K, capacity 4708K, committed 4736K, reserved 1048576K
2017-09-17T02:29:42.391-0100: 19457.018: [GC (Allocation Failure) 2017-09-17T02:29:42.391-0100: 19457.018: [ParNew
Desired survivor size 20112992 bytes, new threshold 8 (max 8)
- age   1:    1781920 bytes,    1781920 total
- age   2:     107184 bytes,    1889104 total
- age   3:      18432 bytes,    1907536 total
- age   4:     467416 bytes,    2374952 total
- age   5:     308760 bytes,    2683712 total
- age   6:      23520 bytes,    2707232 total
- age   7:      24648 bytes,    2731880 total
- age   8:     161576 bytes,    2893456 total
: 89934K->3483K(109248K), 0.0111133 secs] 103789K->17399K(502464K), 0.0111653 secs] [Times: user=0.04 sys=0.01, real=0.01 secs] 
Heap after GC invocations=16 (full 2):
 par new generation   total 109248K, used 3483K [0x00000007a0000000, 0x00000007a8000000, 0x00000007a8000000)
  eden space 87424K,   0% used [0x00000007a0000000, 0x00000007a0000000, 0x00000007a5560000)
  from space 21824K,  15% used [0x00000007a5560000, 0x00000007a58c6de0, 0x00000007a6ab0000)
  to   space 21824K,   0% used [0x00000007a6ab0000, 0x00000007a6ab0000, 0x00000007a8000000)
 concurrent mark-sweep generation total 393216K, used 13916K [0x00000007a8000000, 0x00000007c0000000, 0x00000007c0000000)
 Metaspace       used 39192K, capacity 40094K, committed 40320K, reserved 1085440K
  class space    used 4482K, capacity 4708K, committed 4736K, reserved 1048576K
}
2017-09-17T02:29:42.402-0100: 19457.029: Total time for which application threads were stopped: 0.0114109 seconds, Stopping threads took: 0.0000738 seconds
2017-09-17T02:29:42.402-0100: 19457.029: Total time for which application threads were stopped: 0.0002668 seconds, Stopping threads took: 0.0000622 seconds
2017-09-17T02:29:42.410-0100: 19457.037: Total time for which application threads were stopped: 0.0000822 seconds, Stopping threads took: 0.0000227 seconds
2017-09-17T02:29:42.410-0100: 19457.037: Total time for which application threads were stopped: 0.0000596 seconds, Stopping threads took: 0.0000073 seconds
2017-09-17T02:29:42.410-0100: 19457.037: Total time for which application threads were stopped: 0.0000529 seconds, Stopping threads took: 0.0000063 seconds
2017-09-17T02:29:42.410-0100: 19457.037: Total time for which application threads were stopped: 0.0000376 seconds, Stopping threads took: 0.0000069 seconds
2017-09-17T02:29:42.411-0100: 19457.037: Total time for which application threads were stopped: 0.0000459 seconds, Stopping threads took: 0.0000057 seconds
2017-09-17T02:29:42.411-0100: 19457.037: Total time for which application threads were stopped: 0.0000655 seconds, Stopping threads took: 0.0000084 seconds
2017-09-17T02:29:42.411-0100: 19457.038: Total time for which application threads were stopped: 0.0000380 seconds, Stopping threads took: 0.0000062 seconds
2017-09-17T02:29:42.411-0100: 19457.038: Total time for which application threads were stopped: 0.0000367 seconds, Stopping threads took: 0.0000059 seconds
2017-09-17T02:29:42.411-0100: 19457.038: Total time for which application threads were stopped: 0.0000467 seconds, Stopping threads took: 0.0000057 seconds
2017-09-17T02:29:42.411-0100: 19457.038: Total time for which application threads were stopped: 0.0000351 seconds, Stopping threads took: 0.0000056 seconds
2017-09-17T02:29:42.411-0100: 19457.038: Total time for which application threads were stopped: 0.0000344 seconds, Stopping threads took: 0.0000055 seconds
2017-09-17T02:29:42.427-0100: 19457.054: Total time for which application threads were stopped: 0.0001832 seconds, Stopping threads took: 0.0000670 seconds
2017-09-17T02:29:42.436-0100: 19457.063: Total time for which application threads were stopped: 0.0000863 seconds, Stopping threads took: 0.0000224 seconds
2017-09-17T02:29:42.446-0100: 19457.073: Total time for which application threads were stopped: 0.0000747 seconds, Stopping threads took: 0.0000109 seconds
2017-09-17T02:29:42.455-0100: 19457.082: Total time for which application threads were stopped: 0.0000883 seconds, Stopping threads took: 0.0000252 seconds
2017-09-17T02:29:42.464-0100: 19457.091: Total time for which application threads were stopped: 0.0000833 seconds, Stopping threads took: 0.0000234 seconds
2017-09-17T02:29:42.475-0100: 19457.102: Total time for which application threads were stopped: 0.0000930 seconds, Stopping threads took: 0.0000140 seconds
2017-09-17T02:29:42.486-0100: 19457.112: Total time for which application threads were stopped: 0.0001862 seconds, Stopping threads took: 0.0000131 seconds
2017-09-17T02:29:42.496-0100: 19457.123: Total time for which application threads were stopped: 0.0001770 seconds, Stopping threads took: 0.0000554 seconds
2017-09-17T02:29:42.508-0100: 19457.135: Total time for which application threads were stopped: 0.0001101 seconds, Stopping threads took: 0.0000136 seconds
2017-09-17T02:29:42.508-0100: 19457.135: Total time for which application threads were stopped: 0.0001476 seconds, Stopping threads took: 0.0000202 seconds
2017-09-17T02:29:42.597-0100: 19457.223: Total time for which application threads were stopped: 0.0002997 seconds, Stopping threads took: 0.0000189 seconds
2017-09-17T02:29:42.609-0100: 19457.236: Total time for which application threads were stopped: 0.0001103 seconds, Stopping threads took: 0.0000119 seconds
2017-09-17T02:29:42.609-0100: 19457.236: Total time for which application threads were stopped: 0.0000613 seconds, Stopping threads took: 0.0000101 seconds
2017-09-17T02:29:42.609-0100: 19457.236: Total time for which application threads were stopped: 0.0000663 seconds, Stopping threads took: 0.0000216 seconds
2017-09-17T02:29:42.610-0100: 19457.236: Total time for which application threads were stopped: 0.0000794 seconds, Stopping threads took: 0.0000155 seconds
2017-09-17T02:29:42.610-0100: 19457.237: Total time for which application threads were stopped: 0.0000849 seconds, Stopping threads took: 0.0000500 seconds
2017-09-17T02:29:42.610-0100: 19457.237: Total time for which application threads were stopped: 0.0000614 seconds, Stopping threads took: 0.0000279 seconds
2017-09-17T02:29:42.610-0100: 19457.237: Total time for which application threads were stopped: 0.0000973 seconds, Stopping threads took: 0.0000498 seconds
2017-09-17T02:29:42.610-0100: 19457.237: Total time for which application threads were stopped: 0.0000770 seconds, Stopping threads took: 0.0000437 seconds
2017-09-17T02:29:42.610-0100: 19457.237: Total time for which application threads were stopped: 0.0000825 seconds, Stopping threads took: 0.0000489 seconds
2017-09-17T02:29:42.625-0100: 19457.252: Total time for which application threads were stopped: 0.0001217 seconds, Stopping threads took: 0.0000582 seconds
2017-09-17T02:29:42.635-0100: 19457.262: Total time for which application threads were stopped: 0.0000928 seconds, Stopping threads took: 0.0000276 seconds
2017-09-17T02:29:42.644-0100: 19457.271: Total time for which application threads were stopped: 0.0000936 seconds, Stopping threads took: 0.0000293 seconds
2017-09-17T02:29:42.654-0100: 19457.281: Total time for which application threads were stopped: 0.0000874 seconds, Stopping threads took: 0.0000243 seconds
2017-09-17T02:29:42.664-0100: 19457.291: Total time for which application threads were stopped: 0.0000777 seconds, Stopping threads took: 0.0000114 seconds
2017-09-17T02:29:42.675-0100: 19457.302: Total time for which application threads were stopped: 0.0000963 seconds, Stopping threads took: 0.0000188 seconds
2017-09-17T02:29:42.684-0100: 19457.311: Total time for which application threads were stopped: 0.0000765 seconds, Stopping threads took: 0.0000111 seconds
{Heap before GC invocations=16 (full 2):
 par new generation   total 109248K, used 90907K [0x00000007a0000000, 0x00000007a8000000, 0x00000007a8000000)
  eden space 87424K, 100% used [0x00000007a0000000, 0x00000007a5560000, 0x00000007a5560000)
  from space 21824K,  15% used [0x00000007a5560000, 0x00000007a58c6de0, 0x00000007a6ab0000)
  to   space 21824K,   0% used [0x00000007a6ab0000, 0x00000007a6ab0000, 0x00000007a8000000)
 concurrent mark-sweep generation total 393216K, used 13916K [0x00000007a8000000, 0x00000007c0000000, 0x00000007c0000000)
 Metaspace       used 39282K, capacity 40158K, committed 40320K, reserved 1085440K
  class space    used 4482K, capacity 4708K, committed 4736K, reserved 1048576K
2017-09-17T02:29:42.691-0100: 19457.318: [GC (Allocation Failure) 2017-09-17T02:29:42.691-0100: 19457.318: [ParNew
Desired survivor size 20112992 bytes, new threshold 8 (max 8)
- age   1:    1320504 bytes,    1320504 total
- age   2:      47344 bytes,    1367848 total
- age   3:     105712 bytes,    1473560 total
- age   4:      18432 bytes,    1491992 total
- age   5:     465520 bytes,    1957512 total
- age   6:     308696 bytes,    2266208 total
- age   7:      23360 bytes,    2289568 total
- age   8:      24648 bytes,    2314216 total
: 90907K->3050K(109248K), 0.0080732 secs] 104823K->17127K(502464K), 0.0081366 secs] [Times: user=0.03 sys=0.00, real=0.00 secs] 
Heap after GC invocations=17 (full 2):
 par new generation   total 109248K, used 3050K [0x00000007a0000000, 0x00000007a8000000, 0x00000007a8000000)
  eden space 87424K,   0% used [0x00000007a0000000, 0x00000007a0000000, 0x00000007a5560000)
  from space 21824K,  13% used [0x00000007a6ab0000, 0x00000007a6daa928, 0x00000007a8000000)
  to   space 21824K,   0% used [0x00000007a5560000, 0x00000007a5560000, 0x00000007a6ab0000)
 concurrent mark-sweep generation total 393216K, used 14076K [0x00000007a8000000, 0x00000007c0000000, 0x00000007c0000000)
 Metaspace       used 39282K, capacity 40158K, committed 40320K, reserved 1085440K
  class space    used 4482K, capacity 4708K, committed 4736K, reserved 1048576K
}
2017-09-17T02:29:42.699-0100: 19457.326: Total time for which application threads were stopped: 0.0083172 seconds, Stopping threads took: 0.0000453 seconds
2017-09-17T02:29:42.702-0100: 19457.329: Total time for which application threads were stopped: 0.0001224 seconds, Stopping threads took: 0.0000228 seconds
2017-09-17T02:29:42.703-0100: 19457.330: Total time for which application threads were stopped: 0.0000811 seconds, Stopping threads took: 0.0000314 seconds
2017-09-17T02:29:42.714-0100: 19457.341: Total time for which application threads were stopped: 0.0002142 seconds, Stopping threads took: 0.0000568 seconds
2017-09-17T02:29:42.714-0100: 19457.341: Total time for which application threads were stopped: 0.0001187 seconds, Stopping threads took: 0.0000452 seconds
2017-09-17T02:29:42.714-0100: 19457.341: Total time for which application threads were stopped: 0.0000545 seconds, Stopping threads took: 0.0000072 seconds
2017-09-17T02:29:42.715-0100: 19457.341: Total time for which application threads were stopped: 0.0000367 seconds, Stopping threads took: 0.0000060 seconds
2017-09-17T02:29:42.715-0100: 19457.342: Total time for which application threads were stopped: 0.0000501 seconds, Stopping threads took: 0.0000094 seconds
2017-09-17T02:29:42.715-0100: 19457.342: Total time for which application threads were stopped: 0.0000592 seconds, Stopping threads took: 0.0000088 seconds
2017-09-17T02:29:42.715-0100: 19457.342: Total time for which application threads were stopped: 0.0000481 seconds, Stopping threads took: 0.0000146 seconds
2017-09-17T02:29:42.715-0100: 19457.342: Total time for which application threads were stopped: 0.0000376 seconds, Stopping threads took: 0.0000062 seconds
2017-09-17T02:29:42.715-0100: 19457.342: Total time for which application threads were stopped: 0.0000623 seconds, Stopping threads took: 0.0000073 seconds
2017-09-17T02:29:42.715-0100: 19457.342: Total time for which application threads were stopped: 0.0000410 seconds, Stopping threads took: 0.0000065 seconds
2017-09-17T02:29:42.715-0100: 19457.342: Total time for which application threads were stopped: 0.0000493 seconds, Stopping threads took: 0.0000074 seconds
2017-09-17T02:29:42.729-0100: 19457.356: Total time for which application threads were stopped: 0.0000840 seconds, Stopping threads took: 0.0000188 seconds
2017-09-17T02:29:42.739-0100: 19457.366: Total time for which application threads were stopped: 0.0001076 seconds, Stopping threads took: 0.0000336 seconds
2017-09-17T02:29:42.748-0100: 19457.375: Total time for which application threads were stopped: 0.0000930 seconds, Stopping threads took: 0.0000277 seconds
2017-09-17T02:29:42.758-0100: 19457.385: Total time for which application threads were stopped: 0.0000917 seconds, Stopping threads took: 0.0000202 seconds
2017-09-17T02:29:42.767-0100: 19457.394: Total time for which application threads were stopped: 0.0001589 seconds, Stopping threads took: 0.0000876 seconds
2017-09-17T02:29:43.769-0100: 19458.396: Total time for which application threads were stopped: 0.0001279 seconds, Stopping threads took: 0.0000277 seconds
2017-09-17T02:30:06.857-0100: 19481.485: Total time for which application threads were stopped: 0.0001575 seconds, Stopping threads took: 0.0000364 seconds
2017-09-17T02:30:23.689-0100: 19498.317: Total time for which application threads were stopped: 0.0001342 seconds, Stopping threads took: 0.0000228 seconds
2017-09-17T02:30:23.689-0100: 19498.317: Total time for which application threads were stopped: 0.0000673 seconds, Stopping threads took: 0.0000100 seconds
2017-09-17T02:30:23.689-0100: 19498.317: Total time for which application threads were stopped: 0.0000522 seconds, Stopping threads took: 0.0000071 seconds
2017-09-17T02:30:23.689-0100: 19498.317: Total time for which application threads were stopped: 0.0000604 seconds, Stopping threads took: 0.0000088 seconds
2017-09-17T02:30:23.689-0100: 19498.317: Total time for which application threads were stopped: 0.0000501 seconds, Stopping threads took: 0.0000063 seconds
2017-09-17T02:30:23.689-0100: 19498.318: Total time for which application threads were stopped: 0.0000483 seconds, Stopping threads took: 0.0000062 seconds
2017-09-17T02:30:23.689-0100: 19498.318: Total time for which application threads were stopped: 0.0000481 seconds, Stopping threads took: 0.0000061 seconds
2017-09-17T02:30:23.689-0100: 19498.318: Total time for which application threads were stopped: 0.0000472 seconds, Stopping threads took: 0.0000061 seconds
2017-09-17T02:30:36.557-0100: 19511.186: Total time for which application threads were stopped: 0.0001532 seconds, Stopping threads took: 0.0000380 seconds
2017-09-17T02:30:36.557-0100: 19511.186: Total time for which application threads were stopped: 0.0000784 seconds, Stopping threads took: 0.0000201 seconds
2017-09-17T02:30:36.557-0100: 19511.186: Total time for which application threads were stopped: 0.0000492 seconds, Stopping threads took: 0.0000068 seconds
2017-09-17T02:31:00.771-0100: 19535.401: Total time for which application threads were stopped: 0.0001189 seconds, Stopping threads took: 0.0000188 seconds
2017-09-17T02:31:00.783-0100: 19535.413: Total time for which application threads were stopped: 0.0001206 seconds, Stopping threads took: 0.0000336 seconds
2017-09-17T02:31:00.796-0100: 19535.425: Total time for which application threads were stopped: 0.0002148 seconds, Stopping threads took: 0.0000729 seconds
2017-09-17T02:31:00.809-0100: 19535.439: Total time for which application threads were stopped: 0.0000837 seconds, Stopping threads took: 0.0000163 seconds
2017-09-17T02:31:00.809-0100: 19535.439: Total time for which application threads were stopped: 0.0000459 seconds, Stopping threads took: 0.0000070 seconds
2017-09-17T02:31:00.809-0100: 19535.439: Total time for which application threads were stopped: 0.0000581 seconds, Stopping threads took: 0.0000166 seconds
2017-09-17T02:31:00.810-0100: 19535.439: Total time for which application threads were stopped: 0.0000457 seconds, Stopping threads took: 0.0000077 seconds
2017-09-17T02:31:00.810-0100: 19535.439: Total time for which application threads were stopped: 0.0000658 seconds, Stopping threads took: 0.0000196 seconds
2017-09-17T02:31:00.810-0100: 19535.439: Total time for which application threads were stopped: 0.0000411 seconds, Stopping threads took: 0.0000072 seconds
2017-09-17T02:31:00.810-0100: 19535.439: Total time for which application threads were stopped: 0.0000581 seconds, Stopping threads took: 0.0000076 seconds
2017-09-17T02:31:00.810-0100: 19535.440: Total time for which application threads were stopped: 0.0000386 seconds, Stopping threads took: 0.0000061 seconds
2017-09-17T02:31:00.810-0100: 19535.440: Total time for which application threads were stopped: 0.0000541 seconds, Stopping threads took: 0.0000067 seconds
2017-09-17T02:31:00.810-0100: 19535.440: Total time for which application threads were stopped: 0.0000394 seconds, Stopping threads took: 0.0000060 seconds
2017-09-17T02:31:00.810-0100: 19535.440: Total time for which application threads were stopped: 0.0000720 seconds, Stopping threads took: 0.0000218 seconds
2017-09-17T02:31:00.826-0100: 19535.456: Total time for which application threads were stopped: 0.0000957 seconds, Stopping threads took: 0.0000304 seconds
2017-09-17T02:31:00.848-0100: 19535.478: Total time for which application threads were stopped: 0.0001113 seconds, Stopping threads took: 0.0000174 seconds
2017-09-17T02:31:00.859-0100: 19535.488: Total time for which application threads were stopped: 0.0000920 seconds, Stopping threads took: 0.0000315 seconds
2017-09-17T02:31:00.880-0100: 19535.509: Total time for which application threads were stopped: 0.0001007 seconds, Stopping threads took: 0.0000145 seconds
2017-09-17T02:31:00.891-0100: 19535.521: Total time for which application threads were stopped: 0.0001114 seconds, Stopping threads took: 0.0000260 seconds
2017-09-17T02:31:00.903-0100: 19535.533: Total time for which application threads were stopped: 0.0001365 seconds, Stopping threads took: 0.0000320 seconds
2017-09-17T02:31:00.904-0100: 19535.533: Total time for which application threads were stopped: 0.0001034 seconds, Stopping threads took: 0.0000372 seconds
2017-09-17T02:31:00.916-0100: 19535.546: Total time for which application threads were stopped: 0.0001089 seconds, Stopping threads took: 0.0000286 seconds
2017-09-17T02:31:00.917-0100: 19535.546: Total time for which application threads were stopped: 0.0001073 seconds, Stopping threads took: 0.0000219 seconds
2017-09-17T02:31:00.917-0100: 19535.546: Total time for which application threads were stopped: 0.0000827 seconds, Stopping threads took: 0.0000095 seconds
2017-09-17T02:31:00.917-0100: 19535.547: Total time for which application threads were stopped: 0.0000947 seconds, Stopping threads took: 0.0000378 seconds
2017-09-17T02:31:00.917-0100: 19535.547: Total time for which application threads were stopped: 0.0000554 seconds, Stopping threads took: 0.0000169 seconds
2017-09-17T02:31:00.917-0100: 19535.547: Total time for which application threads were stopped: 0.0000971 seconds, Stopping threads took: 0.0000227 seconds
2017-09-17T02:31:00.917-0100: 19535.547: Total time for which application threads were stopped: 0.0000706 seconds, Stopping threads took: 0.0000087 seconds
2017-09-17T02:31:00.917-0100: 19535.547: Total time for which application threads were stopped: 0.0000664 seconds, Stopping threads took: 0.0000256 seconds
2017-09-17T02:31:00.918-0100: 19535.547: Total time for which application threads were stopped: 0.0000997 seconds, Stopping threads took: 0.0000220 seconds
2017-09-17T02:31:00.918-0100: 19535.547: Total time for which application threads were stopped: 0.0000487 seconds, Stopping threads took: 0.0000075 seconds
2017-09-17T02:31:00.918-0100: 19535.548: Total time for which application threads were stopped: 0.0001687 seconds, Stopping threads took: 0.0000099 seconds
2017-09-17T02:31:00.933-0100: 19535.563: Total time for which application threads were stopped: 0.0001184 seconds, Stopping threads took: 0.0000548 seconds
2017-09-17T02:31:00.944-0100: 19535.573: Total time for which application threads were stopped: 0.0000722 seconds, Stopping threads took: 0.0000149 seconds
2017-09-17T02:31:00.953-0100: 19535.582: Total time for which application threads were stopped: 0.0000704 seconds, Stopping threads took: 0.0000123 seconds
2017-09-17T02:31:00.962-0100: 19535.592: Total time for which application threads were stopped: 0.0001007 seconds, Stopping threads took: 0.0000390 seconds
{Heap before GC invocations=17 (full 2):
 par new generation   total 109248K, used 90474K [0x00000007a0000000, 0x00000007a8000000, 0x00000007a8000000)
  eden space 87424K, 100% used [0x00000007a0000000, 0x00000007a5560000, 0x00000007a5560000)
  from space 21824K,  13% used [0x00000007a6ab0000, 0x00000007a6daa928, 0x00000007a8000000)
  to   space 21824K,   0% used [0x00000007a5560000, 0x00000007a5560000, 0x00000007a6ab0000)
 concurrent mark-sweep generation total 393216K, used 14076K [0x00000007a8000000, 0x00000007c0000000, 0x00000007c0000000)
 Metaspace       used 39346K, capacity 40222K, committed 40320K, reserved 1085440K
  class space    used 4482K, capacity 4708K, committed 4736K, reserved 1048576K
2017-09-17T02:31:00.968-0100: 19535.598: [GC (Allocation Failure) 2017-09-17T02:31:00.969-0100: 19535.598: [ParNew
Desired survivor size 20112992 bytes, new threshold 8 (max 8)
- age   1:    1296200 bytes,    1296200 total
- age   2:      27776 bytes,    1323976 total
- age   3:      29752 bytes,    1353728 total
- age   4:     105584 bytes,    1459312 total
- age   5:      18336 bytes,    1477648 total
- age   6:     455312 bytes,    1932960 total
- age   7:     308504 bytes,    2241464 total
- age   8:      23296 bytes,    2264760 total
: 90474K->2737K(109248K), 0.0095748 secs] 104551K->16838K(502464K), 0.0096391 secs] [Times: user=0.05 sys=0.00, real=0.01 secs] 
Heap after GC invocations=18 (full 2):
 par new generation   total 109248K, used 2737K [0x00000007a0000000, 0x00000007a8000000, 0x00000007a8000000)
  eden space 87424K,   0% used [0x00000007a0000000, 0x00000007a0000000, 0x00000007a5560000)
  from space 21824K,  12% used [0x00000007a5560000, 0x00000007a580c5e8, 0x00000007a6ab0000)
  to   space 21824K,   0% used [0x00000007a6ab0000, 0x00000007a6ab0000, 0x00000007a8000000)
 concurrent mark-sweep generation total 393216K, used 14101K [0x00000007a8000000, 0x00000007c0000000, 0x00000007c0000000)
 Metaspace       used 39346K, capacity 40222K, committed 40320K, reserved 1085440K
  class space    used 4482K, capacity 4708K, committed 4736K, reserved 1048576K
}
2017-09-17T02:31:00.978-0100: 19535.608: Total time for which application threads were stopped: 0.0098180 seconds, Stopping threads took: 0.0000148 seconds
2017-09-17T02:31:00.982-0100: 19535.612: Total time for which application threads were stopped: 0.0000874 seconds, Stopping threads took: 0.0000267 seconds
2017-09-17T02:31:00.992-0100: 19535.622: Total time for which application threads were stopped: 0.0000744 seconds, Stopping threads took: 0.0000121 seconds
2017-09-17T02:31:01.003-0100: 19535.633: Total time for which application threads were stopped: 0.0000981 seconds, Stopping threads took: 0.0000229 seconds
2017-09-17T02:31:01.013-0100: 19535.643: Total time for which application threads were stopped: 0.0001391 seconds, Stopping threads took: 0.0000495 seconds
2017-09-17T02:31:01.014-0100: 19535.644: Total time for which application threads were stopped: 0.0001198 seconds, Stopping threads took: 0.0000654 seconds
2017-09-17T02:31:01.025-0100: 19535.654: Total time for which application threads were stopped: 0.0001019 seconds, Stopping threads took: 0.0000319 seconds
2017-09-17T02:31:01.025-0100: 19535.655: Total time for which application threads were stopped: 0.0000780 seconds, Stopping threads took: 0.0000193 seconds
2017-09-17T02:31:01.025-0100: 19535.655: Total time for which application threads were stopped: 0.0000662 seconds, Stopping threads took: 0.0000226 seconds
2017-09-17T02:31:01.025-0100: 19535.655: Total time for which application threads were stopped: 0.0000885 seconds, Stopping threads took: 0.0000290 seconds
2017-09-17T02:31:01.026-0100: 19535.655: Total time for which application threads were stopped: 0.0000440 seconds, Stopping threads took: 0.0000067 seconds
2017-09-17T02:31:01.026-0100: 19535.655: Total time for which application threads were stopped: 0.0000898 seconds, Stopping threads took: 0.0000489 seconds
2017-09-17T02:31:01.026-0100: 19535.655: Total time for which application threads were stopped: 0.0000742 seconds, Stopping threads took: 0.0000187 seconds
2017-09-17T02:31:01.026-0100: 19535.655: Total time for which application threads were stopped: 0.0000463 seconds, Stopping threads took: 0.0000134 seconds
2017-09-17T02:31:01.026-0100: 19535.656: Total time for which application threads were stopped: 0.0000589 seconds, Stopping threads took: 0.0000141 seconds
2017-09-17T02:31:01.042-0100: 19535.672: Total time for which application threads were stopped: 0.0001682 seconds, Stopping threads took: 0.0000375 seconds
2017-09-17T02:31:01.111-0100: 19535.740: Total time for which application threads were stopped: 0.0001680 seconds, Stopping threads took: 0.0000576 seconds
2017-09-17T02:31:01.121-0100: 19535.751: Total time for which application threads were stopped: 0.0001284 seconds, Stopping threads took: 0.0000405 seconds
2017-09-17T02:31:01.122-0100: 19535.751: Total time for which application threads were stopped: 0.0000822 seconds, Stopping threads took: 0.0000248 seconds
2017-09-17T02:31:01.122-0100: 19535.751: Total time for which application threads were stopped: 0.0000642 seconds, Stopping threads took: 0.0000162 seconds
2017-09-17T02:31:01.122-0100: 19535.751: Total time for which application threads were stopped: 0.0000703 seconds, Stopping threads took: 0.0000233 seconds
2017-09-17T02:31:01.122-0100: 19535.752: Total time for which application threads were stopped: 0.0000596 seconds, Stopping threads took: 0.0000071 seconds
2017-09-17T02:31:01.122-0100: 19535.752: Total time for which application threads were stopped: 0.0000505 seconds, Stopping threads took: 0.0000088 seconds
2017-09-17T02:31:01.122-0100: 19535.752: Total time for which application threads were stopped: 0.0000499 seconds, Stopping threads took: 0.0000093 seconds
2017-09-17T02:31:01.122-0100: 19535.752: Total time for which application threads were stopped: 0.0000637 seconds, Stopping threads took: 0.0000136 seconds
2017-09-17T02:31:01.122-0100: 19535.752: Total time for which application threads were stopped: 0.0000604 seconds, Stopping threads took: 0.0000178 seconds
2017-09-17T02:31:01.123-0100: 19535.752: Total time for which application threads were stopped: 0.0000423 seconds, Stopping threads took: 0.0000077 seconds
2017-09-17T02:31:01.157-0100: 19535.786: Total time for which application threads were stopped: 0.0001023 seconds, Stopping threads took: 0.0000339 seconds
2017-09-17T02:31:01.166-0100: 19535.795: Total time for which application threads were stopped: 0.0001058 seconds, Stopping threads took: 0.0000247 seconds
2017-09-17T02:31:01.176-0100: 19535.805: Total time for which application threads were stopped: 0.0000873 seconds, Stopping threads took: 0.0000222 seconds
2017-09-17T02:31:01.186-0100: 19535.816: Total time for which application threads were stopped: 0.0001104 seconds, Stopping threads took: 0.0000113 seconds
2017-09-17T02:31:01.196-0100: 19535.825: Total time for which application threads were stopped: 0.0000760 seconds, Stopping threads took: 0.0000121 seconds
2017-09-17T02:31:01.206-0100: 19535.835: Total time for which application threads were stopped: 0.0000971 seconds, Stopping threads took: 0.0000112 seconds
2017-09-17T02:31:01.206-0100: 19535.836: Total time for which application threads were stopped: 0.0001104 seconds, Stopping threads took: 0.0000391 seconds
2017-09-17T02:31:01.217-0100: 19535.847: Total time for which application threads were stopped: 0.0000838 seconds, Stopping threads took: 0.0000231 seconds
2017-09-17T02:31:01.217-0100: 19535.847: Total time for which application threads were stopped: 0.0000859 seconds, Stopping threads took: 0.0000094 seconds
2017-09-17T02:31:01.218-0100: 19535.847: Total time for which application threads were stopped: 0.0001078 seconds, Stopping threads took: 0.0000069 seconds
2017-09-17T02:31:02.222-0100: 19536.852: Total time for which application threads were stopped: 0.0001344 seconds, Stopping threads took: 0.0000231 seconds
2017-09-17T02:31:09.247-0100: 19543.877: Total time for which application threads were stopped: 0.0001422 seconds, Stopping threads took: 0.0000263 seconds
2017-09-17T02:31:21.767-0100: 19556.398: Total time for which application threads were stopped: 0.0001086 seconds, Stopping threads took: 0.0000182 seconds
2017-09-17T02:31:21.768-0100: 19556.398: Total time for which application threads were stopped: 0.0000785 seconds, Stopping threads took: 0.0000104 seconds
2017-09-17T02:31:21.768-0100: 19556.398: Total time for which application threads were stopped: 0.0000636 seconds, Stopping threads took: 0.0000084 seconds
2017-09-17T02:31:51.873-0100: 19586.505: Total time for which application threads were stopped: 0.0001156 seconds, Stopping threads took: 0.0000230 seconds
2017-09-17T02:32:04.380-0100: 19599.012: Total time for which application threads were stopped: 0.0001151 seconds, Stopping threads took: 0.0000266 seconds
2017-09-17T02:32:04.380-0100: 19599.012: Total time for which application threads were stopped: 0.0000895 seconds, Stopping threads took: 0.0000372 seconds
2017-09-17T02:32:04.380-0100: 19599.012: Total time for which application threads were stopped: 0.0000587 seconds, Stopping threads took: 0.0000084 seconds
2017-09-17T02:32:40.515-0100: 19635.148: Total time for which application threads were stopped: 0.0001081 seconds, Stopping threads took: 0.0000361 seconds
2017-09-17T02:33:51.841-0100: 19706.477: Total time for which application threads were stopped: 0.0001506 seconds, Stopping threads took: 0.0000347 seconds
{Heap before GC invocations=18 (full 2):
 par new generation   total 109248K, used 90161K [0x00000007a0000000, 0x00000007a8000000, 0x00000007a8000000)
  eden space 87424K, 100% used [0x00000007a0000000, 0x00000007a5560000, 0x00000007a5560000)
  from space 21824K,  12% used [0x00000007a5560000, 0x00000007a580c5e8, 0x00000007a6ab0000)
  to   space 21824K,   0% used [0x00000007a6ab0000, 0x00000007a6ab0000, 0x00000007a8000000)
 concurrent mark-sweep generation total 393216K, used 14101K [0x00000007a8000000, 0x00000007c0000000, 0x00000007c0000000)
 Metaspace       used 39450K, capacity 40350K, committed 40576K, reserved 1085440K
  class space    used 4482K, capacity 4708K, committed 4736K, reserved 1048576K
2017-09-17T02:33:59.842-0100: 19714.478: [GC (Allocation Failure) 2017-09-17T02:33:59.842-0100: 19714.478: [ParNew
Desired survivor size 20112992 bytes, new threshold 8 (max 8)
- age   1:    1288616 bytes,    1288616 total
- age   2:      44096 bytes,    1332712 total
- age   3:      26864 bytes,    1359576 total
- age   4:      29168 bytes,    1388744 total
- age   5:     105584 bytes,    1494328 total
- age   6:      18272 bytes,    1512600 total
- age   7:     444704 bytes,    1957304 total
- age   8:     308504 bytes,    2265808 total
: 90161K->2414K(109248K), 0.0081511 secs] 104262K->16538K(502464K), 0.0085147 secs] [Times: user=0.03 sys=0.01, real=0.01 secs] 
Heap after GC invocations=19 (full 2):
 par new generation   total 109248K, used 2414K [0x00000007a0000000, 0x00000007a8000000, 0x00000007a8000000)
  eden space 87424K,   0% used [0x00000007a0000000, 0x00000007a0000000, 0x00000007a5560000)
  from space 21824K,  11% used [0x00000007a6ab0000, 0x00000007a6d0b9a8, 0x00000007a8000000)
  to   space 21824K,   0% used [0x00000007a5560000, 0x00000007a5560000, 0x00000007a6ab0000)
 concurrent mark-sweep generation total 393216K, used 14123K [0x00000007a8000000, 0x00000007c0000000, 0x00000007c0000000)
 Metaspace       used 39450K, capacity 40350K, committed 40576K, reserved 1085440K
  class space    used 4482K, capacity 4708K, committed 4736K, reserved 1048576K
}
2017-09-17T02:33:59.851-0100: 19714.486: Total time for which application threads were stopped: 0.0086792 seconds, Stopping threads took: 0.0000174 seconds
2017-09-17T02:33:59.871-0100: 19714.507: Total time for which application threads were stopped: 0.0002048 seconds, Stopping threads took: 0.0001038 seconds
2017-09-17T02:33:59.883-0100: 19714.519: Total time for which application threads were stopped: 0.0001167 seconds, Stopping threads took: 0.0000314 seconds
2017-09-17T02:33:59.894-0100: 19714.529: Total time for which application threads were stopped: 0.0000898 seconds, Stopping threads took: 0.0000260 seconds
2017-09-17T02:33:59.905-0100: 19714.540: Total time for which application threads were stopped: 0.0001112 seconds, Stopping threads took: 0.0000471 seconds
2017-09-17T02:33:59.916-0100: 19714.552: Total time for which application threads were stopped: 0.0001181 seconds, Stopping threads took: 0.0000250 seconds
2017-09-17T02:33:59.928-0100: 19714.564: Total time for which application threads were stopped: 0.0000833 seconds, Stopping threads took: 0.0000193 seconds
2017-09-17T02:33:59.940-0100: 19714.575: Total time for which application threads were stopped: 0.0001188 seconds, Stopping threads took: 0.0000366 seconds
2017-09-17T02:33:59.951-0100: 19714.587: Total time for which application threads were stopped: 0.0001376 seconds, Stopping threads took: 0.0000358 seconds
2017-09-17T02:33:59.963-0100: 19714.599: Total time for which application threads were stopped: 0.0001140 seconds, Stopping threads took: 0.0000331 seconds
2017-09-17T02:33:59.974-0100: 19714.610: Total time for which application threads were stopped: 0.0001142 seconds, Stopping threads took: 0.0000108 seconds
2017-09-17T02:33:59.975-0100: 19714.611: Total time for which application threads were stopped: 0.0001242 seconds, Stopping threads took: 0.0000284 seconds
2017-09-17T02:33:59.986-0100: 19714.622: Total time for which application threads were stopped: 0.0001364 seconds, Stopping threads took: 0.0000419 seconds
2017-09-17T02:34:00.003-0100: 19714.639: Total time for which application threads were stopped: 0.0001175 seconds, Stopping threads took: 0.0000337 seconds
2017-09-17T02:34:00.013-0100: 19714.649: Total time for which application threads were stopped: 0.0001275 seconds, Stopping threads took: 0.0000221 seconds
2017-09-17T02:34:00.023-0100: 19714.658: Total time for which application threads were stopped: 0.0000921 seconds, Stopping threads took: 0.0000222 seconds
2017-09-17T02:34:00.033-0100: 19714.669: Total time for which application threads were stopped: 0.0000988 seconds, Stopping threads took: 0.0000267 seconds
2017-09-17T02:34:00.043-0100: 19714.679: Total time for which application threads were stopped: 0.0001749 seconds, Stopping threads took: 0.0000830 seconds
2017-09-17T02:34:00.053-0100: 19714.689: Total time for which application threads were stopped: 0.0001047 seconds, Stopping threads took: 0.0000132 seconds
2017-09-17T02:34:00.062-0100: 19714.698: Total time for which application threads were stopped: 0.0000941 seconds, Stopping threads took: 0.0000147 seconds
2017-09-17T02:34:00.073-0100: 19714.709: Total time for which application threads were stopped: 0.0001755 seconds, Stopping threads took: 0.0000618 seconds
2017-09-17T02:34:00.074-0100: 19714.710: Total time for which application threads were stopped: 0.0002333 seconds, Stopping threads took: 0.0000270 seconds
2017-09-17T02:34:00.169-0100: 19714.805: Total time for which application threads were stopped: 0.0001853 seconds, Stopping threads took: 0.0000166 seconds
{Heap before GC invocations=19 (full 2):
 par new generation   total 109248K, used 89838K [0x00000007a0000000, 0x00000007a8000000, 0x00000007a8000000)
  eden space 87424K, 100% used [0x00000007a0000000, 0x00000007a5560000, 0x00000007a5560000)
  from space 21824K,  11% used [0x00000007a6ab0000, 0x00000007a6d0b9a8, 0x00000007a8000000)
  to   space 21824K,   0% used [0x00000007a5560000, 0x00000007a5560000, 0x00000007a6ab0000)
 concurrent mark-sweep generation total 393216K, used 14123K [0x00000007a8000000, 0x00000007c0000000, 0x00000007c0000000)
 Metaspace       used 39575K, capacity 40480K, committed 40576K, reserved 1085440K
  class space    used 4483K, capacity 4709K, committed 4736K, reserved 1048576K
2017-09-17T02:34:00.172-0100: 19714.808: [GC (Allocation Failure) 2017-09-17T02:34:00.172-0100: 19714.808: [ParNew
Desired survivor size 20112992 bytes, new threshold 8 (max 8)
- age   1:    1218000 bytes,    1218000 total
- age   2:      74696 bytes,    1292696 total
- age   3:      42664 bytes,    1335360 total
- age   4:      26864 bytes,    1362224 total
- age   5:      29168 bytes,    1391392 total
- age   6:     105584 bytes,    1496976 total
- age   7:      18272 bytes,    1515248 total
- age   8:     433920 bytes,    1949168 total
: 89838K->2718K(109248K), 0.0100159 secs] 103962K->17143K(502464K), 0.0100637 secs] [Times: user=0.02 sys=0.00, real=0.01 secs] 
Heap after GC invocations=20 (full 2):
 par new generation   total 109248K, used 2718K [0x00000007a0000000, 0x00000007a8000000, 0x00000007a8000000)
  eden space 87424K,   0% used [0x00000007a0000000, 0x00000007a0000000, 0x00000007a5560000)
  from space 21824K,  12% used [0x00000007a5560000, 0x00000007a5807a48, 0x00000007a6ab0000)
  to   space 21824K,   0% used [0x00000007a6ab0000, 0x00000007a6ab0000, 0x00000007a8000000)
 concurrent mark-sweep generation total 393216K, used 14425K [0x00000007a8000000, 0x00000007c0000000, 0x00000007c0000000)
 Metaspace       used 39575K, capacity 40480K, committed 40576K, reserved 1085440K
  class space    used 4483K, capacity 4709K, committed 4736K, reserved 1048576K
}
2017-09-17T02:34:00.182-0100: 19714.818: Total time for which application threads were stopped: 0.0102531 seconds, Stopping threads took: 0.0000313 seconds
2017-09-17T02:34:00.210-0100: 19714.846: Total time for which application threads were stopped: 0.0001020 seconds, Stopping threads took: 0.0000125 seconds
2017-09-17T02:34:00.220-0100: 19714.855: Total time for which application threads were stopped: 0.0000842 seconds, Stopping threads took: 0.0000114 seconds
2017-09-17T02:34:00.231-0100: 19714.866: Total time for which application threads were stopped: 0.0000781 seconds, Stopping threads took: 0.0000118 seconds
2017-09-17T02:34:00.240-0100: 19714.876: Total time for which application threads were stopped: 0.0001114 seconds, Stopping threads took: 0.0000133 seconds
2017-09-17T02:34:00.251-0100: 19714.886: Total time for which application threads were stopped: 0.0000730 seconds, Stopping threads took: 0.0000115 seconds
2017-09-17T02:34:00.261-0100: 19714.896: Total time for which application threads were stopped: 0.0000936 seconds, Stopping threads took: 0.0000142 seconds
2017-09-17T02:34:00.271-0100: 19714.906: Total time for which application threads were stopped: 0.0001157 seconds, Stopping threads took: 0.0000311 seconds
2017-09-17T02:34:00.281-0100: 19714.917: Total time for which application threads were stopped: 0.0002186 seconds, Stopping threads took: 0.0000868 seconds
2017-09-17T02:34:00.282-0100: 19714.918: Total time for which application threads were stopped: 0.0001678 seconds, Stopping threads took: 0.0000749 seconds
2017-09-17T02:34:00.294-0100: 19714.930: Total time for which application threads were stopped: 0.0001457 seconds, Stopping threads took: 0.0000142 seconds
2017-09-17T02:34:00.312-0100: 19714.948: Total time for which application threads were stopped: 0.0001100 seconds, Stopping threads took: 0.0000135 seconds
2017-09-17T02:34:00.323-0100: 19714.959: Total time for which application threads were stopped: 0.0001084 seconds, Stopping threads took: 0.0000262 seconds
2017-09-17T02:34:00.332-0100: 19714.968: Total time for which application threads were stopped: 0.0001022 seconds, Stopping threads took: 0.0000343 seconds
2017-09-17T02:34:00.342-0100: 19714.978: Total time for which application threads were stopped: 0.0000815 seconds, Stopping threads took: 0.0000113 seconds
2017-09-17T02:34:00.353-0100: 19714.988: Total time for which application threads were stopped: 0.0001011 seconds, Stopping threads took: 0.0000151 seconds
2017-09-17T02:34:00.362-0100: 19714.998: Total time for which application threads were stopped: 0.0000870 seconds, Stopping threads took: 0.0000114 seconds
2017-09-17T02:34:00.373-0100: 19715.009: Total time for which application threads were stopped: 0.0001152 seconds, Stopping threads took: 0.0000139 seconds
2017-09-17T02:34:01.376-0100: 19716.012: Total time for which application threads were stopped: 0.0001700 seconds, Stopping threads took: 0.0000310 seconds
2017-09-17T02:34:07.398-0100: 19722.034: Total time for which application threads were stopped: 0.0001852 seconds, Stopping threads took: 0.0000713 seconds
2017-09-17T02:34:20.438-0100: 19735.074: Total time for which application threads were stopped: 0.0001025 seconds, Stopping threads took: 0.0000259 seconds
2017-09-17T02:34:20.438-0100: 19735.075: Total time for which application threads were stopped: 0.0000510 seconds, Stopping threads took: 0.0000051 seconds
2017-09-17T02:34:20.438-0100: 19735.075: Total time for which application threads were stopped: 0.0000784 seconds, Stopping threads took: 0.0000169 seconds
2017-09-17T02:34:20.438-0100: 19735.075: Total time for which application threads were stopped: 0.0001334 seconds, Stopping threads took: 0.0000067 seconds
2017-09-17T02:34:28.464-0100: 19743.101: Total time for which application threads were stopped: 0.0001394 seconds, Stopping threads took: 0.0000322 seconds
2017-09-17T02:35:50.361-0100: 19825.001: Total time for which application threads were stopped: 0.0001152 seconds, Stopping threads took: 0.0000197 seconds
2017-09-17T02:35:50.361-0100: 19825.001: Total time for which application threads were stopped: 0.0000809 seconds, Stopping threads took: 0.0000218 seconds
2017-09-17T02:35:50.362-0100: 19825.001: Total time for which application threads were stopped: 0.0000621 seconds, Stopping threads took: 0.0000168 seconds
2017-09-17T02:35:50.362-0100: 19825.002: Total time for which application threads were stopped: 0.0000719 seconds, Stopping threads took: 0.0000256 seconds
2017-09-17T02:35:50.362-0100: 19825.002: Total time for which application threads were stopped: 0.0000623 seconds, Stopping threads took: 0.0000225 seconds
2017-09-17T02:35:50.362-0100: 19825.002: Total time for which application threads were stopped: 0.0000465 seconds, Stopping threads took: 0.0000111 seconds
2017-09-17T02:35:50.362-0100: 19825.002: Total time for which application threads were stopped: 0.0000551 seconds, Stopping threads took: 0.0000074 seconds
2017-09-17T02:35:50.363-0100: 19825.003: Total time for which application threads were stopped: 0.0000702 seconds, Stopping threads took: 0.0000160 seconds
2017-09-17T02:35:50.363-0100: 19825.003: Total time for which application threads were stopped: 0.0000594 seconds, Stopping threads took: 0.0000167 seconds
2017-09-17T02:35:50.363-0100: 19825.003: Total time for which application threads were stopped: 0.0000607 seconds, Stopping threads took: 0.0000157 seconds
2017-09-17T02:35:51.367-0100: 19826.007: Total time for which application threads were stopped: 0.0002499 seconds, Stopping threads took: 0.0000748 seconds
2017-09-17T02:36:16.455-0100: 19851.096: Total time for which application threads were stopped: 0.0001736 seconds, Stopping threads took: 0.0000341 seconds
2017-09-17T02:36:34.435-0100: 19869.076: Total time for which application threads were stopped: 0.0001414 seconds, Stopping threads took: 0.0000401 seconds
2017-09-17T02:36:34.435-0100: 19869.077: Total time for which application threads were stopped: 0.0000809 seconds, Stopping threads took: 0.0000337 seconds
2017-09-17T02:36:34.436-0100: 19869.077: Total time for which application threads were stopped: 0.0000515 seconds, Stopping threads took: 0.0000089 seconds
2017-09-17T02:36:34.436-0100: 19869.077: Total time for which application threads were stopped: 0.0000683 seconds, Stopping threads took: 0.0000189 seconds
2017-09-17T02:36:34.436-0100: 19869.077: Total time for which application threads were stopped: 0.0000579 seconds, Stopping threads took: 0.0000075 seconds
2017-09-17T02:36:34.436-0100: 19869.077: Total time for which application threads were stopped: 0.0000504 seconds, Stopping threads took: 0.0000067 seconds
2017-09-17T02:36:34.436-0100: 19869.078: Total time for which application threads were stopped: 0.0000439 seconds, Stopping threads took: 0.0000062 seconds
2017-09-17T02:36:43.471-0100: 19878.113: Total time for which application threads were stopped: 0.0002465 seconds, Stopping threads took: 0.0000713 seconds
2017-09-17T02:36:49.488-0100: 19884.130: Total time for which application threads were stopped: 0.0001461 seconds, Stopping threads took: 0.0000288 seconds
2017-09-17T02:38:02.902-0100: 19957.547: Total time for which application threads were stopped: 0.0001476 seconds, Stopping threads took: 0.0000292 seconds
2017-09-17T02:38:02.902-0100: 19957.547: Total time for which application threads were stopped: 0.0000960 seconds, Stopping threads took: 0.0000169 seconds
2017-09-17T02:38:02.903-0100: 19957.547: Total time for which application threads were stopped: 0.0000612 seconds, Stopping threads took: 0.0000083 seconds
2017-09-17T02:38:02.903-0100: 19957.547: Total time for which application threads were stopped: 0.0000614 seconds, Stopping threads took: 0.0000156 seconds
2017-09-17T02:38:02.903-0100: 19957.547: Total time for which application threads were stopped: 0.0001717 seconds, Stopping threads took: 0.0000527 seconds
2017-09-17T02:38:02.903-0100: 19957.548: Total time for which application threads were stopped: 0.0001615 seconds, Stopping threads took: 0.0000870 seconds
2017-09-17T02:38:02.915-0100: 19957.559: Total time for which application threads were stopped: 0.0002310 seconds, Stopping threads took: 0.0000608 seconds
2017-09-17T02:38:02.932-0100: 19957.576: Total time for which application threads were stopped: 0.0000979 seconds, Stopping threads took: 0.0000165 seconds
2017-09-17T02:38:02.941-0100: 19957.585: Total time for which application threads were stopped: 0.0001034 seconds, Stopping threads took: 0.0000254 seconds
2017-09-17T02:38:02.949-0100: 19957.594: Total time for which application threads were stopped: 0.0000826 seconds, Stopping threads took: 0.0000186 seconds
2017-09-17T02:38:02.958-0100: 19957.603: Total time for which application threads were stopped: 0.0000769 seconds, Stopping threads took: 0.0000182 seconds
2017-09-17T02:38:02.967-0100: 19957.612: Total time for which application threads were stopped: 0.0000782 seconds, Stopping threads took: 0.0000127 seconds
{Heap before GC invocations=20 (full 2):
 par new generation   total 109248K, used 90142K [0x00000007a0000000, 0x00000007a8000000, 0x00000007a8000000)
  eden space 87424K, 100% used [0x00000007a0000000, 0x00000007a5560000, 0x00000007a5560000)
  from space 21824K,  12% used [0x00000007a5560000, 0x00000007a5807a48, 0x00000007a6ab0000)
  to   space 21824K,   0% used [0x00000007a6ab0000, 0x00000007a6ab0000, 0x00000007a8000000)
 concurrent mark-sweep generation total 393216K, used 14425K [0x00000007a8000000, 0x00000007c0000000, 0x00000007c0000000)
 Metaspace       used 39615K, capacity 40484K, committed 40576K, reserved 1085440K
  class space    used 4484K, capacity 4709K, committed 4736K, reserved 1048576K
2017-09-17T02:38:02.974-0100: 19957.618: [GC (Allocation Failure) 2017-09-17T02:38:02.974-0100: 19957.618: [ParNew
Desired survivor size 20112992 bytes, new threshold 8 (max 8)
- age   1:    1082248 bytes,    1082248 total
- age   2:      40680 bytes,    1122928 total
- age   3:      42952 bytes,    1165880 total
- age   4:      29136 bytes,    1195016 total
- age   5:      26608 bytes,    1221624 total
- age   6:      27880 bytes,    1249504 total
- age   7:     105552 bytes,    1355056 total
- age   8:      18144 bytes,    1373200 total
: 90142K->1716K(109248K), 0.0075712 secs] 104567K->16553K(502464K), 0.0076198 secs] [Times: user=0.03 sys=0.00, real=0.01 secs] 
Heap after GC invocations=21 (full 2):
 par new generation   total 109248K, used 1716K [0x00000007a0000000, 0x00000007a8000000, 0x00000007a8000000)
  eden space 87424K,   0% used [0x00000007a0000000, 0x00000007a0000000, 0x00000007a5560000)
  from space 21824K,   7% used [0x00000007a6ab0000, 0x00000007a6c5d1d0, 0x00000007a8000000)
  to   space 21824K,   0% used [0x00000007a5560000, 0x00000007a5560000, 0x00000007a6ab0000)
 concurrent mark-sweep generation total 393216K, used 14837K [0x00000007a8000000, 0x00000007c0000000, 0x00000007c0000000)
 Metaspace       used 39615K, capacity 40484K, committed 40576K, reserved 1085440K
  class space    used 4484K, capacity 4709K, committed 4736K, reserved 1048576K
}
2017-09-17T02:38:02.981-0100: 19957.626: Total time for which application threads were stopped: 0.0077558 seconds, Stopping threads took: 0.0000115 seconds
2017-09-17T02:38:02.982-0100: 19957.626: Total time for which application threads were stopped: 0.0001933 seconds, Stopping threads took: 0.0000506 seconds
2017-09-17T02:38:02.984-0100: 19957.628: Total time for which application threads were stopped: 0.0000847 seconds, Stopping threads took: 0.0000271 seconds
2017-09-17T02:38:02.993-0100: 19957.638: Total time for which application threads were stopped: 0.0001161 seconds, Stopping threads took: 0.0000296 seconds
2017-09-17T02:38:03.003-0100: 19957.648: Total time for which application threads were stopped: 0.0001887 seconds, Stopping threads took: 0.0000138 seconds
2017-09-17T02:38:03.004-0100: 19957.648: Total time for which application threads were stopped: 0.0001255 seconds, Stopping threads took: 0.0000349 seconds
2017-09-17T02:38:03.015-0100: 19957.659: Total time for which application threads were stopped: 0.0001676 seconds, Stopping threads took: 0.0000774 seconds
2017-09-17T02:38:03.030-0100: 19957.674: Total time for which application threads were stopped: 0.0000780 seconds, Stopping threads took: 0.0000111 seconds
2017-09-17T02:38:03.039-0100: 19957.683: Total time for which application threads were stopped: 0.0000823 seconds, Stopping threads took: 0.0000114 seconds
2017-09-17T02:38:03.048-0100: 19957.693: Total time for which application threads were stopped: 0.0000879 seconds, Stopping threads took: 0.0000231 seconds
2017-09-17T02:38:03.058-0100: 19957.702: Total time for which application threads were stopped: 0.0001602 seconds, Stopping threads took: 0.0000342 seconds
2017-09-17T02:38:03.067-0100: 19957.711: Total time for which application threads were stopped: 0.0000730 seconds, Stopping threads took: 0.0000125 seconds
2017-09-17T02:38:03.076-0100: 19957.721: Total time for which application threads were stopped: 0.0000889 seconds, Stopping threads took: 0.0000260 seconds
2017-09-17T02:38:03.086-0100: 19957.730: Total time for which application threads were stopped: 0.0001111 seconds, Stopping threads took: 0.0000483 seconds
2017-09-17T02:38:03.097-0100: 19957.742: Total time for which application threads were stopped: 0.0002091 seconds, Stopping threads took: 0.0000240 seconds
2017-09-17T02:38:03.098-0100: 19957.743: Total time for which application threads were stopped: 0.0001214 seconds, Stopping threads took: 0.0000366 seconds
2017-09-17T02:38:03.120-0100: 19957.764: Total time for which application threads were stopped: 0.0002448 seconds, Stopping threads took: 0.0000159 seconds
2017-09-17T02:38:03.208-0100: 19957.853: Total time for which application threads were stopped: 0.0001839 seconds, Stopping threads took: 0.0000349 seconds
2017-09-17T02:38:03.245-0100: 19957.889: Total time for which application threads were stopped: 0.0001346 seconds, Stopping threads took: 0.0000165 seconds
2017-09-17T02:38:03.255-0100: 19957.899: Total time for which application threads were stopped: 0.0001296 seconds, Stopping threads took: 0.0000330 seconds
2017-09-17T02:38:03.264-0100: 19957.909: Total time for which application threads were stopped: 0.0001253 seconds, Stopping threads took: 0.0000322 seconds
2017-09-17T02:38:03.273-0100: 19957.918: Total time for which application threads were stopped: 0.0000736 seconds, Stopping threads took: 0.0000117 seconds
{Heap before GC invocations=21 (full 2):
 par new generation   total 109248K, used 89140K [0x00000007a0000000, 0x00000007a8000000, 0x00000007a8000000)
  eden space 87424K, 100% used [0x00000007a0000000, 0x00000007a5560000, 0x00000007a5560000)
  from space 21824K,   7% used [0x00000007a6ab0000, 0x00000007a6c5d1d0, 0x00000007a8000000)
  to   space 21824K,   0% used [0x00000007a5560000, 0x00000007a5560000, 0x00000007a6ab0000)
 concurrent mark-sweep generation total 393216K, used 14837K [0x00000007a8000000, 0x00000007c0000000, 0x00000007c0000000)
 Metaspace       used 39623K, capacity 40484K, committed 40576K, reserved 1085440K
  class space    used 4484K, capacity 4709K, committed 4736K, reserved 1048576K
2017-09-17T02:38:03.276-0100: 19957.921: [GC (Allocation Failure) 2017-09-17T02:38:03.276-0100: 19957.921: [ParNew
Desired survivor size 20112992 bytes, new threshold 8 (max 8)
- age   1:    1191360 bytes,    1191360 total
- age   2:      56384 bytes,    1247744 total
- age   3:      39704 bytes,    1287448 total
- age   4:      42952 bytes,    1330400 total
- age   5:      29136 bytes,    1359536 total
- age   6:      26608 bytes,    1386144 total
- age   7:      27880 bytes,    1414024 total
- age   8:     105440 bytes,    1519464 total
: 89140K->1726K(109248K), 0.0080056 secs] 103977K->16581K(502464K), 0.0080533 secs] [Times: user=0.03 sys=0.00, real=0.01 secs] 
Heap after GC invocations=22 (full 2):
 par new generation   total 109248K, used 1726K [0x00000007a0000000, 0x00000007a8000000, 0x00000007a8000000)
  eden space 87424K,   0% used [0x00000007a0000000, 0x00000007a0000000, 0x00000007a5560000)
  from space 21824K,   7% used [0x00000007a5560000, 0x00000007a570fa80, 0x00000007a6ab0000)
  to   space 21824K,   0% used [0x00000007a6ab0000, 0x00000007a6ab0000, 0x00000007a8000000)
 concurrent mark-sweep generation total 393216K, used 14855K [0x00000007a8000000, 0x00000007c0000000, 0x00000007c0000000)
 Metaspace       used 39623K, capacity 40484K, committed 40576K, reserved 1085440K
  class space    used 4484K, capacity 4709K, committed 4736K, reserved 1048576K
}
2017-09-17T02:38:03.284-0100: 19957.929: Total time for which application threads were stopped: 0.0082114 seconds, Stopping threads took: 0.0000128 seconds
2017-09-17T02:38:03.291-0100: 19957.935: Total time for which application threads were stopped: 0.0001015 seconds, Stopping threads took: 0.0000347 seconds
2017-09-17T02:38:03.300-0100: 19957.945: Total time for which application threads were stopped: 0.0000981 seconds, Stopping threads took: 0.0000323 seconds
2017-09-17T02:38:03.312-0100: 19957.956: Total time for which application threads were stopped: 0.0008807 seconds, Stopping threads took: 0.0007188 seconds
2017-09-17T02:38:03.312-0100: 19957.957: Total time for which application threads were stopped: 0.0001056 seconds, Stopping threads took: 0.0000287 seconds
2017-09-17T02:38:03.322-0100: 19957.967: Total time for which application threads were stopped: 0.0000911 seconds, Stopping threads took: 0.0000262 seconds
2017-09-17T02:38:03.339-0100: 19957.984: Total time for which application threads were stopped: 0.0001084 seconds, Stopping threads took: 0.0000415 seconds
2017-09-17T02:38:03.348-0100: 19957.992: Total time for which application threads were stopped: 0.0000864 seconds, Stopping threads took: 0.0000233 seconds
2017-09-17T02:38:03.357-0100: 19958.002: Total time for which application threads were stopped: 0.0000858 seconds, Stopping threads took: 0.0000211 seconds
2017-09-17T02:38:03.367-0100: 19958.011: Total time for which application threads were stopped: 0.0000989 seconds, Stopping threads took: 0.0000134 seconds
2017-09-17T02:38:03.376-0100: 19958.020: Total time for which application threads were stopped: 0.0001002 seconds, Stopping threads took: 0.0000130 seconds
2017-09-17T02:38:03.385-0100: 19958.029: Total time for which application threads were stopped: 0.0000694 seconds, Stopping threads took: 0.0000114 seconds
2017-09-17T02:38:03.394-0100: 19958.039: Total time for which application threads were stopped: 0.0000747 seconds, Stopping threads took: 0.0000182 seconds
2017-09-17T02:38:03.404-0100: 19958.048: Total time for which application threads were stopped: 0.0001293 seconds, Stopping threads took: 0.0000128 seconds
2017-09-17T02:38:03.404-0100: 19958.048: Total time for which application threads were stopped: 0.0000971 seconds, Stopping threads took: 0.0000329 seconds
2017-09-17T02:38:04.407-0100: 19959.051: Total time for which application threads were stopped: 0.0001336 seconds, Stopping threads took: 0.0000339 seconds
2017-09-17T02:38:23.068-0100: 19977.713: Total time for which application threads were stopped: 0.0001481 seconds, Stopping threads took: 0.0000220 seconds
2017-09-17T02:38:23.068-0100: 19977.713: Total time for which application threads were stopped: 0.0000576 seconds, Stopping threads took: 0.0000087 seconds
2017-09-17T02:38:23.069-0100: 19977.714: Total time for which application threads were stopped: 0.0000523 seconds, Stopping threads took: 0.0000070 seconds
2017-09-17T02:38:23.069-0100: 19977.714: Total time for which application threads were stopped: 0.0000720 seconds, Stopping threads took: 0.0000173 seconds
2017-09-17T02:38:23.069-0100: 19977.714: Total time for which application threads were stopped: 0.0000542 seconds, Stopping threads took: 0.0000078 seconds
2017-09-17T02:38:23.069-0100: 19977.714: Total time for which application threads were stopped: 0.0000419 seconds, Stopping threads took: 0.0000061 seconds
2017-09-17T02:38:23.069-0100: 19977.714: Total time for which application threads were stopped: 0.0000463 seconds, Stopping threads took: 0.0000064 seconds
2017-09-17T02:39:50.998-0100: 20065.646: Total time for which application threads were stopped: 0.0001114 seconds, Stopping threads took: 0.0000226 seconds
2017-09-17T02:39:51.006-0100: 20065.654: Total time for which application threads were stopped: 0.0000796 seconds, Stopping threads took: 0.0000124 seconds
2017-09-17T02:39:51.029-0100: 20065.677: Total time for which application threads were stopped: 0.0001116 seconds, Stopping threads took: 0.0000181 seconds
2017-09-17T02:39:51.038-0100: 20065.686: Total time for which application threads were stopped: 0.0001493 seconds, Stopping threads took: 0.0000647 seconds
2017-09-17T02:39:51.055-0100: 20065.703: Total time for which application threads were stopped: 0.0001076 seconds, Stopping threads took: 0.0000291 seconds
2017-09-17T02:39:51.065-0100: 20065.713: Total time for which application threads were stopped: 0.0001730 seconds, Stopping threads took: 0.0000453 seconds
2017-09-17T02:39:51.066-0100: 20065.714: Total time for which application threads were stopped: 0.0001931 seconds, Stopping threads took: 0.0000882 seconds
2017-09-17T02:39:51.094-0100: 20065.742: Total time for which application threads were stopped: 0.0000933 seconds, Stopping threads took: 0.0000131 seconds
2017-09-17T02:39:51.103-0100: 20065.752: Total time for which application threads were stopped: 0.0000938 seconds, Stopping threads took: 0.0000229 seconds
2017-09-17T02:39:51.112-0100: 20065.760: Total time for which application threads were stopped: 0.0000872 seconds, Stopping threads took: 0.0000232 seconds
2017-09-17T02:39:51.121-0100: 20065.769: Total time for which application threads were stopped: 0.0000796 seconds, Stopping threads took: 0.0000189 seconds
{Heap before GC invocations=22 (full 2):
 par new generation   total 109248K, used 89150K [0x00000007a0000000, 0x00000007a8000000, 0x00000007a8000000)
  eden space 87424K, 100% used [0x00000007a0000000, 0x00000007a5560000, 0x00000007a5560000)
  from space 21824K,   7% used [0x00000007a5560000, 0x00000007a570fa80, 0x00000007a6ab0000)
  to   space 21824K,   0% used [0x00000007a6ab0000, 0x00000007a6ab0000, 0x00000007a8000000)
 concurrent mark-sweep generation total 393216K, used 14855K [0x00000007a8000000, 0x00000007c0000000, 0x00000007c0000000)
 Metaspace       used 39643K, capacity 40548K, committed 40832K, reserved 1085440K
  class space    used 4484K, capacity 4709K, committed 4736K, reserved 1048576K
2017-09-17T02:39:51.124-0100: 20065.772: [GC (Allocation Failure) 2017-09-17T02:39:51.124-0100: 20065.772: [ParNew
Desired survivor size 20112992 bytes, new threshold 8 (max 8)
- age   1:    1202312 bytes,    1202312 total
- age   2:      28936 bytes,    1231248 total
- age   3:      39960 bytes,    1271208 total
- age   4:      39704 bytes,    1310912 total
- age   5:      42856 bytes,    1353768 total
- age   6:      28944 bytes,    1382712 total
- age   7:      26608 bytes,    1409320 total
- age   8:      27880 bytes,    1437200 total
: 89150K->1894K(109248K), 0.0091147 secs] 104005K->16852K(502464K), 0.0091668 secs] [Times: user=0.03 sys=0.01, real=0.01 secs] 
Heap after GC invocations=23 (full 2):
 par new generation   total 109248K, used 1894K [0x00000007a0000000, 0x00000007a8000000, 0x00000007a8000000)
  eden space 87424K,   0% used [0x00000007a0000000, 0x00000007a0000000, 0x00000007a5560000)
  from space 21824K,   8% used [0x00000007a6ab0000, 0x00000007a6c89b58, 0x00000007a8000000)
  to   space 21824K,   0% used [0x00000007a5560000, 0x00000007a5560000, 0x00000007a6ab0000)
 concurrent mark-sweep generation total 393216K, used 14958K [0x00000007a8000000, 0x00000007c0000000, 0x00000007c0000000)
 Metaspace       used 39643K, capacity 40548K, committed 40832K, reserved 1085440K
  class space    used 4484K, capacity 4709K, committed 4736K, reserved 1048576K
}
2017-09-17T02:39:51.133-0100: 20065.781: Total time for which application threads were stopped: 0.0093594 seconds, Stopping threads took: 0.0000110 seconds
2017-09-17T02:39:51.139-0100: 20065.787: Total time for which application threads were stopped: 0.0000779 seconds, Stopping threads took: 0.0000188 seconds
2017-09-17T02:39:51.147-0100: 20065.795: Total time for which application threads were stopped: 0.0000818 seconds, Stopping threads took: 0.0000208 seconds
2017-09-17T02:39:51.156-0100: 20065.804: Total time for which application threads were stopped: 0.0000908 seconds, Stopping threads took: 0.0000236 seconds
2017-09-17T02:39:51.165-0100: 20065.813: Total time for which application threads were stopped: 0.0001119 seconds, Stopping threads took: 0.0000205 seconds
2017-09-17T02:39:51.165-0100: 20065.813: Total time for which application threads were stopped: 0.0001496 seconds, Stopping threads took: 0.0000336 seconds
2017-09-17T02:39:51.175-0100: 20065.824: Total time for which application threads were stopped: 0.0001056 seconds, Stopping threads took: 0.0000275 seconds
2017-09-17T02:39:51.191-0100: 20065.839: Total time for which application threads were stopped: 0.0000805 seconds, Stopping threads took: 0.0000196 seconds
2017-09-17T02:39:51.199-0100: 20065.848: Total time for which application threads were stopped: 0.0000840 seconds, Stopping threads took: 0.0000126 seconds
2017-09-17T02:39:51.208-0100: 20065.856: Total time for which application threads were stopped: 0.0000729 seconds, Stopping threads took: 0.0000121 seconds
2017-09-17T02:39:51.216-0100: 20065.864: Total time for which application threads were stopped: 0.0000680 seconds, Stopping threads took: 0.0000117 seconds
2017-09-17T02:39:51.224-0100: 20065.872: Total time for which application threads were stopped: 0.0001450 seconds, Stopping threads took: 0.0000179 seconds
2017-09-17T02:39:51.251-0100: 20065.899: Total time for which application threads were stopped: 0.0001116 seconds, Stopping threads took: 0.0000274 seconds
2017-09-17T02:39:51.326-0100: 20065.975: Total time for which application threads were stopped: 0.0001435 seconds, Stopping threads took: 0.0000444 seconds
2017-09-17T02:39:51.336-0100: 20065.984: Total time for which application threads were stopped: 0.0001310 seconds, Stopping threads took: 0.0000163 seconds
2017-09-17T02:39:51.337-0100: 20065.985: Total time for which application threads were stopped: 0.0000970 seconds, Stopping threads took: 0.0000339 seconds
2017-09-17T02:39:51.347-0100: 20065.995: Total time for which application threads were stopped: 0.0000937 seconds, Stopping threads took: 0.0000276 seconds
2017-09-17T02:39:51.359-0100: 20066.007: Total time for which application threads were stopped: 0.0000719 seconds, Stopping threads took: 0.0000132 seconds
2017-09-17T02:39:51.367-0100: 20066.015: Total time for which application threads were stopped: 0.0000742 seconds, Stopping threads took: 0.0000114 seconds
2017-09-17T02:39:51.375-0100: 20066.023: Total time for which application threads were stopped: 0.0000723 seconds, Stopping threads took: 0.0000133 seconds
{Heap before GC invocations=23 (full 2):
 par new generation   total 109248K, used 89318K [0x00000007a0000000, 0x00000007a8000000, 0x00000007a8000000)
  eden space 87424K, 100% used [0x00000007a0000000, 0x00000007a5560000, 0x00000007a5560000)
  from space 21824K,   8% used [0x00000007a6ab0000, 0x00000007a6c89b58, 0x00000007a8000000)
  to   space 21824K,   0% used [0x00000007a5560000, 0x00000007a5560000, 0x00000007a6ab0000)
 concurrent mark-sweep generation total 393216K, used 14958K [0x00000007a8000000, 0x00000007c0000000, 0x00000007c0000000)
 Metaspace       used 39677K, capacity 40548K, committed 40832K, reserved 1085440K
  class space    used 4484K, capacity 4709K, committed 4736K, reserved 1048576K
2017-09-17T02:39:51.375-0100: 20066.024: [GC (Allocation Failure) 2017-09-17T02:39:51.375-0100: 20066.024: [ParNew
Desired survivor size 20112992 bytes, new threshold 8 (max 8)
- age   1:     938376 bytes,     938376 total
- age   2:      47176 bytes,     985552 total
- age   3:      28024 bytes,    1013576 total
- age   4:      39960 bytes,    1053536 total
- age   5:      39704 bytes,    1093240 total
- age   6:      30792 bytes,    1124032 total
- age   7:      28944 bytes,    1152976 total
- age   8:      26608 bytes,    1179584 total
: 89318K->1366K(109248K), 0.0088881 secs] 104276K->16351K(502464K), 0.0089321 secs] [Times: user=0.04 sys=0.01, real=0.01 secs] 
Heap after GC invocations=24 (full 2):
 par new generation   total 109248K, used 1366K [0x00000007a0000000, 0x00000007a8000000, 0x00000007a8000000)
  eden space 87424K,   0% used [0x00000007a0000000, 0x00000007a0000000, 0x00000007a5560000)
  from space 21824K,   6% used [0x00000007a5560000, 0x00000007a56b5a50, 0x00000007a6ab0000)
  to   space 21824K,   0% used [0x00000007a6ab0000, 0x00000007a6ab0000, 0x00000007a8000000)
 concurrent mark-sweep generation total 393216K, used 14985K [0x00000007a8000000, 0x00000007c0000000, 0x00000007c0000000)
 Metaspace       used 39677K, capacity 40548K, committed 40832K, reserved 1085440K
  class space    used 4484K, capacity 4709K, committed 4736K, reserved 1048576K
}
2017-09-17T02:39:51.384-0100: 20066.033: Total time for which application threads were stopped: 0.0090778 seconds, Stopping threads took: 0.0000093 seconds
2017-09-17T02:39:51.392-0100: 20066.040: Total time for which application threads were stopped: 0.0000960 seconds, Stopping threads took: 0.0000315 seconds
2017-09-17T02:39:51.401-0100: 20066.049: Total time for which application threads were stopped: 0.0000891 seconds, Stopping threads took: 0.0000285 seconds
2017-09-17T02:39:51.410-0100: 20066.058: Total time for which application threads were stopped: 0.0001227 seconds, Stopping threads took: 0.0000596 seconds
2017-09-17T02:39:51.420-0100: 20066.068: Total time for which application threads were stopped: 0.0000754 seconds, Stopping threads took: 0.0000136 seconds
2017-09-17T02:39:51.428-0100: 20066.077: Total time for which application threads were stopped: 0.0001512 seconds, Stopping threads took: 0.0000127 seconds
2017-09-17T02:39:51.429-0100: 20066.077: Total time for which application threads were stopped: 0.0000930 seconds, Stopping threads took: 0.0000359 seconds
2017-09-17T02:39:51.439-0100: 20066.087: Total time for which application threads were stopped: 0.0001175 seconds, Stopping threads took: 0.0000289 seconds
2017-09-17T02:39:52.444-0100: 20067.092: Total time for which application threads were stopped: 0.0001372 seconds, Stopping threads took: 0.0000295 seconds
2017-09-17T02:40:02.482-0100: 20077.131: Total time for which application threads were stopped: 0.0001475 seconds, Stopping threads took: 0.0000336 seconds
2017-09-17T02:40:04.459-0100: 20079.108: Total time for which application threads were stopped: 0.0000983 seconds, Stopping threads took: 0.0000192 seconds
2017-09-17T02:40:04.459-0100: 20079.108: Total time for which application threads were stopped: 0.0000473 seconds, Stopping threads took: 0.0000061 seconds
2017-09-17T02:40:04.459-0100: 20079.108: Total time for which application threads were stopped: 0.0000610 seconds, Stopping threads took: 0.0000089 seconds
2017-09-17T02:40:10.481-0100: 20085.130: Total time for which application threads were stopped: 0.0001534 seconds, Stopping threads took: 0.0000376 seconds
2017-09-17T02:40:17.156-0100: 20091.805: Total time for which application threads were stopped: 0.0001105 seconds, Stopping threads took: 0.0000301 seconds
2017-09-17T02:40:17.156-0100: 20091.805: Total time for which application threads were stopped: 0.0000975 seconds, Stopping threads took: 0.0000334 seconds
2017-09-17T02:40:17.157-0100: 20091.806: Total time for which application threads were stopped: 0.0000536 seconds, Stopping threads took: 0.0000137 seconds
2017-09-17T02:42:12.434-0100: 20207.087: Total time for which application threads were stopped: 0.0001261 seconds, Stopping threads took: 0.0000187 seconds
2017-09-17T02:42:12.454-0100: 20207.107: Total time for which application threads were stopped: 0.0001249 seconds, Stopping threads took: 0.0000200 seconds
2017-09-17T02:42:12.466-0100: 20207.119: Total time for which application threads were stopped: 0.0001116 seconds, Stopping threads took: 0.0000188 seconds
2017-09-17T02:42:12.492-0100: 20207.145: Total time for which application threads were stopped: 0.0001084 seconds, Stopping threads took: 0.0000147 seconds
2017-09-17T02:42:12.502-0100: 20207.155: Total time for which application threads were stopped: 0.0000832 seconds, Stopping threads took: 0.0000205 seconds
2017-09-17T02:42:12.512-0100: 20207.165: Total time for which application threads were stopped: 0.0001023 seconds, Stopping threads took: 0.0000113 seconds
2017-09-17T02:42:12.525-0100: 20207.178: Total time for which application threads were stopped: 0.0001605 seconds, Stopping threads took: 0.0000176 seconds
2017-09-17T02:42:12.542-0100: 20207.195: Total time for which application threads were stopped: 0.0000906 seconds, Stopping threads took: 0.0000216 seconds
2017-09-17T02:42:12.551-0100: 20207.204: Total time for which application threads were stopped: 0.0001045 seconds, Stopping threads took: 0.0000328 seconds
2017-09-17T02:42:12.559-0100: 20207.212: Total time for which application threads were stopped: 0.0000762 seconds, Stopping threads took: 0.0000112 seconds
2017-09-17T02:42:12.568-0100: 20207.221: Total time for which application threads were stopped: 0.0000939 seconds, Stopping threads took: 0.0000219 seconds
2017-09-17T02:42:12.578-0100: 20207.231: Total time for which application threads were stopped: 0.0001042 seconds, Stopping threads took: 0.0000164 seconds
2017-09-17T02:42:12.589-0100: 20207.242: Total time for which application threads were stopped: 0.0000834 seconds, Stopping threads took: 0.0000243 seconds
2017-09-17T02:42:12.598-0100: 20207.251: Total time for which application threads were stopped: 0.0001164 seconds, Stopping threads took: 0.0000306 seconds
2017-09-17T02:42:12.608-0100: 20207.261: Total time for which application threads were stopped: 0.0001846 seconds, Stopping threads took: 0.0000663 seconds
2017-09-17T02:42:12.609-0100: 20207.262: Total time for which application threads were stopped: 0.0000908 seconds, Stopping threads took: 0.0000349 seconds
2017-09-17T02:42:12.618-0100: 20207.271: Total time for which application threads were stopped: 0.0000769 seconds, Stopping threads took: 0.0000117 seconds
{Heap before GC invocations=24 (full 2):
 par new generation   total 109248K, used 88790K [0x00000007a0000000, 0x00000007a8000000, 0x00000007a8000000)
  eden space 87424K, 100% used [0x00000007a0000000, 0x00000007a5560000, 0x00000007a5560000)
  from space 21824K,   6% used [0x00000007a5560000, 0x00000007a56b5a50, 0x00000007a6ab0000)
  to   space 21824K,   0% used [0x00000007a6ab0000, 0x00000007a6ab0000, 0x00000007a8000000)
 concurrent mark-sweep generation total 393216K, used 14985K [0x00000007a8000000, 0x00000007c0000000, 0x00000007c0000000)
 Metaspace       used 39745K, capacity 40612K, committed 40832K, reserved 1085440K
  class space    used 4485K, capacity 4709K, committed 4736K, reserved 1048576K
2017-09-17T02:42:12.629-0100: 20207.282: [GC (Allocation Failure) 2017-09-17T02:42:12.629-0100: 20207.282: [ParNew
Desired survivor size 20112992 bytes, new threshold 8 (max 8)
- age   1:    1122120 bytes,    1122120 total
- age   2:      27824 bytes,    1149944 total
- age   3:      30424 bytes,    1180368 total
- age   4:      28024 bytes,    1208392 total
- age   5:      39256 bytes,    1247648 total
- age   6:      39704 bytes,    1287352 total
- age   7:      30792 bytes,    1318144 total
- age   8:      28912 bytes,    1347056 total
: 88790K->1405K(109248K), 0.0073365 secs] 103775K->16416K(502464K), 0.0073953 secs] [Times: user=0.02 sys=0.00, real=0.01 secs] 
Heap after GC invocations=25 (full 2):
 par new generation   total 109248K, used 1405K [0x00000007a0000000, 0x00000007a8000000, 0x00000007a8000000)
  eden space 87424K,   0% used [0x00000007a0000000, 0x00000007a0000000, 0x00000007a5560000)
  from space 21824K,   6% used [0x00000007a6ab0000, 0x00000007a6c0f6a0, 0x00000007a8000000)
  to   space 21824K,   0% used [0x00000007a5560000, 0x00000007a5560000, 0x00000007a6ab0000)
 concurrent mark-sweep generation total 393216K, used 15011K [0x00000007a8000000, 0x00000007c0000000, 0x00000007c0000000)
 Metaspace       used 39745K, capacity 40612K, committed 40832K, reserved 1085440K
  class space    used 4485K, capacity 4709K, committed 4736K, reserved 1048576K
}
2017-09-17T02:42:12.636-0100: 20207.289: Total time for which application threads were stopped: 0.0075563 seconds, Stopping threads took: 0.0000301 seconds
2017-09-17T02:42:12.639-0100: 20207.292: Total time for which application threads were stopped: 0.0000984 seconds, Stopping threads took: 0.0000172 seconds
2017-09-17T02:42:12.649-0100: 20207.302: Total time for which application threads were stopped: 0.0001169 seconds, Stopping threads took: 0.0000356 seconds
2017-09-17T02:42:12.657-0100: 20207.310: Total time for which application threads were stopped: 0.0001049 seconds, Stopping threads took: 0.0000191 seconds
2017-09-17T02:42:12.667-0100: 20207.321: Total time for which application threads were stopped: 0.0001244 seconds, Stopping threads took: 0.0000262 seconds
2017-09-17T02:42:12.676-0100: 20207.329: Total time for which application threads were stopped: 0.0001556 seconds, Stopping threads took: 0.0000189 seconds
2017-09-17T02:42:12.703-0100: 20207.356: Total time for which application threads were stopped: 0.0001110 seconds, Stopping threads took: 0.0000128 seconds
2017-09-17T02:42:12.780-0100: 20207.433: Total time for which application threads were stopped: 0.0001523 seconds, Stopping threads took: 0.0000651 seconds
2017-09-17T02:42:12.789-0100: 20207.442: Total time for which application threads were stopped: 0.0001028 seconds, Stopping threads took: 0.0000123 seconds
2017-09-17T02:42:12.789-0100: 20207.443: Total time for which application threads were stopped: 0.0000771 seconds, Stopping threads took: 0.0000183 seconds
2017-09-17T02:42:12.800-0100: 20207.453: Total time for which application threads were stopped: 0.0001034 seconds, Stopping threads took: 0.0000273 seconds
2017-09-17T02:42:12.812-0100: 20207.466: Total time for which application threads were stopped: 0.0001067 seconds, Stopping threads took: 0.0000149 seconds
2017-09-17T02:42:12.821-0100: 20207.475: Total time for which application threads were stopped: 0.0000803 seconds, Stopping threads took: 0.0000222 seconds
2017-09-17T02:42:12.830-0100: 20207.484: Total time for which application threads were stopped: 0.0000775 seconds, Stopping threads took: 0.0000121 seconds
2017-09-17T02:42:12.840-0100: 20207.493: Total time for which application threads were stopped: 0.0001253 seconds, Stopping threads took: 0.0000333 seconds
2017-09-17T02:42:12.849-0100: 20207.502: Total time for which application threads were stopped: 0.0000730 seconds, Stopping threads took: 0.0000120 seconds
2017-09-17T02:42:12.857-0100: 20207.510: Total time for which application threads were stopped: 0.0000690 seconds, Stopping threads took: 0.0000112 seconds
2017-09-17T02:42:12.867-0100: 20207.520: Total time for which application threads were stopped: 0.0000939 seconds, Stopping threads took: 0.0000143 seconds
2017-09-17T02:42:12.876-0100: 20207.529: Total time for which application threads were stopped: 0.0001620 seconds, Stopping threads took: 0.0000566 seconds
2017-09-17T02:42:12.877-0100: 20207.530: Total time for which application threads were stopped: 0.0001324 seconds, Stopping threads took: 0.0000714 seconds
{Heap before GC invocations=25 (full 2):
 par new generation   total 109248K, used 88704K [0x00000007a0000000, 0x00000007a8000000, 0x00000007a8000000)
  eden space 87424K,  99% used [0x00000007a0000000, 0x00000007a5540a50, 0x00000007a5560000)
  from space 21824K,   6% used [0x00000007a6ab0000, 0x00000007a6c0f6a0, 0x00000007a8000000)
  to   space 21824K,   0% used [0x00000007a5560000, 0x00000007a5560000, 0x00000007a6ab0000)
 concurrent mark-sweep generation total 393216K, used 15011K [0x00000007a8000000, 0x00000007c0000000, 0x00000007c0000000)
 Metaspace       used 39767K, capacity 40612K, committed 40832K, reserved 1085440K
  class space    used 4487K, capacity 4709K, committed 4736K, reserved 1048576K
2017-09-17T02:42:12.882-0100: 20207.535: [GC (Allocation Failure) 2017-09-17T02:42:12.882-0100: 20207.535: [ParNew
Desired survivor size 20112992 bytes, new threshold 8 (max 8)
- age   1:    1471472 bytes,    1471472 total
- age   2:      47104 bytes,    1518576 total
- age   3:      26000 bytes,    1544576 total
- age   4:      30424 bytes,    1575000 total
- age   5:      28024 bytes,    1603024 total
- age   6:      39256 bytes,    1642280 total
- age   7:      39704 bytes,    1681984 total
- age   8:      30792 bytes,    1712776 total
: 88704K->1968K(109248K), 0.0075738 secs] 103715K->17008K(502464K), 0.0076183 secs] [Times: user=0.02 sys=0.00, real=0.01 secs] 
Heap after GC invocations=26 (full 2):
 par new generation   total 109248K, used 1968K [0x00000007a0000000, 0x00000007a8000000, 0x00000007a8000000)
  eden space 87424K,   0% used [0x00000007a0000000, 0x00000007a0000000, 0x00000007a5560000)
  from space 21824K,   9% used [0x00000007a5560000, 0x00000007a574c310, 0x00000007a6ab0000)
  to   space 21824K,   0% used [0x00000007a6ab0000, 0x00000007a6ab0000, 0x00000007a8000000)
 concurrent mark-sweep generation total 393216K, used 15039K [0x00000007a8000000, 0x00000007c0000000, 0x00000007c0000000)
 Metaspace       used 39767K, capacity 40612K, committed 40832K, reserved 1085440K
  class space    used 4487K, capacity 4709K, committed 4736K, reserved 1048576K
}
2017-09-17T02:42:12.890-0100: 20207.543: Total time for which application threads were stopped: 0.0077725 seconds, Stopping threads took: 0.0000107 seconds
2017-09-17T02:42:12.890-0100: 20207.543: Total time for which application threads were stopped: 0.0002403 seconds, Stopping threads took: 0.0000608 seconds
2017-09-17T02:42:12.894-0100: 20207.547: Total time for which application threads were stopped: 0.0000985 seconds, Stopping threads took: 0.0000186 seconds
2017-09-17T02:42:12.908-0100: 20207.561: Total time for which application threads were stopped: 0.0000868 seconds, Stopping threads took: 0.0000121 seconds
2017-09-17T02:42:12.917-0100: 20207.571: Total time for which application threads were stopped: 0.0001430 seconds, Stopping threads took: 0.0000348 seconds
2017-09-17T02:42:18.933-0100: 20213.586: Total time for which application threads were stopped: 0.0001184 seconds, Stopping threads took: 0.0000241 seconds
2017-09-17T02:42:32.189-0100: 20226.843: Total time for which application threads were stopped: 0.0001950 seconds, Stopping threads took: 0.0000263 seconds
2017-09-17T02:42:32.189-0100: 20226.843: Total time for which application threads were stopped: 0.0000531 seconds, Stopping threads took: 0.0000150 seconds
2017-09-17T02:42:32.189-0100: 20226.843: Total time for which application threads were stopped: 0.0000593 seconds, Stopping threads took: 0.0000177 seconds
2017-09-17T02:42:32.190-0100: 20226.843: Total time for which application threads were stopped: 0.0000569 seconds, Stopping threads took: 0.0000162 seconds
2017-09-17T02:42:32.190-0100: 20226.844: Total time for which application threads were stopped: 0.0000533 seconds, Stopping threads took: 0.0000176 seconds
2017-09-17T02:42:32.190-0100: 20226.844: Total time for which application threads were stopped: 0.0000575 seconds, Stopping threads took: 0.0000170 seconds
2017-09-17T02:42:33.194-0100: 20227.848: Total time for which application threads were stopped: 0.0000924 seconds, Stopping threads took: 0.0000209 seconds
2017-09-17T02:42:42.949-0100: 20237.603: Total time for which application threads were stopped: 0.0001233 seconds, Stopping threads took: 0.0000186 seconds
2017-09-17T02:42:47.913-0100: 20242.568: Total time for which application threads were stopped: 0.0001426 seconds, Stopping threads took: 0.0000359 seconds
2017-09-17T02:43:42.113-0100: 20296.769: Total time for which application threads were stopped: 0.0001432 seconds, Stopping threads took: 0.0000321 seconds
2017-09-17T02:45:17.453-0100: 20392.113: Total time for which application threads were stopped: 0.0001548 seconds, Stopping threads took: 0.0000387 seconds
2017-09-17T02:45:25.483-0100: 20400.143: Total time for which application threads were stopped: 0.0001502 seconds, Stopping threads took: 0.0000334 seconds
2017-09-17T02:46:37.448-0100: 20472.110: Total time for which application threads were stopped: 0.0001020 seconds, Stopping threads took: 0.0000168 seconds
2017-09-17T02:46:37.457-0100: 20472.120: Total time for which application threads were stopped: 0.0001857 seconds, Stopping threads took: 0.0000940 seconds
2017-09-17T02:46:37.467-0100: 20472.130: Total time for which application threads were stopped: 0.0001108 seconds, Stopping threads took: 0.0000179 seconds
2017-09-17T02:46:37.476-0100: 20472.139: Total time for which application threads were stopped: 0.0000894 seconds, Stopping threads took: 0.0000263 seconds
2017-09-17T02:46:37.486-0100: 20472.149: Total time for which application threads were stopped: 0.0000700 seconds, Stopping threads took: 0.0000112 seconds
2017-09-17T02:46:37.497-0100: 20472.159: Total time for which application threads were stopped: 0.0001447 seconds, Stopping threads took: 0.0000304 seconds
2017-09-17T02:46:37.497-0100: 20472.159: Total time for which application threads were stopped: 0.0001439 seconds, Stopping threads took: 0.0000296 seconds
2017-09-17T02:46:37.497-0100: 20472.160: Total time for which application threads were stopped: 0.0001647 seconds, Stopping threads took: 0.0000884 seconds
2017-09-17T02:46:37.497-0100: 20472.160: Total time for which application threads were stopped: 0.0001442 seconds, Stopping threads took: 0.0000739 seconds
2017-09-17T02:46:37.498-0100: 20472.160: Total time for which application threads were stopped: 0.0001151 seconds, Stopping threads took: 0.0000457 seconds
2017-09-17T02:46:37.508-0100: 20472.170: Total time for which application threads were stopped: 0.0000978 seconds, Stopping threads took: 0.0000139 seconds
2017-09-17T02:46:37.523-0100: 20472.186: Total time for which application threads were stopped: 0.0001075 seconds, Stopping threads took: 0.0000272 seconds
2017-09-17T02:46:37.532-0100: 20472.194: Total time for which application threads were stopped: 0.0000785 seconds, Stopping threads took: 0.0000137 seconds
2017-09-17T02:46:37.540-0100: 20472.202: Total time for which application threads were stopped: 0.0001170 seconds, Stopping threads took: 0.0000507 seconds
2017-09-17T02:46:37.547-0100: 20472.210: Total time for which application threads were stopped: 0.0000887 seconds, Stopping threads took: 0.0000243 seconds
2017-09-17T02:46:37.556-0100: 20472.218: Total time for which application threads were stopped: 0.0000890 seconds, Stopping threads took: 0.0000224 seconds
2017-09-17T02:46:37.565-0100: 20472.227: Total time for which application threads were stopped: 0.0000871 seconds, Stopping threads took: 0.0000134 seconds
2017-09-17T02:46:37.573-0100: 20472.236: Total time for which application threads were stopped: 0.0000793 seconds, Stopping threads took: 0.0000135 seconds
2017-09-17T02:46:37.582-0100: 20472.245: Total time for which application threads were stopped: 0.0001434 seconds, Stopping threads took: 0.0000289 seconds
2017-09-17T02:46:37.582-0100: 20472.245: Total time for which application threads were stopped: 0.0000861 seconds, Stopping threads took: 0.0000310 seconds
2017-09-17T02:46:37.593-0100: 20472.255: Total time for which application threads were stopped: 0.0000928 seconds, Stopping threads took: 0.0000316 seconds
2017-09-17T02:46:37.607-0100: 20472.270: Total time for which application threads were stopped: 0.0000731 seconds, Stopping threads took: 0.0000120 seconds
2017-09-17T02:46:37.616-0100: 20472.278: Total time for which application threads were stopped: 0.0001071 seconds, Stopping threads took: 0.0000154 seconds
2017-09-17T02:46:37.624-0100: 20472.287: Total time for which application threads were stopped: 0.0001739 seconds, Stopping threads took: 0.0001091 seconds
2017-09-17T02:46:37.633-0100: 20472.295: Total time for which application threads were stopped: 0.0002248 seconds, Stopping threads took: 0.0000640 seconds
{Heap before GC invocations=26 (full 2):
 par new generation   total 109248K, used 89392K [0x00000007a0000000, 0x00000007a8000000, 0x00000007a8000000)
  eden space 87424K, 100% used [0x00000007a0000000, 0x00000007a5560000, 0x00000007a5560000)
  from space 21824K,   9% used [0x00000007a5560000, 0x00000007a574c310, 0x00000007a6ab0000)
  to   space 21824K,   0% used [0x00000007a6ab0000, 0x00000007a6ab0000, 0x00000007a8000000)
 concurrent mark-sweep generation total 393216K, used 15039K [0x00000007a8000000, 0x00000007c0000000, 0x00000007c0000000)
 Metaspace       used 39775K, capacity 40676K, committed 40832K, reserved 1085440K
  class space    used 4488K, capacity 4709K, committed 4736K, reserved 1048576K
2017-09-17T02:46:37.638-0100: 20472.301: [GC (Allocation Failure) 2017-09-17T02:46:37.638-0100: 20472.301: [ParNew
Desired survivor size 20112992 bytes, new threshold 8 (max 8)
- age   1:    1699680 bytes,    1699680 total
- age   2:      27896 bytes,    1727576 total
- age   3:      26960 bytes,    1754536 total
- age   4:      22736 bytes,    1777272 total
- age   5:      26864 bytes,    1804136 total
- age   6:      24632 bytes,    1828768 total
- age   7:      32008 bytes,    1860776 total
- age   8:      36048 bytes,    1896824 total
: 89392K->2366K(109248K), 0.0095108 secs] 104432K->17432K(502464K), 0.0095837 secs] [Times: user=0.05 sys=0.00, real=0.01 secs] 
Heap after GC invocations=27 (full 2):
 par new generation   total 109248K, used 2366K [0x00000007a0000000, 0x00000007a8000000, 0x00000007a8000000)
  eden space 87424K,   0% used [0x00000007a0000000, 0x00000007a0000000, 0x00000007a5560000)
  from space 21824K,  10% used [0x00000007a6ab0000, 0x00000007a6cff8c8, 0x00000007a8000000)
  to   space 21824K,   0% used [0x00000007a5560000, 0x00000007a5560000, 0x00000007a6ab0000)
 concurrent mark-sweep generation total 393216K, used 15065K [0x00000007a8000000, 0x00000007c0000000, 0x00000007c0000000)
 Metaspace       used 39775K, capacity 40676K, committed 40832K, reserved 1085440K
  class space    used 4488K, capacity 4709K, committed 4736K, reserved 1048576K
}
2017-09-17T02:46:37.648-0100: 20472.311: Total time for which application threads were stopped: 0.0097460 seconds, Stopping threads took: 0.0000139 seconds
2017-09-17T02:46:37.680-0100: 20472.343: Total time for which application threads were stopped: 0.0001029 seconds, Stopping threads took: 0.0000113 seconds
2017-09-17T02:46:37.745-0100: 20472.408: Total time for which application threads were stopped: 0.0001244 seconds, Stopping threads took: 0.0000415 seconds
2017-09-17T02:46:37.755-0100: 20472.418: Total time for which application threads were stopped: 0.0001603 seconds, Stopping threads took: 0.0000542 seconds
2017-09-17T02:46:37.764-0100: 20472.426: Total time for which application threads were stopped: 0.0001324 seconds, Stopping threads took: 0.0000131 seconds
2017-09-17T02:46:37.764-0100: 20472.426: Total time for which application threads were stopped: 0.0000751 seconds, Stopping threads took: 0.0000264 seconds
2017-09-17T02:46:37.773-0100: 20472.436: Total time for which application threads were stopped: 0.0000945 seconds, Stopping threads took: 0.0000264 seconds
2017-09-17T02:46:37.786-0100: 20472.448: Total time for which application threads were stopped: 0.0000736 seconds, Stopping threads took: 0.0000129 seconds
2017-09-17T02:46:37.794-0100: 20472.457: Total time for which application threads were stopped: 0.0000710 seconds, Stopping threads took: 0.0000116 seconds
2017-09-17T02:46:37.802-0100: 20472.464: Total time for which application threads were stopped: 0.0001059 seconds, Stopping threads took: 0.0000409 seconds
2017-09-17T02:46:37.810-0100: 20472.473: Total time for which application threads were stopped: 0.0000898 seconds, Stopping threads took: 0.0000281 seconds
2017-09-17T02:46:37.818-0100: 20472.481: Total time for which application threads were stopped: 0.0001468 seconds, Stopping threads took: 0.0000808 seconds
2017-09-17T02:46:37.826-0100: 20472.489: Total time for which application threads were stopped: 0.0000684 seconds, Stopping threads took: 0.0000112 seconds
2017-09-17T02:46:37.834-0100: 20472.497: Total time for which application threads were stopped: 0.0000912 seconds, Stopping threads took: 0.0000235 seconds
2017-09-17T02:46:37.843-0100: 20472.506: Total time for which application threads were stopped: 0.0000889 seconds, Stopping threads took: 0.0000109 seconds
2017-09-17T02:46:37.843-0100: 20472.506: Total time for which application threads were stopped: 0.0000861 seconds, Stopping threads took: 0.0000312 seconds
2017-09-17T02:46:37.852-0100: 20472.515: Total time for which application threads were stopped: 0.0001144 seconds, Stopping threads took: 0.0000350 seconds
2017-09-17T02:46:37.866-0100: 20472.529: Total time for which application threads were stopped: 0.0001289 seconds, Stopping threads took: 0.0000596 seconds
2017-09-17T02:46:37.875-0100: 20472.537: Total time for which application threads were stopped: 0.0001355 seconds, Stopping threads took: 0.0000306 seconds
{Heap before GC invocations=27 (full 2):
 par new generation   total 109248K, used 89619K [0x00000007a0000000, 0x00000007a8000000, 0x00000007a8000000)
  eden space 87424K,  99% used [0x00000007a0000000, 0x00000007a55355c0, 0x00000007a5560000)
  from space 21824K,  10% used [0x00000007a6ab0000, 0x00000007a6cff8c8, 0x00000007a8000000)
  to   space 21824K,   0% used [0x00000007a5560000, 0x00000007a5560000, 0x00000007a6ab0000)
 concurrent mark-sweep generation total 393216K, used 15065K [0x00000007a8000000, 0x00000007c0000000, 0x00000007c0000000)
 Metaspace       used 39809K, capacity 40740K, committed 40832K, reserved 1085440K
  class space    used 4488K, capacity 4709K, committed 4736K, reserved 1048576K
2017-09-17T02:46:37.880-0100: 20472.542: [GC (Allocation Failure) 2017-09-17T02:46:37.880-0100: 20472.542: [ParNew
Desired survivor size 20112992 bytes, new threshold 8 (max 8)
- age   1:    1232032 bytes,    1232032 total
- age   2:     284128 bytes,    1516160 total
- age   3:      26984 bytes,    1543144 total
- age   4:      26960 bytes,    1570104 total
- age   5:      22736 bytes,    1592840 total
- age   6:      26864 bytes,    1619704 total
- age   7:      24632 bytes,    1644336 total
- age   8:      29984 bytes,    1674320 total
: 89619K->2249K(109248K), 0.0075787 secs] 104685K->17350K(502464K), 0.0076226 secs] [Times: user=0.03 sys=0.00, real=0.00 secs] 
Heap after GC invocations=28 (full 2):
 par new generation   total 109248K, used 2249K [0x00000007a0000000, 0x00000007a8000000, 0x00000007a8000000)
  eden space 87424K,   0% used [0x00000007a0000000, 0x00000007a0000000, 0x00000007a5560000)
  from space 21824K,  10% used [0x00000007a5560000, 0x00000007a5792628, 0x00000007a6ab0000)
  to   space 21824K,   0% used [0x00000007a6ab0000, 0x00000007a6ab0000, 0x00000007a8000000)
 concurrent mark-sweep generation total 393216K, used 15101K [0x00000007a8000000, 0x00000007c0000000, 0x00000007c0000000)
 Metaspace       used 39809K, capacity 40740K, committed 40832K, reserved 1085440K
  class space    used 4488K, capacity 4709K, committed 4736K, reserved 1048576K
}
2017-09-17T02:46:37.887-0100: 20472.550: Total time for which application threads were stopped: 0.0077673 seconds, Stopping threads took: 0.0000115 seconds
2017-09-17T02:46:37.890-0100: 20472.553: Total time for which application threads were stopped: 0.0000795 seconds, Stopping threads took: 0.0000131 seconds
2017-09-17T02:46:37.898-0100: 20472.561: Total time for which application threads were stopped: 0.0000995 seconds, Stopping threads took: 0.0000194 seconds
2017-09-17T02:46:37.907-0100: 20472.569: Total time for which application threads were stopped: 0.0000940 seconds, Stopping threads took: 0.0000216 seconds
2017-09-17T02:46:37.915-0100: 20472.577: Total time for which application threads were stopped: 0.0001051 seconds, Stopping threads took: 0.0000473 seconds
2017-09-17T02:46:37.923-0100: 20472.586: Total time for which application threads were stopped: 0.0001733 seconds, Stopping threads took: 0.0000222 seconds
2017-09-17T02:46:37.931-0100: 20472.594: Total time for which application threads were stopped: 0.0001565 seconds, Stopping threads took: 0.0000494 seconds
2017-09-17T02:46:38.933-0100: 20473.596: Total time for which application threads were stopped: 0.0001209 seconds, Stopping threads took: 0.0000263 seconds
2017-09-17T02:46:58.833-0100: 20493.497: Total time for which application threads were stopped: 0.0001066 seconds, Stopping threads took: 0.0000198 seconds
2017-09-17T02:47:21.916-0100: 20516.580: Total time for which application threads were stopped: 0.0001529 seconds, Stopping threads took: 0.0000357 seconds
2017-09-17T02:47:33.687-0100: 20528.351: Total time for which application threads were stopped: 0.0001196 seconds, Stopping threads took: 0.0000218 seconds
2017-09-17T02:47:33.687-0100: 20528.351: Total time for which application threads were stopped: 0.0000566 seconds, Stopping threads took: 0.0000084 seconds
2017-09-17T02:47:34.690-0100: 20529.355: Total time for which application threads were stopped: 0.0001328 seconds, Stopping threads took: 0.0000354 seconds
2017-09-17T02:47:38.703-0100: 20533.368: Total time for which application threads were stopped: 0.0001391 seconds, Stopping threads took: 0.0000330 seconds
2017-09-17T02:47:44.798-0100: 20539.463: Total time for which application threads were stopped: 0.0002002 seconds, Stopping threads took: 0.0001037 seconds
2017-09-17T02:47:44.798-0100: 20539.463: Total time for which application threads were stopped: 0.0000715 seconds, Stopping threads took: 0.0000095 seconds
2017-09-17T02:47:44.798-0100: 20539.463: Total time for which application threads were stopped: 0.0000671 seconds, Stopping threads took: 0.0000203 seconds
2017-09-17T02:47:44.799-0100: 20539.464: Total time for which application threads were stopped: 0.0000659 seconds, Stopping threads took: 0.0000100 seconds
2017-09-17T02:47:56.008-0100: 20550.674: Total time for which application threads were stopped: 0.0001887 seconds, Stopping threads took: 0.0000197 seconds
2017-09-17T02:47:56.008-0100: 20550.674: Total time for which application threads were stopped: 0.0000655 seconds, Stopping threads took: 0.0000090 seconds
2017-09-17T02:48:59.238-0100: 20613.905: Total time for which application threads were stopped: 0.0002195 seconds, Stopping threads took: 0.0000336 seconds
2017-09-17T02:49:01.122-0100: 20615.790: Total time for which application threads were stopped: 0.0002375 seconds, Stopping threads took: 0.0000202 seconds
2017-09-17T02:49:01.244-0100: 20615.912: Total time for which application threads were stopped: 0.0001393 seconds, Stopping threads took: 0.0000156 seconds
2017-09-17T02:49:01.340-0100: 20616.007: Total time for which application threads were stopped: 0.0001565 seconds, Stopping threads took: 0.0000227 seconds
{Heap before GC invocations=28 (full 2):
 par new generation   total 109248K, used 89673K [0x00000007a0000000, 0x00000007a8000000, 0x00000007a8000000)
  eden space 87424K, 100% used [0x00000007a0000000, 0x00000007a5560000, 0x00000007a5560000)
  from space 21824K,  10% used [0x00000007a5560000, 0x00000007a5792628, 0x00000007a6ab0000)
  to   space 21824K,   0% used [0x00000007a6ab0000, 0x00000007a6ab0000, 0x00000007a8000000)
 concurrent mark-sweep generation total 393216K, used 15101K [0x00000007a8000000, 0x00000007c0000000, 0x00000007c0000000)
 Metaspace       used 39897K, capacity 40804K, committed 41088K, reserved 1085440K
  class space    used 4488K, capacity 4709K, committed 4736K, reserved 1048576K
2017-09-17T02:49:01.345-0100: 20616.013: [GC (Allocation Failure) 2017-09-17T02:49:01.346-0100: 20616.014: [ParNew
Desired survivor size 20112992 bytes, new threshold 8 (max 8)
- age   1:    1607672 bytes,    1607672 total
- age   2:      25448 bytes,    1633120 total
- age   3:     238632 bytes,    1871752 total
- age   4:      26984 bytes,    1898736 total
- age   5:      26128 bytes,    1924864 total
- age   6:      22736 bytes,    1947600 total
- age   7:      26608 bytes,    1974208 total
- age   8:      24632 bytes,    1998840 total
: 89673K->2267K(109248K), 0.0095488 secs] 104774K->17396K(502464K), 0.0098840 secs] [Times: user=0.02 sys=0.00, real=0.01 secs] 
Heap after GC invocations=29 (full 2):
 par new generation   total 109248K, used 2267K [0x00000007a0000000, 0x00000007a8000000, 0x00000007a8000000)
  eden space 87424K,   0% used [0x00000007a0000000, 0x00000007a0000000, 0x00000007a5560000)
  from space 21824K,  10% used [0x00000007a6ab0000, 0x00000007a6ce6e38, 0x00000007a8000000)
  to   space 21824K,   0% used [0x00000007a5560000, 0x00000007a5560000, 0x00000007a6ab0000)
 concurrent mark-sweep generation total 393216K, used 15129K [0x00000007a8000000, 0x00000007c0000000, 0x00000007c0000000)
 Metaspace       used 39897K, capacity 40804K, committed 41088K, reserved 1085440K
  class space    used 4488K, capacity 4709K, committed 4736K, reserved 1048576K
}
2017-09-17T02:49:01.355-0100: 20616.023: Total time for which application threads were stopped: 0.0100555 seconds, Stopping threads took: 0.0000121 seconds
2017-09-17T02:49:01.356-0100: 20616.024: Total time for which application threads were stopped: 0.0003303 seconds, Stopping threads took: 0.0001029 seconds
2017-09-17T02:49:01.447-0100: 20616.115: Total time for which application threads were stopped: 0.0001625 seconds, Stopping threads took: 0.0000143 seconds
2017-09-17T02:49:01.541-0100: 20616.208: Total time for which application threads were stopped: 0.0001286 seconds, Stopping threads took: 0.0000148 seconds
2017-09-17T02:49:01.632-0100: 20616.300: Total time for which application threads were stopped: 0.0001360 seconds, Stopping threads took: 0.0000157 seconds
{Heap before GC invocations=29 (full 2):
 par new generation   total 109248K, used 89691K [0x00000007a0000000, 0x00000007a8000000, 0x00000007a8000000)
  eden space 87424K, 100% used [0x00000007a0000000, 0x00000007a5560000, 0x00000007a5560000)
  from space 21824K,  10% used [0x00000007a6ab0000, 0x00000007a6ce6e38, 0x00000007a8000000)
  to   space 21824K,   0% used [0x00000007a5560000, 0x00000007a5560000, 0x00000007a6ab0000)
 concurrent mark-sweep generation total 393216K, used 15129K [0x00000007a8000000, 0x00000007c0000000, 0x00000007c0000000)
 Metaspace       used 39966K, capacity 40868K, committed 41088K, reserved 1085440K
  class space    used 4488K, capacity 4709K, committed 4736K, reserved 1048576K
2017-09-17T02:49:01.634-0100: 20616.302: [GC (Allocation Failure) 2017-09-17T02:49:01.634-0100: 20616.302: [ParNew
Desired survivor size 20112992 bytes, new threshold 8 (max 8)
- age   1:    1225536 bytes,    1225536 total
- age   2:     190600 bytes,    1416136 total
- age   3:      24536 bytes,    1440672 total
- age   4:     228856 bytes,    1669528 total
- age   5:      26984 bytes,    1696512 total
- age   6:      26128 bytes,    1722640 total
- age   7:      22736 bytes,    1745376 total
- age   8:      26608 bytes,    1771984 total
: 89691K->2316K(109248K), 0.0076907 secs] 104820K->17469K(502464K), 0.0077451 secs] [Times: user=0.03 sys=0.00, real=0.01 secs] 
Heap after GC invocations=30 (full 2):
 par new generation   total 109248K, used 2316K [0x00000007a0000000, 0x00000007a8000000, 0x00000007a8000000)
  eden space 87424K,   0% used [0x00000007a0000000, 0x00000007a0000000, 0x00000007a5560000)
  from space 21824K,  10% used [0x00000007a5560000, 0x00000007a57a3278, 0x00000007a6ab0000)
  to   space 21824K,   0% used [0x00000007a6ab0000, 0x00000007a6ab0000, 0x00000007a8000000)
 concurrent mark-sweep generation total 393216K, used 15153K [0x00000007a8000000, 0x00000007c0000000, 0x00000007c0000000)
 Metaspace       used 39966K, capacity 40868K, committed 41088K, reserved 1085440K
  class space    used 4488K, capacity 4709K, committed 4736K, reserved 1048576K
}
2017-09-17T02:49:01.642-0100: 20616.310: Total time for which application threads were stopped: 0.0078780 seconds, Stopping threads took: 0.0000128 seconds
2017-09-17T02:49:02.644-0100: 20617.312: Total time for which application threads were stopped: 0.0001267 seconds, Stopping threads took: 0.0000308 seconds
2017-09-17T02:49:15.332-0100: 20630.001: Total time for which application threads were stopped: 0.0001207 seconds, Stopping threads took: 0.0000213 seconds
2017-09-17T02:49:21.832-0100: 20636.501: Total time for which application threads were stopped: 0.0002152 seconds, Stopping threads took: 0.0000180 seconds
2017-09-17T02:49:37.355-0100: 20652.024: Total time for which application threads were stopped: 0.0001105 seconds, Stopping threads took: 0.0000186 seconds
2017-09-17T02:49:59.438-0100: 20674.108: Total time for which application threads were stopped: 0.0001488 seconds, Stopping threads took: 0.0000339 seconds
2017-09-17T02:50:31.546-0100: 20706.217: Total time for which application threads were stopped: 0.0001536 seconds, Stopping threads took: 0.0000376 seconds
2017-09-17T02:51:02.781-0100: 20737.453: Total time for which application threads were stopped: 0.0001349 seconds, Stopping threads took: 0.0000290 seconds
2017-09-17T02:51:02.781-0100: 20737.453: Total time for which application threads were stopped: 0.0000686 seconds, Stopping threads took: 0.0000087 seconds
2017-09-17T02:51:02.781-0100: 20737.453: Total time for which application threads were stopped: 0.0000450 seconds, Stopping threads took: 0.0000066 seconds
2017-09-17T02:51:02.782-0100: 20737.454: Total time for which application threads were stopped: 0.0000590 seconds, Stopping threads took: 0.0000152 seconds
2017-09-17T02:51:07.569-0100: 20742.241: Total time for which application threads were stopped: 0.0000979 seconds, Stopping threads took: 0.0000155 seconds
2017-09-17T02:51:28.715-0100: 20763.388: Total time for which application threads were stopped: 0.0001581 seconds, Stopping threads took: 0.0000255 seconds
2017-09-17T02:51:29.720-0100: 20764.393: Total time for which application threads were stopped: 0.0001259 seconds, Stopping threads took: 0.0000262 seconds
2017-09-17T02:52:45.996-0100: 20840.672: Total time for which application threads were stopped: 0.0002052 seconds, Stopping threads took: 0.0001034 seconds
2017-09-17T02:52:45.996-0100: 20840.672: Total time for which application threads were stopped: 0.0000841 seconds, Stopping threads took: 0.0000231 seconds
2017-09-17T02:52:47.001-0100: 20841.677: Total time for which application threads were stopped: 0.0001563 seconds, Stopping threads took: 0.0000271 seconds
{Heap before GC invocations=30 (full 2):
 par new generation   total 109248K, used 89739K [0x00000007a0000000, 0x00000007a8000000, 0x00000007a8000000)
  eden space 87424K,  99% used [0x00000007a0000000, 0x00000007a555fcf0, 0x00000007a5560000)
  from space 21824K,  10% used [0x00000007a5560000, 0x00000007a57a3278, 0x00000007a6ab0000)
  to   space 21824K,   0% used [0x00000007a6ab0000, 0x00000007a6ab0000, 0x00000007a8000000)
 concurrent mark-sweep generation total 393216K, used 15153K [0x00000007a8000000, 0x00000007c0000000, 0x00000007c0000000)
 Metaspace       used 39973K, capacity 40868K, committed 41088K, reserved 1085440K
  class space    used 4488K, capacity 4709K, committed 4736K, reserved 1048576K
2017-09-17T02:55:24.468-0100: 20999.150: [GC (Allocation Failure) 2017-09-17T02:55:24.468-0100: 20999.150: [ParNew
Desired survivor size 20112992 bytes, new threshold 8 (max 8)
- age   1:    1349200 bytes,    1349200 total
- age   2:      28872 bytes,    1378072 total
- age   3:     156640 bytes,    1534712 total
- age   4:      24536 bytes,    1559248 total
- age   5:     216344 bytes,    1775592 total
- age   6:      26984 bytes,    1802576 total
- age   7:      25904 bytes,    1828480 total
- age   8:      22736 bytes,    1851216 total
: 89739K->2226K(109248K), 0.0087153 secs] 104893K->17405K(502464K), 0.0090200 secs] [Times: user=0.03 sys=0.00, real=0.01 secs] 
Heap after GC invocations=31 (full 2):
 par new generation   total 109248K, used 2226K [0x00000007a0000000, 0x00000007a8000000, 0x00000007a8000000)
  eden space 87424K,   0% used [0x00000007a0000000, 0x00000007a0000000, 0x00000007a5560000)
  from space 21824K,  10% used [0x00000007a6ab0000, 0x00000007a6cdcae0, 0x00000007a8000000)
  to   space 21824K,   0% used [0x00000007a5560000, 0x00000007a5560000, 0x00000007a6ab0000)
 concurrent mark-sweep generation total 393216K, used 15179K [0x00000007a8000000, 0x00000007c0000000, 0x00000007c0000000)
 Metaspace       used 39973K, capacity 40868K, committed 41088K, reserved 1085440K
  class space    used 4488K, capacity 4709K, committed 4736K, reserved 1048576K
}
2017-09-17T02:55:24.477-0100: 20999.159: Total time for which application threads were stopped: 0.0092567 seconds, Stopping threads took: 0.0000178 seconds
2017-09-17T02:55:24.494-0100: 20999.176: Total time for which application threads were stopped: 0.0001897 seconds, Stopping threads took: 0.0000311 seconds
2017-09-17T02:56:29.718-0100: 21064.403: Total time for which application threads were stopped: 0.0001568 seconds, Stopping threads took: 0.0000476 seconds
2017-09-17T02:57:12.585-0100: 21107.271: Total time for which application threads were stopped: 0.0003083 seconds, Stopping threads took: 0.0000702 seconds
2017-09-17T02:57:13.589-0100: 21108.275: Total time for which application threads were stopped: 0.0001170 seconds, Stopping threads took: 0.0000255 seconds
2017-09-17T02:57:16.071-0100: 21110.757: Total time for which application threads were stopped: 0.0001680 seconds, Stopping threads took: 0.0000183 seconds
{Heap before GC invocations=31 (full 2):
 par new generation   total 109248K, used 89650K [0x00000007a0000000, 0x00000007a8000000, 0x00000007a8000000)
  eden space 87424K, 100% used [0x00000007a0000000, 0x00000007a5560000, 0x00000007a5560000)
  from space 21824K,  10% used [0x00000007a6ab0000, 0x00000007a6cdcae0, 0x00000007a8000000)
  to   space 21824K,   0% used [0x00000007a5560000, 0x00000007a5560000, 0x00000007a6ab0000)
 concurrent mark-sweep generation total 393216K, used 15179K [0x00000007a8000000, 0x00000007c0000000, 0x00000007c0000000)
 Metaspace       used 39979K, capacity 40868K, committed 41088K, reserved 1085440K
  class space    used 4488K, capacity 4709K, committed 4736K, reserved 1048576K
2017-09-17T02:57:16.143-0100: 21110.829: [GC (Allocation Failure) 2017-09-17T02:57:16.143-0100: 21110.829: [ParNew
Desired survivor size 20112992 bytes, new threshold 8 (max 8)
- age   1:    1594040 bytes,    1594040 total
- age   2:      36768 bytes,    1630808 total
- age   3:      27896 bytes,    1658704 total
- age   4:     144040 bytes,    1802744 total
- age   5:      24536 bytes,    1827280 total
- age   6:     206712 bytes,    2033992 total
- age   7:      26984 bytes,    2060976 total
- age   8:      25928 bytes,    2086904 total
: 89650K->2457K(109248K), 0.0107725 secs] 104829K->17658K(502464K), 0.0110129 secs] [Times: user=0.02 sys=0.00, real=0.01 secs] 
Heap after GC invocations=32 (full 2):
 par new generation   total 109248K, used 2457K [0x00000007a0000000, 0x00000007a8000000, 0x00000007a8000000)
  eden space 87424K,   0% used [0x00000007a0000000, 0x00000007a0000000, 0x00000007a5560000)
  from space 21824K,  11% used [0x00000007a5560000, 0x00000007a57c65f8, 0x00000007a6ab0000)
  to   space 21824K,   0% used [0x00000007a6ab0000, 0x00000007a6ab0000, 0x00000007a8000000)
 concurrent mark-sweep generation total 393216K, used 15201K [0x00000007a8000000, 0x00000007c0000000, 0x00000007c0000000)
 Metaspace       used 39979K, capacity 40868K, committed 41088K, reserved 1085440K
  class space    used 4488K, capacity 4709K, committed 4736K, reserved 1048576K
}
2017-09-17T02:57:16.154-0100: 21110.840: Total time for which application threads were stopped: 0.0112259 seconds, Stopping threads took: 0.0000310 seconds
2017-09-17T02:57:16.168-0100: 21110.854: Total time for which application threads were stopped: 0.0001408 seconds, Stopping threads took: 0.0000174 seconds
2017-09-17T02:58:02.071-0100: 21156.759: Total time for which application threads were stopped: 0.0001147 seconds, Stopping threads took: 0.0000166 seconds
2017-09-17T02:58:02.113-0100: 21156.801: Total time for which application threads were stopped: 0.0000940 seconds, Stopping threads took: 0.0000245 seconds
2017-09-17T02:58:02.113-0100: 21156.801: Total time for which application threads were stopped: 0.0000760 seconds, Stopping threads took: 0.0000138 seconds
2017-09-17T02:58:02.114-0100: 21156.801: Total time for which application threads were stopped: 0.0000748 seconds, Stopping threads took: 0.0000176 seconds
2017-09-17T02:58:02.114-0100: 21156.801: Total time for which application threads were stopped: 0.0000565 seconds, Stopping threads took: 0.0000080 seconds
2017-09-17T02:58:26.509-0100: 21181.197: Total time for which application threads were stopped: 0.0001206 seconds, Stopping threads took: 0.0000280 seconds
2017-09-17T02:58:26.509-0100: 21181.198: Total time for which application threads were stopped: 0.0000903 seconds, Stopping threads took: 0.0000418 seconds
2017-09-17T02:58:26.509-0100: 21181.198: Total time for which application threads were stopped: 0.0000652 seconds, Stopping threads took: 0.0000185 seconds
2017-09-17T02:58:26.509-0100: 21181.198: Total time for which application threads were stopped: 0.0000757 seconds, Stopping threads took: 0.0000256 seconds
2017-09-17T02:58:26.509-0100: 21181.198: Total time for which application threads were stopped: 0.0000654 seconds, Stopping threads took: 0.0000226 seconds
2017-09-17T02:58:26.510-0100: 21181.198: Total time for which application threads were stopped: 0.0000994 seconds, Stopping threads took: 0.0000365 seconds
2017-09-17T02:58:26.510-0100: 21181.198: Total time for which application threads were stopped: 0.0000553 seconds, Stopping threads took: 0.0000116 seconds
2017-09-17T02:58:26.510-0100: 21181.198: Total time for which application threads were stopped: 0.0000746 seconds, Stopping threads took: 0.0000214 seconds
2017-09-17T02:58:26.510-0100: 21181.199: Total time for which application threads were stopped: 0.0000887 seconds, Stopping threads took: 0.0000445 seconds
2017-09-17T02:58:48.595-0100: 21203.285: Total time for which application threads were stopped: 0.0001629 seconds, Stopping threads took: 0.0000624 seconds
2017-09-17T03:00:42.992-0100: 21317.686: Total time for which application threads were stopped: 0.0001789 seconds, Stopping threads took: 0.0000481 seconds
2017-09-17T03:01:14.997-0100: 21349.692: Total time for which application threads were stopped: 0.0001228 seconds, Stopping threads took: 0.0000158 seconds
2017-09-17T03:01:16.002-0100: 21350.697: Total time for which application threads were stopped: 0.0001348 seconds, Stopping threads took: 0.0000328 seconds
2017-09-17T03:02:37.291-0100: 21431.989: Total time for which application threads were stopped: 0.0001421 seconds, Stopping threads took: 0.0000289 seconds
2017-09-17T03:02:42.707-0100: 21437.405: Total time for which application threads were stopped: 0.0000894 seconds, Stopping threads took: 0.0000177 seconds
2017-09-17T03:02:42.707-0100: 21437.405: Total time for which application threads were stopped: 0.0000553 seconds, Stopping threads took: 0.0000075 seconds
2017-09-17T03:02:42.708-0100: 21437.406: Total time for which application threads were stopped: 0.0000356 seconds, Stopping threads took: 0.0000048 seconds
2017-09-17T03:02:42.708-0100: 21437.406: Total time for which application threads were stopped: 0.0001315 seconds, Stopping threads took: 0.0000046 seconds
2017-09-17T03:02:42.708-0100: 21437.406: Total time for which application threads were stopped: 0.0000398 seconds, Stopping threads took: 0.0000048 seconds
2017-09-17T03:03:01.270-0100: 21455.968: Total time for which application threads were stopped: 0.0001026 seconds, Stopping threads took: 0.0000164 seconds
2017-09-17T03:09:21.237-0100: 21835.949: Total time for which application threads were stopped: 0.0001252 seconds, Stopping threads took: 0.0000367 seconds
2017-09-17T03:09:21.237-0100: 21835.949: Total time for which application threads were stopped: 0.0000655 seconds, Stopping threads took: 0.0000210 seconds
2017-09-17T03:10:00.371-0100: 21875.085: Total time for which application threads were stopped: 0.0002530 seconds, Stopping threads took: 0.0000791 seconds
2017-09-17T03:10:08.404-0100: 21883.118: Total time for which application threads were stopped: 0.0001295 seconds, Stopping threads took: 0.0000322 seconds
2017-09-17T03:11:20.516-0100: 21955.232: Total time for which application threads were stopped: 0.0001163 seconds, Stopping threads took: 0.0000150 seconds
{Heap before GC invocations=32 (full 2):
 par new generation   total 109248K, used 89881K [0x00000007a0000000, 0x00000007a8000000, 0x00000007a8000000)
  eden space 87424K, 100% used [0x00000007a0000000, 0x00000007a5560000, 0x00000007a5560000)
  from space 21824K,  11% used [0x00000007a5560000, 0x00000007a57c65f8, 0x00000007a6ab0000)
  to   space 21824K,   0% used [0x00000007a6ab0000, 0x00000007a6ab0000, 0x00000007a8000000)
 concurrent mark-sweep generation total 393216K, used 15201K [0x00000007a8000000, 0x00000007c0000000, 0x00000007c0000000)
 Metaspace       used 40003K, capacity 40868K, committed 41088K, reserved 1085440K
  class space    used 4488K, capacity 4709K, committed 4736K, reserved 1048576K
2017-09-17T03:11:20.539-0100: 21955.256: [GC (Allocation Failure) 2017-09-17T03:11:20.539-0100: 21955.256: [ParNew
Desired survivor size 20112992 bytes, new threshold 8 (max 8)
- age   1:    1122784 bytes,    1122784 total
- age   2:      31560 bytes,    1154344 total
- age   3:      33136 bytes,    1187480 total
- age   4:      27896 bytes,    1215376 total
- age   5:     143912 bytes,    1359288 total
- age   6:      24536 bytes,    1383824 total
- age   7:     193736 bytes,    1577560 total
- age   8:      26984 bytes,    1604544 total
: 89881K->2063K(109248K), 0.0095123 secs] 105082K->17289K(502464K), 0.0097115 secs] [Times: user=0.03 sys=0.00, real=0.01 secs] 
Heap after GC invocations=33 (full 2):
 par new generation   total 109248K, used 2063K [0x00000007a0000000, 0x00000007a8000000, 0x00000007a8000000)
  eden space 87424K,   0% used [0x00000007a0000000, 0x00000007a0000000, 0x00000007a5560000)
  from space 21824K,   9% used [0x00000007a6ab0000, 0x00000007a6cb3ce0, 0x00000007a8000000)
  to   space 21824K,   0% used [0x00000007a5560000, 0x00000007a5560000, 0x00000007a6ab0000)
 concurrent mark-sweep generation total 393216K, used 15226K [0x00000007a8000000, 0x00000007c0000000, 0x00000007c0000000)
 Metaspace       used 40003K, capacity 40868K, committed 41088K, reserved 1085440K
  class space    used 4488K, capacity 4709K, committed 4736K, reserved 1048576K
}
2017-09-17T03:11:20.549-0100: 21955.265: Total time for which application threads were stopped: 0.0098718 seconds, Stopping threads took: 0.0000131 seconds
2017-09-17T03:11:20.620-0100: 21955.337: Total time for which application threads were stopped: 0.0001268 seconds, Stopping threads took: 0.0000150 seconds
2017-09-17T03:11:21.624-0100: 21956.341: Total time for which application threads were stopped: 0.0001681 seconds, Stopping threads took: 0.0000327 seconds
2017-09-17T03:11:28.648-0100: 21963.365: Total time for which application threads were stopped: 0.0001303 seconds, Stopping threads took: 0.0000390 seconds
2017-09-17T03:11:29.517-0100: 21964.234: Total time for which application threads were stopped: 0.0001355 seconds, Stopping threads took: 0.0000424 seconds
2017-09-17T03:11:29.517-0100: 21964.234: Total time for which application threads were stopped: 0.0000715 seconds, Stopping threads took: 0.0000111 seconds
2017-09-17T03:11:29.517-0100: 21964.234: Total time for which application threads were stopped: 0.0000435 seconds, Stopping threads took: 0.0000059 seconds
2017-09-17T03:11:29.517-0100: 21964.234: Total time for which application threads were stopped: 0.0000382 seconds, Stopping threads took: 0.0000052 seconds
2017-09-17T03:11:30.731-0100: 21965.448: Total time for which application threads were stopped: 0.0001043 seconds, Stopping threads took: 0.0000179 seconds
2017-09-17T03:11:30.731-0100: 21965.448: Total time for which application threads were stopped: 0.0000463 seconds, Stopping threads took: 0.0000058 seconds
2017-09-17T03:11:30.731-0100: 21965.448: Total time for which application threads were stopped: 0.0000458 seconds, Stopping threads took: 0.0000058 seconds
2017-09-17T03:12:19.901-0100: 22014.620: Total time for which application threads were stopped: 0.0002037 seconds, Stopping threads took: 0.0000374 seconds
2017-09-17T03:12:21.574-0100: 22016.293: Total time for which application threads were stopped: 0.0002636 seconds, Stopping threads took: 0.0000936 seconds
{Heap before GC invocations=33 (full 2):
 par new generation   total 109248K, used 89487K [0x00000007a0000000, 0x00000007a8000000, 0x00000007a8000000)
  eden space 87424K, 100% used [0x00000007a0000000, 0x00000007a5560000, 0x00000007a5560000)
  from space 21824K,   9% used [0x00000007a6ab0000, 0x00000007a6cb3ce0, 0x00000007a8000000)
  to   space 21824K,   0% used [0x00000007a5560000, 0x00000007a5560000, 0x00000007a6ab0000)
 concurrent mark-sweep generation total 393216K, used 15226K [0x00000007a8000000, 0x00000007c0000000, 0x00000007c0000000)
 Metaspace       used 40026K, capacity 40868K, committed 41088K, reserved 1085440K
  class space    used 4489K, capacity 4709K, committed 4736K, reserved 1048576K
2017-09-17T03:12:21.666-0100: 22016.384: [GC (Allocation Failure) 2017-09-17T03:12:21.666-0100: 22016.384: [ParNew
Desired survivor size 20112992 bytes, new threshold 8 (max 8)
- age   1:    1171408 bytes,    1171408 total
- age   2:      36848 bytes,    1208256 total
- age   3:      30240 bytes,    1238496 total
- age   4:      33008 bytes,    1271504 total
- age   5:      27896 bytes,    1299400 total
- age   6:     143872 bytes,    1443272 total
- age   7:      24536 bytes,    1467808 total
- age   8:     182528 bytes,    1650336 total
: 89487K->1945K(109248K), 0.0085134 secs] 104713K->17198K(502464K), 0.0085653 secs] [Times: user=0.04 sys=0.00, real=0.01 secs] 
Heap after GC invocations=34 (full 2):
 par new generation   total 109248K, used 1945K [0x00000007a0000000, 0x00000007a8000000, 0x00000007a8000000)
  eden space 87424K,   0% used [0x00000007a0000000, 0x00000007a0000000, 0x00000007a5560000)
  from space 21824K,   8% used [0x00000007a5560000, 0x00000007a5746758, 0x00000007a6ab0000)
  to   space 21824K,   0% used [0x00000007a6ab0000, 0x00000007a6ab0000, 0x00000007a8000000)
 concurrent mark-sweep generation total 393216K, used 15253K [0x00000007a8000000, 0x00000007c0000000, 0x00000007c0000000)
 Metaspace       used 40026K, capacity 40868K, committed 41088K, reserved 1085440K
  class space    used 4489K, capacity 4709K, committed 4736K, reserved 1048576K
}
2017-09-17T03:12:21.674-0100: 22016.393: Total time for which application threads were stopped: 0.0087581 seconds, Stopping threads took: 0.0000382 seconds
2017-09-17T03:12:21.674-0100: 22016.393: Total time for which application threads were stopped: 0.0002221 seconds, Stopping threads took: 0.0000447 seconds
2017-09-17T03:12:21.675-0100: 22016.394: Total time for which application threads were stopped: 0.0001735 seconds, Stopping threads took: 0.0000931 seconds
2017-09-17T03:12:21.685-0100: 22016.404: Total time for which application threads were stopped: 0.0000851 seconds, Stopping threads took: 0.0000121 seconds
2017-09-17T03:12:21.755-0100: 22016.474: Total time for which application threads were stopped: 0.0001672 seconds, Stopping threads took: 0.0000377 seconds
2017-09-17T03:12:21.833-0100: 22016.552: Total time for which application threads were stopped: 0.0001300 seconds, Stopping threads took: 0.0000234 seconds
2017-09-17T03:12:22.837-0100: 22017.556: Total time for which application threads were stopped: 0.0001407 seconds, Stopping threads took: 0.0000285 seconds
2017-09-17T03:12:25.845-0100: 22020.564: Total time for which application threads were stopped: 0.0001338 seconds, Stopping threads took: 0.0000296 seconds
2017-09-17T03:12:28.983-0100: 22023.702: Total time for which application threads were stopped: 0.0001235 seconds, Stopping threads took: 0.0000269 seconds
2017-09-17T03:12:28.983-0100: 22023.702: Total time for which application threads were stopped: 0.0001031 seconds, Stopping threads took: 0.0000282 seconds
2017-09-17T03:12:28.983-0100: 22023.703: Total time for which application threads were stopped: 0.0000869 seconds, Stopping threads took: 0.0000104 seconds
2017-09-17T03:12:28.983-0100: 22023.703: Total time for which application threads were stopped: 0.0000788 seconds, Stopping threads took: 0.0000087 seconds
2017-09-17T03:12:28.984-0100: 22023.703: Total time for which application threads were stopped: 0.0001251 seconds, Stopping threads took: 0.0000782 seconds
2017-09-17T03:12:28.984-0100: 22023.703: Total time for which application threads were stopped: 0.0000626 seconds, Stopping threads took: 0.0000102 seconds
2017-09-17T03:12:28.984-0100: 22023.703: Total time for which application threads were stopped: 0.0000593 seconds, Stopping threads took: 0.0000087 seconds
2017-09-17T03:12:28.984-0100: 22023.703: Total time for which application threads were stopped: 0.0000708 seconds, Stopping threads took: 0.0000093 seconds
2017-09-17T03:12:28.984-0100: 22023.703: Total time for which application threads were stopped: 0.0001114 seconds, Stopping threads took: 0.0000431 seconds
2017-09-17T03:12:55.084-0100: 22049.804: Total time for which application threads were stopped: 0.0001238 seconds, Stopping threads took: 0.0000281 seconds
{Heap before GC invocations=34 (full 2):
 par new generation   total 109248K, used 89369K [0x00000007a0000000, 0x00000007a8000000, 0x00000007a8000000)
  eden space 87424K, 100% used [0x00000007a0000000, 0x00000007a5560000, 0x00000007a5560000)
  from space 21824K,   8% used [0x00000007a5560000, 0x00000007a5746758, 0x00000007a6ab0000)
  to   space 21824K,   0% used [0x00000007a6ab0000, 0x00000007a6ab0000, 0x00000007a8000000)
 concurrent mark-sweep generation total 393216K, used 15253K [0x00000007a8000000, 0x00000007c0000000, 0x00000007c0000000)
 Metaspace       used 40044K, capacity 40932K, committed 41088K, reserved 1085440K
  class space    used 4489K, capacity 4709K, committed 4736K, reserved 1048576K
2017-09-17T03:13:22.407-0100: 22077.128: [GC (Allocation Failure) 2017-09-17T03:13:22.407-0100: 22077.128: [ParNew
Desired survivor size 20112992 bytes, new threshold 8 (max 8)
- age   1:    1294896 bytes,    1294896 total
- age   2:      60376 bytes,    1355272 total
- age   3:      35904 bytes,    1391176 total
- age   4:      30240 bytes,    1421416 total
- age   5:      33008 bytes,    1454424 total
- age   6:      27896 bytes,    1482320 total
- age   7:     143872 bytes,    1626192 total
- age   8:      24536 bytes,    1650728 total
: 89369K->2307K(109248K), 0.0075327 secs] 104622K->17728K(502464K), 0.0075735 secs] [Times: user=0.02 sys=0.00, real=0.01 secs] 
Heap after GC invocations=35 (full 2):
 par new generation   total 109248K, used 2307K [0x00000007a0000000, 0x00000007a8000000, 0x00000007a8000000)
  eden space 87424K,   0% used [0x00000007a0000000, 0x00000007a0000000, 0x00000007a5560000)
  from space 21824K,  10% used [0x00000007a6ab0000, 0x00000007a6cf0f40, 0x00000007a8000000)
  to   space 21824K,   0% used [0x00000007a5560000, 0x00000007a5560000, 0x00000007a6ab0000)
 concurrent mark-sweep generation total 393216K, used 15421K [0x00000007a8000000, 0x00000007c0000000, 0x00000007c0000000)
 Metaspace       used 40044K, capacity 40932K, committed 41088K, reserved 1085440K
  class space    used 4489K, capacity 4709K, committed 4736K, reserved 1048576K
}
2017-09-17T03:13:22.414-0100: 22077.136: Total time for which application threads were stopped: 0.0077783 seconds, Stopping threads took: 0.0000189 seconds
2017-09-17T03:13:26.430-0100: 22081.151: Total time for which application threads were stopped: 0.0001622 seconds, Stopping threads took: 0.0000555 seconds
2017-09-17T03:13:33.000-0100: 22087.721: Total time for which application threads were stopped: 0.0001429 seconds, Stopping threads took: 0.0000483 seconds
2017-09-17T03:13:33.000-0100: 22087.721: Total time for which application threads were stopped: 0.0000631 seconds, Stopping threads took: 0.0000184 seconds
2017-09-17T03:13:33.000-0100: 22087.722: Total time for which application threads were stopped: 0.0000624 seconds, Stopping threads took: 0.0000182 seconds
2017-09-17T07:35:15.880-0100: 22704.779: Total time for which application threads were stopped: 0.0013550 seconds, Stopping threads took: 0.0002466 seconds
2017-09-17T07:37:46.575-0100: 22855.240: Total time for which application threads were stopped: 0.0002052 seconds, Stopping threads took: 0.0000294 seconds
2017-09-17T07:37:47.578-0100: 22856.244: Total time for which application threads were stopped: 0.0001380 seconds, Stopping threads took: 0.0000345 seconds
2017-09-17T07:37:48.579-0100: 22857.245: Total time for which application threads were stopped: 0.0001361 seconds, Stopping threads took: 0.0000317 seconds
2017-09-17T07:38:08.687-0100: 22877.353: Total time for which application threads were stopped: 0.0010735 seconds, Stopping threads took: 0.0003065 seconds
2017-09-17T07:38:09.691-0100: 22878.357: Total time for which application threads were stopped: 0.0001719 seconds, Stopping threads took: 0.0000681 seconds
2017-09-17T07:38:10.696-0100: 22879.362: Total time for which application threads were stopped: 0.0001345 seconds, Stopping threads took: 0.0000325 seconds
2017-09-17T07:38:12.701-0100: 22881.368: Total time for which application threads were stopped: 0.0001370 seconds, Stopping threads took: 0.0000340 seconds
2017-09-17T07:38:13.705-0100: 22882.372: Total time for which application threads were stopped: 0.0001477 seconds, Stopping threads took: 0.0000335 seconds
2017-09-17T07:38:14.710-0100: 22883.376: Total time for which application threads were stopped: 0.0001536 seconds, Stopping threads took: 0.0000342 seconds
2017-09-17T07:38:15.714-0100: 22884.380: Total time for which application threads were stopped: 0.0002632 seconds, Stopping threads took: 0.0000576 seconds
2017-09-17T07:38:16.718-0100: 22885.385: Total time for which application threads were stopped: 0.0001542 seconds, Stopping threads took: 0.0000362 seconds
2017-09-17T07:38:46.468-0100: 22915.136: Total time for which application threads were stopped: 0.0004739 seconds, Stopping threads took: 0.0001057 seconds
{Heap before GC invocations=35 (full 2):
 par new generation   total 109248K, used 89731K [0x00000007a0000000, 0x00000007a8000000, 0x00000007a8000000)
  eden space 87424K, 100% used [0x00000007a0000000, 0x00000007a5560000, 0x00000007a5560000)
  from space 21824K,  10% used [0x00000007a6ab0000, 0x00000007a6cf0f40, 0x00000007a8000000)
  to   space 21824K,   0% used [0x00000007a5560000, 0x00000007a5560000, 0x00000007a6ab0000)
 concurrent mark-sweep generation total 393216K, used 15421K [0x00000007a8000000, 0x00000007c0000000, 0x00000007c0000000)
 Metaspace       used 40164K, capacity 40996K, committed 41088K, reserved 1085440K
  class space    used 4489K, capacity 4709K, committed 4736K, reserved 1048576K
2017-09-17T07:38:50.736-0100: 22919.403: [GC (Allocation Failure) 2017-09-17T07:38:50.736-0100: 22919.404: [ParNew
Desired survivor size 20112992 bytes, new threshold 8 (max 8)
- age   1:    6255928 bytes,    6255928 total
- age   2:    1249208 bytes,    7505136 total
- age   3:      45624 bytes,    7550760 total
- age   4:      33240 bytes,    7584000 total
- age   5:      30240 bytes,    7614240 total
- age   6:      33008 bytes,    7647248 total
- age   7:      27896 bytes,    7675144 total
- age   8:     143872 bytes,    7819016 total
: 89731K->7971K(109248K), 0.0204464 secs] 105152K->23416K(502464K), 0.0210676 secs] [Times: user=0.03 sys=0.04, real=0.02 secs] 
Heap after GC invocations=36 (full 2):
 par new generation   total 109248K, used 7971K [0x00000007a0000000, 0x00000007a8000000, 0x00000007a8000000)
  eden space 87424K,   0% used [0x00000007a0000000, 0x00000007a0000000, 0x00000007a5560000)
  from space 21824K,  36% used [0x00000007a5560000, 0x00000007a5d28de0, 0x00000007a6ab0000)
  to   space 21824K,   0% used [0x00000007a6ab0000, 0x00000007a6ab0000, 0x00000007a8000000)
 concurrent mark-sweep generation total 393216K, used 15445K [0x00000007a8000000, 0x00000007c0000000, 0x00000007c0000000)
 Metaspace       used 40164K, capacity 40996K, committed 41088K, reserved 1085440K
  class space    used 4489K, capacity 4709K, committed 4736K, reserved 1048576K
}
2017-09-17T07:38:50.757-0100: 22919.425: Total time for which application threads were stopped: 0.0246776 seconds, Stopping threads took: 0.0000226 seconds
2017-09-17T07:38:51.761-0100: 22920.428: Total time for which application threads were stopped: 0.0002617 seconds, Stopping threads took: 0.0000615 seconds
2017-09-17T07:39:02.792-0100: 22931.460: Total time for which application threads were stopped: 0.0001378 seconds, Stopping threads took: 0.0000323 seconds
2017-09-17T07:39:03.795-0100: 22932.463: Total time for which application threads were stopped: 0.0001592 seconds, Stopping threads took: 0.0000347 seconds
2017-09-17T07:39:05.804-0100: 22934.472: Total time for which application threads were stopped: 0.0001565 seconds, Stopping threads took: 0.0000582 seconds
2017-09-17T07:39:23.874-0100: 22952.543: Total time for which application threads were stopped: 0.0001140 seconds, Stopping threads took: 0.0000263 seconds
2017-09-17T07:39:43.946-0100: 22972.616: Total time for which application threads were stopped: 0.0001390 seconds, Stopping threads took: 0.0000331 seconds
2017-09-17T07:39:46.953-0100: 22975.623: Total time for which application threads were stopped: 0.0001497 seconds, Stopping threads took: 0.0000463 seconds
2017-09-17T07:39:48.960-0100: 22977.630: Total time for which application threads were stopped: 0.0001439 seconds, Stopping threads took: 0.0000332 seconds
2017-09-17T07:39:49.965-0100: 22978.635: Total time for which application threads were stopped: 0.0001529 seconds, Stopping threads took: 0.0000348 seconds
2017-09-17T07:39:59.001-0100: 22987.671: Total time for which application threads were stopped: 0.0001434 seconds, Stopping threads took: 0.0000328 seconds
2017-09-17T07:40:07.032-0100: 22995.703: Total time for which application threads were stopped: 0.0002915 seconds, Stopping threads took: 0.0000268 seconds
2017-09-17T07:40:10.039-0100: 22998.710: Total time for which application threads were stopped: 0.0001579 seconds, Stopping threads took: 0.0000449 seconds
2017-09-17T07:40:27.099-0100: 23015.770: Total time for which application threads were stopped: 0.0001291 seconds, Stopping threads took: 0.0000297 seconds
2017-09-17T07:40:29.108-0100: 23017.779: Total time for which application threads were stopped: 0.0001480 seconds, Stopping threads took: 0.0000334 seconds
2017-09-17T07:40:34.123-0100: 23022.794: Total time for which application threads were stopped: 0.0001366 seconds, Stopping threads took: 0.0000327 seconds
2017-09-17T07:40:44.149-0100: 23032.821: Total time for which application threads were stopped: 0.0000848 seconds, Stopping threads took: 0.0000211 seconds
2017-09-17T07:40:49.166-0100: 23037.839: Total time for which application threads were stopped: 0.0001371 seconds, Stopping threads took: 0.0000320 seconds
{Heap before GC invocations=36 (full 2):
 par new generation   total 109248K, used 95395K [0x00000007a0000000, 0x00000007a8000000, 0x00000007a8000000)
  eden space 87424K, 100% used [0x00000007a0000000, 0x00000007a5560000, 0x00000007a5560000)
  from space 21824K,  36% used [0x00000007a5560000, 0x00000007a5d28de0, 0x00000007a6ab0000)
  to   space 21824K,   0% used [0x00000007a6ab0000, 0x00000007a6ab0000, 0x00000007a8000000)
 concurrent mark-sweep generation total 393216K, used 15445K [0x00000007a8000000, 0x00000007c0000000, 0x00000007c0000000)
 Metaspace       used 40283K, capacity 41160K, committed 41472K, reserved 1085440K
  class space    used 4491K, capacity 4741K, committed 4864K, reserved 1048576K
2017-09-17T07:40:56.712-0100: 23045.385: [GC (Allocation Failure) 2017-09-17T07:40:56.712-0100: 23045.385: [ParNew
Desired survivor size 20112992 bytes, new threshold 8 (max 8)
- age   1:    5946496 bytes,    5946496 total
- age   2:    6171032 bytes,   12117528 total
- age   3:    1246912 bytes,   13364440 total
- age   4:      33560 bytes,   13398000 total
- age   5:      33240 bytes,   13431240 total
- age   6:      30240 bytes,   13461480 total
- age   7:      33008 bytes,   13494488 total
- age   8:      27896 bytes,   13522384 total
: 95395K->16406K(109248K), 0.0167835 secs] 110840K->31992K(502464K), 0.0168323 secs] [Times: user=0.02 sys=0.03, real=0.01 secs] 
Heap after GC invocations=37 (full 2):
 par new generation   total 109248K, used 16406K [0x00000007a0000000, 0x00000007a8000000, 0x00000007a8000000)
  eden space 87424K,   0% used [0x00000007a0000000, 0x00000007a0000000, 0x00000007a5560000)
  from space 21824K,  75% used [0x00000007a6ab0000, 0x00000007a7ab5bd0, 0x00000007a8000000)
  to   space 21824K,   0% used [0x00000007a5560000, 0x00000007a5560000, 0x00000007a6ab0000)
 concurrent mark-sweep generation total 393216K, used 15585K [0x00000007a8000000, 0x00000007c0000000, 0x00000007c0000000)
 Metaspace       used 40283K, capacity 41160K, committed 41472K, reserved 1085440K
  class space    used 4491K, capacity 4741K, committed 4864K, reserved 1048576K
}
2017-09-17T07:40:56.729-0100: 23045.402: Total time for which application threads were stopped: 0.0170589 seconds, Stopping threads took: 0.0000203 seconds
2017-09-17T07:41:00.743-0100: 23049.416: Total time for which application threads were stopped: 0.0002214 seconds, Stopping threads took: 0.0000427 seconds
2017-09-17T07:41:09.772-0100: 23058.446: Total time for which application threads were stopped: 0.0001217 seconds, Stopping threads took: 0.0000386 seconds
2017-09-17T07:41:12.784-0100: 23061.457: Total time for which application threads were stopped: 0.0002501 seconds, Stopping threads took: 0.0000756 seconds
2017-09-17T07:41:13.787-0100: 23062.460: Total time for which application threads were stopped: 0.0001177 seconds, Stopping threads took: 0.0000295 seconds
2017-09-17T07:41:27.839-0100: 23076.513: Total time for which application threads were stopped: 0.0001299 seconds, Stopping threads took: 0.0000277 seconds
2017-09-17T07:41:41.887-0100: 23090.562: Total time for which application threads were stopped: 0.0001001 seconds, Stopping threads took: 0.0000228 seconds
2017-09-17T07:41:59.951-0100: 23108.626: Total time for which application threads were stopped: 0.0001592 seconds, Stopping threads took: 0.0000433 seconds
2017-09-17T07:42:07.980-0100: 23116.655: Total time for which application threads were stopped: 0.0001310 seconds, Stopping threads took: 0.0000339 seconds
2017-09-17T07:42:12.997-0100: 23121.673: Total time for which application threads were stopped: 0.0001328 seconds, Stopping threads took: 0.0000298 seconds
2017-09-17T07:42:14.001-0100: 23122.676: Total time for which application threads were stopped: 0.0001659 seconds, Stopping threads took: 0.0000635 seconds
2017-09-17T07:42:17.013-0100: 23125.688: Total time for which application threads were stopped: 0.0001650 seconds, Stopping threads took: 0.0000456 seconds
{Heap before GC invocations=37 (full 2):
 par new generation   total 109248K, used 103830K [0x00000007a0000000, 0x00000007a8000000, 0x00000007a8000000)
  eden space 87424K, 100% used [0x00000007a0000000, 0x00000007a5560000, 0x00000007a5560000)
  from space 21824K,  75% used [0x00000007a6ab0000, 0x00000007a7ab5bd0, 0x00000007a8000000)
  to   space 21824K,   0% used [0x00000007a5560000, 0x00000007a5560000, 0x00000007a6ab0000)
 concurrent mark-sweep generation total 393216K, used 15585K [0x00000007a8000000, 0x00000007c0000000, 0x00000007c0000000)
 Metaspace       used 40318K, capacity 41236K, committed 41472K, reserved 1085440K
  class space    used 4491K, capacity 4741K, committed 4864K, reserved 1048576K
2017-09-17T07:43:04.772-0100: 23173.449: [GC (Allocation Failure) 2017-09-17T07:43:04.772-0100: 23173.449: [ParNew
Desired survivor size 20112992 bytes, new threshold 8 (max 8)
- age   1:    6030288 bytes,    6030288 total
- age   2:    5926120 bytes,   11956408 total
- age   3:    6006160 bytes,   17962568 total
- age   4:    1246912 bytes,   19209480 total
- age   5:      33560 bytes,   19243040 total
- age   6:      33240 bytes,   19276280 total
- age   7:      30240 bytes,   19306520 total
- age   8:      33008 bytes,   19339528 total
: 103830K->21824K(109248K), 0.0185628 secs] 119416K->37598K(502464K), 0.0186403 secs] [Times: user=0.02 sys=0.03, real=0.02 secs] 
Heap after GC invocations=38 (full 2):
 par new generation   total 109248K, used 21824K [0x00000007a0000000, 0x00000007a8000000, 0x00000007a8000000)
  eden space 87424K,   0% used [0x00000007a0000000, 0x00000007a0000000, 0x00000007a5560000)
  from space 21824K, 100% used [0x00000007a5560000, 0x00000007a6ab0000, 0x00000007a6ab0000)
  to   space 21824K,   0% used [0x00000007a6ab0000, 0x00000007a6ab0000, 0x00000007a8000000)
 concurrent mark-sweep generation total 393216K, used 15774K [0x00000007a8000000, 0x00000007c0000000, 0x00000007c0000000)
 Metaspace       used 40318K, capacity 41236K, committed 41472K, reserved 1085440K
  class space    used 4491K, capacity 4741K, committed 4864K, reserved 1048576K
}
2017-09-17T07:43:04.790-0100: 23173.468: Total time for which application threads were stopped: 0.0188739 seconds, Stopping threads took: 0.0000281 seconds
2017-09-17T07:43:07.804-0100: 23176.482: Total time for which application threads were stopped: 0.0001497 seconds, Stopping threads took: 0.0000353 seconds
2017-09-17T07:43:20.841-0100: 23189.520: Total time for which application threads were stopped: 0.0001826 seconds, Stopping threads took: 0.0000497 seconds
2017-09-17T07:43:42.923-0100: 23211.602: Total time for which application threads were stopped: 0.0001366 seconds, Stopping threads took: 0.0000315 seconds
2017-09-17T07:43:47.939-0100: 23216.618: Total time for which application threads were stopped: 0.0001120 seconds, Stopping threads took: 0.0000264 seconds
2017-09-17T07:43:58.984-0100: 23227.664: Total time for which application threads were stopped: 0.0001431 seconds, Stopping threads took: 0.0000326 seconds
2017-09-17T07:44:15.031-0100: 23243.711: Total time for which application threads were stopped: 0.0001424 seconds, Stopping threads took: 0.0000338 seconds
2017-09-17T07:44:16.034-0100: 23244.714: Total time for which application threads were stopped: 0.0001343 seconds, Stopping threads took: 0.0000306 seconds
2017-09-17T07:44:17.037-0100: 23245.717: Total time for which application threads were stopped: 0.0001598 seconds, Stopping threads took: 0.0000323 seconds
2017-09-17T07:44:19.046-0100: 23247.726: Total time for which application threads were stopped: 0.0001381 seconds, Stopping threads took: 0.0000329 seconds
2017-09-17T07:44:27.074-0100: 23255.755: Total time for which application threads were stopped: 0.0001380 seconds, Stopping threads took: 0.0000359 seconds
2017-09-17T07:44:37.110-0100: 23265.791: Total time for which application threads were stopped: 0.0001386 seconds, Stopping threads took: 0.0000353 seconds
{Heap before GC invocations=38 (full 2):
 par new generation   total 109248K, used 109248K [0x00000007a0000000, 0x00000007a8000000, 0x00000007a8000000)
  eden space 87424K, 100% used [0x00000007a0000000, 0x00000007a5560000, 0x00000007a5560000)
  from space 21824K, 100% used [0x00000007a5560000, 0x00000007a6ab0000, 0x00000007a6ab0000)
  to   space 21824K,   0% used [0x00000007a6ab0000, 0x00000007a6ab0000, 0x00000007a8000000)
 concurrent mark-sweep generation total 393216K, used 15774K [0x00000007a8000000, 0x00000007c0000000, 0x00000007c0000000)
 Metaspace       used 40340K, capacity 41312K, committed 41472K, reserved 1085440K
  class space    used 4492K, capacity 4741K, committed 4864K, reserved 1048576K
2017-09-17T07:44:40.962-0100: 23269.643: [GC (Allocation Failure) 2017-09-17T07:44:40.962-0100: 23269.643: [ParNew
Desired survivor size 20112992 bytes, new threshold 7 (max 8)
- age   1:    5769968 bytes,    5769968 total
- age   2:    3815144 bytes,    9585112 total
- age   3:    3254984 bytes,   12840096 total
- age   4:    5992352 bytes,   18832448 total
- age   5:    1244704 bytes,   20077152 total
- age   6:      33200 bytes,   20110352 total
- age   7:      32232 bytes,   20142584 total
- age   8:      30112 bytes,   20172696 total
: 109248K->21824K(109248K), 0.0135496 secs] 125022K->42397K(502464K), 0.0136356 secs] [Times: user=0.03 sys=0.01, real=0.01 secs] 
Heap after GC invocations=39 (full 2):
 par new generation   total 109248K, used 21824K [0x00000007a0000000, 0x00000007a8000000, 0x00000007a8000000)
  eden space 87424K,   0% used [0x00000007a0000000, 0x00000007a0000000, 0x00000007a5560000)
  from space 21824K, 100% used [0x00000007a6ab0000, 0x00000007a8000000, 0x00000007a8000000)
  to   space 21824K,   0% used [0x00000007a5560000, 0x00000007a5560000, 0x00000007a6ab0000)
 concurrent mark-sweep generation total 393216K, used 20573K [0x00000007a8000000, 0x00000007c0000000, 0x00000007c0000000)
 Metaspace       used 40340K, capacity 41312K, committed 41472K, reserved 1085440K
  class space    used 4492K, capacity 4741K, committed 4864K, reserved 1048576K
}
2017-09-17T07:44:40.975-0100: 23269.657: Total time for which application threads were stopped: 0.0138482 seconds, Stopping threads took: 0.0000232 seconds
2017-09-17T07:44:42.984-0100: 23271.665: Total time for which application threads were stopped: 0.0002347 seconds, Stopping threads took: 0.0000583 seconds
2017-09-17T07:44:44.989-0100: 23273.670: Total time for which application threads were stopped: 0.0001414 seconds, Stopping threads took: 0.0000333 seconds
2017-09-17T07:44:55.019-0100: 23283.700: Total time for which application threads were stopped: 0.0001326 seconds, Stopping threads took: 0.0000306 seconds
2017-09-17T07:45:23.120-0100: 23311.803: Total time for which application threads were stopped: 0.0002601 seconds, Stopping threads took: 0.0000703 seconds
2017-09-17T07:45:32.147-0100: 23320.830: Total time for which application threads were stopped: 0.0001506 seconds, Stopping threads took: 0.0000366 seconds
2017-09-17T07:45:39.175-0100: 23327.858: Total time for which application threads were stopped: 0.0002271 seconds, Stopping threads took: 0.0000590 seconds
2017-09-17T07:45:55.228-0100: 23343.912: Total time for which application threads were stopped: 0.0001375 seconds, Stopping threads took: 0.0000344 seconds
2017-09-17T07:46:04.257-0100: 23352.942: Total time for which application threads were stopped: 0.0001416 seconds, Stopping threads took: 0.0000349 seconds
{Heap before GC invocations=39 (full 2):
 par new generation   total 109248K, used 109248K [0x00000007a0000000, 0x00000007a8000000, 0x00000007a8000000)
  eden space 87424K, 100% used [0x00000007a0000000, 0x00000007a5560000, 0x00000007a5560000)
  from space 21824K, 100% used [0x00000007a6ab0000, 0x00000007a8000000, 0x00000007a8000000)
  to   space 21824K,   0% used [0x00000007a5560000, 0x00000007a5560000, 0x00000007a6ab0000)
 concurrent mark-sweep generation total 393216K, used 20573K [0x00000007a8000000, 0x00000007c0000000, 0x00000007c0000000)
 Metaspace       used 40343K, capacity 41312K, committed 41472K, reserved 1085440K
  class space    used 4492K, capacity 4741K, committed 4864K, reserved 1048576K
2017-09-17T07:46:12.248-0100: 23360.933: [GC (Allocation Failure) 2017-09-17T07:46:12.248-0100: 23360.933: [ParNew
Desired survivor size 20112992 bytes, new threshold 5 (max 8)
- age   1:    5617032 bytes,    5617032 total
- age   2:    4191000 bytes,    9808032 total
- age   3:    2693832 bytes,   12501864 total
- age   4:    3254584 bytes,   15756448 total
- age   5:    4405936 bytes,   20162384 total
- age   6:     969192 bytes,   21131576 total
- age   7:      32792 bytes,   21164368 total
: 109248K->21824K(109248K), 0.0115618 secs] 129821K->45067K(502464K), 0.0116537 secs] [Times: user=0.03 sys=0.01, real=0.02 secs] 
Heap after GC invocations=40 (full 2):
 par new generation   total 109248K, used 21824K [0x00000007a0000000, 0x00000007a8000000, 0x00000007a8000000)
  eden space 87424K,   0% used [0x00000007a0000000, 0x00000007a0000000, 0x00000007a5560000)
  from space 21824K, 100% used [0x00000007a5560000, 0x00000007a6ab0000, 0x00000007a6ab0000)
  to   space 21824K,   0% used [0x00000007a6ab0000, 0x00000007a6ab0000, 0x00000007a8000000)
 concurrent mark-sweep generation total 393216K, used 23243K [0x00000007a8000000, 0x00000007c0000000, 0x00000007c0000000)
 Metaspace       used 40343K, capacity 41312K, committed 41472K, reserved 1085440K
  class space    used 4492K, capacity 4741K, committed 4864K, reserved 1048576K
}
2017-09-17T07:46:12.260-0100: 23360.945: Total time for which application threads were stopped: 0.0120849 seconds, Stopping threads took: 0.0001181 seconds
2017-09-17T07:49:42.377-0100: 23571.070: Total time for which application threads were stopped: 0.0001740 seconds, Stopping threads took: 0.0000539 seconds
2017-09-17T07:49:51.415-0100: 23580.108: Total time for which application threads were stopped: 0.0001344 seconds, Stopping threads took: 0.0000321 seconds
2017-09-17T07:50:14.507-0100: 23603.201: Total time for which application threads were stopped: 0.0000974 seconds, Stopping threads took: 0.0000239 seconds
{Heap before GC invocations=40 (full 2):
 par new generation   total 109248K, used 109248K [0x00000007a0000000, 0x00000007a8000000, 0x00000007a8000000)
  eden space 87424K, 100% used [0x00000007a0000000, 0x00000007a5560000, 0x00000007a5560000)
  from space 21824K, 100% used [0x00000007a5560000, 0x00000007a6ab0000, 0x00000007a6ab0000)
  to   space 21824K,   0% used [0x00000007a6ab0000, 0x00000007a6ab0000, 0x00000007a8000000)
 concurrent mark-sweep generation total 393216K, used 23243K [0x00000007a8000000, 0x00000007c0000000, 0x00000007c0000000)
 Metaspace       used 40344K, capacity 41312K, committed 41472K, reserved 1085440K
  class space    used 4492K, capacity 4741K, committed 4864K, reserved 1048576K
2017-09-17T07:51:52.388-0100: 23701.086: [GC (Allocation Failure) 2017-09-17T07:51:52.392-0100: 23701.090: [ParNew
Desired survivor size 20112992 bytes, new threshold 8 (max 8)
- age   1:    5712576 bytes,    5712576 total
- age   2:    4269752 bytes,    9982328 total
- age   3:    3668272 bytes,   13650600 total
- age   4:    2693832 bytes,   16344432 total
- age   5:    2090344 bytes,   18434776 total
: 109248K->21824K(109248K), 0.0101586 secs] 132491K->48101K(502464K), 0.0139892 secs] [Times: user=0.02 sys=0.00, real=0.02 secs] 
Heap after GC invocations=41 (full 2):
 par new generation   total 109248K, used 21824K [0x00000007a0000000, 0x00000007a8000000, 0x00000007a8000000)
  eden space 87424K,   0% used [0x00000007a0000000, 0x00000007a0000000, 0x00000007a5560000)
  from space 21824K, 100% used [0x00000007a6ab0000, 0x00000007a8000000, 0x00000007a8000000)
  to   space 21824K,   0% used [0x00000007a5560000, 0x00000007a5560000, 0x00000007a6ab0000)
 concurrent mark-sweep generation total 393216K, used 26277K [0x00000007a8000000, 0x00000007c0000000, 0x00000007c0000000)
 Metaspace       used 40344K, capacity 41312K, committed 41472K, reserved 1085440K
  class space    used 4492K, capacity 4741K, committed 4864K, reserved 1048576K
}
2017-09-17T07:51:52.402-0100: 23701.100: Total time for which application threads were stopped: 0.0142037 seconds, Stopping threads took: 0.0000240 seconds
2017-09-17T07:51:54.407-0100: 23703.106: Total time for which application threads were stopped: 0.0002262 seconds, Stopping threads took: 0.0000530 seconds
2017-09-17T07:52:04.443-0100: 23713.141: Total time for which application threads were stopped: 0.0002145 seconds, Stopping threads took: 0.0000722 seconds
2017-09-17T07:52:48.600-0100: 23757.300: Total time for which application threads were stopped: 0.0001583 seconds, Stopping threads took: 0.0000333 seconds
2017-09-17T07:52:49.604-0100: 23758.304: Total time for which application threads were stopped: 0.0001610 seconds, Stopping threads took: 0.0000491 seconds
2017-09-17T07:52:57.632-0100: 23766.333: Total time for which application threads were stopped: 0.0001016 seconds, Stopping threads took: 0.0000230 seconds
2017-09-17T07:53:00.645-0100: 23769.346: Total time for which application threads were stopped: 0.0001332 seconds, Stopping threads took: 0.0000307 seconds
2017-09-17T07:53:05.664-0100: 23774.365: Total time for which application threads were stopped: 0.0001325 seconds, Stopping threads took: 0.0000302 seconds
2017-09-17T07:53:07.670-0100: 23776.371: Total time for which application threads were stopped: 0.0001573 seconds, Stopping threads took: 0.0000337 seconds
2017-09-17T07:53:32.758-0100: 23801.460: Total time for which application threads were stopped: 0.0001538 seconds, Stopping threads took: 0.0000464 seconds
{Heap before GC invocations=41 (full 2):
 par new generation   total 109248K, used 109248K [0x00000007a0000000, 0x00000007a8000000, 0x00000007a8000000)
  eden space 87424K, 100% used [0x00000007a0000000, 0x00000007a5560000, 0x00000007a5560000)
  from space 21824K, 100% used [0x00000007a6ab0000, 0x00000007a8000000, 0x00000007a8000000)
  to   space 21824K,   0% used [0x00000007a5560000, 0x00000007a5560000, 0x00000007a6ab0000)
 concurrent mark-sweep generation total 393216K, used 26277K [0x00000007a8000000, 0x00000007c0000000, 0x00000007c0000000)
 Metaspace       used 40344K, capacity 41312K, committed 41472K, reserved 1085440K
  class space    used 4492K, capacity 4741K, committed 4864K, reserved 1048576K
2017-09-17T07:53:38.451-0100: 23807.154: [GC (Allocation Failure) 2017-09-17T07:53:38.451-0100: 23807.154: [ParNew
Desired survivor size 20112992 bytes, new threshold 8 (max 8)
- age   1:    5557704 bytes,    5557704 total
- age   2:    5443248 bytes,   11000952 total
- age   3:    2590072 bytes,   13591024 total
- age   4:    2689032 bytes,   16280056 total
- age   5:    1688608 bytes,   17968664 total
- age   6:     860120 bytes,   18828784 total
: 109248K->21824K(109248K), 0.0099966 secs] 135525K->52063K(502464K), 0.0100891 secs] [Times: user=0.02 sys=0.00, real=0.01 secs] 
Heap after GC invocations=42 (full 2):
 par new generation   total 109248K, used 21824K [0x00000007a0000000, 0x00000007a8000000, 0x00000007a8000000)
  eden space 87424K,   0% used [0x00000007a0000000, 0x00000007a0000000, 0x00000007a5560000)
  from space 21824K, 100% used [0x00000007a5560000, 0x00000007a6ab0000, 0x00000007a6ab0000)
  to   space 21824K,   0% used [0x00000007a6ab0000, 0x00000007a6ab0000, 0x00000007a8000000)
 concurrent mark-sweep generation total 393216K, used 30239K [0x00000007a8000000, 0x00000007c0000000, 0x00000007c0000000)
 Metaspace       used 40344K, capacity 41312K, committed 41472K, reserved 1085440K
  class space    used 4492K, capacity 4741K, committed 4864K, reserved 1048576K
}
2017-09-17T07:53:38.461-0100: 23807.164: Total time for which application threads were stopped: 0.0103335 seconds, Stopping threads took: 0.0000300 seconds
2017-09-17T07:53:42.478-0100: 23811.181: Total time for which application threads were stopped: 0.0001297 seconds, Stopping threads took: 0.0000306 seconds
2017-09-17T07:53:59.549-0100: 23828.252: Total time for which application threads were stopped: 0.0001562 seconds, Stopping threads took: 0.0000366 seconds
2017-09-17T07:54:02.558-0100: 23831.261: Total time for which application threads were stopped: 0.0001130 seconds, Stopping threads took: 0.0000338 seconds
2017-09-17T07:54:03.558-0100: 23832.262: Total time for which application threads were stopped: 0.0001382 seconds, Stopping threads took: 0.0000347 seconds
2017-09-17T07:54:13.593-0100: 23842.297: Total time for which application threads were stopped: 0.0002329 seconds, Stopping threads took: 0.0000646 seconds
2017-09-17T07:54:15.602-0100: 23844.306: Total time for which application threads were stopped: 0.0002105 seconds, Stopping threads took: 0.0000647 seconds
2017-09-17T07:54:24.639-0100: 23853.343: Total time for which application threads were stopped: 0.0001474 seconds, Stopping threads took: 0.0000435 seconds
2017-09-17T07:54:40.941-0100: 23869.646: Total time for which application threads were stopped: 0.0003291 seconds, Stopping threads took: 0.0000208 seconds
{Heap before GC invocations=42 (full 2):
 par new generation   total 109248K, used 109248K [0x00000007a0000000, 0x00000007a8000000, 0x00000007a8000000)
  eden space 87424K, 100% used [0x00000007a0000000, 0x00000007a5560000, 0x00000007a5560000)
  from space 21824K, 100% used [0x00000007a5560000, 0x00000007a6ab0000, 0x00000007a6ab0000)
  to   space 21824K,   0% used [0x00000007a6ab0000, 0x00000007a6ab0000, 0x00000007a8000000)
 concurrent mark-sweep generation total 393216K, used 30239K [0x00000007a8000000, 0x00000007c0000000, 0x00000007c0000000)
 Metaspace       used 40344K, capacity 41312K, committed 41472K, reserved 1085440K
  class space    used 4492K, capacity 4741K, committed 4864K, reserved 1048576K
2017-09-17T07:54:41.049-0100: 23869.754: [GC (Allocation Failure) 2017-09-17T07:54:41.049-0100: 23869.754: [ParNew
Desired survivor size 20112992 bytes, new threshold 8 (max 8)
- age   1:    5047776 bytes,    5047776 total
- age   2:    5042368 bytes,   10090144 total
- age   3:    3636368 bytes,   13726512 total
- age   4:    1561584 bytes,   15288096 total
- age   5:    1174584 bytes,   16462680 total
- age   6:    1526336 bytes,   17989016 total
- age   7:     851568 bytes,   18840584 total
: 109248K->21824K(109248K), 0.0110508 secs] 139487K->56991K(502464K), 0.0111016 secs] [Times: user=0.03 sys=0.00, real=0.02 secs] 
Heap after GC invocations=43 (full 2):
 par new generation   total 109248K, used 21824K [0x00000007a0000000, 0x00000007a8000000, 0x00000007a8000000)
  eden space 87424K,   0% used [0x00000007a0000000, 0x00000007a0000000, 0x00000007a5560000)
  from space 21824K, 100% used [0x00000007a6ab0000, 0x00000007a8000000, 0x00000007a8000000)
  to   space 21824K,   0% used [0x00000007a5560000, 0x00000007a5560000, 0x00000007a6ab0000)
 concurrent mark-sweep generation total 393216K, used 35167K [0x00000007a8000000, 0x00000007c0000000, 0x00000007c0000000)
 Metaspace       used 40344K, capacity 41312K, committed 41472K, reserved 1085440K
  class space    used 4492K, capacity 4741K, committed 4864K, reserved 1048576K
}
2017-09-17T07:54:41.060-0100: 23869.765: Total time for which application threads were stopped: 0.0113387 seconds, Stopping threads took: 0.0000169 seconds
2017-09-17T07:54:41.061-0100: 23869.766: Total time for which application threads were stopped: 0.0007219 seconds, Stopping threads took: 0.0000171 seconds
2017-09-17T07:54:41.071-0100: 23869.776: Total time for which application threads were stopped: 0.0001877 seconds, Stopping threads took: 0.0000830 seconds
2017-09-17T07:54:47.192-0100: 23875.897: Total time for which application threads were stopped: 0.0001351 seconds, Stopping threads took: 0.0000226 seconds
2017-09-17T07:54:47.192-0100: 23875.897: Total time for which application threads were stopped: 0.0000681 seconds, Stopping threads took: 0.0000117 seconds
2017-09-17T07:54:47.192-0100: 23875.897: Total time for which application threads were stopped: 0.0000542 seconds, Stopping threads took: 0.0000076 seconds
2017-09-17T07:54:47.192-0100: 23875.897: Total time for which application threads were stopped: 0.0000508 seconds, Stopping threads took: 0.0000072 seconds
2017-09-17T07:54:47.192-0100: 23875.897: Total time for which application threads were stopped: 0.0000494 seconds, Stopping threads took: 0.0000069 seconds
2017-09-17T07:54:48.121-0100: 23876.826: Total time for which application threads were stopped: 0.0001463 seconds, Stopping threads took: 0.0000358 seconds
2017-09-17T07:54:48.121-0100: 23876.826: Total time for which application threads were stopped: 0.0000708 seconds, Stopping threads took: 0.0000118 seconds
2017-09-17T07:54:48.121-0100: 23876.826: Total time for which application threads were stopped: 0.0000722 seconds, Stopping threads took: 0.0000071 seconds
2017-09-17T07:54:51.132-0100: 23879.838: Total time for which application threads were stopped: 0.0001068 seconds, Stopping threads took: 0.0000262 seconds
2017-09-17T07:54:58.162-0100: 23886.868: Total time for which application threads were stopped: 0.0001183 seconds, Stopping threads took: 0.0000363 seconds
2017-09-17T07:55:13.212-0100: 23901.918: Total time for which application threads were stopped: 0.0001369 seconds, Stopping threads took: 0.0000299 seconds
2017-09-17T07:55:15.216-0100: 23903.922: Total time for which application threads were stopped: 0.0002688 seconds, Stopping threads took: 0.0000543 seconds
2017-09-17T07:55:19.503-0100: 23908.210: Total time for which application threads were stopped: 0.0001136 seconds, Stopping threads took: 0.0000217 seconds
2017-09-17T07:55:28.539-0100: 23917.246: Total time for which application threads were stopped: 0.0001400 seconds, Stopping threads took: 0.0000353 seconds
2017-09-17T07:55:32.551-0100: 23921.258: Total time for which application threads were stopped: 0.0000988 seconds, Stopping threads took: 0.0000205 seconds
2017-09-17T07:55:49.604-0100: 23938.312: Total time for which application threads were stopped: 0.0002572 seconds, Stopping threads took: 0.0000824 seconds
2017-09-17T07:55:50.607-0100: 23939.314: Total time for which application threads were stopped: 0.0002226 seconds, Stopping threads took: 0.0000897 seconds
2017-09-17T07:55:51.609-0100: 23940.316: Total time for which application threads were stopped: 0.0001293 seconds, Stopping threads took: 0.0000302 seconds
2017-09-17T07:55:53.614-0100: 23942.321: Total time for which application threads were stopped: 0.0002855 seconds, Stopping threads took: 0.0001404 seconds
2017-09-17T07:56:00.644-0100: 23949.352: Total time for which application threads were stopped: 0.0001889 seconds, Stopping threads took: 0.0000530 seconds
2017-09-17T07:56:01.648-0100: 23950.356: Total time for which application threads were stopped: 0.0001458 seconds, Stopping threads took: 0.0000465 seconds
2017-09-17T07:56:06.670-0100: 23955.378: Total time for which application threads were stopped: 0.0001339 seconds, Stopping threads took: 0.0000291 seconds
{Heap before GC invocations=43 (full 2):
 par new generation   total 109248K, used 109243K [0x00000007a0000000, 0x00000007a8000000, 0x00000007a8000000)
  eden space 87424K,  99% used [0x00000007a0000000, 0x00000007a555ec40, 0x00000007a5560000)
  from space 21824K, 100% used [0x00000007a6ab0000, 0x00000007a8000000, 0x00000007a8000000)
  to   space 21824K,   0% used [0x00000007a5560000, 0x00000007a5560000, 0x00000007a6ab0000)
 concurrent mark-sweep generation total 393216K, used 35167K [0x00000007a8000000, 0x00000007c0000000, 0x00000007c0000000)
 Metaspace       used 40345K, capacity 41312K, committed 41472K, reserved 1085440K
  class space    used 4492K, capacity 4741K, committed 4864K, reserved 1048576K
2017-09-17T07:56:20.475-0100: 23969.184: [GC (Allocation Failure) 2017-09-17T07:56:20.475-0100: 23969.184: [ParNew
Desired survivor size 20112992 bytes, new threshold 8 (max 8)
- age   1:     809864 bytes,     809864 total
- age   2:    4313264 bytes,    5123128 total
- age   3:    4611072 bytes,    9734200 total
- age   4:    2894368 bytes,   12628568 total
- age   5:    1382408 bytes,   14010976 total
- age   6:    1114128 bytes,   15125104 total
- age   7:    1396736 bytes,   16521840 total
- age   8:     645984 bytes,   17167824 total
: 109243K->21824K(109248K), 0.0083073 secs] 144410K->59216K(502464K), 0.0083520 secs] [Times: user=0.02 sys=0.00, real=0.01 secs] 
Heap after GC invocations=44 (full 2):
 par new generation   total 109248K, used 21824K [0x00000007a0000000, 0x00000007a8000000, 0x00000007a8000000)
  eden space 87424K,   0% used [0x00000007a0000000, 0x00000007a0000000, 0x00000007a5560000)
  from space 21824K, 100% used [0x00000007a5560000, 0x00000007a6ab0000, 0x00000007a6ab0000)
  to   space 21824K,   0% used [0x00000007a6ab0000, 0x00000007a6ab0000, 0x00000007a8000000)
 concurrent mark-sweep generation total 393216K, used 37392K [0x00000007a8000000, 0x00000007c0000000, 0x00000007c0000000)
 Metaspace       used 40345K, capacity 41312K, committed 41472K, reserved 1085440K
  class space    used 4492K, capacity 4741K, committed 4864K, reserved 1048576K
}
2017-09-17T07:56:20.483-0100: 23969.192: Total time for which application threads were stopped: 0.0086109 seconds, Stopping threads took: 0.0000192 seconds
2017-09-17T07:56:20.515-0100: 23969.223: Total time for which application threads were stopped: 0.0001964 seconds, Stopping threads took: 0.0000160 seconds
2017-09-17T07:56:20.515-0100: 23969.224: Total time for which application threads were stopped: 0.0003427 seconds, Stopping threads took: 0.0000905 seconds
2017-09-17T07:56:20.600-0100: 23969.308: Total time for which application threads were stopped: 0.0001084 seconds, Stopping threads took: 0.0000142 seconds
2017-09-17T07:56:20.677-0100: 23969.385: Total time for which application threads were stopped: 0.0001711 seconds, Stopping threads took: 0.0000177 seconds
{Heap before GC invocations=44 (full 2):
 par new generation   total 109248K, used 109248K [0x00000007a0000000, 0x00000007a8000000, 0x00000007a8000000)
  eden space 87424K, 100% used [0x00000007a0000000, 0x00000007a5560000, 0x00000007a5560000)
  from space 21824K, 100% used [0x00000007a5560000, 0x00000007a6ab0000, 0x00000007a6ab0000)
  to   space 21824K,   0% used [0x00000007a6ab0000, 0x00000007a6ab0000, 0x00000007a8000000)
 concurrent mark-sweep generation total 393216K, used 37392K [0x00000007a8000000, 0x00000007c0000000, 0x00000007c0000000)
 Metaspace       used 40346K, capacity 41312K, committed 41472K, reserved 1085440K
  class space    used 4492K, capacity 4741K, committed 4864K, reserved 1048576K
2017-09-17T07:56:20.718-0100: 23969.427: [GC (Allocation Failure) 2017-09-17T07:56:20.718-0100: 23969.427: [ParNew
Desired survivor size 20112992 bytes, new threshold 8 (max 8)
- age   1:    1454248 bytes,    1454248 total
- age   2:     229240 bytes,    1683488 total
- age   3:    4034176 bytes,    5717664 total
- age   4:    4611072 bytes,   10328736 total
- age   5:    2894144 bytes,   13222880 total
- age   6:    1382408 bytes,   14605288 total
- age   7:    1114128 bytes,   15719416 total
- age   8:    1396736 bytes,   17116152 total
: 109248K->21777K(109248K), 0.0087762 secs] 146640K->59802K(502464K), 0.0088219 secs] [Times: user=0.03 sys=0.00, real=0.01 secs] 
Heap after GC invocations=45 (full 2):
 par new generation   total 109248K, used 21777K [0x00000007a0000000, 0x00000007a8000000, 0x00000007a8000000)
  eden space 87424K,   0% used [0x00000007a0000000, 0x00000007a0000000, 0x00000007a5560000)
  from space 21824K,  99% used [0x00000007a6ab0000, 0x00000007a7ff46c0, 0x00000007a8000000)
  to   space 21824K,   0% used [0x00000007a5560000, 0x00000007a5560000, 0x00000007a6ab0000)
 concurrent mark-sweep generation total 393216K, used 38024K [0x00000007a8000000, 0x00000007c0000000, 0x00000007c0000000)
 Metaspace       used 40346K, capacity 41312K, committed 41472K, reserved 1085440K
  class space    used 4492K, capacity 4741K, committed 4864K, reserved 1048576K
}
2017-09-17T07:56:20.727-0100: 23969.436: Total time for which application threads were stopped: 0.0091209 seconds, Stopping threads took: 0.0000156 seconds
2017-09-17T07:56:20.763-0100: 23969.472: Total time for which application threads were stopped: 0.0001412 seconds, Stopping threads took: 0.0000150 seconds
2017-09-17T07:56:20.842-0100: 23969.551: Total time for which application threads were stopped: 0.0001385 seconds, Stopping threads took: 0.0000163 seconds
2017-09-17T07:56:21.844-0100: 23970.553: Total time for which application threads were stopped: 0.0002421 seconds, Stopping threads took: 0.0000605 seconds
2017-09-17T07:56:22.852-0100: 23971.561: Total time for which application threads were stopped: 0.0001461 seconds, Stopping threads took: 0.0000241 seconds
2017-09-17T07:56:22.852-0100: 23971.561: Total time for which application threads were stopped: 0.0000977 seconds, Stopping threads took: 0.0000171 seconds
2017-09-17T07:56:22.852-0100: 23971.561: Total time for which application threads were stopped: 0.0000917 seconds, Stopping threads took: 0.0000143 seconds
2017-09-17T07:56:22.853-0100: 23971.561: Total time for which application threads were stopped: 0.0000912 seconds, Stopping threads took: 0.0000142 seconds
2017-09-17T07:56:22.853-0100: 23971.562: Total time for which application threads were stopped: 0.0000909 seconds, Stopping threads took: 0.0000139 seconds
2017-09-17T07:56:22.853-0100: 23971.562: Total time for which application threads were stopped: 0.0000653 seconds, Stopping threads took: 0.0000094 seconds
2017-09-17T07:56:22.853-0100: 23971.562: Total time for which application threads were stopped: 0.0000529 seconds, Stopping threads took: 0.0000073 seconds
2017-09-17T07:56:33.453-0100: 23982.163: Total time for which application threads were stopped: 0.0001230 seconds, Stopping threads took: 0.0000192 seconds
{Heap before GC invocations=45 (full 2):
 par new generation   total 109248K, used 109201K [0x00000007a0000000, 0x00000007a8000000, 0x00000007a8000000)
  eden space 87424K, 100% used [0x00000007a0000000, 0x00000007a5560000, 0x00000007a5560000)
  from space 21824K,  99% used [0x00000007a6ab0000, 0x00000007a7ff46c0, 0x00000007a8000000)
  to   space 21824K,   0% used [0x00000007a5560000, 0x00000007a5560000, 0x00000007a6ab0000)
 concurrent mark-sweep generation total 393216K, used 38024K [0x00000007a8000000, 0x00000007c0000000, 0x00000007c0000000)
 Metaspace       used 40351K, capacity 41312K, committed 41472K, reserved 1085440K
  class space    used 4492K, capacity 4741K, committed 4864K, reserved 1048576K
2017-09-17T07:56:51.039-0100: 23999.749: [GC (Allocation Failure) 2017-09-17T07:56:51.039-0100: 23999.749: [ParNew
Desired survivor size 20112992 bytes, new threshold 8 (max 8)
- age   1:    1334984 bytes,    1334984 total
- age   2:      47864 bytes,    1382848 total
- age   3:     226632 bytes,    1609480 total
- age   4:    4025880 bytes,    5635360 total
- age   5:    4611072 bytes,   10246432 total
- age   6:    2894144 bytes,   13140576 total
- age   7:    1382408 bytes,   14522984 total
- age   8:    1114176 bytes,   15637160 total
: 109201K->20228K(109248K), 0.0075160 secs] 147226K->59620K(502464K), 0.0075714 secs] [Times: user=0.02 sys=0.00, real=0.01 secs] 
Heap after GC invocations=46 (full 2):
 par new generation   total 109248K, used 20228K [0x00000007a0000000, 0x00000007a8000000, 0x00000007a8000000)
  eden space 87424K,   0% used [0x00000007a0000000, 0x00000007a0000000, 0x00000007a5560000)
  from space 21824K,  92% used [0x00000007a5560000, 0x00000007a69210d0, 0x00000007a6ab0000)
  to   space 21824K,   0% used [0x00000007a6ab0000, 0x00000007a6ab0000, 0x00000007a8000000)
 concurrent mark-sweep generation total 393216K, used 39392K [0x00000007a8000000, 0x00000007c0000000, 0x00000007c0000000)
 Metaspace       used 40351K, capacity 41312K, committed 41472K, reserved 1085440K
  class space    used 4492K, capacity 4741K, committed 4864K, reserved 1048576K
}
2017-09-17T07:56:51.047-0100: 23999.757: Total time for which application threads were stopped: 0.0077818 seconds, Stopping threads took: 0.0000172 seconds
2017-09-17T07:56:51.060-0100: 23999.770: Total time for which application threads were stopped: 0.0002208 seconds, Stopping threads took: 0.0000813 seconds
2017-09-17T07:56:51.060-0100: 23999.770: Total time for which application threads were stopped: 0.0001780 seconds, Stopping threads took: 0.0000674 seconds
2017-09-17T07:56:51.060-0100: 23999.770: Total time for which application threads were stopped: 0.0001095 seconds, Stopping threads took: 0.0000258 seconds
2017-09-17T07:56:51.140-0100: 23999.850: Total time for which application threads were stopped: 0.0001181 seconds, Stopping threads took: 0.0000140 seconds
2017-09-17T07:56:51.222-0100: 23999.932: Total time for which application threads were stopped: 0.0002573 seconds, Stopping threads took: 0.0000317 seconds
{Heap before GC invocations=46 (full 2):
 par new generation   total 109248K, used 107652K [0x00000007a0000000, 0x00000007a8000000, 0x00000007a8000000)
  eden space 87424K, 100% used [0x00000007a0000000, 0x00000007a5560000, 0x00000007a5560000)
  from space 21824K,  92% used [0x00000007a5560000, 0x00000007a69210d0, 0x00000007a6ab0000)
  to   space 21824K,   0% used [0x00000007a6ab0000, 0x00000007a6ab0000, 0x00000007a8000000)
 concurrent mark-sweep generation total 393216K, used 39392K [0x00000007a8000000, 0x00000007c0000000, 0x00000007c0000000)
 Metaspace       used 40353K, capacity 41312K, committed 41472K, reserved 1085440K
  class space    used 4492K, capacity 4741K, committed 4864K, reserved 1048576K
2017-09-17T07:56:51.279-0100: 23999.989: [GC (Allocation Failure) 2017-09-17T07:56:51.279-0100: 23999.989: [ParNew
Desired survivor size 20112992 bytes, new threshold 8 (max 8)
- age   1:    1504872 bytes,    1504872 total
- age   2:      42736 bytes,    1547608 total
- age   3:      46816 bytes,    1594424 total
- age   4:     226248 bytes,    1820672 total
- age   5:    4016256 bytes,    5836928 total
- age   6:    4611072 bytes,   10448000 total
- age   7:    2894144 bytes,   13342144 total
- age   8:    1382408 bytes,   14724552 total
: 107652K->19935K(109248K), 0.0072904 secs] 147044K->60417K(502464K), 0.0073424 secs] [Times: user=0.02 sys=0.00, real=0.01 secs] 
Heap after GC invocations=47 (full 2):
 par new generation   total 109248K, used 19935K [0x00000007a0000000, 0x00000007a8000000, 0x00000007a8000000)
  eden space 87424K,   0% used [0x00000007a0000000, 0x00000007a0000000, 0x00000007a5560000)
  from space 21824K,  91% used [0x00000007a6ab0000, 0x00000007a7e27ca0, 0x00000007a8000000)
  to   space 21824K,   0% used [0x00000007a5560000, 0x00000007a5560000, 0x00000007a6ab0000)
 concurrent mark-sweep generation total 393216K, used 40482K [0x00000007a8000000, 0x00000007c0000000, 0x00000007c0000000)
 Metaspace       used 40353K, capacity 41312K, committed 41472K, reserved 1085440K
  class space    used 4492K, capacity 4741K, committed 4864K, reserved 1048576K
}
2017-09-17T07:56:51.287-0100: 23999.997: Total time for which application threads were stopped: 0.0075310 seconds, Stopping threads took: 0.0000318 seconds
2017-09-17T07:56:51.287-0100: 23999.997: Total time for which application threads were stopped: 0.0002055 seconds, Stopping threads took: 0.0000120 seconds
2017-09-17T07:56:51.310-0100: 24000.020: Total time for which application threads were stopped: 0.0001131 seconds, Stopping threads took: 0.0000146 seconds
2017-09-17T07:56:51.389-0100: 24000.099: Total time for which application threads were stopped: 0.0001401 seconds, Stopping threads took: 0.0000296 seconds
2017-09-17T07:56:52.394-0100: 24001.103: Total time for which application threads were stopped: 0.0001703 seconds, Stopping threads took: 0.0000474 seconds
2017-09-17T07:56:53.050-0100: 24001.760: Total time for which application threads were stopped: 0.0001460 seconds, Stopping threads took: 0.0000263 seconds
2017-09-17T07:56:53.050-0100: 24001.760: Total time for which application threads were stopped: 0.0000969 seconds, Stopping threads took: 0.0000168 seconds
2017-09-17T07:56:53.050-0100: 24001.760: Total time for which application threads were stopped: 0.0000906 seconds, Stopping threads took: 0.0000149 seconds
2017-09-17T07:56:53.050-0100: 24001.760: Total time for which application threads were stopped: 0.0001070 seconds, Stopping threads took: 0.0000153 seconds
2017-09-17T07:56:53.051-0100: 24001.761: Total time for which application threads were stopped: 0.0001659 seconds, Stopping threads took: 0.0000071 seconds
2017-09-17T07:56:53.051-0100: 24001.761: Total time for which application threads were stopped: 0.0000602 seconds, Stopping threads took: 0.0000077 seconds
2017-09-17T07:56:54.613-0100: 24003.324: Total time for which application threads were stopped: 0.0001472 seconds, Stopping threads took: 0.0000264 seconds
2017-09-17T07:56:54.614-0100: 24003.324: Total time for which application threads were stopped: 0.0001047 seconds, Stopping threads took: 0.0000165 seconds
2017-09-17T07:57:14.683-0100: 24023.394: Total time for which application threads were stopped: 0.0000976 seconds, Stopping threads took: 0.0000229 seconds
2017-09-17T07:57:34.749-0100: 24043.460: Total time for which application threads were stopped: 0.0001386 seconds, Stopping threads took: 0.0000331 seconds
2017-09-17T07:57:41.763-0100: 24050.475: Total time for which application threads were stopped: 0.0001093 seconds, Stopping threads took: 0.0000243 seconds
2017-09-17T07:57:43.772-0100: 24052.484: Total time for which application threads were stopped: 0.0000917 seconds, Stopping threads took: 0.0000208 seconds
{Heap before GC invocations=47 (full 2):
 par new generation   total 109248K, used 107359K [0x00000007a0000000, 0x00000007a8000000, 0x00000007a8000000)
  eden space 87424K, 100% used [0x00000007a0000000, 0x00000007a5560000, 0x00000007a5560000)
  from space 21824K,  91% used [0x00000007a6ab0000, 0x00000007a7e27ca0, 0x00000007a8000000)
  to   space 21824K,   0% used [0x00000007a5560000, 0x00000007a5560000, 0x00000007a6ab0000)
 concurrent mark-sweep generation total 393216K, used 40482K [0x00000007a8000000, 0x00000007c0000000, 0x00000007c0000000)
 Metaspace       used 40353K, capacity 41312K, committed 41472K, reserved 1085440K
  class space    used 4492K, capacity 4741K, committed 4864K, reserved 1048576K
2017-09-17T07:57:59.013-0100: 24067.725: [GC (Allocation Failure) 2017-09-17T07:57:59.013-0100: 24067.725: [ParNew
Desired survivor size 20112992 bytes, new threshold 8 (max 8)
- age   1:    3375112 bytes,    3375112 total
- age   2:      24488 bytes,    3399600 total
- age   3:      34816 bytes,    3434416 total
- age   4:      43312 bytes,    3477728 total
- age   5:     218328 bytes,    3696056 total
- age   6:    4005520 bytes,    7701576 total
- age   7:    4605056 bytes,   12306632 total
- age   8:    2888192 bytes,   15194824 total
: 107359K->20310K(109248K), 0.0094381 secs] 147841K->62141K(502464K), 0.0095375 secs] [Times: user=0.03 sys=0.00, real=0.01 secs] 
Heap after GC invocations=48 (full 2):
 par new generation   total 109248K, used 20310K [0x00000007a0000000, 0x00000007a8000000, 0x00000007a8000000)
  eden space 87424K,   0% used [0x00000007a0000000, 0x00000007a0000000, 0x00000007a5560000)
  from space 21824K,  93% used [0x00000007a5560000, 0x00000007a6935bf0, 0x00000007a6ab0000)
  to   space 21824K,   0% used [0x00000007a6ab0000, 0x00000007a6ab0000, 0x00000007a8000000)
 concurrent mark-sweep generation total 393216K, used 41830K [0x00000007a8000000, 0x00000007c0000000, 0x00000007c0000000)
 Metaspace       used 40353K, capacity 41312K, committed 41472K, reserved 1085440K
  class space    used 4492K, capacity 4741K, committed 4864K, reserved 1048576K
}
2017-09-17T07:57:59.022-0100: 24067.735: Total time for which application threads were stopped: 0.0097741 seconds, Stopping threads took: 0.0000286 seconds
2017-09-17T07:58:04.040-0100: 24072.753: Total time for which application threads were stopped: 0.0001191 seconds, Stopping threads took: 0.0000316 seconds
2017-09-17T07:58:05.045-0100: 24073.758: Total time for which application threads were stopped: 0.0001482 seconds, Stopping threads took: 0.0000356 seconds
2017-09-17T07:58:37.153-0100: 24105.867: Total time for which application threads were stopped: 0.0002048 seconds, Stopping threads took: 0.0000462 seconds
2017-09-17T07:58:42.545-0100: 24111.260: Total time for which application threads were stopped: 0.0002213 seconds, Stopping threads took: 0.0000149 seconds
2017-09-17T07:58:43.548-0100: 24112.263: Total time for which application threads were stopped: 0.0001379 seconds, Stopping threads took: 0.0000306 seconds
2017-09-17T07:58:44.225-0100: 24112.939: Total time for which application threads were stopped: 0.0001468 seconds, Stopping threads took: 0.0000523 seconds
2017-09-17T07:58:44.225-0100: 24112.940: Total time for which application threads were stopped: 0.0000741 seconds, Stopping threads took: 0.0000117 seconds
2017-09-17T07:58:44.225-0100: 24112.940: Total time for which application threads were stopped: 0.0000559 seconds, Stopping threads took: 0.0000078 seconds
2017-09-17T07:58:44.226-0100: 24112.940: Total time for which application threads were stopped: 0.0000507 seconds, Stopping threads took: 0.0000071 seconds
2017-09-17T07:58:44.226-0100: 24112.940: Total time for which application threads were stopped: 0.0000496 seconds, Stopping threads took: 0.0000068 seconds
2017-09-17T07:58:44.226-0100: 24112.940: Total time for which application threads were stopped: 0.0000492 seconds, Stopping threads took: 0.0000068 seconds
2017-09-17T07:58:44.226-0100: 24112.940: Total time for which application threads were stopped: 0.0001684 seconds, Stopping threads took: 0.0000077 seconds
2017-09-17T07:58:44.226-0100: 24112.940: Total time for which application threads were stopped: 0.0000462 seconds, Stopping threads took: 0.0000060 seconds
2017-09-17T07:58:45.080-0100: 24113.795: Total time for which application threads were stopped: 0.0001230 seconds, Stopping threads took: 0.0000250 seconds
2017-09-17T07:58:59.658-0100: 24128.373: Total time for which application threads were stopped: 0.0001454 seconds, Stopping threads took: 0.0000398 seconds
2017-09-17T07:58:59.658-0100: 24128.373: Total time for which application threads were stopped: 0.0001833 seconds, Stopping threads took: 0.0000692 seconds
{Heap before GC invocations=48 (full 2):
 par new generation   total 109248K, used 107734K [0x00000007a0000000, 0x00000007a8000000, 0x00000007a8000000)
  eden space 87424K, 100% used [0x00000007a0000000, 0x00000007a5560000, 0x00000007a5560000)
  from space 21824K,  93% used [0x00000007a5560000, 0x00000007a6935bf0, 0x00000007a6ab0000)
  to   space 21824K,   0% used [0x00000007a6ab0000, 0x00000007a6ab0000, 0x00000007a8000000)
 concurrent mark-sweep generation total 393216K, used 41830K [0x00000007a8000000, 0x00000007c0000000, 0x00000007c0000000)
 Metaspace       used 40353K, capacity 41312K, committed 41472K, reserved 1085440K
  class space    used 4492K, capacity 4741K, committed 4864K, reserved 1048576K
2017-09-17T07:58:59.692-0100: 24128.407: [GC (Allocation Failure) 2017-09-17T07:58:59.692-0100: 24128.407: [ParNew
Desired survivor size 20112992 bytes, new threshold 8 (max 8)
- age   1:    1618328 bytes,    1618328 total
- age   2:     259112 bytes,    1877440 total
- age   3:      23384 bytes,    1900824 total
- age   4:      31296 bytes,    1932120 total
- age   5:      43248 bytes,    1975368 total
- age   6:     211800 bytes,    2187168 total
- age   7:    3995016 bytes,    6182184 total
- age   8:    4599040 bytes,   10781224 total
: 107734K->16674K(109248K), 0.0096159 secs] 149565K->61326K(502464K), 0.0096821 secs] [Times: user=0.03 sys=0.00, real=0.01 secs] 
Heap after GC invocations=49 (full 2):
 par new generation   total 109248K, used 16674K [0x00000007a0000000, 0x00000007a8000000, 0x00000007a8000000)
  eden space 87424K,   0% used [0x00000007a0000000, 0x00000007a0000000, 0x00000007a5560000)
  from space 21824K,  76% used [0x00000007a6ab0000, 0x00000007a7af8ab8, 0x00000007a8000000)
  to   space 21824K,   0% used [0x00000007a5560000, 0x00000007a5560000, 0x00000007a6ab0000)
 concurrent mark-sweep generation total 393216K, used 44652K [0x00000007a8000000, 0x00000007c0000000, 0x00000007c0000000)
 Metaspace       used 40353K, capacity 41312K, committed 41472K, reserved 1085440K
  class space    used 4492K, capacity 4741K, committed 4864K, reserved 1048576K
}
2017-09-17T07:58:59.702-0100: 24128.417: Total time for which application threads were stopped: 0.0099437 seconds, Stopping threads took: 0.0000182 seconds
2017-09-17T07:58:59.754-0100: 24128.469: Total time for which application threads were stopped: 0.0001090 seconds, Stopping threads took: 0.0000302 seconds
2017-09-17T07:58:59.755-0100: 24128.469: Total time for which application threads were stopped: 0.0000793 seconds, Stopping threads took: 0.0000107 seconds
2017-09-17T07:59:00.759-0100: 24129.474: Total time for which application threads were stopped: 0.0002399 seconds, Stopping threads took: 0.0000539 seconds
2017-09-17T07:59:14.908-0100: 24143.623: Total time for which application threads were stopped: 0.0001133 seconds, Stopping threads took: 0.0000233 seconds
2017-09-17T07:59:14.908-0100: 24143.623: Total time for which application threads were stopped: 0.0000614 seconds, Stopping threads took: 0.0000100 seconds
2017-09-17T07:59:14.908-0100: 24143.623: Total time for which application threads were stopped: 0.0000496 seconds, Stopping threads took: 0.0000070 seconds
2017-09-17T07:59:14.908-0100: 24143.624: Total time for which application threads were stopped: 0.0000447 seconds, Stopping threads took: 0.0000063 seconds
2017-09-17T07:59:14.908-0100: 24143.624: Total time for which application threads were stopped: 0.0000504 seconds, Stopping threads took: 0.0000068 seconds
2017-09-17T07:59:14.908-0100: 24143.624: Total time for which application threads were stopped: 0.0000456 seconds, Stopping threads took: 0.0000060 seconds
2017-09-17T07:59:18.918-0100: 24147.633: Total time for which application threads were stopped: 0.0001277 seconds, Stopping threads took: 0.0000304 seconds
2017-09-17T07:59:29.958-0100: 24158.674: Total time for which application threads were stopped: 0.0001408 seconds, Stopping threads took: 0.0000345 seconds
2017-09-17T07:59:48.023-0100: 24176.740: Total time for which application threads were stopped: 0.0001296 seconds, Stopping threads took: 0.0000304 seconds
2017-09-17T08:00:09.094-0100: 24197.811: Total time for which application threads were stopped: 0.0001893 seconds, Stopping threads took: 0.0000824 seconds
{Heap before GC invocations=49 (full 2):
 par new generation   total 109248K, used 104098K [0x00000007a0000000, 0x00000007a8000000, 0x00000007a8000000)
  eden space 87424K, 100% used [0x00000007a0000000, 0x00000007a5560000, 0x00000007a5560000)
  from space 21824K,  76% used [0x00000007a6ab0000, 0x00000007a7af8ab8, 0x00000007a8000000)
  to   space 21824K,   0% used [0x00000007a5560000, 0x00000007a5560000, 0x00000007a6ab0000)
 concurrent mark-sweep generation total 393216K, used 44652K [0x00000007a8000000, 0x00000007c0000000, 0x00000007c0000000)
 Metaspace       used 40353K, capacity 41312K, committed 41472K, reserved 1085440K
  class space    used 4492K, capacity 4741K, committed 4864K, reserved 1048576K
2017-09-17T08:00:12.638-0100: 24201.356: [GC (Allocation Failure) 2017-09-17T08:00:12.638-0100: 24201.356: [ParNew
Desired survivor size 20112992 bytes, new threshold 8 (max 8)
- age   1:    4992816 bytes,    4992816 total
- age   2:     398800 bytes,    5391616 total
- age   3:     242568 bytes,    5634184 total
- age   4:      23384 bytes,    5657568 total
- age   5:      31040 bytes,    5688608 total
- age   6:      43224 bytes,    5731832 total
- age   7:     211736 bytes,    5943568 total
- age   8:    3991232 bytes,    9934800 total
: 104098K->12333K(109248K), 0.0102812 secs] 148750K->61488K(502464K), 0.0103753 secs] [Times: user=0.03 sys=0.00, real=0.01 secs] 
Heap after GC invocations=50 (full 2):
 par new generation   total 109248K, used 12333K [0x00000007a0000000, 0x00000007a8000000, 0x00000007a8000000)
  eden space 87424K,   0% used [0x00000007a0000000, 0x00000007a0000000, 0x00000007a5560000)
  from space 21824K,  56% used [0x00000007a5560000, 0x00000007a616b5a0, 0x00000007a6ab0000)
  to   space 21824K,   0% used [0x00000007a6ab0000, 0x00000007a6ab0000, 0x00000007a8000000)
 concurrent mark-sweep generation total 393216K, used 49155K [0x00000007a8000000, 0x00000007c0000000, 0x00000007c0000000)
 Metaspace       used 40353K, capacity 41312K, committed 41472K, reserved 1085440K
  class space    used 4492K, capacity 4741K, committed 4864K, reserved 1048576K
}
2017-09-17T08:00:12.649-0100: 24201.366: Total time for which application threads were stopped: 0.0106226 seconds, Stopping threads took: 0.0000281 seconds
2017-09-17T08:00:41.741-0100: 24230.460: Total time for which application threads were stopped: 0.0001472 seconds, Stopping threads took: 0.0000481 seconds
{Heap before GC invocations=50 (full 2):
 par new generation   total 109248K, used 99757K [0x00000007a0000000, 0x00000007a8000000, 0x00000007a8000000)
  eden space 87424K, 100% used [0x00000007a0000000, 0x00000007a5560000, 0x00000007a5560000)
  from space 21824K,  56% used [0x00000007a5560000, 0x00000007a616b5a0, 0x00000007a6ab0000)
  to   space 21824K,   0% used [0x00000007a6ab0000, 0x00000007a6ab0000, 0x00000007a8000000)
 concurrent mark-sweep generation total 393216K, used 49155K [0x00000007a8000000, 0x00000007c0000000, 0x00000007c0000000)
 Metaspace       used 40353K, capacity 41312K, committed 41472K, reserved 1085440K
  class space    used 4492K, capacity 4741K, committed 4864K, reserved 1048576K
2017-09-17T08:00:50.556-0100: 24239.275: [GC (Allocation Failure) 2017-09-17T08:00:50.556-0100: 24239.275: [ParNew
Desired survivor size 20112992 bytes, new threshold 8 (max 8)
- age   1:    6536456 bytes,    6536456 total
- age   2:    4950672 bytes,   11487128 total
- age   3:     381344 bytes,   11868472 total
- age   4:     225056 bytes,   12093528 total
- age   5:      23384 bytes,   12116912 total
- age   6:      31040 bytes,   12147952 total
- age   7:      43192 bytes,   12191144 total
- age   8:     211696 bytes,   12402840 total
: 99757K->18894K(109248K), 0.0094841 secs] 148912K->71958K(502464K), 0.0095601 secs] [Times: user=0.03 sys=0.01, real=0.01 secs] 
Heap after GC invocations=51 (full 2):
 par new generation   total 109248K, used 18894K [0x00000007a0000000, 0x00000007a8000000, 0x00000007a8000000)
  eden space 87424K,   0% used [0x00000007a0000000, 0x00000007a0000000, 0x00000007a5560000)
  from space 21824K,  86% used [0x00000007a6ab0000, 0x00000007a7d23b78, 0x00000007a8000000)
  to   space 21824K,   0% used [0x00000007a5560000, 0x00000007a5560000, 0x00000007a6ab0000)
 concurrent mark-sweep generation total 393216K, used 53064K [0x00000007a8000000, 0x00000007c0000000, 0x00000007c0000000)
 Metaspace       used 40353K, capacity 41312K, committed 41472K, reserved 1085440K
  class space    used 4492K, capacity 4741K, committed 4864K, reserved 1048576K
}
2017-09-17T08:00:50.565-0100: 24239.284: Total time for which application threads were stopped: 0.0097776 seconds, Stopping threads took: 0.0000269 seconds
2017-09-17T08:00:58.591-0100: 24247.311: Total time for which application threads were stopped: 0.0001530 seconds, Stopping threads took: 0.0000450 seconds
2017-09-17T08:01:23.685-0100: 24272.405: Total time for which application threads were stopped: 0.0001320 seconds, Stopping threads took: 0.0000346 seconds
2017-09-17T08:01:33.720-0100: 24282.441: Total time for which application threads were stopped: 0.0001339 seconds, Stopping threads took: 0.0000329 seconds
2017-09-17T08:01:38.736-0100: 24287.457: Total time for which application threads were stopped: 0.0001309 seconds, Stopping threads took: 0.0000345 seconds
2017-09-17T08:01:48.773-0100: 24297.495: Total time for which application threads were stopped: 0.0001470 seconds, Stopping threads took: 0.0000417 seconds
2017-09-17T08:01:58.802-0100: 24307.524: Total time for which application threads were stopped: 0.0001293 seconds, Stopping threads took: 0.0000297 seconds
2017-09-17T08:02:01.810-0100: 24310.533: Total time for which application threads were stopped: 0.0001273 seconds, Stopping threads took: 0.0000309 seconds
2017-09-17T08:02:03.819-0100: 24312.541: Total time for which application threads were stopped: 0.0001727 seconds, Stopping threads took: 0.0000333 seconds
2017-09-17T08:02:04.824-0100: 24313.546: Total time for which application threads were stopped: 0.0001348 seconds, Stopping threads took: 0.0000346 seconds
{Heap before GC invocations=51 (full 2):
 par new generation   total 109248K, used 106318K [0x00000007a0000000, 0x00000007a8000000, 0x00000007a8000000)
  eden space 87424K, 100% used [0x00000007a0000000, 0x00000007a5560000, 0x00000007a5560000)
  from space 21824K,  86% used [0x00000007a6ab0000, 0x00000007a7d23b78, 0x00000007a8000000)
  to   space 21824K,   0% used [0x00000007a5560000, 0x00000007a5560000, 0x00000007a6ab0000)
 concurrent mark-sweep generation total 393216K, used 53064K [0x00000007a8000000, 0x00000007c0000000, 0x00000007c0000000)
 Metaspace       used 40354K, capacity 41312K, committed 41472K, reserved 1085440K
  class space    used 4492K, capacity 4741K, committed 4864K, reserved 1048576K
2017-09-17T08:02:07.322-0100: 24316.045: [GC (Allocation Failure) 2017-09-17T08:02:07.324-0100: 24316.046: [ParNew
Desired survivor size 20112992 bytes, new threshold 8 (max 8)
- age   1:    6189856 bytes,    6189856 total
- age   2:    6511272 bytes,   12701128 total
- age   3:    4950640 bytes,   17651768 total
- age   4:     366016 bytes,   18017784 total
- age   5:     209224 bytes,   18227008 total
- age   6:      23384 bytes,   18250392 total
- age   7:      31040 bytes,   18281432 total
- age   8:      43192 bytes,   18324624 total
: 106318K->20509K(109248K), 0.0096063 secs] 159382K->73783K(502464K), 0.0111514 secs] [Times: user=0.03 sys=0.01, real=0.01 secs] 
Heap after GC invocations=52 (full 2):
 par new generation   total 109248K, used 20509K [0x00000007a0000000, 0x00000007a8000000, 0x00000007a8000000)
  eden space 87424K,   0% used [0x00000007a0000000, 0x00000007a0000000, 0x00000007a5560000)
  from space 21824K,  93% used [0x00000007a5560000, 0x00000007a6967700, 0x00000007a6ab0000)
  to   space 21824K,   0% used [0x00000007a6ab0000, 0x00000007a6ab0000, 0x00000007a8000000)
 concurrent mark-sweep generation total 393216K, used 53273K [0x00000007a8000000, 0x00000007c0000000, 0x00000007c0000000)
 Metaspace       used 40354K, capacity 41312K, committed 41472K, reserved 1085440K
  class space    used 4492K, capacity 4741K, committed 4864K, reserved 1048576K
}
2017-09-17T08:02:07.334-0100: 24316.056: Total time for which application threads were stopped: 0.0113954 seconds, Stopping threads took: 0.0000258 seconds
2017-09-17T08:02:27.403-0100: 24336.126: Total time for which application threads were stopped: 0.0001362 seconds, Stopping threads took: 0.0000340 seconds
{Heap before GC invocations=52 (full 2):
 par new generation   total 109248K, used 107933K [0x00000007a0000000, 0x00000007a8000000, 0x00000007a8000000)
  eden space 87424K, 100% used [0x00000007a0000000, 0x00000007a5560000, 0x00000007a5560000)
  from space 21824K,  93% used [0x00000007a5560000, 0x00000007a6967700, 0x00000007a6ab0000)
  to   space 21824K,   0% used [0x00000007a6ab0000, 0x00000007a6ab0000, 0x00000007a8000000)
 concurrent mark-sweep generation total 393216K, used 53273K [0x00000007a8000000, 0x00000007c0000000, 0x00000007c0000000)
 Metaspace       used 40354K, capacity 41312K, committed 41472K, reserved 1085440K
  class space    used 4492K, capacity 4741K, committed 4864K, reserved 1048576K
2017-09-17T08:03:31.247-0100: 24399.973: [GC (Allocation Failure) 2017-09-17T08:03:31.247-0100: 24399.973: [ParNew
Desired survivor size 20112992 bytes, new threshold 4 (max 8)
- age   1:    6165784 bytes,    6165784 total
- age   2:    3250768 bytes,    9416552 total
- age   3:    6076880 bytes,   15493432 total
- age   4:    4949864 bytes,   20443296 total
- age   5:     348256 bytes,   20791552 total
- age   6:     189760 bytes,   20981312 total
- age   7:      22968 bytes,   21004280 total
- age   8:      29264 bytes,   21033544 total
: 107933K->21824K(109248K), 0.0108036 secs] 161207K->78414K(502464K), 0.0108775 secs] [Times: user=0.03 sys=0.01, real=0.01 secs] 
Heap after GC invocations=53 (full 2):
 par new generation   total 109248K, used 21824K [0x00000007a0000000, 0x00000007a8000000, 0x00000007a8000000)
  eden space 87424K,   0% used [0x00000007a0000000, 0x00000007a0000000, 0x00000007a5560000)
  from space 21824K, 100% used [0x00000007a6ab0000, 0x00000007a8000000, 0x00000007a8000000)
  to   space 21824K,   0% used [0x00000007a5560000, 0x00000007a5560000, 0x00000007a6ab0000)
 concurrent mark-sweep generation total 393216K, used 56590K [0x00000007a8000000, 0x00000007c0000000, 0x00000007c0000000)
 Metaspace       used 40354K, capacity 41312K, committed 41472K, reserved 1085440K
  class space    used 4492K, capacity 4741K, committed 4864K, reserved 1048576K
}
2017-09-17T08:03:31.258-0100: 24399.984: Total time for which application threads were stopped: 0.0111202 seconds, Stopping threads took: 0.0000302 seconds
2017-09-17T08:03:47.312-0100: 24416.038: Total time for which application threads were stopped: 0.0001328 seconds, Stopping threads took: 0.0000313 seconds
{Heap before GC invocations=53 (full 2):
 par new generation   total 109248K, used 109248K [0x00000007a0000000, 0x00000007a8000000, 0x00000007a8000000)
  eden space 87424K, 100% used [0x00000007a0000000, 0x00000007a5560000, 0x00000007a5560000)
  from space 21824K, 100% used [0x00000007a6ab0000, 0x00000007a8000000, 0x00000007a8000000)
  to   space 21824K,   0% used [0x00000007a5560000, 0x00000007a5560000, 0x00000007a6ab0000)
 concurrent mark-sweep generation total 393216K, used 56590K [0x00000007a8000000, 0x00000007c0000000, 0x00000007c0000000)
 Metaspace       used 40354K, capacity 41312K, committed 41472K, reserved 1085440K
  class space    used 4492K, capacity 4741K, committed 4864K, reserved 1048576K
2017-09-17T08:04:56.332-0100: 24485.061: [GC (Allocation Failure) 2017-09-17T08:04:56.332-0100: 24485.061: [ParNew
Desired survivor size 20112992 bytes, new threshold 8 (max 8)
- age   1:    6215832 bytes,    6215832 total
- age   2:    5987728 bytes,   12203560 total
- age   3:    2787280 bytes,   14990840 total
- age   4:    4592560 bytes,   19583400 total
: 109248K->21824K(109248K), 0.0112749 secs] 165838K->85850K(502464K), 0.0113660 secs] [Times: user=0.03 sys=0.01, real=0.01 secs] 
Heap after GC invocations=54 (full 2):
 par new generation   total 109248K, used 21824K [0x00000007a0000000, 0x00000007a8000000, 0x00000007a8000000)
  eden space 87424K,   0% used [0x00000007a0000000, 0x00000007a0000000, 0x00000007a5560000)
  from space 21824K, 100% used [0x00000007a5560000, 0x00000007a6ab0000, 0x00000007a6ab0000)
  to   space 21824K,   0% used [0x00000007a6ab0000, 0x00000007a6ab0000, 0x00000007a8000000)
 concurrent mark-sweep generation total 393216K, used 64026K [0x00000007a8000000, 0x00000007c0000000, 0x00000007c0000000)
 Metaspace       used 40354K, capacity 41312K, committed 41472K, reserved 1085440K
  class space    used 4492K, capacity 4741K, committed 4864K, reserved 1048576K
}
2017-09-17T08:04:56.343-0100: 24485.072: Total time for which application threads were stopped: 0.0116375 seconds, Stopping threads took: 0.0000303 seconds
2017-09-17T08:05:41.506-0100: 24530.237: Total time for which application threads were stopped: 0.0001170 seconds, Stopping threads took: 0.0000228 seconds
2017-09-17T08:05:42.511-0100: 24531.241: Total time for which application threads were stopped: 0.0002443 seconds, Stopping threads took: 0.0000286 seconds
{Heap before GC invocations=54 (full 2):
 par new generation   total 109248K, used 109248K [0x00000007a0000000, 0x00000007a8000000, 0x00000007a8000000)
  eden space 87424K, 100% used [0x00000007a0000000, 0x00000007a5560000, 0x00000007a5560000)
  from space 21824K, 100% used [0x00000007a5560000, 0x00000007a6ab0000, 0x00000007a6ab0000)
  to   space 21824K,   0% used [0x00000007a6ab0000, 0x00000007a6ab0000, 0x00000007a8000000)
 concurrent mark-sweep generation total 393216K, used 64026K [0x00000007a8000000, 0x00000007c0000000, 0x00000007c0000000)
 Metaspace       used 40354K, capacity 41312K, committed 41472K, reserved 1085440K
  class space    used 4492K, capacity 4741K, committed 4864K, reserved 1048576K
2017-09-17T08:06:19.263-0100: 24567.994: [GC (Allocation Failure) 2017-09-17T08:06:19.263-0100: 24567.994: [ParNew
Desired survivor size 20112992 bytes, new threshold 5 (max 8)
- age   1:    5890488 bytes,    5890488 total
- age   2:    6040336 bytes,   11930824 total
- age   3:    3592864 bytes,   15523688 total
- age   4:    1801680 bytes,   17325368 total
- age   5:    3014976 bytes,   20340344 total
: 109248K->21824K(109248K), 0.0096236 secs] 173274K->91084K(502464K), 0.0096897 secs] [Times: user=0.02 sys=0.01, real=0.01 secs] 
Heap after GC invocations=55 (full 2):
 par new generation   total 109248K, used 21824K [0x00000007a0000000, 0x00000007a8000000, 0x00000007a8000000)
  eden space 87424K,   0% used [0x00000007a0000000, 0x00000007a0000000, 0x00000007a5560000)
  from space 21824K, 100% used [0x00000007a6ab0000, 0x00000007a8000000, 0x00000007a8000000)
  to   space 21824K,   0% used [0x00000007a5560000, 0x00000007a5560000, 0x00000007a6ab0000)
 concurrent mark-sweep generation total 393216K, used 69260K [0x00000007a8000000, 0x00000007c0000000, 0x00000007c0000000)
 Metaspace       used 40354K, capacity 41312K, committed 41472K, reserved 1085440K
  class space    used 4492K, capacity 4741K, committed 4864K, reserved 1048576K
}
2017-09-17T08:06:19.272-0100: 24568.004: Total time for which application threads were stopped: 0.0099015 seconds, Stopping threads took: 0.0000243 seconds
2017-09-17T08:06:41.340-0100: 24590.072: Total time for which application threads were stopped: 0.0001287 seconds, Stopping threads took: 0.0000330 seconds
2017-09-17T08:06:56.397-0100: 24605.130: Total time for which application threads were stopped: 0.0001297 seconds, Stopping threads took: 0.0000328 seconds
2017-09-17T08:07:32.526-0100: 24641.260: Total time for which application threads were stopped: 0.0001193 seconds, Stopping threads took: 0.0000295 seconds
{Heap before GC invocations=55 (full 2):
 par new generation   total 109248K, used 109248K [0x00000007a0000000, 0x00000007a8000000, 0x00000007a8000000)
  eden space 87424K, 100% used [0x00000007a0000000, 0x00000007a5560000, 0x00000007a5560000)
  from space 21824K, 100% used [0x00000007a6ab0000, 0x00000007a8000000, 0x00000007a8000000)
  to   space 21824K,   0% used [0x00000007a5560000, 0x00000007a5560000, 0x00000007a6ab0000)
 concurrent mark-sweep generation total 393216K, used 69260K [0x00000007a8000000, 0x00000007c0000000, 0x00000007c0000000)
 Metaspace       used 40354K, capacity 41312K, committed 41472K, reserved 1085440K
  class space    used 4492K, capacity 4741K, committed 4864K, reserved 1048576K
2017-09-17T08:07:44.277-0100: 24653.012: [GC (Allocation Failure) 2017-09-17T08:07:44.277-0100: 24653.012: [ParNew
Desired survivor size 20112992 bytes, new threshold 8 (max 8)
- age   1:    6142488 bytes,    6142488 total
- age   2:    4925144 bytes,   11067632 total
- age   3:    5047016 bytes,   16114648 total
- age   4:    1259336 bytes,   17373984 total
- age   5:    1096536 bytes,   18470520 total
: 109248K->21824K(109248K), 0.0123203 secs] 178508K->98952K(502464K), 0.0124110 secs] [Times: user=0.03 sys=0.00, real=0.01 secs] 
